[cfg] threadsPerLocale(requested)=2 numLocales=9
Initialization time: 0.423048 s
[mem] after init (u+un allocated) locale 0: 2001.43 MB
[mem] after init (u+un allocated) locale 1: 1996.23 MB
[mem] after init (u+un allocated) locale 2: 1996.23 MB
[mem] after init (u+un allocated) locale 3: 1996.23 MB
[mem] after init (u+un allocated) locale 4: 1990.29 MB
[mem] after init (u+un allocated) locale 5: 1990.29 MB
[mem] after init (u+un allocated) locale 6: 1996.23 MB
[mem] after init (u+un allocated) locale 7: 1990.29 MB
[mem] after init (u+un allocated) locale 8: 1990.29 MB
[cfg] locale 0 maxTaskPar=2
[cfg] locale 1 maxTaskPar=2
[cfg] locale 2 maxTaskPar=2
[cfg] locale 3 maxTaskPar=2
[cfg] locale 4 maxTaskPar=2
[cfg] locale 5 maxTaskPar=2
[cfg] locale 6 maxTaskPar=2
[cfg] locale 7 maxTaskPar=2
[cfg] locale 8 maxTaskPar=2
[comm] 64128000 B/step across 9 locale(s)
step 1  updateFluff=0.173605 s  compute=0.156365 s  save=0.0 s
  comm[1] put=0 get=525 on=56 amo=0 | data=64128000 B/step  cum=64128000 B
step 2  updateFluff=0.181747 s  compute=0.155969 s  save=0.0 s
  comm[2] put=9 get=529 on=64 amo=0 | data=64128000 B/step  cum=128256000 B
step 3  updateFluff=0.162775 s  compute=0.155022 s  save=1e-06 s
  comm[3] put=9 get=525 on=64 amo=0 | data=64128000 B/step  cum=192384000 B
step 4  updateFluff=0.171908 s  compute=0.155384 s  save=0.0 s
  comm[4] put=9 get=529 on=64 amo=0 | data=64128000 B/step  cum=256512000 B
step 5  updateFluff=0.178714 s  compute=0.156441 s  save=0.0 s
  comm[5] put=9 get=525 on=64 amo=0 | data=64128000 B/step  cum=320640000 B
step 6  updateFluff=0.156167 s  compute=0.155772 s  save=0.0 s
  comm[6] put=9 get=529 on=64 amo=0 | data=64128000 B/step  cum=384768000 B
step 7  updateFluff=0.15026 s  compute=0.156265 s  save=0.0 s
  comm[7] put=9 get=525 on=64 amo=0 | data=64128000 B/step  cum=448896000 B
step 8  updateFluff=0.16506 s  compute=0.155866 s  save=0.0 s
  comm[8] put=9 get=529 on=64 amo=0 | data=64128000 B/step  cum=513024000 B
step 9  updateFluff=0.142292 s  compute=0.155857 s  save=2e-06 s
  comm[9] put=9 get=525 on=64 amo=0 | data=64128000 B/step  cum=577152000 B
step 10  updateFluff=0.15258 s  compute=0.155369 s  save=0.0 s
  comm[10] put=9 get=529 on=64 amo=0 | data=64128000 B/step  cum=641280000 B
step 11  updateFluff=0.151906 s  compute=0.156368 s  save=0.0 s
  comm[11] put=9 get=525 on=64 amo=0 | data=64128000 B/step  cum=705408000 B
step 12  updateFluff=0.160652 s  compute=0.155965 s  save=0.0 s
  comm[12] put=9 get=529 on=64 amo=0 | data=64128000 B/step  cum=769536000 B
step 13  updateFluff=0.170873 s  compute=0.155208 s  save=0.0 s
  comm[13] put=9 get=525 on=64 amo=0 | data=64128000 B/step  cum=833664000 B
step 14  updateFluff=0.140951 s  compute=0.156301 s  save=0.0 s
  comm[14] put=9 get=529 on=64 amo=0 | data=64128000 B/step  cum=897792000 B
step 15  updateFluff=0.143129 s  compute=0.155951 s  save=0.0 s
  comm[15] put=9 get=525 on=64 amo=0 | data=64128000 B/step  cum=961920000 B
step 16  updateFluff=0.152991 s  compute=0.156142 s  save=1e-06 s
  comm[16] put=9 get=529 on=64 amo=0 | data=64128000 B/step  cum=1026048000 B
step 17  updateFluff=0.156045 s  compute=0.156429 s  save=0.0 s
  comm[17] put=9 get=525 on=64 amo=0 | data=64128000 B/step  cum=1090176000 B
step 18  updateFluff=0.144531 s  compute=0.155487 s  save=0.0 s
  comm[18] put=9 get=529 on=64 amo=0 | data=64128000 B/step  cum=1154304000 B
step 19  updateFluff=0.142557 s  compute=0.15558 s  save=0.0 s
  comm[19] put=9 get=525 on=64 amo=0 | data=64128000 B/step  cum=1218432000 B
step 20  updateFluff=0.154318 s  compute=0.156346 s  save=0.0 s
  comm[20] put=9 get=529 on=64 amo=0 | data=64128000 B/step  cum=1282560000 B
step 21  updateFluff=0.152487 s  compute=0.156957 s  save=0.0 s
  comm[21] put=9 get=525 on=64 amo=0 | data=64128000 B/step  cum=1346688000 B
step 22  updateFluff=0.160167 s  compute=0.157077 s  save=1e-06 s
  comm[22] put=9 get=529 on=64 amo=0 | data=64128000 B/step  cum=1410816000 B
step 23  updateFluff=0.158 s  compute=0.156496 s  save=0.0 s
  comm[23] put=9 get=525 on=64 amo=0 | data=64128000 B/step  cum=1474944000 B
step 24  updateFluff=0.139151 s  compute=0.155467 s  save=0.0 s
  comm[24] put=9 get=529 on=64 amo=0 | data=64128000 B/step  cum=1539072000 B
step 25  updateFluff=0.144758 s  compute=0.156477 s  save=0.0 s
  comm[25] put=9 get=525 on=64 amo=0 | data=64128000 B/step  cum=1603200000 B
step 26  updateFluff=0.164664 s  compute=0.156261 s  save=0.0 s
  comm[26] put=9 get=529 on=64 amo=0 | data=64128000 B/step  cum=1667328000 B
step 27  updateFluff=0.139217 s  compute=0.15555 s  save=0.0 s
  comm[27] put=9 get=525 on=64 amo=0 | data=64128000 B/step  cum=1731456000 B
step 28  updateFluff=0.157589 s  compute=0.155196 s  save=0.0 s
  comm[28] put=9 get=529 on=64 amo=0 | data=64128000 B/step  cum=1795584000 B
step 29  updateFluff=0.148403 s  compute=0.156506 s  save=0.0 s
  comm[29] put=9 get=525 on=64 amo=0 | data=64128000 B/step  cum=1859712000 B
step 30  updateFluff=0.168348 s  compute=0.156361 s  save=0.0 s
  comm[30] put=9 get=529 on=64 amo=0 | data=64128000 B/step  cum=1923840000 B
step 31  updateFluff=0.158906 s  compute=0.156602 s  save=0.0 s
  comm[31] put=9 get=525 on=64 amo=0 | data=64128000 B/step  cum=1987968000 B
step 32  updateFluff=0.167445 s  compute=0.156309 s  save=0.0 s
  comm[32] put=9 get=529 on=64 amo=0 | data=64128000 B/step  cum=2052096000 B
step 33  updateFluff=0.160024 s  compute=0.156847 s  save=0.0 s
  comm[33] put=9 get=525 on=64 amo=0 | data=64128000 B/step  cum=2116224000 B
step 34  updateFluff=0.1795 s  compute=0.155928 s  save=1e-06 s
  comm[34] put=9 get=529 on=64 amo=0 | data=64128000 B/step  cum=2180352000 B
step 35  updateFluff=0.162166 s  compute=0.156424 s  save=0.0 s
  comm[35] put=9 get=525 on=64 amo=0 | data=64128000 B/step  cum=2244480000 B
step 36  updateFluff=0.157692 s  compute=0.155496 s  save=1e-06 s
  comm[36] put=9 get=529 on=64 amo=0 | data=64128000 B/step  cum=2308608000 B
step 37  updateFluff=0.174042 s  compute=0.156715 s  save=0.0 s
  comm[37] put=9 get=525 on=64 amo=0 | data=64128000 B/step  cum=2372736000 B
step 38  updateFluff=0.182011 s  compute=0.156651 s  save=0.0 s
  comm[38] put=9 get=529 on=64 amo=0 | data=64128000 B/step  cum=2436864000 B
step 39  updateFluff=0.175828 s  compute=0.15553 s  save=0.0 s
  comm[39] put=9 get=525 on=64 amo=0 | data=64128000 B/step  cum=2500992000 B
step 40  updateFluff=0.140163 s  compute=0.156277 s  save=0.0 s
  comm[40] put=9 get=529 on=64 amo=0 | data=64128000 B/step  cum=2565120000 B
step 41  updateFluff=0.180024 s  compute=0.156751 s  save=0.0 s
  comm[41] put=9 get=525 on=64 amo=0 | data=64128000 B/step  cum=2629248000 B
step 42  updateFluff=0.185847 s  compute=0.155275 s  save=0.0 s
  comm[42] put=9 get=529 on=64 amo=0 | data=64128000 B/step  cum=2693376000 B
step 43  updateFluff=0.173171 s  compute=0.156506 s  save=0.0 s
  comm[43] put=9 get=525 on=64 amo=0 | data=64128000 B/step  cum=2757504000 B
step 44  updateFluff=0.149277 s  compute=0.15592 s  save=1e-06 s
  comm[44] put=9 get=529 on=64 amo=0 | data=64128000 B/step  cum=2821632000 B
step 45  updateFluff=0.171792 s  compute=0.153891 s  save=0.0 s
  comm[45] put=9 get=525 on=64 amo=0 | data=64128000 B/step  cum=2885760000 B
step 46  updateFluff=0.160396 s  compute=0.155723 s  save=0.0 s
  comm[46] put=9 get=529 on=64 amo=0 | data=64128000 B/step  cum=2949888000 B
step 47  updateFluff=0.184542 s  compute=0.156655 s  save=0.0 s
  comm[47] put=9 get=525 on=64 amo=0 | data=64128000 B/step  cum=3014016000 B
step 48  updateFluff=0.154115 s  compute=0.155959 s  save=0.0 s
  comm[48] put=9 get=529 on=64 amo=0 | data=64128000 B/step  cum=3078144000 B
step 49  updateFluff=0.143906 s  compute=0.156112 s  save=0.0 s
  comm[49] put=9 get=525 on=64 amo=0 | data=64128000 B/step  cum=3142272000 B
step 50  updateFluff=0.133267 s  compute=0.155523 s  save=0.0 s
  comm[50] put=9 get=529 on=64 amo=0 | data=64128000 B/step  cum=3206400000 B
step 51  updateFluff=0.147707 s  compute=0.156395 s  save=0.0 s
  comm[51] put=9 get=525 on=64 amo=0 | data=64128000 B/step  cum=3270528000 B
step 52  updateFluff=0.156608 s  compute=0.156361 s  save=1e-06 s
  comm[52] put=9 get=529 on=64 amo=0 | data=64128000 B/step  cum=3334656000 B
step 53  updateFluff=0.155834 s  compute=0.156284 s  save=0.0 s
  comm[53] put=9 get=525 on=64 amo=0 | data=64128000 B/step  cum=3398784000 B
step 54  updateFluff=0.167226 s  compute=0.156386 s  save=0.0 s
  comm[54] put=9 get=529 on=64 amo=0 | data=64128000 B/step  cum=3462912000 B
step 55  updateFluff=0.155783 s  compute=0.156448 s  save=0.0 s
  comm[55] put=9 get=525 on=64 amo=0 | data=64128000 B/step  cum=3527040000 B
step 56  updateFluff=0.153135 s  compute=0.155844 s  save=1e-06 s
  comm[56] put=9 get=529 on=64 amo=0 | data=64128000 B/step  cum=3591168000 B
step 57  updateFluff=0.148762 s  compute=0.156593 s  save=0.0 s
  comm[57] put=9 get=525 on=64 amo=0 | data=64128000 B/step  cum=3655296000 B
step 58  updateFluff=0.17883 s  compute=0.156549 s  save=0.0 s
  comm[58] put=9 get=529 on=64 amo=0 | data=64128000 B/step  cum=3719424000 B
step 59  updateFluff=0.167009 s  compute=0.156334 s  save=0.0 s
  comm[59] put=9 get=525 on=64 amo=0 | data=64128000 B/step  cum=3783552000 B
step 60  updateFluff=0.177571 s  compute=0.155748 s  save=1e-06 s
  comm[60] put=9 get=529 on=64 amo=0 | data=64128000 B/step  cum=3847680000 B
step 61  updateFluff=0.181227 s  compute=0.156759 s  save=0.0 s
  comm[61] put=9 get=525 on=64 amo=0 | data=64128000 B/step  cum=3911808000 B
step 62  updateFluff=0.154375 s  compute=0.155459 s  save=0.0 s
  comm[62] put=9 get=529 on=64 amo=0 | data=64128000 B/step  cum=3975936000 B
step 63  updateFluff=0.158732 s  compute=0.156609 s  save=0.0 s
  comm[63] put=9 get=525 on=64 amo=0 | data=64128000 B/step  cum=4040064000 B
step 64  updateFluff=0.152133 s  compute=0.1554 s  save=0.0 s
  comm[64] put=9 get=529 on=64 amo=0 | data=64128000 B/step  cum=4104192000 B
step 65  updateFluff=0.158858 s  compute=0.15448 s  save=0.0 s
  comm[65] put=9 get=525 on=64 amo=0 | data=64128000 B/step  cum=4168320000 B
step 66  updateFluff=0.163049 s  compute=0.15647 s  save=1e-06 s
  comm[66] put=9 get=529 on=64 amo=0 | data=64128000 B/step  cum=4232448000 B
step 67  updateFluff=0.170231 s  compute=0.156772 s  save=0.0 s
  comm[67] put=9 get=525 on=64 amo=0 | data=64128000 B/step  cum=4296576000 B
step 68  updateFluff=0.156288 s  compute=0.155947 s  save=0.0 s
  comm[68] put=9 get=529 on=64 amo=0 | data=64128000 B/step  cum=4360704000 B
step 69  updateFluff=0.153421 s  compute=0.156738 s  save=0.0 s
  comm[69] put=9 get=525 on=64 amo=0 | data=64128000 B/step  cum=4424832000 B
step 70  updateFluff=0.152675 s  compute=0.155761 s  save=0.0 s
  comm[70] put=9 get=529 on=64 amo=0 | data=64128000 B/step  cum=4488960000 B
step 71  updateFluff=0.171898 s  compute=0.156076 s  save=0.0 s
  comm[71] put=9 get=525 on=64 amo=0 | data=64128000 B/step  cum=4553088000 B
step 72  updateFluff=0.17355 s  compute=0.156194 s  save=0.0 s
  comm[72] put=9 get=529 on=64 amo=0 | data=64128000 B/step  cum=4617216000 B
step 73  updateFluff=0.171938 s  compute=0.15686 s  save=0.0 s
  comm[73] put=9 get=525 on=64 amo=0 | data=64128000 B/step  cum=4681344000 B
step 74  updateFluff=0.172832 s  compute=0.156951 s  save=0.0 s
  comm[74] put=9 get=529 on=64 amo=0 | data=64128000 B/step  cum=4745472000 B
step 75  updateFluff=0.157511 s  compute=0.156962 s  save=0.0 s
  comm[75] put=9 get=525 on=64 amo=0 | data=64128000 B/step  cum=4809600000 B
step 76  updateFluff=0.145693 s  compute=0.154939 s  save=0.0 s
  comm[76] put=9 get=529 on=64 amo=0 | data=64128000 B/step  cum=4873728000 B
step 77  updateFluff=0.151807 s  compute=0.156408 s  save=0.0 s
  comm[77] put=9 get=525 on=64 amo=0 | data=64128000 B/step  cum=4937856000 B
step 78  updateFluff=0.150081 s  compute=0.155536 s  save=0.0 s
  comm[78] put=9 get=529 on=64 amo=0 | data=64128000 B/step  cum=5001984000 B
step 79  updateFluff=0.166533 s  compute=0.15625 s  save=0.0 s
  comm[79] put=9 get=525 on=64 amo=0 | data=64128000 B/step  cum=5066112000 B
step 80  updateFluff=0.150348 s  compute=0.156591 s  save=0.0 s
  comm[80] put=9 get=529 on=64 amo=0 | data=64128000 B/step  cum=5130240000 B
step 81  updateFluff=0.158469 s  compute=0.156323 s  save=0.0 s
  comm[81] put=9 get=525 on=64 amo=0 | data=64128000 B/step  cum=5194368000 B
step 82  updateFluff=0.152725 s  compute=0.15585 s  save=0.0 s
  comm[82] put=9 get=529 on=64 amo=0 | data=64128000 B/step  cum=5258496000 B
step 83  updateFluff=0.158079 s  compute=0.156609 s  save=0.0 s
  comm[83] put=9 get=525 on=64 amo=0 | data=64128000 B/step  cum=5322624000 B
step 84  updateFluff=0.171357 s  compute=0.156225 s  save=0.0 s
  comm[84] put=9 get=529 on=64 amo=0 | data=64128000 B/step  cum=5386752000 B
step 85  updateFluff=0.168993 s  compute=0.156355 s  save=0.0 s
  comm[85] put=9 get=525 on=64 amo=0 | data=64128000 B/step  cum=5450880000 B
step 86  updateFluff=0.151188 s  compute=0.156236 s  save=0.0 s
  comm[86] put=9 get=529 on=64 amo=0 | data=64128000 B/step  cum=5515008000 B
step 87  updateFluff=0.145945 s  compute=0.1563 s  save=0.0 s
  comm[87] put=9 get=525 on=64 amo=0 | data=64128000 B/step  cum=5579136000 B
step 88  updateFluff=0.150536 s  compute=0.15657 s  save=0.0 s
  comm[88] put=9 get=529 on=64 amo=0 | data=64128000 B/step  cum=5643264000 B
step 89  updateFluff=0.15681 s  compute=0.156764 s  save=0.0 s
  comm[89] put=9 get=525 on=64 amo=0 | data=64128000 B/step  cum=5707392000 B
step 90  updateFluff=0.154868 s  compute=0.155875 s  save=1e-06 s
  comm[90] put=9 get=529 on=64 amo=0 | data=64128000 B/step  cum=5771520000 B
step 91  updateFluff=0.165611 s  compute=0.156741 s  save=0.0 s
  comm[91] put=9 get=525 on=64 amo=0 | data=64128000 B/step  cum=5835648000 B
step 92  updateFluff=0.162076 s  compute=0.155989 s  save=1e-06 s
  comm[92] put=9 get=529 on=64 amo=0 | data=64128000 B/step  cum=5899776000 B
step 93  updateFluff=0.162616 s  compute=0.156651 s  save=0.0 s
  comm[93] put=9 get=525 on=64 amo=0 | data=64128000 B/step  cum=5963904000 B
step 94  updateFluff=0.15731 s  compute=0.155953 s  save=0.0 s
  comm[94] put=9 get=529 on=64 amo=0 | data=64128000 B/step  cum=6028032000 B
step 95  updateFluff=0.154255 s  compute=0.157078 s  save=1e-06 s
  comm[95] put=9 get=525 on=64 amo=0 | data=64128000 B/step  cum=6092160000 B
step 96  updateFluff=0.149849 s  compute=0.156043 s  save=0.0 s
  comm[96] put=9 get=529 on=64 amo=0 | data=64128000 B/step  cum=6156288000 B
step 97  updateFluff=0.158049 s  compute=0.156166 s  save=0.0 s
  comm[97] put=9 get=525 on=64 amo=0 | data=64128000 B/step  cum=6220416000 B
step 98  updateFluff=0.153635 s  compute=0.15576 s  save=0.0 s
  comm[98] put=9 get=529 on=64 amo=0 | data=64128000 B/step  cum=6284544000 B
step 99  updateFluff=0.151807 s  compute=0.156245 s  save=0.0 s
  comm[99] put=9 get=525 on=64 amo=0 | data=64128000 B/step  cum=6348672000 B
step 100  updateFluff=0.178161 s  compute=0.155616 s  save=0.0 s
  comm[100] put=9 get=529 on=64 amo=0 | data=64128000 B/step  cum=6412800000 B
[mem] after run locale 0: 2001.43 MB
[mem] after run locale 1: 1996.23 MB
[mem] after run locale 2: 1996.23 MB
[mem] after run locale 3: 1996.23 MB
[mem] after run locale 4: 1990.29 MB
[mem] after run locale 5: 1990.29 MB
[mem] after run locale 6: 1996.23 MB
[mem] after run locale 7: 1990.29 MB
[mem] after run locale 8: 1990.29 MB
final field: min=1.0 max=2.0 sum=1.00518e+09
Execution time:    32.0903 s
