[cfg] threadsPerLocale(requested)=4 numLocales=9
Initialization time: 0.41391 s
[mem] after init (u+un allocated) locale 0: 2001.43 MB
[mem] after init (u+un allocated) locale 1: 1996.23 MB
[mem] after init (u+un allocated) locale 2: 1996.23 MB
[mem] after init (u+un allocated) locale 3: 1996.23 MB
[mem] after init (u+un allocated) locale 4: 1990.29 MB
[mem] after init (u+un allocated) locale 5: 1990.29 MB
[mem] after init (u+un allocated) locale 6: 1996.23 MB
[mem] after init (u+un allocated) locale 7: 1990.29 MB
[mem] after init (u+un allocated) locale 8: 1990.29 MB
[cfg] locale 0 maxTaskPar=4
[cfg] locale 1 maxTaskPar=4
[cfg] locale 2 maxTaskPar=4
[cfg] locale 3 maxTaskPar=4
[cfg] locale 4 maxTaskPar=4
[cfg] locale 5 maxTaskPar=4
[cfg] locale 6 maxTaskPar=4
[cfg] locale 7 maxTaskPar=4
[cfg] locale 8 maxTaskPar=4
[comm] 64128000 B/step across 9 locale(s)
step 1  updateFluff=0.154811 s  compute=0.180384 s  save=0.0 s
  comm[1] put=0 get=522 on=56 amo=0 | data=64128000 B/step  cum=64128000 B
step 2  updateFluff=0.155616 s  compute=0.181611 s  save=1e-06 s
  comm[2] put=9 get=521 on=64 amo=0 | data=64128000 B/step  cum=128256000 B
step 3  updateFluff=0.167958 s  compute=0.177331 s  save=0.0 s
  comm[3] put=9 get=522 on=64 amo=0 | data=64128000 B/step  cum=192384000 B
step 4  updateFluff=0.164707 s  compute=0.176 s  save=0.0 s
  comm[4] put=9 get=521 on=64 amo=0 | data=64128000 B/step  cum=256512000 B
step 5  updateFluff=0.169388 s  compute=0.181851 s  save=1e-06 s
  comm[5] put=9 get=522 on=64 amo=0 | data=64128000 B/step  cum=320640000 B
step 6  updateFluff=0.152225 s  compute=0.180646 s  save=0.0 s
  comm[6] put=9 get=521 on=64 amo=0 | data=64128000 B/step  cum=384768000 B
step 7  updateFluff=0.181788 s  compute=0.176308 s  save=0.0 s
  comm[7] put=9 get=522 on=64 amo=0 | data=64128000 B/step  cum=448896000 B
step 8  updateFluff=0.14975 s  compute=0.181093 s  save=0.0 s
  comm[8] put=9 get=521 on=64 amo=0 | data=64128000 B/step  cum=513024000 B
step 9  updateFluff=0.183547 s  compute=0.181542 s  save=0.0 s
  comm[9] put=9 get=522 on=64 amo=0 | data=64128000 B/step  cum=577152000 B
step 10  updateFluff=0.151702 s  compute=0.180414 s  save=1e-06 s
  comm[10] put=9 get=521 on=64 amo=0 | data=64128000 B/step  cum=641280000 B
step 11  updateFluff=0.159757 s  compute=0.181367 s  save=0.0 s
  comm[11] put=9 get=522 on=64 amo=0 | data=64128000 B/step  cum=705408000 B
step 12  updateFluff=0.155891 s  compute=0.176709 s  save=0.0 s
  comm[12] put=9 get=521 on=64 amo=0 | data=64128000 B/step  cum=769536000 B
step 13  updateFluff=0.167474 s  compute=0.176423 s  save=1e-06 s
  comm[13] put=9 get=522 on=64 amo=0 | data=64128000 B/step  cum=833664000 B
step 14  updateFluff=0.18425 s  compute=0.176785 s  save=0.0 s
  comm[14] put=9 get=521 on=64 amo=0 | data=64128000 B/step  cum=897792000 B
step 15  updateFluff=0.166071 s  compute=0.176204 s  save=0.0 s
  comm[15] put=9 get=522 on=64 amo=0 | data=64128000 B/step  cum=961920000 B
step 16  updateFluff=0.160049 s  compute=0.176055 s  save=1e-06 s
  comm[16] put=9 get=521 on=64 amo=0 | data=64128000 B/step  cum=1026048000 B
step 17  updateFluff=0.167438 s  compute=0.176503 s  save=0.0 s
  comm[17] put=9 get=522 on=64 amo=0 | data=64128000 B/step  cum=1090176000 B
step 18  updateFluff=0.177037 s  compute=0.176217 s  save=1e-06 s
  comm[18] put=9 get=521 on=64 amo=0 | data=64128000 B/step  cum=1154304000 B
step 19  updateFluff=0.160682 s  compute=0.176636 s  save=0.0 s
  comm[19] put=9 get=522 on=64 amo=0 | data=64128000 B/step  cum=1218432000 B
step 20  updateFluff=0.173264 s  compute=0.176989 s  save=2e-06 s
  comm[20] put=9 get=521 on=64 amo=0 | data=64128000 B/step  cum=1282560000 B
step 21  updateFluff=0.178811 s  compute=0.176528 s  save=0.0 s
  comm[21] put=9 get=522 on=64 amo=0 | data=64128000 B/step  cum=1346688000 B
step 22  updateFluff=0.157755 s  compute=0.176058 s  save=0.0 s
  comm[22] put=9 get=521 on=64 amo=0 | data=64128000 B/step  cum=1410816000 B
step 23  updateFluff=0.145617 s  compute=0.18151 s  save=0.0 s
  comm[23] put=9 get=522 on=64 amo=0 | data=64128000 B/step  cum=1474944000 B
step 24  updateFluff=0.163006 s  compute=0.176275 s  save=0.0 s
  comm[24] put=9 get=521 on=64 amo=0 | data=64128000 B/step  cum=1539072000 B
step 25  updateFluff=0.150492 s  compute=0.176457 s  save=0.0 s
  comm[25] put=9 get=522 on=64 amo=0 | data=64128000 B/step  cum=1603200000 B
step 26  updateFluff=0.142696 s  compute=0.176135 s  save=1e-06 s
  comm[26] put=9 get=521 on=64 amo=0 | data=64128000 B/step  cum=1667328000 B
step 27  updateFluff=0.16401 s  compute=0.177036 s  save=0.0 s
  comm[27] put=9 get=522 on=64 amo=0 | data=64128000 B/step  cum=1731456000 B
step 28  updateFluff=0.162916 s  compute=0.177029 s  save=0.0 s
  comm[28] put=9 get=521 on=64 amo=0 | data=64128000 B/step  cum=1795584000 B
step 29  updateFluff=0.156686 s  compute=0.177072 s  save=0.0 s
  comm[29] put=9 get=522 on=64 amo=0 | data=64128000 B/step  cum=1859712000 B
step 30  updateFluff=0.155389 s  compute=0.175944 s  save=0.0 s
  comm[30] put=9 get=521 on=64 amo=0 | data=64128000 B/step  cum=1923840000 B
step 31  updateFluff=0.172462 s  compute=0.17566 s  save=1e-06 s
  comm[31] put=9 get=522 on=64 amo=0 | data=64128000 B/step  cum=1987968000 B
step 32  updateFluff=0.153452 s  compute=0.176508 s  save=0.0 s
  comm[32] put=9 get=521 on=64 amo=0 | data=64128000 B/step  cum=2052096000 B
step 33  updateFluff=0.163862 s  compute=0.176181 s  save=0.0 s
  comm[33] put=9 get=522 on=64 amo=0 | data=64128000 B/step  cum=2116224000 B
step 34  updateFluff=0.151022 s  compute=0.175983 s  save=0.0 s
  comm[34] put=9 get=521 on=64 amo=0 | data=64128000 B/step  cum=2180352000 B
step 35  updateFluff=0.155124 s  compute=0.175974 s  save=0.0 s
  comm[35] put=9 get=522 on=64 amo=0 | data=64128000 B/step  cum=2244480000 B
step 36  updateFluff=0.158316 s  compute=0.175966 s  save=0.0 s
  comm[36] put=9 get=521 on=64 amo=0 | data=64128000 B/step  cum=2308608000 B
step 37  updateFluff=0.146992 s  compute=0.176286 s  save=1e-06 s
  comm[37] put=9 get=522 on=64 amo=0 | data=64128000 B/step  cum=2372736000 B
step 38  updateFluff=0.149478 s  compute=0.176354 s  save=0.0 s
  comm[38] put=9 get=521 on=64 amo=0 | data=64128000 B/step  cum=2436864000 B
step 39  updateFluff=0.142463 s  compute=0.176372 s  save=0.0 s
  comm[39] put=9 get=522 on=64 amo=0 | data=64128000 B/step  cum=2500992000 B
step 40  updateFluff=0.15802 s  compute=0.176035 s  save=0.0 s
  comm[40] put=9 get=521 on=64 amo=0 | data=64128000 B/step  cum=2565120000 B
step 41  updateFluff=0.160133 s  compute=0.176352 s  save=2e-06 s
  comm[41] put=9 get=522 on=64 amo=0 | data=64128000 B/step  cum=2629248000 B
step 42  updateFluff=0.165677 s  compute=0.180653 s  save=1e-06 s
  comm[42] put=9 get=521 on=64 amo=0 | data=64128000 B/step  cum=2693376000 B
step 43  updateFluff=0.16783 s  compute=0.176411 s  save=0.0 s
  comm[43] put=9 get=522 on=64 amo=0 | data=64128000 B/step  cum=2757504000 B
step 44  updateFluff=0.150997 s  compute=0.179858 s  save=0.0 s
  comm[44] put=9 get=521 on=64 amo=0 | data=64128000 B/step  cum=2821632000 B
step 45  updateFluff=0.15503 s  compute=0.175643 s  save=1e-06 s
  comm[45] put=9 get=522 on=64 amo=0 | data=64128000 B/step  cum=2885760000 B
step 46  updateFluff=0.15272 s  compute=0.175861 s  save=0.0 s
  comm[46] put=9 get=521 on=64 amo=0 | data=64128000 B/step  cum=2949888000 B
step 47  updateFluff=0.155504 s  compute=0.176031 s  save=0.0 s
  comm[47] put=9 get=522 on=64 amo=0 | data=64128000 B/step  cum=3014016000 B
step 48  updateFluff=0.174796 s  compute=0.176028 s  save=0.0 s
  comm[48] put=9 get=521 on=64 amo=0 | data=64128000 B/step  cum=3078144000 B
step 49  updateFluff=0.165244 s  compute=0.177999 s  save=1e-06 s
  comm[49] put=9 get=522 on=64 amo=0 | data=64128000 B/step  cum=3142272000 B
step 50  updateFluff=0.165112 s  compute=0.176861 s  save=0.0 s
  comm[50] put=9 get=521 on=64 amo=0 | data=64128000 B/step  cum=3206400000 B
step 51  updateFluff=0.171469 s  compute=0.178114 s  save=0.0 s
  comm[51] put=9 get=522 on=64 amo=0 | data=64128000 B/step  cum=3270528000 B
step 52  updateFluff=0.166548 s  compute=0.180571 s  save=0.0 s
  comm[52] put=9 get=521 on=64 amo=0 | data=64128000 B/step  cum=3334656000 B
step 53  updateFluff=0.165675 s  compute=0.177581 s  save=1e-06 s
  comm[53] put=9 get=522 on=64 amo=0 | data=64128000 B/step  cum=3398784000 B
step 54  updateFluff=0.166206 s  compute=0.179896 s  save=0.0 s
  comm[54] put=9 get=521 on=64 amo=0 | data=64128000 B/step  cum=3462912000 B
step 55  updateFluff=0.170865 s  compute=0.180181 s  save=0.0 s
  comm[55] put=9 get=522 on=64 amo=0 | data=64128000 B/step  cum=3527040000 B
step 56  updateFluff=0.146177 s  compute=0.176309 s  save=1e-06 s
  comm[56] put=9 get=521 on=64 amo=0 | data=64128000 B/step  cum=3591168000 B
step 57  updateFluff=0.168006 s  compute=0.176623 s  save=0.0 s
  comm[57] put=9 get=522 on=64 amo=0 | data=64128000 B/step  cum=3655296000 B
step 58  updateFluff=0.151492 s  compute=0.175916 s  save=1e-06 s
  comm[58] put=9 get=521 on=64 amo=0 | data=64128000 B/step  cum=3719424000 B
step 59  updateFluff=0.173222 s  compute=0.176632 s  save=0.0 s
  comm[59] put=9 get=522 on=64 amo=0 | data=64128000 B/step  cum=3783552000 B
step 60  updateFluff=0.161907 s  compute=0.177178 s  save=0.0 s
  comm[60] put=9 get=521 on=64 amo=0 | data=64128000 B/step  cum=3847680000 B
step 61  updateFluff=0.160044 s  compute=0.177075 s  save=0.0 s
  comm[61] put=9 get=522 on=64 amo=0 | data=64128000 B/step  cum=3911808000 B
step 62  updateFluff=0.166572 s  compute=0.175746 s  save=1e-06 s
  comm[62] put=9 get=521 on=64 amo=0 | data=64128000 B/step  cum=3975936000 B
step 63  updateFluff=0.137789 s  compute=0.176186 s  save=1e-06 s
  comm[63] put=9 get=522 on=64 amo=0 | data=64128000 B/step  cum=4040064000 B
step 64  updateFluff=0.150194 s  compute=0.176011 s  save=1e-06 s
  comm[64] put=9 get=521 on=64 amo=0 | data=64128000 B/step  cum=4104192000 B
step 65  updateFluff=0.195542 s  compute=0.176351 s  save=0.0 s
  comm[65] put=9 get=522 on=64 amo=0 | data=64128000 B/step  cum=4168320000 B
step 66  updateFluff=0.142393 s  compute=0.175912 s  save=0.0 s
  comm[66] put=9 get=521 on=64 amo=0 | data=64128000 B/step  cum=4232448000 B
step 67  updateFluff=0.147293 s  compute=0.175785 s  save=0.0 s
  comm[67] put=9 get=522 on=64 amo=0 | data=64128000 B/step  cum=4296576000 B
step 68  updateFluff=0.156978 s  compute=0.176482 s  save=0.0 s
  comm[68] put=9 get=521 on=64 amo=0 | data=64128000 B/step  cum=4360704000 B
step 69  updateFluff=0.14805 s  compute=0.176405 s  save=0.0 s
  comm[69] put=9 get=522 on=64 amo=0 | data=64128000 B/step  cum=4424832000 B
step 70  updateFluff=0.172293 s  compute=0.17624 s  save=0.0 s
  comm[70] put=9 get=521 on=64 amo=0 | data=64128000 B/step  cum=4488960000 B
step 71  updateFluff=0.142165 s  compute=0.180583 s  save=1e-06 s
  comm[71] put=9 get=522 on=64 amo=0 | data=64128000 B/step  cum=4553088000 B
step 72  updateFluff=0.137412 s  compute=0.177932 s  save=0.0 s
  comm[72] put=9 get=521 on=64 amo=0 | data=64128000 B/step  cum=4617216000 B
step 73  updateFluff=0.148232 s  compute=0.176487 s  save=1e-06 s
  comm[73] put=9 get=522 on=64 amo=0 | data=64128000 B/step  cum=4681344000 B
step 74  updateFluff=0.161726 s  compute=0.181262 s  save=0.0 s
  comm[74] put=9 get=521 on=64 amo=0 | data=64128000 B/step  cum=4745472000 B
step 75  updateFluff=0.167308 s  compute=0.177971 s  save=0.0 s
  comm[75] put=9 get=522 on=64 amo=0 | data=64128000 B/step  cum=4809600000 B
step 76  updateFluff=0.136495 s  compute=0.176253 s  save=0.0 s
  comm[76] put=9 get=521 on=64 amo=0 | data=64128000 B/step  cum=4873728000 B
step 77  updateFluff=0.149976 s  compute=0.17687 s  save=0.0 s
  comm[77] put=9 get=522 on=64 amo=0 | data=64128000 B/step  cum=4937856000 B
step 78  updateFluff=0.162273 s  compute=0.175024 s  save=0.0 s
  comm[78] put=9 get=521 on=64 amo=0 | data=64128000 B/step  cum=5001984000 B
step 79  updateFluff=0.15908 s  compute=0.176388 s  save=0.0 s
  comm[79] put=9 get=522 on=64 amo=0 | data=64128000 B/step  cum=5066112000 B
step 80  updateFluff=0.154057 s  compute=0.175041 s  save=0.0 s
  comm[80] put=9 get=521 on=64 amo=0 | data=64128000 B/step  cum=5130240000 B
step 81  updateFluff=0.168054 s  compute=0.17535 s  save=0.0 s
  comm[81] put=9 get=522 on=64 amo=0 | data=64128000 B/step  cum=5194368000 B
step 82  updateFluff=0.17309 s  compute=0.17662 s  save=0.0 s
  comm[82] put=9 get=521 on=64 amo=0 | data=64128000 B/step  cum=5258496000 B
step 83  updateFluff=0.159017 s  compute=0.176725 s  save=1e-06 s
  comm[83] put=9 get=522 on=64 amo=0 | data=64128000 B/step  cum=5322624000 B
step 84  updateFluff=0.162127 s  compute=0.175621 s  save=1e-06 s
  comm[84] put=9 get=521 on=64 amo=0 | data=64128000 B/step  cum=5386752000 B
step 85  updateFluff=0.146957 s  compute=0.177014 s  save=1e-06 s
  comm[85] put=9 get=522 on=64 amo=0 | data=64128000 B/step  cum=5450880000 B
step 86  updateFluff=0.161481 s  compute=0.177638 s  save=0.0 s
  comm[86] put=9 get=521 on=64 amo=0 | data=64128000 B/step  cum=5515008000 B
step 87  updateFluff=0.15256 s  compute=0.177135 s  save=0.0 s
  comm[87] put=9 get=522 on=64 amo=0 | data=64128000 B/step  cum=5579136000 B
step 88  updateFluff=0.168604 s  compute=0.176328 s  save=0.0 s
  comm[88] put=9 get=521 on=64 amo=0 | data=64128000 B/step  cum=5643264000 B
step 89  updateFluff=0.170114 s  compute=0.176398 s  save=0.0 s
  comm[89] put=9 get=522 on=64 amo=0 | data=64128000 B/step  cum=5707392000 B
step 90  updateFluff=0.1621 s  compute=0.176123 s  save=0.0 s
  comm[90] put=9 get=521 on=64 amo=0 | data=64128000 B/step  cum=5771520000 B
step 91  updateFluff=0.168039 s  compute=0.176418 s  save=0.0 s
  comm[91] put=9 get=522 on=64 amo=0 | data=64128000 B/step  cum=5835648000 B
step 92  updateFluff=0.156894 s  compute=0.176406 s  save=1e-06 s
  comm[92] put=9 get=521 on=64 amo=0 | data=64128000 B/step  cum=5899776000 B
step 93  updateFluff=0.168859 s  compute=0.176253 s  save=0.0 s
  comm[93] put=9 get=522 on=64 amo=0 | data=64128000 B/step  cum=5963904000 B
step 94  updateFluff=0.175391 s  compute=0.177705 s  save=0.0 s
  comm[94] put=9 get=521 on=64 amo=0 | data=64128000 B/step  cum=6028032000 B
step 95  updateFluff=0.152143 s  compute=0.175794 s  save=0.0 s
  comm[95] put=9 get=522 on=64 amo=0 | data=64128000 B/step  cum=6092160000 B
step 96  updateFluff=0.155225 s  compute=0.176208 s  save=0.0 s
  comm[96] put=9 get=521 on=64 amo=0 | data=64128000 B/step  cum=6156288000 B
step 97  updateFluff=0.153342 s  compute=0.175912 s  save=1e-06 s
  comm[97] put=9 get=522 on=64 amo=0 | data=64128000 B/step  cum=6220416000 B
step 98  updateFluff=0.149031 s  compute=0.176208 s  save=0.0 s
  comm[98] put=9 get=521 on=64 amo=0 | data=64128000 B/step  cum=6284544000 B
step 99  updateFluff=0.142501 s  compute=0.177163 s  save=0.0 s
  comm[99] put=9 get=522 on=64 amo=0 | data=64128000 B/step  cum=6348672000 B
step 100  updateFluff=0.150946 s  compute=0.176375 s  save=0.0 s
  comm[100] put=9 get=521 on=64 amo=0 | data=64128000 B/step  cum=6412800000 B
[mem] after run locale 0: 2001.43 MB
[mem] after run locale 1: 1996.23 MB
[mem] after run locale 2: 1996.23 MB
[mem] after run locale 3: 1996.23 MB
[mem] after run locale 4: 1990.29 MB
[mem] after run locale 5: 1990.29 MB
[mem] after run locale 6: 1996.23 MB
[mem] after run locale 7: 1990.29 MB
[mem] after run locale 8: 1990.29 MB
final field: min=1.0 max=2.0 sum=1.00518e+09
Execution time:    34.2148 s
