[cfg] threadsPerLocale(requested)=4 numLocales=9
Initialization time: 0.413831 s
[mem] after init (u+un allocated) locale 0: 2001.43 MB
[mem] after init (u+un allocated) locale 1: 1996.23 MB
[mem] after init (u+un allocated) locale 2: 1996.23 MB
[mem] after init (u+un allocated) locale 3: 1996.23 MB
[mem] after init (u+un allocated) locale 4: 1990.29 MB
[mem] after init (u+un allocated) locale 5: 1990.29 MB
[mem] after init (u+un allocated) locale 6: 1996.23 MB
[mem] after init (u+un allocated) locale 7: 1990.29 MB
[mem] after init (u+un allocated) locale 8: 1990.29 MB
[cfg] locale 0 maxTaskPar=4
[cfg] locale 1 maxTaskPar=4
[cfg] locale 2 maxTaskPar=4
[cfg] locale 3 maxTaskPar=4
[cfg] locale 4 maxTaskPar=4
[cfg] locale 5 maxTaskPar=4
[cfg] locale 6 maxTaskPar=4
[cfg] locale 7 maxTaskPar=4
[cfg] locale 8 maxTaskPar=4
[comm] 64128000 B/step across 9 locale(s)
step 1  updateFluff=0.167438 s  compute=0.176623 s  save=0.0 s
  comm[1] put=0 get=528 on=56 amo=0 | data=64128000 B/step  cum=64128000 B
step 2  updateFluff=0.158359 s  compute=0.176113 s  save=2e-06 s
  comm[2] put=9 get=523 on=64 amo=0 | data=64128000 B/step  cum=128256000 B
step 3  updateFluff=0.163165 s  compute=0.176133 s  save=2e-06 s
  comm[3] put=9 get=528 on=64 amo=0 | data=64128000 B/step  cum=192384000 B
step 4  updateFluff=0.371446 s  compute=0.176191 s  save=0.0 s
  comm[4] put=9 get=523 on=64 amo=0 | data=64128000 B/step  cum=256512000 B
step 5  updateFluff=0.166004 s  compute=0.177031 s  save=1e-06 s
  comm[5] put=9 get=528 on=64 amo=0 | data=64128000 B/step  cum=320640000 B
step 6  updateFluff=0.155101 s  compute=0.176336 s  save=0.0 s
  comm[6] put=9 get=523 on=64 amo=0 | data=64128000 B/step  cum=384768000 B
step 7  updateFluff=0.17414 s  compute=0.181327 s  save=0.0 s
  comm[7] put=9 get=528 on=64 amo=0 | data=64128000 B/step  cum=448896000 B
step 8  updateFluff=0.154596 s  compute=0.176229 s  save=0.0 s
  comm[8] put=9 get=523 on=64 amo=0 | data=64128000 B/step  cum=513024000 B
step 9  updateFluff=0.17448 s  compute=0.176634 s  save=0.0 s
  comm[9] put=9 get=528 on=64 amo=0 | data=64128000 B/step  cum=577152000 B
step 10  updateFluff=0.166959 s  compute=0.176186 s  save=0.0 s
  comm[10] put=9 get=523 on=64 amo=0 | data=64128000 B/step  cum=641280000 B
step 11  updateFluff=0.159425 s  compute=0.176137 s  save=1e-06 s
  comm[11] put=9 get=528 on=64 amo=0 | data=64128000 B/step  cum=705408000 B
step 12  updateFluff=0.1751 s  compute=0.176001 s  save=0.0 s
  comm[12] put=9 get=523 on=64 amo=0 | data=64128000 B/step  cum=769536000 B
step 13  updateFluff=0.171903 s  compute=0.176492 s  save=1e-06 s
  comm[13] put=9 get=528 on=64 amo=0 | data=64128000 B/step  cum=833664000 B
step 14  updateFluff=0.173933 s  compute=0.175998 s  save=0.0 s
  comm[14] put=9 get=523 on=64 amo=0 | data=64128000 B/step  cum=897792000 B
step 15  updateFluff=0.1581 s  compute=0.177465 s  save=0.0 s
  comm[15] put=9 get=528 on=64 amo=0 | data=64128000 B/step  cum=961920000 B
step 16  updateFluff=0.163331 s  compute=0.176067 s  save=0.0 s
  comm[16] put=9 get=523 on=64 amo=0 | data=64128000 B/step  cum=1026048000 B
step 17  updateFluff=0.161839 s  compute=0.176545 s  save=0.0 s
  comm[17] put=9 get=528 on=64 amo=0 | data=64128000 B/step  cum=1090176000 B
step 18  updateFluff=0.150044 s  compute=0.181182 s  save=0.0 s
  comm[18] put=9 get=523 on=64 amo=0 | data=64128000 B/step  cum=1154304000 B
step 19  updateFluff=0.154591 s  compute=0.176236 s  save=0.0 s
  comm[19] put=9 get=528 on=64 amo=0 | data=64128000 B/step  cum=1218432000 B
step 20  updateFluff=0.159646 s  compute=0.176225 s  save=0.0 s
  comm[20] put=9 get=523 on=64 amo=0 | data=64128000 B/step  cum=1282560000 B
step 21  updateFluff=0.167981 s  compute=0.176358 s  save=0.0 s
  comm[21] put=9 get=528 on=64 amo=0 | data=64128000 B/step  cum=1346688000 B
step 22  updateFluff=0.15201 s  compute=0.176358 s  save=1e-06 s
  comm[22] put=9 get=523 on=64 amo=0 | data=64128000 B/step  cum=1410816000 B
step 23  updateFluff=0.164636 s  compute=0.17606 s  save=0.0 s
  comm[23] put=9 get=528 on=64 amo=0 | data=64128000 B/step  cum=1474944000 B
step 24  updateFluff=0.152634 s  compute=0.176083 s  save=1e-06 s
  comm[24] put=9 get=523 on=64 amo=0 | data=64128000 B/step  cum=1539072000 B
step 25  updateFluff=0.171638 s  compute=0.176176 s  save=0.0 s
  comm[25] put=9 get=528 on=64 amo=0 | data=64128000 B/step  cum=1603200000 B
step 26  updateFluff=0.166552 s  compute=0.176019 s  save=0.0 s
  comm[26] put=9 get=523 on=64 amo=0 | data=64128000 B/step  cum=1667328000 B
step 27  updateFluff=0.158445 s  compute=0.17633 s  save=0.0 s
  comm[27] put=9 get=528 on=64 amo=0 | data=64128000 B/step  cum=1731456000 B
step 28  updateFluff=0.155605 s  compute=0.181583 s  save=0.0 s
  comm[28] put=9 get=523 on=64 amo=0 | data=64128000 B/step  cum=1795584000 B
step 29  updateFluff=0.17274 s  compute=0.17581 s  save=0.0 s
  comm[29] put=9 get=528 on=64 amo=0 | data=64128000 B/step  cum=1859712000 B
step 30  updateFluff=0.171488 s  compute=0.176666 s  save=0.0 s
  comm[30] put=9 get=523 on=64 amo=0 | data=64128000 B/step  cum=1923840000 B
step 31  updateFluff=0.164554 s  compute=0.176608 s  save=0.0 s
  comm[31] put=9 get=528 on=64 amo=0 | data=64128000 B/step  cum=1987968000 B
step 32  updateFluff=0.158306 s  compute=0.178538 s  save=0.0 s
  comm[32] put=9 get=523 on=64 amo=0 | data=64128000 B/step  cum=2052096000 B
step 33  updateFluff=0.164367 s  compute=0.1762 s  save=0.0 s
  comm[33] put=9 get=528 on=64 amo=0 | data=64128000 B/step  cum=2116224000 B
step 34  updateFluff=0.160927 s  compute=0.17592 s  save=1e-06 s
  comm[34] put=9 get=523 on=64 amo=0 | data=64128000 B/step  cum=2180352000 B
step 35  updateFluff=0.161015 s  compute=0.178743 s  save=0.0 s
  comm[35] put=9 get=528 on=64 amo=0 | data=64128000 B/step  cum=2244480000 B
step 36  updateFluff=0.168554 s  compute=0.178895 s  save=1e-06 s
  comm[36] put=9 get=523 on=64 amo=0 | data=64128000 B/step  cum=2308608000 B
step 37  updateFluff=0.148266 s  compute=0.176985 s  save=0.0 s
  comm[37] put=9 get=528 on=64 amo=0 | data=64128000 B/step  cum=2372736000 B
step 38  updateFluff=0.153158 s  compute=0.176373 s  save=0.0 s
  comm[38] put=9 get=523 on=64 amo=0 | data=64128000 B/step  cum=2436864000 B
step 39  updateFluff=0.173959 s  compute=0.176801 s  save=0.0 s
  comm[39] put=9 get=528 on=64 amo=0 | data=64128000 B/step  cum=2500992000 B
step 40  updateFluff=0.173873 s  compute=0.176173 s  save=1e-06 s
  comm[40] put=9 get=523 on=64 amo=0 | data=64128000 B/step  cum=2565120000 B
step 41  updateFluff=0.163367 s  compute=0.176648 s  save=0.0 s
  comm[41] put=9 get=528 on=64 amo=0 | data=64128000 B/step  cum=2629248000 B
step 42  updateFluff=0.16627 s  compute=0.1751 s  save=0.0 s
  comm[42] put=9 get=523 on=64 amo=0 | data=64128000 B/step  cum=2693376000 B
step 43  updateFluff=0.166088 s  compute=0.176518 s  save=0.0 s
  comm[43] put=9 get=528 on=64 amo=0 | data=64128000 B/step  cum=2757504000 B
step 44  updateFluff=0.155744 s  compute=0.176935 s  save=1e-06 s
  comm[44] put=9 get=523 on=64 amo=0 | data=64128000 B/step  cum=2821632000 B
step 45  updateFluff=0.165385 s  compute=0.176724 s  save=0.0 s
  comm[45] put=9 get=528 on=64 amo=0 | data=64128000 B/step  cum=2885760000 B
step 46  updateFluff=0.172871 s  compute=0.176803 s  save=0.0 s
  comm[46] put=9 get=523 on=64 amo=0 | data=64128000 B/step  cum=2949888000 B
step 47  updateFluff=0.166928 s  compute=0.176336 s  save=0.0 s
  comm[47] put=9 get=528 on=64 amo=0 | data=64128000 B/step  cum=3014016000 B
step 48  updateFluff=0.181262 s  compute=0.176159 s  save=0.0 s
  comm[48] put=9 get=523 on=64 amo=0 | data=64128000 B/step  cum=3078144000 B
step 49  updateFluff=0.156229 s  compute=0.17698 s  save=0.0 s
  comm[49] put=9 get=528 on=64 amo=0 | data=64128000 B/step  cum=3142272000 B
step 50  updateFluff=0.175858 s  compute=0.176163 s  save=0.0 s
  comm[50] put=9 get=523 on=64 amo=0 | data=64128000 B/step  cum=3206400000 B
step 51  updateFluff=0.160043 s  compute=0.177432 s  save=0.0 s
  comm[51] put=9 get=528 on=64 amo=0 | data=64128000 B/step  cum=3270528000 B
step 52  updateFluff=0.169561 s  compute=0.176334 s  save=0.0 s
  comm[52] put=9 get=523 on=64 amo=0 | data=64128000 B/step  cum=3334656000 B
step 53  updateFluff=0.292763 s  compute=0.17777 s  save=0.0 s
  comm[53] put=9 get=528 on=64 amo=0 | data=64128000 B/step  cum=3398784000 B
step 54  updateFluff=0.165598 s  compute=0.176158 s  save=0.0 s
  comm[54] put=9 get=523 on=64 amo=0 | data=64128000 B/step  cum=3462912000 B
step 55  updateFluff=0.163886 s  compute=0.176337 s  save=0.0 s
  comm[55] put=9 get=528 on=64 amo=0 | data=64128000 B/step  cum=3527040000 B
step 56  updateFluff=0.164955 s  compute=0.176935 s  save=1e-06 s
  comm[56] put=9 get=523 on=64 amo=0 | data=64128000 B/step  cum=3591168000 B
step 57  updateFluff=0.163466 s  compute=0.176521 s  save=1e-06 s
  comm[57] put=9 get=528 on=64 amo=0 | data=64128000 B/step  cum=3655296000 B
step 58  updateFluff=0.161127 s  compute=0.175479 s  save=0.0 s
  comm[58] put=9 get=523 on=64 amo=0 | data=64128000 B/step  cum=3719424000 B
step 59  updateFluff=0.188126 s  compute=0.176483 s  save=0.0 s
  comm[59] put=9 get=528 on=64 amo=0 | data=64128000 B/step  cum=3783552000 B
step 60  updateFluff=0.175624 s  compute=0.17536 s  save=0.0 s
  comm[60] put=9 get=523 on=64 amo=0 | data=64128000 B/step  cum=3847680000 B
step 61  updateFluff=0.148042 s  compute=0.176981 s  save=0.0 s
  comm[61] put=9 get=528 on=64 amo=0 | data=64128000 B/step  cum=3911808000 B
step 62  updateFluff=0.151825 s  compute=0.17671 s  save=0.0 s
  comm[62] put=9 get=523 on=64 amo=0 | data=64128000 B/step  cum=3975936000 B
step 63  updateFluff=0.147023 s  compute=0.17725 s  save=0.0 s
  comm[63] put=9 get=528 on=64 amo=0 | data=64128000 B/step  cum=4040064000 B
step 64  updateFluff=0.175835 s  compute=0.177268 s  save=0.0 s
  comm[64] put=9 get=523 on=64 amo=0 | data=64128000 B/step  cum=4104192000 B
step 65  updateFluff=0.170226 s  compute=0.176776 s  save=0.0 s
  comm[65] put=9 get=528 on=64 amo=0 | data=64128000 B/step  cum=4168320000 B
step 66  updateFluff=0.159412 s  compute=0.181255 s  save=0.0 s
  comm[66] put=9 get=523 on=64 amo=0 | data=64128000 B/step  cum=4232448000 B
step 67  updateFluff=0.144488 s  compute=0.1784 s  save=0.0 s
  comm[67] put=9 get=528 on=64 amo=0 | data=64128000 B/step  cum=4296576000 B
step 68  updateFluff=0.173339 s  compute=0.181229 s  save=0.0 s
  comm[68] put=9 get=523 on=64 amo=0 | data=64128000 B/step  cum=4360704000 B
step 69  updateFluff=0.161131 s  compute=0.181543 s  save=0.0 s
  comm[69] put=9 get=528 on=64 amo=0 | data=64128000 B/step  cum=4424832000 B
step 70  updateFluff=0.17596 s  compute=0.181036 s  save=0.0 s
  comm[70] put=9 get=523 on=64 amo=0 | data=64128000 B/step  cum=4488960000 B
step 71  updateFluff=0.156496 s  compute=0.179201 s  save=0.0 s
  comm[71] put=9 get=528 on=64 amo=0 | data=64128000 B/step  cum=4553088000 B
step 72  updateFluff=0.166459 s  compute=0.178889 s  save=0.0 s
  comm[72] put=9 get=523 on=64 amo=0 | data=64128000 B/step  cum=4617216000 B
step 73  updateFluff=0.151836 s  compute=0.177314 s  save=0.0 s
  comm[73] put=9 get=528 on=64 amo=0 | data=64128000 B/step  cum=4681344000 B
step 74  updateFluff=0.148219 s  compute=0.176861 s  save=0.0 s
  comm[74] put=9 get=523 on=64 amo=0 | data=64128000 B/step  cum=4745472000 B
step 75  updateFluff=0.16811 s  compute=0.1816 s  save=0.0 s
  comm[75] put=9 get=528 on=64 amo=0 | data=64128000 B/step  cum=4809600000 B
step 76  updateFluff=0.161043 s  compute=0.178403 s  save=0.0 s
  comm[76] put=9 get=523 on=64 amo=0 | data=64128000 B/step  cum=4873728000 B
step 77  updateFluff=0.136911 s  compute=0.177138 s  save=0.0 s
  comm[77] put=9 get=528 on=64 amo=0 | data=64128000 B/step  cum=4937856000 B
step 78  updateFluff=0.153851 s  compute=0.177122 s  save=0.0 s
  comm[78] put=9 get=523 on=64 amo=0 | data=64128000 B/step  cum=5001984000 B
step 79  updateFluff=0.168822 s  compute=0.178164 s  save=0.0 s
  comm[79] put=9 get=528 on=64 amo=0 | data=64128000 B/step  cum=5066112000 B
step 80  updateFluff=0.158747 s  compute=0.178445 s  save=0.0 s
  comm[80] put=9 get=523 on=64 amo=0 | data=64128000 B/step  cum=5130240000 B
step 81  updateFluff=0.159492 s  compute=0.17914 s  save=1e-06 s
  comm[81] put=9 get=528 on=64 amo=0 | data=64128000 B/step  cum=5194368000 B
step 82  updateFluff=0.153813 s  compute=0.181203 s  save=1e-06 s
  comm[82] put=9 get=523 on=64 amo=0 | data=64128000 B/step  cum=5258496000 B
step 83  updateFluff=0.177868 s  compute=0.176379 s  save=0.0 s
  comm[83] put=9 get=528 on=64 amo=0 | data=64128000 B/step  cum=5322624000 B
step 84  updateFluff=0.154927 s  compute=0.175781 s  save=0.0 s
  comm[84] put=9 get=523 on=64 amo=0 | data=64128000 B/step  cum=5386752000 B
step 85  updateFluff=0.172099 s  compute=0.181243 s  save=0.0 s
  comm[85] put=9 get=528 on=64 amo=0 | data=64128000 B/step  cum=5450880000 B
step 86  updateFluff=0.161367 s  compute=0.175817 s  save=0.0 s
  comm[86] put=9 get=523 on=64 amo=0 | data=64128000 B/step  cum=5515008000 B
step 87  updateFluff=0.152831 s  compute=0.17648 s  save=0.0 s
  comm[87] put=9 get=528 on=64 amo=0 | data=64128000 B/step  cum=5579136000 B
step 88  updateFluff=0.161468 s  compute=0.175739 s  save=0.0 s
  comm[88] put=9 get=523 on=64 amo=0 | data=64128000 B/step  cum=5643264000 B
step 89  updateFluff=0.154793 s  compute=0.181286 s  save=0.0 s
  comm[89] put=9 get=528 on=64 amo=0 | data=64128000 B/step  cum=5707392000 B
step 90  updateFluff=0.153448 s  compute=0.178112 s  save=0.0 s
  comm[90] put=9 get=523 on=64 amo=0 | data=64128000 B/step  cum=5771520000 B
step 91  updateFluff=0.169255 s  compute=0.176574 s  save=0.0 s
  comm[91] put=9 get=528 on=64 amo=0 | data=64128000 B/step  cum=5835648000 B
step 92  updateFluff=0.164598 s  compute=0.175569 s  save=0.0 s
  comm[92] put=9 get=523 on=64 amo=0 | data=64128000 B/step  cum=5899776000 B
step 93  updateFluff=0.163864 s  compute=0.176496 s  save=0.0 s
  comm[93] put=9 get=528 on=64 amo=0 | data=64128000 B/step  cum=5963904000 B
step 94  updateFluff=0.166288 s  compute=0.17975 s  save=0.0 s
  comm[94] put=9 get=523 on=64 amo=0 | data=64128000 B/step  cum=6028032000 B
step 95  updateFluff=0.156116 s  compute=0.175931 s  save=0.0 s
  comm[95] put=9 get=528 on=64 amo=0 | data=64128000 B/step  cum=6092160000 B
step 96  updateFluff=0.144968 s  compute=0.176062 s  save=0.0 s
  comm[96] put=9 get=523 on=64 amo=0 | data=64128000 B/step  cum=6156288000 B
step 97  updateFluff=0.185091 s  compute=0.177041 s  save=0.0 s
  comm[97] put=9 get=528 on=64 amo=0 | data=64128000 B/step  cum=6220416000 B
step 98  updateFluff=0.1706 s  compute=0.177715 s  save=0.0 s
  comm[98] put=9 get=523 on=64 amo=0 | data=64128000 B/step  cum=6284544000 B
step 99  updateFluff=0.153339 s  compute=0.181224 s  save=1e-06 s
  comm[99] put=9 get=528 on=64 amo=0 | data=64128000 B/step  cum=6348672000 B
step 100  updateFluff=0.335283 s  compute=0.177353 s  save=0.0 s
  comm[100] put=9 get=523 on=64 amo=0 | data=64128000 B/step  cum=6412800000 B
[mem] after run locale 0: 2001.43 MB
[mem] after run locale 1: 1996.23 MB
[mem] after run locale 2: 1996.23 MB
[mem] after run locale 3: 1996.23 MB
[mem] after run locale 4: 1990.29 MB
[mem] after run locale 5: 1990.29 MB
[mem] after run locale 6: 1996.23 MB
[mem] after run locale 7: 1990.29 MB
[mem] after run locale 8: 1990.29 MB
final field: min=1.0 max=2.0 sum=1.00518e+09
Execution time:    35.0554 s
