[cfg] threadsPerLocale(requested)=1 numLocales=9
Initialization time: 0.611823 s
[mem] after init (u+un allocated) locale 0: 2001.43 MB
[mem] after init (u+un allocated) locale 1: 1996.23 MB
[mem] after init (u+un allocated) locale 2: 1996.23 MB
[mem] after init (u+un allocated) locale 3: 1996.23 MB
[mem] after init (u+un allocated) locale 4: 1990.29 MB
[mem] after init (u+un allocated) locale 5: 1990.29 MB
[mem] after init (u+un allocated) locale 6: 1996.23 MB
[mem] after init (u+un allocated) locale 7: 1990.29 MB
[mem] after init (u+un allocated) locale 8: 1990.29 MB
[cfg] locale 0 maxTaskPar=1
[cfg] locale 1 maxTaskPar=1
[cfg] locale 2 maxTaskPar=1
[cfg] locale 3 maxTaskPar=1
[cfg] locale 4 maxTaskPar=1
[cfg] locale 5 maxTaskPar=1
[cfg] locale 6 maxTaskPar=1
[cfg] locale 7 maxTaskPar=1
[cfg] locale 8 maxTaskPar=1
[comm] 64128000 B/step across 9 locale(s)
step 1  updateFluff=0.187838 s  compute=0.13943 s  save=0.0 s
  comm[1] put=0 get=529 on=56 amo=0 | data=64128000 B/step  cum=64128000 B
step 2  updateFluff=0.185089 s  compute=0.139437 s  save=0.0 s
  comm[2] put=9 get=525 on=64 amo=0 | data=64128000 B/step  cum=128256000 B
step 3  updateFluff=0.200124 s  compute=0.139457 s  save=0.0 s
  comm[3] put=9 get=529 on=64 amo=0 | data=64128000 B/step  cum=192384000 B
step 4  updateFluff=0.19692 s  compute=0.139548 s  save=0.0 s
  comm[4] put=9 get=525 on=64 amo=0 | data=64128000 B/step  cum=256512000 B
step 5  updateFluff=0.200032 s  compute=0.139268 s  save=0.0 s
  comm[5] put=9 get=529 on=64 amo=0 | data=64128000 B/step  cum=320640000 B
step 6  updateFluff=0.187006 s  compute=0.139486 s  save=0.0 s
  comm[6] put=9 get=525 on=64 amo=0 | data=64128000 B/step  cum=384768000 B
step 7  updateFluff=0.207611 s  compute=0.139354 s  save=0.0 s
  comm[7] put=9 get=529 on=64 amo=0 | data=64128000 B/step  cum=448896000 B
step 8  updateFluff=0.184403 s  compute=0.139519 s  save=0.0 s
  comm[8] put=9 get=525 on=64 amo=0 | data=64128000 B/step  cum=513024000 B
step 9  updateFluff=0.208685 s  compute=0.139296 s  save=0.0 s
  comm[9] put=9 get=529 on=64 amo=0 | data=64128000 B/step  cum=577152000 B
step 10  updateFluff=0.187242 s  compute=0.139496 s  save=1e-06 s
  comm[10] put=9 get=525 on=64 amo=0 | data=64128000 B/step  cum=641280000 B
step 11  updateFluff=0.201435 s  compute=0.139319 s  save=1e-06 s
  comm[11] put=9 get=529 on=64 amo=0 | data=64128000 B/step  cum=705408000 B
step 12  updateFluff=0.194057 s  compute=0.139909 s  save=0.0 s
  comm[12] put=9 get=525 on=64 amo=0 | data=64128000 B/step  cum=769536000 B
step 13  updateFluff=0.188959 s  compute=0.139405 s  save=0.0 s
  comm[13] put=9 get=529 on=64 amo=0 | data=64128000 B/step  cum=833664000 B
step 14  updateFluff=0.176489 s  compute=0.139509 s  save=0.0 s
  comm[14] put=9 get=525 on=64 amo=0 | data=64128000 B/step  cum=897792000 B
step 15  updateFluff=0.205151 s  compute=0.139347 s  save=0.0 s
  comm[15] put=9 get=529 on=64 amo=0 | data=64128000 B/step  cum=961920000 B
step 16  updateFluff=0.209155 s  compute=0.139483 s  save=0.0 s
  comm[16] put=9 get=525 on=64 amo=0 | data=64128000 B/step  cum=1026048000 B
step 17  updateFluff=0.202374 s  compute=0.13927 s  save=1e-06 s
  comm[17] put=9 get=529 on=64 amo=0 | data=64128000 B/step  cum=1090176000 B
step 18  updateFluff=0.200523 s  compute=0.139469 s  save=0.0 s
  comm[18] put=9 get=525 on=64 amo=0 | data=64128000 B/step  cum=1154304000 B
step 19  updateFluff=0.199227 s  compute=0.139467 s  save=1e-06 s
  comm[19] put=9 get=529 on=64 amo=0 | data=64128000 B/step  cum=1218432000 B
step 20  updateFluff=0.197375 s  compute=0.139479 s  save=0.0 s
  comm[20] put=9 get=525 on=64 amo=0 | data=64128000 B/step  cum=1282560000 B
step 21  updateFluff=0.203014 s  compute=0.139173 s  save=0.0 s
  comm[21] put=9 get=529 on=64 amo=0 | data=64128000 B/step  cum=1346688000 B
step 22  updateFluff=0.200739 s  compute=0.139462 s  save=0.0 s
  comm[22] put=9 get=525 on=64 amo=0 | data=64128000 B/step  cum=1410816000 B
step 23  updateFluff=0.204778 s  compute=0.139569 s  save=1e-06 s
  comm[23] put=9 get=529 on=64 amo=0 | data=64128000 B/step  cum=1474944000 B
step 24  updateFluff=0.208367 s  compute=0.139461 s  save=1e-06 s
  comm[24] put=9 get=525 on=64 amo=0 | data=64128000 B/step  cum=1539072000 B
step 25  updateFluff=0.188846 s  compute=0.139315 s  save=1e-06 s
  comm[25] put=9 get=529 on=64 amo=0 | data=64128000 B/step  cum=1603200000 B
step 26  updateFluff=0.193286 s  compute=0.139615 s  save=0.0 s
  comm[26] put=9 get=525 on=64 amo=0 | data=64128000 B/step  cum=1667328000 B
step 27  updateFluff=0.187695 s  compute=0.139262 s  save=0.0 s
  comm[27] put=9 get=529 on=64 amo=0 | data=64128000 B/step  cum=1731456000 B
step 28  updateFluff=0.173159 s  compute=0.139465 s  save=0.0 s
  comm[28] put=9 get=525 on=64 amo=0 | data=64128000 B/step  cum=1795584000 B
step 29  updateFluff=0.200536 s  compute=0.139386 s  save=0.0 s
  comm[29] put=9 get=529 on=64 amo=0 | data=64128000 B/step  cum=1859712000 B
step 30  updateFluff=0.200145 s  compute=0.139412 s  save=0.0 s
  comm[30] put=9 get=525 on=64 amo=0 | data=64128000 B/step  cum=1923840000 B
step 31  updateFluff=0.187908 s  compute=0.139358 s  save=0.0 s
  comm[31] put=9 get=529 on=64 amo=0 | data=64128000 B/step  cum=1987968000 B
step 32  updateFluff=0.197346 s  compute=0.139552 s  save=0.0 s
  comm[32] put=9 get=525 on=64 amo=0 | data=64128000 B/step  cum=2052096000 B
step 33  updateFluff=0.186934 s  compute=0.139274 s  save=0.0 s
  comm[33] put=9 get=529 on=64 amo=0 | data=64128000 B/step  cum=2116224000 B
step 34  updateFluff=0.208754 s  compute=0.139457 s  save=0.0 s
  comm[34] put=9 get=525 on=64 amo=0 | data=64128000 B/step  cum=2180352000 B
step 35  updateFluff=0.187849 s  compute=0.139462 s  save=0.0 s
  comm[35] put=9 get=529 on=64 amo=0 | data=64128000 B/step  cum=2244480000 B
step 36  updateFluff=0.169106 s  compute=0.139378 s  save=0.0 s
  comm[36] put=9 get=525 on=64 amo=0 | data=64128000 B/step  cum=2308608000 B
step 37  updateFluff=0.205249 s  compute=0.139278 s  save=0.0 s
  comm[37] put=9 get=529 on=64 amo=0 | data=64128000 B/step  cum=2372736000 B
step 38  updateFluff=0.202076 s  compute=0.139639 s  save=0.0 s
  comm[38] put=9 get=525 on=64 amo=0 | data=64128000 B/step  cum=2436864000 B
step 39  updateFluff=0.201084 s  compute=0.139354 s  save=0.0 s
  comm[39] put=9 get=529 on=64 amo=0 | data=64128000 B/step  cum=2500992000 B
step 40  updateFluff=0.187075 s  compute=0.139499 s  save=0.0 s
  comm[40] put=9 get=525 on=64 amo=0 | data=64128000 B/step  cum=2565120000 B
step 41  updateFluff=0.192762 s  compute=0.139407 s  save=0.0 s
  comm[41] put=9 get=529 on=64 amo=0 | data=64128000 B/step  cum=2629248000 B
step 42  updateFluff=0.198247 s  compute=0.139517 s  save=0.0 s
  comm[42] put=9 get=525 on=64 amo=0 | data=64128000 B/step  cum=2693376000 B
step 43  updateFluff=0.200048 s  compute=0.13927 s  save=1e-06 s
  comm[43] put=9 get=529 on=64 amo=0 | data=64128000 B/step  cum=2757504000 B
step 44  updateFluff=0.199977 s  compute=0.13966 s  save=0.0 s
  comm[44] put=9 get=525 on=64 amo=0 | data=64128000 B/step  cum=2821632000 B
step 45  updateFluff=0.206208 s  compute=0.139277 s  save=0.0 s
  comm[45] put=9 get=529 on=64 amo=0 | data=64128000 B/step  cum=2885760000 B
step 46  updateFluff=0.195107 s  compute=0.139413 s  save=0.0 s
  comm[46] put=9 get=525 on=64 amo=0 | data=64128000 B/step  cum=2949888000 B
step 47  updateFluff=0.189952 s  compute=0.139639 s  save=0.0 s
  comm[47] put=9 get=529 on=64 amo=0 | data=64128000 B/step  cum=3014016000 B
step 48  updateFluff=0.188155 s  compute=0.139561 s  save=1e-06 s
  comm[48] put=9 get=525 on=64 amo=0 | data=64128000 B/step  cum=3078144000 B
step 49  updateFluff=0.186663 s  compute=0.13934 s  save=0.0 s
  comm[49] put=9 get=529 on=64 amo=0 | data=64128000 B/step  cum=3142272000 B
step 50  updateFluff=0.200081 s  compute=0.139833 s  save=0.0 s
  comm[50] put=9 get=525 on=64 amo=0 | data=64128000 B/step  cum=3206400000 B
step 51  updateFluff=0.20004 s  compute=0.139281 s  save=0.0 s
  comm[51] put=9 get=529 on=64 amo=0 | data=64128000 B/step  cum=3270528000 B
step 52  updateFluff=0.201695 s  compute=0.139448 s  save=0.0 s
  comm[52] put=9 get=525 on=64 amo=0 | data=64128000 B/step  cum=3334656000 B
step 53  updateFluff=0.211305 s  compute=0.139253 s  save=1e-06 s
  comm[53] put=9 get=529 on=64 amo=0 | data=64128000 B/step  cum=3398784000 B
step 54  updateFluff=0.189786 s  compute=0.139523 s  save=0.0 s
  comm[54] put=9 get=525 on=64 amo=0 | data=64128000 B/step  cum=3462912000 B
step 55  updateFluff=0.201432 s  compute=0.139328 s  save=0.0 s
  comm[55] put=9 get=529 on=64 amo=0 | data=64128000 B/step  cum=3527040000 B
step 56  updateFluff=0.183284 s  compute=0.139507 s  save=0.0 s
  comm[56] put=9 get=525 on=64 amo=0 | data=64128000 B/step  cum=3591168000 B
step 57  updateFluff=0.1844 s  compute=0.139389 s  save=0.0 s
  comm[57] put=9 get=529 on=64 amo=0 | data=64128000 B/step  cum=3655296000 B
step 58  updateFluff=0.199639 s  compute=0.139443 s  save=0.0 s
  comm[58] put=9 get=525 on=64 amo=0 | data=64128000 B/step  cum=3719424000 B
step 59  updateFluff=0.199051 s  compute=0.139437 s  save=0.0 s
  comm[59] put=9 get=529 on=64 amo=0 | data=64128000 B/step  cum=3783552000 B
step 60  updateFluff=0.171205 s  compute=0.139534 s  save=0.0 s
  comm[60] put=9 get=525 on=64 amo=0 | data=64128000 B/step  cum=3847680000 B
step 61  updateFluff=0.197348 s  compute=0.139335 s  save=1e-06 s
  comm[61] put=9 get=529 on=64 amo=0 | data=64128000 B/step  cum=3911808000 B
step 62  updateFluff=0.184255 s  compute=0.139447 s  save=0.0 s
  comm[62] put=9 get=525 on=64 amo=0 | data=64128000 B/step  cum=3975936000 B
step 63  updateFluff=0.19043 s  compute=0.139421 s  save=0.0 s
  comm[63] put=9 get=529 on=64 amo=0 | data=64128000 B/step  cum=4040064000 B
step 64  updateFluff=0.186165 s  compute=0.139461 s  save=1e-06 s
  comm[64] put=9 get=525 on=64 amo=0 | data=64128000 B/step  cum=4104192000 B
step 65  updateFluff=0.185178 s  compute=0.139236 s  save=0.0 s
  comm[65] put=9 get=529 on=64 amo=0 | data=64128000 B/step  cum=4168320000 B
step 66  updateFluff=0.193769 s  compute=0.139541 s  save=1e-06 s
  comm[66] put=9 get=525 on=64 amo=0 | data=64128000 B/step  cum=4232448000 B
step 67  updateFluff=0.199566 s  compute=0.139339 s  save=0.0 s
  comm[67] put=9 get=529 on=64 amo=0 | data=64128000 B/step  cum=4296576000 B
step 68  updateFluff=0.195569 s  compute=0.139407 s  save=1e-06 s
  comm[68] put=9 get=525 on=64 amo=0 | data=64128000 B/step  cum=4360704000 B
step 69  updateFluff=0.202624 s  compute=0.139408 s  save=0.0 s
  comm[69] put=9 get=529 on=64 amo=0 | data=64128000 B/step  cum=4424832000 B
step 70  updateFluff=0.200244 s  compute=0.139492 s  save=0.0 s
  comm[70] put=9 get=525 on=64 amo=0 | data=64128000 B/step  cum=4488960000 B
step 71  updateFluff=0.20114 s  compute=0.139275 s  save=0.0 s
  comm[71] put=9 get=529 on=64 amo=0 | data=64128000 B/step  cum=4553088000 B
step 72  updateFluff=0.185801 s  compute=0.139557 s  save=0.0 s
  comm[72] put=9 get=525 on=64 amo=0 | data=64128000 B/step  cum=4617216000 B
step 73  updateFluff=0.183238 s  compute=0.139287 s  save=0.0 s
  comm[73] put=9 get=529 on=64 amo=0 | data=64128000 B/step  cum=4681344000 B
step 74  updateFluff=0.185699 s  compute=0.139574 s  save=0.0 s
  comm[74] put=9 get=525 on=64 amo=0 | data=64128000 B/step  cum=4745472000 B
step 75  updateFluff=0.187332 s  compute=0.139376 s  save=0.0 s
  comm[75] put=9 get=529 on=64 amo=0 | data=64128000 B/step  cum=4809600000 B
step 76  updateFluff=0.198192 s  compute=0.139432 s  save=0.0 s
  comm[76] put=9 get=525 on=64 amo=0 | data=64128000 B/step  cum=4873728000 B
step 77  updateFluff=0.18964 s  compute=0.139158 s  save=0.0 s
  comm[77] put=9 get=529 on=64 amo=0 | data=64128000 B/step  cum=4937856000 B
step 78  updateFluff=0.19117 s  compute=0.139525 s  save=0.0 s
  comm[78] put=9 get=525 on=64 amo=0 | data=64128000 B/step  cum=5001984000 B
step 79  updateFluff=0.18067 s  compute=0.139208 s  save=1e-06 s
  comm[79] put=9 get=529 on=64 amo=0 | data=64128000 B/step  cum=5066112000 B
step 80  updateFluff=0.17545 s  compute=0.13901 s  save=0.0 s
  comm[80] put=9 get=525 on=64 amo=0 | data=64128000 B/step  cum=5130240000 B
step 81  updateFluff=0.20073 s  compute=0.139328 s  save=0.0 s
  comm[81] put=9 get=529 on=64 amo=0 | data=64128000 B/step  cum=5194368000 B
step 82  updateFluff=0.186596 s  compute=0.139484 s  save=1e-06 s
  comm[82] put=9 get=525 on=64 amo=0 | data=64128000 B/step  cum=5258496000 B
step 83  updateFluff=0.193282 s  compute=0.139282 s  save=0.0 s
  comm[83] put=9 get=529 on=64 amo=0 | data=64128000 B/step  cum=5322624000 B
step 84  updateFluff=0.199566 s  compute=0.13949 s  save=0.0 s
  comm[84] put=9 get=525 on=64 amo=0 | data=64128000 B/step  cum=5386752000 B
step 85  updateFluff=0.182002 s  compute=0.139299 s  save=0.0 s
  comm[85] put=9 get=529 on=64 amo=0 | data=64128000 B/step  cum=5450880000 B
step 86  updateFluff=0.199363 s  compute=0.139467 s  save=0.0 s
  comm[86] put=9 get=525 on=64 amo=0 | data=64128000 B/step  cum=5515008000 B
step 87  updateFluff=0.201586 s  compute=0.139274 s  save=1e-06 s
  comm[87] put=9 get=529 on=64 amo=0 | data=64128000 B/step  cum=5579136000 B
step 88  updateFluff=0.185619 s  compute=0.139499 s  save=0.0 s
  comm[88] put=9 get=525 on=64 amo=0 | data=64128000 B/step  cum=5643264000 B
step 89  updateFluff=0.199883 s  compute=0.139189 s  save=0.0 s
  comm[89] put=9 get=529 on=64 amo=0 | data=64128000 B/step  cum=5707392000 B
step 90  updateFluff=0.190589 s  compute=0.139606 s  save=0.0 s
  comm[90] put=9 get=525 on=64 amo=0 | data=64128000 B/step  cum=5771520000 B
step 91  updateFluff=0.182634 s  compute=0.139211 s  save=0.0 s
  comm[91] put=9 get=529 on=64 amo=0 | data=64128000 B/step  cum=5835648000 B
step 92  updateFluff=0.191112 s  compute=0.139405 s  save=1e-06 s
  comm[92] put=9 get=525 on=64 amo=0 | data=64128000 B/step  cum=5899776000 B
step 93  updateFluff=0.171551 s  compute=0.139719 s  save=0.0 s
  comm[93] put=9 get=529 on=64 amo=0 | data=64128000 B/step  cum=5963904000 B
step 94  updateFluff=0.190169 s  compute=0.13941 s  save=1e-06 s
  comm[94] put=9 get=525 on=64 amo=0 | data=64128000 B/step  cum=6028032000 B
step 95  updateFluff=0.206077 s  compute=0.139225 s  save=1e-06 s
  comm[95] put=9 get=529 on=64 amo=0 | data=64128000 B/step  cum=6092160000 B
step 96  updateFluff=0.202186 s  compute=0.139423 s  save=1e-06 s
  comm[96] put=9 get=525 on=64 amo=0 | data=64128000 B/step  cum=6156288000 B
step 97  updateFluff=0.203838 s  compute=0.139207 s  save=0.0 s
  comm[97] put=9 get=529 on=64 amo=0 | data=64128000 B/step  cum=6220416000 B
step 98  updateFluff=0.194532 s  compute=0.139448 s  save=0.0 s
  comm[98] put=9 get=525 on=64 amo=0 | data=64128000 B/step  cum=6284544000 B
step 99  updateFluff=0.184691 s  compute=0.139289 s  save=0.0 s
  comm[99] put=9 get=529 on=64 amo=0 | data=64128000 B/step  cum=6348672000 B
step 100  updateFluff=0.204536 s  compute=0.13945 s  save=0.0 s
  comm[100] put=9 get=525 on=64 amo=0 | data=64128000 B/step  cum=6412800000 B
[mem] after run locale 0: 2001.43 MB
[mem] after run locale 1: 1996.23 MB
[mem] after run locale 2: 1996.23 MB
[mem] after run locale 3: 1996.23 MB
[mem] after run locale 4: 1990.29 MB
[mem] after run locale 5: 1990.29 MB
[mem] after run locale 6: 1996.23 MB
[mem] after run locale 7: 1990.29 MB
[mem] after run locale 8: 1990.29 MB
final field: min=1.0 max=2.0 sum=1.00518e+09
Execution time:    33.8345 s
