[cfg] threadsPerLocale(requested)=8 numLocales=9
Initialization time: 0.416817 s
[mem] after init (u+un allocated) locale 0: 2001.43 MB
[mem] after init (u+un allocated) locale 1: 1996.23 MB
[mem] after init (u+un allocated) locale 2: 1996.23 MB
[mem] after init (u+un allocated) locale 3: 1996.23 MB
[mem] after init (u+un allocated) locale 4: 1990.29 MB
[mem] after init (u+un allocated) locale 5: 1990.29 MB
[mem] after init (u+un allocated) locale 6: 1996.23 MB
[mem] after init (u+un allocated) locale 7: 1990.29 MB
[mem] after init (u+un allocated) locale 8: 1990.29 MB
[cfg] locale 0 maxTaskPar=8
[cfg] locale 1 maxTaskPar=8
[cfg] locale 2 maxTaskPar=8
[cfg] locale 3 maxTaskPar=8
[cfg] locale 4 maxTaskPar=8
[cfg] locale 5 maxTaskPar=8
[cfg] locale 6 maxTaskPar=8
[cfg] locale 7 maxTaskPar=8
[cfg] locale 8 maxTaskPar=8
[comm] 64128000 B/step across 9 locale(s)
step 1  updateFluff=0.165207 s  compute=0.179905 s  save=0.0 s
  comm[1] put=0 get=513 on=56 amo=0 | data=64128000 B/step  cum=64128000 B
step 2  updateFluff=0.169158 s  compute=0.176299 s  save=0.0 s
  comm[2] put=9 get=512 on=64 amo=0 | data=64128000 B/step  cum=128256000 B
step 3  updateFluff=0.188067 s  compute=0.176086 s  save=0.0 s
  comm[3] put=9 get=513 on=64 amo=0 | data=64128000 B/step  cum=192384000 B
step 4  updateFluff=0.157171 s  compute=0.176278 s  save=0.0 s
  comm[4] put=9 get=512 on=64 amo=0 | data=64128000 B/step  cum=256512000 B
step 5  updateFluff=0.159919 s  compute=0.180001 s  save=0.0 s
  comm[5] put=9 get=513 on=64 amo=0 | data=64128000 B/step  cum=320640000 B
step 6  updateFluff=0.165534 s  compute=0.176194 s  save=0.0 s
  comm[6] put=9 get=512 on=64 amo=0 | data=64128000 B/step  cum=384768000 B
step 7  updateFluff=0.13594 s  compute=0.176126 s  save=0.0 s
  comm[7] put=9 get=513 on=64 amo=0 | data=64128000 B/step  cum=448896000 B
step 8  updateFluff=0.175769 s  compute=0.176051 s  save=1e-06 s
  comm[8] put=9 get=512 on=64 amo=0 | data=64128000 B/step  cum=513024000 B
step 9  updateFluff=0.174987 s  compute=0.176451 s  save=1e-06 s
  comm[9] put=9 get=513 on=64 amo=0 | data=64128000 B/step  cum=577152000 B
step 10  updateFluff=0.15732 s  compute=0.175979 s  save=0.0 s
  comm[10] put=9 get=512 on=64 amo=0 | data=64128000 B/step  cum=641280000 B
step 11  updateFluff=0.15999 s  compute=0.175918 s  save=0.0 s
  comm[11] put=9 get=513 on=64 amo=0 | data=64128000 B/step  cum=705408000 B
step 12  updateFluff=0.174936 s  compute=0.176021 s  save=1e-06 s
  comm[12] put=9 get=512 on=64 amo=0 | data=64128000 B/step  cum=769536000 B
step 13  updateFluff=0.159162 s  compute=0.176216 s  save=1e-06 s
  comm[13] put=9 get=513 on=64 amo=0 | data=64128000 B/step  cum=833664000 B
step 14  updateFluff=0.186517 s  compute=0.180384 s  save=0.0 s
  comm[14] put=9 get=512 on=64 amo=0 | data=64128000 B/step  cum=897792000 B
step 15  updateFluff=0.156583 s  compute=0.176409 s  save=0.0 s
  comm[15] put=9 get=513 on=64 amo=0 | data=64128000 B/step  cum=961920000 B
step 16  updateFluff=0.197059 s  compute=0.176249 s  save=0.0 s
  comm[16] put=9 get=512 on=64 amo=0 | data=64128000 B/step  cum=1026048000 B
step 17  updateFluff=0.166065 s  compute=0.176877 s  save=0.0 s
  comm[17] put=9 get=513 on=64 amo=0 | data=64128000 B/step  cum=1090176000 B
step 18  updateFluff=0.151895 s  compute=0.176133 s  save=0.0 s
  comm[18] put=9 get=512 on=64 amo=0 | data=64128000 B/step  cum=1154304000 B
step 19  updateFluff=0.164353 s  compute=0.181801 s  save=0.0 s
  comm[19] put=9 get=513 on=64 amo=0 | data=64128000 B/step  cum=1218432000 B
step 20  updateFluff=0.157173 s  compute=0.18028 s  save=0.0 s
  comm[20] put=9 get=512 on=64 amo=0 | data=64128000 B/step  cum=1282560000 B
step 21  updateFluff=0.171614 s  compute=0.178264 s  save=0.0 s
  comm[21] put=9 get=513 on=64 amo=0 | data=64128000 B/step  cum=1346688000 B
step 22  updateFluff=0.167784 s  compute=0.179767 s  save=0.0 s
  comm[22] put=9 get=512 on=64 amo=0 | data=64128000 B/step  cum=1410816000 B
step 23  updateFluff=0.163893 s  compute=0.181577 s  save=0.0 s
  comm[23] put=9 get=513 on=64 amo=0 | data=64128000 B/step  cum=1474944000 B
step 24  updateFluff=0.161233 s  compute=0.181656 s  save=0.0 s
  comm[24] put=9 get=512 on=64 amo=0 | data=64128000 B/step  cum=1539072000 B
step 25  updateFluff=0.148155 s  compute=0.180093 s  save=0.0 s
  comm[25] put=9 get=513 on=64 amo=0 | data=64128000 B/step  cum=1603200000 B
step 26  updateFluff=0.169545 s  compute=0.179989 s  save=1e-06 s
  comm[26] put=9 get=512 on=64 amo=0 | data=64128000 B/step  cum=1667328000 B
step 27  updateFluff=0.162273 s  compute=0.175947 s  save=0.0 s
  comm[27] put=9 get=513 on=64 amo=0 | data=64128000 B/step  cum=1731456000 B
step 28  updateFluff=0.157439 s  compute=0.176405 s  save=0.0 s
  comm[28] put=9 get=512 on=64 amo=0 | data=64128000 B/step  cum=1795584000 B
step 29  updateFluff=0.174159 s  compute=0.180784 s  save=1e-06 s
  comm[29] put=9 get=513 on=64 amo=0 | data=64128000 B/step  cum=1859712000 B
step 30  updateFluff=0.161086 s  compute=0.175973 s  save=0.0 s
  comm[30] put=9 get=512 on=64 amo=0 | data=64128000 B/step  cum=1923840000 B
step 31  updateFluff=0.157748 s  compute=0.176236 s  save=0.0 s
  comm[31] put=9 get=513 on=64 amo=0 | data=64128000 B/step  cum=1987968000 B
step 32  updateFluff=0.17415 s  compute=0.181184 s  save=0.0 s
  comm[32] put=9 get=512 on=64 amo=0 | data=64128000 B/step  cum=2052096000 B
step 33  updateFluff=0.164994 s  compute=0.175191 s  save=0.0 s
  comm[33] put=9 get=513 on=64 amo=0 | data=64128000 B/step  cum=2116224000 B
step 34  updateFluff=0.159885 s  compute=0.175895 s  save=0.0 s
  comm[34] put=9 get=512 on=64 amo=0 | data=64128000 B/step  cum=2180352000 B
step 35  updateFluff=0.171034 s  compute=0.176423 s  save=0.0 s
  comm[35] put=9 get=513 on=64 amo=0 | data=64128000 B/step  cum=2244480000 B
step 36  updateFluff=0.158784 s  compute=0.176115 s  save=0.0 s
  comm[36] put=9 get=512 on=64 amo=0 | data=64128000 B/step  cum=2308608000 B
step 37  updateFluff=0.154128 s  compute=0.1818 s  save=0.0 s
  comm[37] put=9 get=513 on=64 amo=0 | data=64128000 B/step  cum=2372736000 B
step 38  updateFluff=0.152518 s  compute=0.176104 s  save=0.0 s
  comm[38] put=9 get=512 on=64 amo=0 | data=64128000 B/step  cum=2436864000 B
step 39  updateFluff=0.163461 s  compute=0.179614 s  save=0.0 s
  comm[39] put=9 get=513 on=64 amo=0 | data=64128000 B/step  cum=2500992000 B
step 40  updateFluff=0.166462 s  compute=0.17979 s  save=0.0 s
  comm[40] put=9 get=512 on=64 amo=0 | data=64128000 B/step  cum=2565120000 B
step 41  updateFluff=0.159491 s  compute=0.180946 s  save=1e-06 s
  comm[41] put=9 get=513 on=64 amo=0 | data=64128000 B/step  cum=2629248000 B
step 42  updateFluff=0.153855 s  compute=0.181482 s  save=0.0 s
  comm[42] put=9 get=512 on=64 amo=0 | data=64128000 B/step  cum=2693376000 B
step 43  updateFluff=0.152447 s  compute=0.178131 s  save=1e-06 s
  comm[43] put=9 get=513 on=64 amo=0 | data=64128000 B/step  cum=2757504000 B
step 44  updateFluff=0.175289 s  compute=0.179616 s  save=0.0 s
  comm[44] put=9 get=512 on=64 amo=0 | data=64128000 B/step  cum=2821632000 B
step 45  updateFluff=0.171265 s  compute=0.177373 s  save=0.0 s
  comm[45] put=9 get=513 on=64 amo=0 | data=64128000 B/step  cum=2885760000 B
step 46  updateFluff=0.172466 s  compute=0.176157 s  save=1e-06 s
  comm[46] put=9 get=512 on=64 amo=0 | data=64128000 B/step  cum=2949888000 B
step 47  updateFluff=0.168779 s  compute=0.181673 s  save=0.0 s
  comm[47] put=9 get=513 on=64 amo=0 | data=64128000 B/step  cum=3014016000 B
step 48  updateFluff=0.15193 s  compute=0.176445 s  save=1e-06 s
  comm[48] put=9 get=512 on=64 amo=0 | data=64128000 B/step  cum=3078144000 B
step 49  updateFluff=0.164142 s  compute=0.177049 s  save=0.0 s
  comm[49] put=9 get=513 on=64 amo=0 | data=64128000 B/step  cum=3142272000 B
step 50  updateFluff=0.15767 s  compute=0.17624 s  save=0.0 s
  comm[50] put=9 get=512 on=64 amo=0 | data=64128000 B/step  cum=3206400000 B
step 51  updateFluff=0.15732 s  compute=0.177562 s  save=0.0 s
  comm[51] put=9 get=513 on=64 amo=0 | data=64128000 B/step  cum=3270528000 B
step 52  updateFluff=0.169907 s  compute=0.17631 s  save=0.0 s
  comm[52] put=9 get=512 on=64 amo=0 | data=64128000 B/step  cum=3334656000 B
step 53  updateFluff=0.175742 s  compute=0.176203 s  save=0.0 s
  comm[53] put=9 get=513 on=64 amo=0 | data=64128000 B/step  cum=3398784000 B
step 54  updateFluff=0.159685 s  compute=0.176102 s  save=0.0 s
  comm[54] put=9 get=512 on=64 amo=0 | data=64128000 B/step  cum=3462912000 B
step 55  updateFluff=0.146144 s  compute=0.182089 s  save=0.0 s
  comm[55] put=9 get=513 on=64 amo=0 | data=64128000 B/step  cum=3527040000 B
step 56  updateFluff=0.158529 s  compute=0.180681 s  save=1e-06 s
  comm[56] put=9 get=512 on=64 amo=0 | data=64128000 B/step  cum=3591168000 B
step 57  updateFluff=0.172635 s  compute=0.176929 s  save=0.0 s
  comm[57] put=9 get=513 on=64 amo=0 | data=64128000 B/step  cum=3655296000 B
step 58  updateFluff=0.178383 s  compute=0.180777 s  save=0.0 s
  comm[58] put=9 get=512 on=64 amo=0 | data=64128000 B/step  cum=3719424000 B
step 59  updateFluff=0.150897 s  compute=0.181728 s  save=0.0 s
  comm[59] put=9 get=513 on=64 amo=0 | data=64128000 B/step  cum=3783552000 B
step 60  updateFluff=0.161455 s  compute=0.176224 s  save=0.0 s
  comm[60] put=9 get=512 on=64 amo=0 | data=64128000 B/step  cum=3847680000 B
step 61  updateFluff=0.172315 s  compute=0.175853 s  save=0.0 s
  comm[61] put=9 get=513 on=64 amo=0 | data=64128000 B/step  cum=3911808000 B
step 62  updateFluff=0.16136 s  compute=0.175975 s  save=0.0 s
  comm[62] put=9 get=512 on=64 amo=0 | data=64128000 B/step  cum=3975936000 B
step 63  updateFluff=0.15798 s  compute=0.17626 s  save=0.0 s
  comm[63] put=9 get=513 on=64 amo=0 | data=64128000 B/step  cum=4040064000 B
step 64  updateFluff=0.164023 s  compute=0.176159 s  save=0.0 s
  comm[64] put=9 get=512 on=64 amo=0 | data=64128000 B/step  cum=4104192000 B
step 65  updateFluff=0.302299 s  compute=0.176638 s  save=0.0 s
  comm[65] put=9 get=513 on=64 amo=0 | data=64128000 B/step  cum=4168320000 B
step 66  updateFluff=0.172463 s  compute=0.176986 s  save=0.0 s
  comm[66] put=9 get=512 on=64 amo=0 | data=64128000 B/step  cum=4232448000 B
step 67  updateFluff=0.147322 s  compute=0.176567 s  save=0.0 s
  comm[67] put=9 get=513 on=64 amo=0 | data=64128000 B/step  cum=4296576000 B
step 68  updateFluff=0.166451 s  compute=0.177119 s  save=1e-06 s
  comm[68] put=9 get=512 on=64 amo=0 | data=64128000 B/step  cum=4360704000 B
step 69  updateFluff=0.156288 s  compute=0.176103 s  save=1e-06 s
  comm[69] put=9 get=513 on=64 amo=0 | data=64128000 B/step  cum=4424832000 B
step 70  updateFluff=0.165362 s  compute=0.180242 s  save=0.0 s
  comm[70] put=9 get=512 on=64 amo=0 | data=64128000 B/step  cum=4488960000 B
step 71  updateFluff=0.137733 s  compute=0.178722 s  save=1e-06 s
  comm[71] put=9 get=513 on=64 amo=0 | data=64128000 B/step  cum=4553088000 B
step 72  updateFluff=0.151243 s  compute=0.176627 s  save=0.0 s
  comm[72] put=9 get=512 on=64 amo=0 | data=64128000 B/step  cum=4617216000 B
step 73  updateFluff=0.163321 s  compute=0.176211 s  save=1e-06 s
  comm[73] put=9 get=513 on=64 amo=0 | data=64128000 B/step  cum=4681344000 B
step 74  updateFluff=0.159061 s  compute=0.17626 s  save=1e-06 s
  comm[74] put=9 get=512 on=64 amo=0 | data=64128000 B/step  cum=4745472000 B
step 75  updateFluff=0.143643 s  compute=0.177019 s  save=0.0 s
  comm[75] put=9 get=513 on=64 amo=0 | data=64128000 B/step  cum=4809600000 B
step 76  updateFluff=0.164049 s  compute=0.175881 s  save=0.0 s
  comm[76] put=9 get=512 on=64 amo=0 | data=64128000 B/step  cum=4873728000 B
step 77  updateFluff=0.156404 s  compute=0.178751 s  save=0.0 s
  comm[77] put=9 get=513 on=64 amo=0 | data=64128000 B/step  cum=4937856000 B
step 78  updateFluff=0.156174 s  compute=0.17623 s  save=1e-06 s
  comm[78] put=9 get=512 on=64 amo=0 | data=64128000 B/step  cum=5001984000 B
step 79  updateFluff=0.16372 s  compute=0.181293 s  save=0.0 s
  comm[79] put=9 get=513 on=64 amo=0 | data=64128000 B/step  cum=5066112000 B
step 80  updateFluff=0.155819 s  compute=0.181288 s  save=0.0 s
  comm[80] put=9 get=512 on=64 amo=0 | data=64128000 B/step  cum=5130240000 B
step 81  updateFluff=0.163349 s  compute=0.176454 s  save=0.0 s
  comm[81] put=9 get=513 on=64 amo=0 | data=64128000 B/step  cum=5194368000 B
step 82  updateFluff=0.166711 s  compute=0.17625 s  save=0.0 s
  comm[82] put=9 get=512 on=64 amo=0 | data=64128000 B/step  cum=5258496000 B
step 83  updateFluff=0.164245 s  compute=0.175156 s  save=0.0 s
  comm[83] put=9 get=513 on=64 amo=0 | data=64128000 B/step  cum=5322624000 B
step 84  updateFluff=0.146538 s  compute=0.179721 s  save=0.0 s
  comm[84] put=9 get=512 on=64 amo=0 | data=64128000 B/step  cum=5386752000 B
step 85  updateFluff=0.177012 s  compute=0.179854 s  save=0.0 s
  comm[85] put=9 get=513 on=64 amo=0 | data=64128000 B/step  cum=5450880000 B
step 86  updateFluff=0.163855 s  compute=0.176204 s  save=0.0 s
  comm[86] put=9 get=512 on=64 amo=0 | data=64128000 B/step  cum=5515008000 B
step 87  updateFluff=0.152341 s  compute=0.176409 s  save=0.0 s
  comm[87] put=9 get=513 on=64 amo=0 | data=64128000 B/step  cum=5579136000 B
step 88  updateFluff=0.147268 s  compute=0.175012 s  save=0.0 s
  comm[88] put=9 get=512 on=64 amo=0 | data=64128000 B/step  cum=5643264000 B
step 89  updateFluff=0.155557 s  compute=0.176127 s  save=1e-06 s
  comm[89] put=9 get=513 on=64 amo=0 | data=64128000 B/step  cum=5707392000 B
step 90  updateFluff=0.144 s  compute=0.176181 s  save=0.0 s
  comm[90] put=9 get=512 on=64 amo=0 | data=64128000 B/step  cum=5771520000 B
step 91  updateFluff=0.173891 s  compute=0.176344 s  save=0.0 s
  comm[91] put=9 get=513 on=64 amo=0 | data=64128000 B/step  cum=5835648000 B
step 92  updateFluff=0.149251 s  compute=0.176181 s  save=1e-06 s
  comm[92] put=9 get=512 on=64 amo=0 | data=64128000 B/step  cum=5899776000 B
step 93  updateFluff=0.151385 s  compute=0.181416 s  save=0.0 s
  comm[93] put=9 get=513 on=64 amo=0 | data=64128000 B/step  cum=5963904000 B
step 94  updateFluff=0.152116 s  compute=0.176118 s  save=0.0 s
  comm[94] put=9 get=512 on=64 amo=0 | data=64128000 B/step  cum=6028032000 B
step 95  updateFluff=0.176133 s  compute=0.176167 s  save=0.0 s
  comm[95] put=9 get=513 on=64 amo=0 | data=64128000 B/step  cum=6092160000 B
step 96  updateFluff=0.16175 s  compute=0.176433 s  save=1e-06 s
  comm[96] put=9 get=512 on=64 amo=0 | data=64128000 B/step  cum=6156288000 B
step 97  updateFluff=0.179943 s  compute=0.176442 s  save=0.0 s
  comm[97] put=9 get=513 on=64 amo=0 | data=64128000 B/step  cum=6220416000 B
step 98  updateFluff=0.176193 s  compute=0.175957 s  save=0.0 s
  comm[98] put=9 get=512 on=64 amo=0 | data=64128000 B/step  cum=6284544000 B
step 99  updateFluff=0.155982 s  compute=0.180928 s  save=0.0 s
  comm[99] put=9 get=513 on=64 amo=0 | data=64128000 B/step  cum=6348672000 B
step 100  updateFluff=0.169419 s  compute=0.179522 s  save=0.0 s
  comm[100] put=9 get=512 on=64 amo=0 | data=64128000 B/step  cum=6412800000 B
[mem] after run locale 0: 2001.43 MB
[mem] after run locale 1: 1996.23 MB
[mem] after run locale 2: 1996.23 MB
[mem] after run locale 3: 1996.23 MB
[mem] after run locale 4: 1990.29 MB
[mem] after run locale 5: 1990.29 MB
[mem] after run locale 6: 1996.23 MB
[mem] after run locale 7: 1990.29 MB
[mem] after run locale 8: 1990.29 MB
final field: min=1.0 max=2.0 sum=1.00518e+09
Execution time:    34.6921 s
