[cfg] threadsPerLocale(requested)=8 numLocales=9
Initialization time: 0.414203 s
[mem] after init (u+un allocated) locale 0: 2001.43 MB
[mem] after init (u+un allocated) locale 1: 1996.23 MB
[mem] after init (u+un allocated) locale 2: 1996.23 MB
[mem] after init (u+un allocated) locale 3: 1996.23 MB
[mem] after init (u+un allocated) locale 4: 1990.29 MB
[mem] after init (u+un allocated) locale 5: 1990.29 MB
[mem] after init (u+un allocated) locale 6: 1996.23 MB
[mem] after init (u+un allocated) locale 7: 1990.29 MB
[mem] after init (u+un allocated) locale 8: 1990.29 MB
[cfg] locale 0 maxTaskPar=8
[cfg] locale 1 maxTaskPar=8
[cfg] locale 2 maxTaskPar=8
[cfg] locale 3 maxTaskPar=8
[cfg] locale 4 maxTaskPar=8
[cfg] locale 5 maxTaskPar=8
[cfg] locale 6 maxTaskPar=8
[cfg] locale 7 maxTaskPar=8
[cfg] locale 8 maxTaskPar=8
[comm] 64128000 B/step across 9 locale(s)
step 1  updateFluff=0.17951 s  compute=0.17678 s  save=0.0 s
  comm[1] put=0 get=524 on=56 amo=0 | data=64128000 B/step  cum=64128000 B
step 2  updateFluff=0.197611 s  compute=0.176402 s  save=0.0 s
  comm[2] put=9 get=523 on=64 amo=0 | data=64128000 B/step  cum=128256000 B
step 3  updateFluff=0.137451 s  compute=0.178923 s  save=0.0 s
  comm[3] put=9 get=524 on=64 amo=0 | data=64128000 B/step  cum=192384000 B
step 4  updateFluff=0.165346 s  compute=0.176289 s  save=0.0 s
  comm[4] put=9 get=523 on=64 amo=0 | data=64128000 B/step  cum=256512000 B
step 5  updateFluff=0.152014 s  compute=0.176374 s  save=0.0 s
  comm[5] put=9 get=524 on=64 amo=0 | data=64128000 B/step  cum=320640000 B
step 6  updateFluff=0.161351 s  compute=0.177084 s  save=1e-06 s
  comm[6] put=9 get=523 on=64 amo=0 | data=64128000 B/step  cum=384768000 B
step 7  updateFluff=0.140368 s  compute=0.176316 s  save=0.0 s
  comm[7] put=9 get=524 on=64 amo=0 | data=64128000 B/step  cum=448896000 B
step 8  updateFluff=0.149354 s  compute=0.177182 s  save=0.0 s
  comm[8] put=9 get=523 on=64 amo=0 | data=64128000 B/step  cum=513024000 B
step 9  updateFluff=0.147625 s  compute=0.177156 s  save=1e-06 s
  comm[9] put=9 get=524 on=64 amo=0 | data=64128000 B/step  cum=577152000 B
step 10  updateFluff=0.169788 s  compute=0.176054 s  save=0.0 s
  comm[10] put=9 get=523 on=64 amo=0 | data=64128000 B/step  cum=641280000 B
step 11  updateFluff=0.159676 s  compute=0.180985 s  save=0.0 s
  comm[11] put=9 get=524 on=64 amo=0 | data=64128000 B/step  cum=705408000 B
step 12  updateFluff=0.155288 s  compute=0.17616 s  save=0.0 s
  comm[12] put=9 get=523 on=64 amo=0 | data=64128000 B/step  cum=769536000 B
step 13  updateFluff=0.165221 s  compute=0.176126 s  save=1e-06 s
  comm[13] put=9 get=524 on=64 amo=0 | data=64128000 B/step  cum=833664000 B
step 14  updateFluff=0.145462 s  compute=0.176572 s  save=0.0 s
  comm[14] put=9 get=523 on=64 amo=0 | data=64128000 B/step  cum=897792000 B
step 15  updateFluff=0.151591 s  compute=0.176085 s  save=0.0 s
  comm[15] put=9 get=524 on=64 amo=0 | data=64128000 B/step  cum=961920000 B
step 16  updateFluff=0.169669 s  compute=0.176105 s  save=0.0 s
  comm[16] put=9 get=523 on=64 amo=0 | data=64128000 B/step  cum=1026048000 B
step 17  updateFluff=0.134218 s  compute=0.176716 s  save=0.0 s
  comm[17] put=9 get=524 on=64 amo=0 | data=64128000 B/step  cum=1090176000 B
step 18  updateFluff=0.169136 s  compute=0.176005 s  save=1e-06 s
  comm[18] put=9 get=523 on=64 amo=0 | data=64128000 B/step  cum=1154304000 B
step 19  updateFluff=0.14771 s  compute=0.177033 s  save=0.0 s
  comm[19] put=9 get=524 on=64 amo=0 | data=64128000 B/step  cum=1218432000 B
step 20  updateFluff=0.134144 s  compute=0.176033 s  save=0.0 s
  comm[20] put=9 get=523 on=64 amo=0 | data=64128000 B/step  cum=1282560000 B
step 21  updateFluff=0.152985 s  compute=0.176387 s  save=0.0 s
  comm[21] put=9 get=524 on=64 amo=0 | data=64128000 B/step  cum=1346688000 B
step 22  updateFluff=0.153618 s  compute=0.176488 s  save=1e-06 s
  comm[22] put=9 get=523 on=64 amo=0 | data=64128000 B/step  cum=1410816000 B
step 23  updateFluff=0.163438 s  compute=0.17643 s  save=0.0 s
  comm[23] put=9 get=524 on=64 amo=0 | data=64128000 B/step  cum=1474944000 B
step 24  updateFluff=0.159778 s  compute=0.17637 s  save=1e-06 s
  comm[24] put=9 get=523 on=64 amo=0 | data=64128000 B/step  cum=1539072000 B
step 25  updateFluff=0.164968 s  compute=0.176235 s  save=0.0 s
  comm[25] put=9 get=524 on=64 amo=0 | data=64128000 B/step  cum=1603200000 B
step 26  updateFluff=0.157919 s  compute=0.176084 s  save=0.0 s
  comm[26] put=9 get=523 on=64 amo=0 | data=64128000 B/step  cum=1667328000 B
step 27  updateFluff=0.15392 s  compute=0.175918 s  save=0.0 s
  comm[27] put=9 get=524 on=64 amo=0 | data=64128000 B/step  cum=1731456000 B
step 28  updateFluff=0.159091 s  compute=0.176201 s  save=1e-06 s
  comm[28] put=9 get=523 on=64 amo=0 | data=64128000 B/step  cum=1795584000 B
step 29  updateFluff=0.151599 s  compute=0.176451 s  save=0.0 s
  comm[29] put=9 get=524 on=64 amo=0 | data=64128000 B/step  cum=1859712000 B
step 30  updateFluff=0.161163 s  compute=0.175986 s  save=0.0 s
  comm[30] put=9 get=523 on=64 amo=0 | data=64128000 B/step  cum=1923840000 B
step 31  updateFluff=0.166267 s  compute=0.17594 s  save=0.0 s
  comm[31] put=9 get=524 on=64 amo=0 | data=64128000 B/step  cum=1987968000 B
step 32  updateFluff=0.17881 s  compute=0.176314 s  save=0.0 s
  comm[32] put=9 get=523 on=64 amo=0 | data=64128000 B/step  cum=2052096000 B
step 33  updateFluff=0.148647 s  compute=0.180402 s  save=0.0 s
  comm[33] put=9 get=524 on=64 amo=0 | data=64128000 B/step  cum=2116224000 B
step 34  updateFluff=0.154881 s  compute=0.175678 s  save=0.0 s
  comm[34] put=9 get=523 on=64 amo=0 | data=64128000 B/step  cum=2180352000 B
step 35  updateFluff=0.175587 s  compute=0.181476 s  save=1e-06 s
  comm[35] put=9 get=524 on=64 amo=0 | data=64128000 B/step  cum=2244480000 B
step 36  updateFluff=0.149452 s  compute=0.17599 s  save=0.0 s
  comm[36] put=9 get=523 on=64 amo=0 | data=64128000 B/step  cum=2308608000 B
step 37  updateFluff=0.153291 s  compute=0.181779 s  save=2e-06 s
  comm[37] put=9 get=524 on=64 amo=0 | data=64128000 B/step  cum=2372736000 B
step 38  updateFluff=0.154901 s  compute=0.17598 s  save=0.0 s
  comm[38] put=9 get=523 on=64 amo=0 | data=64128000 B/step  cum=2436864000 B
step 39  updateFluff=0.174789 s  compute=0.176626 s  save=1e-06 s
  comm[39] put=9 get=524 on=64 amo=0 | data=64128000 B/step  cum=2500992000 B
step 40  updateFluff=0.151327 s  compute=0.176197 s  save=0.0 s
  comm[40] put=9 get=523 on=64 amo=0 | data=64128000 B/step  cum=2565120000 B
step 41  updateFluff=0.151125 s  compute=0.176545 s  save=0.0 s
  comm[41] put=9 get=524 on=64 amo=0 | data=64128000 B/step  cum=2629248000 B
step 42  updateFluff=0.187724 s  compute=0.175929 s  save=0.0 s
  comm[42] put=9 get=523 on=64 amo=0 | data=64128000 B/step  cum=2693376000 B
step 43  updateFluff=0.149802 s  compute=0.176896 s  save=0.0 s
  comm[43] put=9 get=524 on=64 amo=0 | data=64128000 B/step  cum=2757504000 B
step 44  updateFluff=0.140416 s  compute=0.176208 s  save=0.0 s
  comm[44] put=9 get=523 on=64 amo=0 | data=64128000 B/step  cum=2821632000 B
step 45  updateFluff=0.153869 s  compute=0.175922 s  save=0.0 s
  comm[45] put=9 get=524 on=64 amo=0 | data=64128000 B/step  cum=2885760000 B
step 46  updateFluff=0.171404 s  compute=0.175998 s  save=0.0 s
  comm[46] put=9 get=523 on=64 amo=0 | data=64128000 B/step  cum=2949888000 B
step 47  updateFluff=0.15358 s  compute=0.176995 s  save=0.0 s
  comm[47] put=9 get=524 on=64 amo=0 | data=64128000 B/step  cum=3014016000 B
step 48  updateFluff=0.153677 s  compute=0.177997 s  save=0.0 s
  comm[48] put=9 get=523 on=64 amo=0 | data=64128000 B/step  cum=3078144000 B
step 49  updateFluff=0.150791 s  compute=0.178347 s  save=1e-06 s
  comm[49] put=9 get=524 on=64 amo=0 | data=64128000 B/step  cum=3142272000 B
step 50  updateFluff=0.155915 s  compute=0.181098 s  save=0.0 s
  comm[50] put=9 get=523 on=64 amo=0 | data=64128000 B/step  cum=3206400000 B
step 51  updateFluff=0.169821 s  compute=0.176735 s  save=1e-06 s
  comm[51] put=9 get=524 on=64 amo=0 | data=64128000 B/step  cum=3270528000 B
step 52  updateFluff=0.141552 s  compute=0.181553 s  save=0.0 s
  comm[52] put=9 get=523 on=64 amo=0 | data=64128000 B/step  cum=3334656000 B
step 53  updateFluff=0.151132 s  compute=0.180152 s  save=0.0 s
  comm[53] put=9 get=524 on=64 amo=0 | data=64128000 B/step  cum=3398784000 B
step 54  updateFluff=0.145397 s  compute=0.176616 s  save=0.0 s
  comm[54] put=9 get=523 on=64 amo=0 | data=64128000 B/step  cum=3462912000 B
step 55  updateFluff=0.173319 s  compute=0.181537 s  save=1e-06 s
  comm[55] put=9 get=524 on=64 amo=0 | data=64128000 B/step  cum=3527040000 B
step 56  updateFluff=0.296652 s  compute=0.181671 s  save=0.0 s
  comm[56] put=9 get=523 on=64 amo=0 | data=64128000 B/step  cum=3591168000 B
step 57  updateFluff=0.153479 s  compute=0.181293 s  save=0.0 s
  comm[57] put=9 get=524 on=64 amo=0 | data=64128000 B/step  cum=3655296000 B
step 58  updateFluff=0.14822 s  compute=0.175556 s  save=1e-06 s
  comm[58] put=9 get=523 on=64 amo=0 | data=64128000 B/step  cum=3719424000 B
step 59  updateFluff=0.172498 s  compute=0.180244 s  save=0.0 s
  comm[59] put=9 get=524 on=64 amo=0 | data=64128000 B/step  cum=3783552000 B
step 60  updateFluff=0.166333 s  compute=0.181283 s  save=1e-06 s
  comm[60] put=9 get=523 on=64 amo=0 | data=64128000 B/step  cum=3847680000 B
step 61  updateFluff=0.154672 s  compute=0.175489 s  save=0.0 s
  comm[61] put=9 get=524 on=64 amo=0 | data=64128000 B/step  cum=3911808000 B
step 62  updateFluff=0.160621 s  compute=0.17922 s  save=0.0 s
  comm[62] put=9 get=523 on=64 amo=0 | data=64128000 B/step  cum=3975936000 B
step 63  updateFluff=0.161189 s  compute=0.176632 s  save=0.0 s
  comm[63] put=9 get=524 on=64 amo=0 | data=64128000 B/step  cum=4040064000 B
step 64  updateFluff=0.16077 s  compute=0.180042 s  save=1e-06 s
  comm[64] put=9 get=523 on=64 amo=0 | data=64128000 B/step  cum=4104192000 B
step 65  updateFluff=0.187515 s  compute=0.181212 s  save=0.0 s
  comm[65] put=9 get=524 on=64 amo=0 | data=64128000 B/step  cum=4168320000 B
step 66  updateFluff=0.165033 s  compute=0.177132 s  save=0.0 s
  comm[66] put=9 get=523 on=64 amo=0 | data=64128000 B/step  cum=4232448000 B
step 67  updateFluff=0.149795 s  compute=0.180632 s  save=0.0 s
  comm[67] put=9 get=524 on=64 amo=0 | data=64128000 B/step  cum=4296576000 B
step 68  updateFluff=0.154986 s  compute=0.177253 s  save=0.0 s
  comm[68] put=9 get=523 on=64 amo=0 | data=64128000 B/step  cum=4360704000 B
step 69  updateFluff=0.147171 s  compute=0.176222 s  save=0.0 s
  comm[69] put=9 get=524 on=64 amo=0 | data=64128000 B/step  cum=4424832000 B
step 70  updateFluff=0.167178 s  compute=0.176188 s  save=0.0 s
  comm[70] put=9 get=523 on=64 amo=0 | data=64128000 B/step  cum=4488960000 B
step 71  updateFluff=0.160807 s  compute=0.176681 s  save=0.0 s
  comm[71] put=9 get=524 on=64 amo=0 | data=64128000 B/step  cum=4553088000 B
step 72  updateFluff=0.172371 s  compute=0.175847 s  save=1e-06 s
  comm[72] put=9 get=523 on=64 amo=0 | data=64128000 B/step  cum=4617216000 B
step 73  updateFluff=0.160248 s  compute=0.180409 s  save=0.0 s
  comm[73] put=9 get=524 on=64 amo=0 | data=64128000 B/step  cum=4681344000 B
step 74  updateFluff=0.171488 s  compute=0.175996 s  save=0.0 s
  comm[74] put=9 get=523 on=64 amo=0 | data=64128000 B/step  cum=4745472000 B
step 75  updateFluff=0.174889 s  compute=0.176201 s  save=0.0 s
  comm[75] put=9 get=524 on=64 amo=0 | data=64128000 B/step  cum=4809600000 B
step 76  updateFluff=0.163087 s  compute=0.176019 s  save=0.0 s
  comm[76] put=9 get=523 on=64 amo=0 | data=64128000 B/step  cum=4873728000 B
step 77  updateFluff=0.153804 s  compute=0.176283 s  save=0.0 s
  comm[77] put=9 get=524 on=64 amo=0 | data=64128000 B/step  cum=4937856000 B
step 78  updateFluff=0.147215 s  compute=0.176911 s  save=0.0 s
  comm[78] put=9 get=523 on=64 amo=0 | data=64128000 B/step  cum=5001984000 B
step 79  updateFluff=0.173116 s  compute=0.176072 s  save=0.0 s
  comm[79] put=9 get=524 on=64 amo=0 | data=64128000 B/step  cum=5066112000 B
step 80  updateFluff=0.151623 s  compute=0.176211 s  save=1e-06 s
  comm[80] put=9 get=523 on=64 amo=0 | data=64128000 B/step  cum=5130240000 B
step 81  updateFluff=0.178957 s  compute=0.177282 s  save=0.0 s
  comm[81] put=9 get=524 on=64 amo=0 | data=64128000 B/step  cum=5194368000 B
step 82  updateFluff=0.159396 s  compute=0.17604 s  save=1e-06 s
  comm[82] put=9 get=523 on=64 amo=0 | data=64128000 B/step  cum=5258496000 B
step 83  updateFluff=0.149475 s  compute=0.176295 s  save=0.0 s
  comm[83] put=9 get=524 on=64 amo=0 | data=64128000 B/step  cum=5322624000 B
step 84  updateFluff=0.182615 s  compute=0.179761 s  save=0.0 s
  comm[84] put=9 get=523 on=64 amo=0 | data=64128000 B/step  cum=5386752000 B
step 85  updateFluff=0.163523 s  compute=0.181701 s  save=0.0 s
  comm[85] put=9 get=524 on=64 amo=0 | data=64128000 B/step  cum=5450880000 B
step 86  updateFluff=0.150673 s  compute=0.176358 s  save=0.0 s
  comm[86] put=9 get=523 on=64 amo=0 | data=64128000 B/step  cum=5515008000 B
step 87  updateFluff=0.172019 s  compute=0.178832 s  save=0.0 s
  comm[87] put=9 get=524 on=64 amo=0 | data=64128000 B/step  cum=5579136000 B
step 88  updateFluff=0.127927 s  compute=0.181347 s  save=1e-06 s
  comm[88] put=9 get=523 on=64 amo=0 | data=64128000 B/step  cum=5643264000 B
step 89  updateFluff=0.149944 s  compute=0.181014 s  save=0.0 s
  comm[89] put=9 get=524 on=64 amo=0 | data=64128000 B/step  cum=5707392000 B
step 90  updateFluff=0.174182 s  compute=0.18136 s  save=0.0 s
  comm[90] put=9 get=523 on=64 amo=0 | data=64128000 B/step  cum=5771520000 B
step 91  updateFluff=0.148771 s  compute=0.179585 s  save=0.0 s
  comm[91] put=9 get=524 on=64 amo=0 | data=64128000 B/step  cum=5835648000 B
step 92  updateFluff=0.163105 s  compute=0.176367 s  save=0.0 s
  comm[92] put=9 get=523 on=64 amo=0 | data=64128000 B/step  cum=5899776000 B
step 93  updateFluff=0.171492 s  compute=0.175935 s  save=0.0 s
  comm[93] put=9 get=524 on=64 amo=0 | data=64128000 B/step  cum=5963904000 B
step 94  updateFluff=0.158995 s  compute=0.176309 s  save=1e-06 s
  comm[94] put=9 get=523 on=64 amo=0 | data=64128000 B/step  cum=6028032000 B
step 95  updateFluff=0.162904 s  compute=0.181558 s  save=0.0 s
  comm[95] put=9 get=524 on=64 amo=0 | data=64128000 B/step  cum=6092160000 B
step 96  updateFluff=0.156792 s  compute=0.181039 s  save=0.0 s
  comm[96] put=9 get=523 on=64 amo=0 | data=64128000 B/step  cum=6156288000 B
step 97  updateFluff=0.148955 s  compute=0.177041 s  save=0.0 s
  comm[97] put=9 get=524 on=64 amo=0 | data=64128000 B/step  cum=6220416000 B
step 98  updateFluff=0.156016 s  compute=0.176061 s  save=0.0 s
  comm[98] put=9 get=523 on=64 amo=0 | data=64128000 B/step  cum=6284544000 B
step 99  updateFluff=0.159734 s  compute=0.175823 s  save=0.0 s
  comm[99] put=9 get=524 on=64 amo=0 | data=64128000 B/step  cum=6348672000 B
step 100  updateFluff=0.150928 s  compute=0.174949 s  save=1e-06 s
  comm[100] put=9 get=523 on=64 amo=0 | data=64128000 B/step  cum=6412800000 B
[mem] after run locale 0: 2001.43 MB
[mem] after run locale 1: 1996.23 MB
[mem] after run locale 2: 1996.23 MB
[mem] after run locale 3: 1996.23 MB
[mem] after run locale 4: 1990.29 MB
[mem] after run locale 5: 1990.29 MB
[mem] after run locale 6: 1996.23 MB
[mem] after run locale 7: 1990.29 MB
[mem] after run locale 8: 1990.29 MB
final field: min=1.0 max=2.0 sum=1.00518e+09
Execution time:    34.321 s
