[cfg] threadsPerLocale(requested)=2 numLocales=9
Initialization time: 0.546066 s
[mem] after init (u+un allocated) locale 0: 2001.43 MB
[mem] after init (u+un allocated) locale 1: 1996.23 MB
[mem] after init (u+un allocated) locale 2: 1996.23 MB
[mem] after init (u+un allocated) locale 3: 1996.23 MB
[mem] after init (u+un allocated) locale 4: 1990.29 MB
[mem] after init (u+un allocated) locale 5: 1990.29 MB
[mem] after init (u+un allocated) locale 6: 1996.23 MB
[mem] after init (u+un allocated) locale 7: 1990.29 MB
[mem] after init (u+un allocated) locale 8: 1990.29 MB
[cfg] locale 0 maxTaskPar=2
[cfg] locale 1 maxTaskPar=2
[cfg] locale 2 maxTaskPar=2
[cfg] locale 3 maxTaskPar=2
[cfg] locale 4 maxTaskPar=2
[cfg] locale 5 maxTaskPar=2
[cfg] locale 6 maxTaskPar=2
[cfg] locale 7 maxTaskPar=2
[cfg] locale 8 maxTaskPar=2
[comm] 64128000 B/step across 9 locale(s)
step 1  updateFluff=0.202987 s  compute=0.17535 s  save=1e-06 s
  comm[1] put=0 get=500 on=56 amo=0 | data=64128000 B/step  cum=64128000 B
step 2  updateFluff=0.22145 s  compute=0.177132 s  save=0.0 s
  comm[2] put=9 get=500 on=64 amo=0 | data=64128000 B/step  cum=128256000 B
step 3  updateFluff=0.219474 s  compute=0.175349 s  save=0.0 s
  comm[3] put=9 get=500 on=64 amo=0 | data=64128000 B/step  cum=192384000 B
step 4  updateFluff=0.204608 s  compute=0.176914 s  save=0.0 s
  comm[4] put=9 get=500 on=64 amo=0 | data=64128000 B/step  cum=256512000 B
step 5  updateFluff=0.212827 s  compute=0.175307 s  save=0.0 s
  comm[5] put=9 get=500 on=64 amo=0 | data=64128000 B/step  cum=320640000 B
step 6  updateFluff=0.195358 s  compute=0.176717 s  save=0.0 s
  comm[6] put=9 get=500 on=64 amo=0 | data=64128000 B/step  cum=384768000 B
step 7  updateFluff=0.212898 s  compute=0.175292 s  save=0.0 s
  comm[7] put=9 get=500 on=64 amo=0 | data=64128000 B/step  cum=448896000 B
step 8  updateFluff=0.206567 s  compute=0.176768 s  save=0.0 s
  comm[8] put=9 get=500 on=64 amo=0 | data=64128000 B/step  cum=513024000 B
step 9  updateFluff=0.196193 s  compute=0.175358 s  save=0.0 s
  comm[9] put=9 get=500 on=64 amo=0 | data=64128000 B/step  cum=577152000 B
step 10  updateFluff=0.210269 s  compute=0.176444 s  save=0.0 s
  comm[10] put=9 get=500 on=64 amo=0 | data=64128000 B/step  cum=641280000 B
step 11  updateFluff=0.210101 s  compute=0.176367 s  save=0.0 s
  comm[11] put=9 get=500 on=64 amo=0 | data=64128000 B/step  cum=705408000 B
step 12  updateFluff=0.210746 s  compute=0.177017 s  save=0.0 s
  comm[12] put=9 get=500 on=64 amo=0 | data=64128000 B/step  cum=769536000 B
step 13  updateFluff=0.194462 s  compute=0.175342 s  save=0.0 s
  comm[13] put=9 get=500 on=64 amo=0 | data=64128000 B/step  cum=833664000 B
step 14  updateFluff=0.209193 s  compute=0.176626 s  save=0.0 s
  comm[14] put=9 get=500 on=64 amo=0 | data=64128000 B/step  cum=897792000 B
step 15  updateFluff=0.219912 s  compute=0.174927 s  save=0.0 s
  comm[15] put=9 get=500 on=64 amo=0 | data=64128000 B/step  cum=961920000 B
step 16  updateFluff=0.190961 s  compute=0.176883 s  save=1e-06 s
  comm[16] put=9 get=500 on=64 amo=0 | data=64128000 B/step  cum=1026048000 B
step 17  updateFluff=0.186265 s  compute=0.175181 s  save=1e-06 s
  comm[17] put=9 get=500 on=64 amo=0 | data=64128000 B/step  cum=1090176000 B
step 18  updateFluff=0.18703 s  compute=0.176549 s  save=0.0 s
  comm[18] put=9 get=500 on=64 amo=0 | data=64128000 B/step  cum=1154304000 B
step 19  updateFluff=0.19158 s  compute=0.175063 s  save=0.0 s
  comm[19] put=9 get=500 on=64 amo=0 | data=64128000 B/step  cum=1218432000 B
step 20  updateFluff=0.19172 s  compute=0.176802 s  save=0.0 s
  comm[20] put=9 get=500 on=64 amo=0 | data=64128000 B/step  cum=1282560000 B
step 21  updateFluff=0.185003 s  compute=0.175012 s  save=0.0 s
  comm[21] put=9 get=500 on=64 amo=0 | data=64128000 B/step  cum=1346688000 B
step 22  updateFluff=0.208571 s  compute=0.176671 s  save=0.0 s
  comm[22] put=9 get=500 on=64 amo=0 | data=64128000 B/step  cum=1410816000 B
step 23  updateFluff=0.210819 s  compute=0.175249 s  save=0.0 s
  comm[23] put=9 get=500 on=64 amo=0 | data=64128000 B/step  cum=1474944000 B
step 24  updateFluff=0.207509 s  compute=0.177212 s  save=1e-06 s
  comm[24] put=9 get=500 on=64 amo=0 | data=64128000 B/step  cum=1539072000 B
step 25  updateFluff=0.207419 s  compute=0.175443 s  save=0.0 s
  comm[25] put=9 get=500 on=64 amo=0 | data=64128000 B/step  cum=1603200000 B
step 26  updateFluff=0.202349 s  compute=0.177107 s  save=0.0 s
  comm[26] put=9 get=500 on=64 amo=0 | data=64128000 B/step  cum=1667328000 B
step 27  updateFluff=0.187334 s  compute=0.175111 s  save=0.0 s
  comm[27] put=9 get=500 on=64 amo=0 | data=64128000 B/step  cum=1731456000 B
step 28  updateFluff=0.180499 s  compute=0.176883 s  save=1e-06 s
  comm[28] put=9 get=500 on=64 amo=0 | data=64128000 B/step  cum=1795584000 B
step 29  updateFluff=0.196118 s  compute=0.175409 s  save=0.0 s
  comm[29] put=9 get=500 on=64 amo=0 | data=64128000 B/step  cum=1859712000 B
step 30  updateFluff=0.187911 s  compute=0.176847 s  save=0.0 s
  comm[30] put=9 get=500 on=64 amo=0 | data=64128000 B/step  cum=1923840000 B
step 31  updateFluff=0.208807 s  compute=0.175117 s  save=1e-06 s
  comm[31] put=9 get=500 on=64 amo=0 | data=64128000 B/step  cum=1987968000 B
step 32  updateFluff=0.209711 s  compute=0.177657 s  save=0.0 s
  comm[32] put=9 get=500 on=64 amo=0 | data=64128000 B/step  cum=2052096000 B
step 33  updateFluff=0.209578 s  compute=0.175205 s  save=0.0 s
  comm[33] put=9 get=500 on=64 amo=0 | data=64128000 B/step  cum=2116224000 B
step 34  updateFluff=0.212489 s  compute=0.176822 s  save=0.0 s
  comm[34] put=9 get=500 on=64 amo=0 | data=64128000 B/step  cum=2180352000 B
step 35  updateFluff=0.211682 s  compute=0.175237 s  save=0.0 s
  comm[35] put=9 get=500 on=64 amo=0 | data=64128000 B/step  cum=2244480000 B
step 36  updateFluff=0.204973 s  compute=0.176388 s  save=0.0 s
  comm[36] put=9 get=500 on=64 amo=0 | data=64128000 B/step  cum=2308608000 B
step 37  updateFluff=0.210515 s  compute=0.175818 s  save=0.0 s
  comm[37] put=9 get=500 on=64 amo=0 | data=64128000 B/step  cum=2372736000 B
step 38  updateFluff=0.217971 s  compute=0.177034 s  save=0.0 s
  comm[38] put=9 get=500 on=64 amo=0 | data=64128000 B/step  cum=2436864000 B
step 39  updateFluff=0.204345 s  compute=0.175522 s  save=1e-06 s
  comm[39] put=9 get=500 on=64 amo=0 | data=64128000 B/step  cum=2500992000 B
step 40  updateFluff=0.207413 s  compute=0.177085 s  save=0.0 s
  comm[40] put=9 get=500 on=64 amo=0 | data=64128000 B/step  cum=2565120000 B
step 41  updateFluff=0.206453 s  compute=0.175543 s  save=0.0 s
  comm[41] put=9 get=500 on=64 amo=0 | data=64128000 B/step  cum=2629248000 B
step 42  updateFluff=0.206806 s  compute=0.177257 s  save=0.0 s
  comm[42] put=9 get=500 on=64 amo=0 | data=64128000 B/step  cum=2693376000 B
step 43  updateFluff=0.22143 s  compute=0.175272 s  save=0.0 s
  comm[43] put=9 get=500 on=64 amo=0 | data=64128000 B/step  cum=2757504000 B
step 44  updateFluff=0.185402 s  compute=0.17693 s  save=0.0 s
  comm[44] put=9 get=500 on=64 amo=0 | data=64128000 B/step  cum=2821632000 B
step 45  updateFluff=0.205266 s  compute=0.175154 s  save=0.0 s
  comm[45] put=9 get=500 on=64 amo=0 | data=64128000 B/step  cum=2885760000 B
step 46  updateFluff=0.209517 s  compute=0.176605 s  save=0.0 s
  comm[46] put=9 get=500 on=64 amo=0 | data=64128000 B/step  cum=2949888000 B
step 47  updateFluff=0.212444 s  compute=0.175022 s  save=0.0 s
  comm[47] put=9 get=500 on=64 amo=0 | data=64128000 B/step  cum=3014016000 B
step 48  updateFluff=0.207633 s  compute=0.176723 s  save=1e-06 s
  comm[48] put=9 get=500 on=64 amo=0 | data=64128000 B/step  cum=3078144000 B
step 49  updateFluff=0.194919 s  compute=0.175104 s  save=0.0 s
  comm[49] put=9 get=500 on=64 amo=0 | data=64128000 B/step  cum=3142272000 B
step 50  updateFluff=0.205444 s  compute=0.17719 s  save=0.0 s
  comm[50] put=9 get=500 on=64 amo=0 | data=64128000 B/step  cum=3206400000 B
step 51  updateFluff=0.211759 s  compute=0.175517 s  save=0.0 s
  comm[51] put=9 get=500 on=64 amo=0 | data=64128000 B/step  cum=3270528000 B
step 52  updateFluff=0.18584 s  compute=0.177133 s  save=0.0 s
  comm[52] put=9 get=500 on=64 amo=0 | data=64128000 B/step  cum=3334656000 B
step 53  updateFluff=0.187025 s  compute=0.175156 s  save=0.0 s
  comm[53] put=9 get=500 on=64 amo=0 | data=64128000 B/step  cum=3398784000 B
step 54  updateFluff=0.207695 s  compute=0.177077 s  save=0.0 s
  comm[54] put=9 get=500 on=64 amo=0 | data=64128000 B/step  cum=3462912000 B
step 55  updateFluff=0.211008 s  compute=0.175498 s  save=0.0 s
  comm[55] put=9 get=500 on=64 amo=0 | data=64128000 B/step  cum=3527040000 B
step 56  updateFluff=0.185058 s  compute=0.17669 s  save=1e-06 s
  comm[56] put=9 get=500 on=64 amo=0 | data=64128000 B/step  cum=3591168000 B
step 57  updateFluff=0.205169 s  compute=0.1754 s  save=0.0 s
  comm[57] put=9 get=500 on=64 amo=0 | data=64128000 B/step  cum=3655296000 B
step 58  updateFluff=0.203759 s  compute=0.176835 s  save=0.0 s
  comm[58] put=9 get=500 on=64 amo=0 | data=64128000 B/step  cum=3719424000 B
step 59  updateFluff=0.20051 s  compute=0.175568 s  save=0.0 s
  comm[59] put=9 get=500 on=64 amo=0 | data=64128000 B/step  cum=3783552000 B
step 60  updateFluff=0.174965 s  compute=0.176729 s  save=0.0 s
  comm[60] put=9 get=500 on=64 amo=0 | data=64128000 B/step  cum=3847680000 B
step 61  updateFluff=0.210403 s  compute=0.175209 s  save=0.0 s
  comm[61] put=9 get=500 on=64 amo=0 | data=64128000 B/step  cum=3911808000 B
step 62  updateFluff=0.207602 s  compute=0.17694 s  save=0.0 s
  comm[62] put=9 get=500 on=64 amo=0 | data=64128000 B/step  cum=3975936000 B
step 63  updateFluff=0.194667 s  compute=0.17561 s  save=0.0 s
  comm[63] put=9 get=500 on=64 amo=0 | data=64128000 B/step  cum=4040064000 B
step 64  updateFluff=0.206563 s  compute=0.176572 s  save=0.0 s
  comm[64] put=9 get=500 on=64 amo=0 | data=64128000 B/step  cum=4104192000 B
step 65  updateFluff=0.217012 s  compute=0.175326 s  save=0.0 s
  comm[65] put=9 get=500 on=64 amo=0 | data=64128000 B/step  cum=4168320000 B
step 66  updateFluff=0.175712 s  compute=0.176765 s  save=0.0 s
  comm[66] put=9 get=500 on=64 amo=0 | data=64128000 B/step  cum=4232448000 B
step 67  updateFluff=0.209574 s  compute=0.175198 s  save=0.0 s
  comm[67] put=9 get=500 on=64 amo=0 | data=64128000 B/step  cum=4296576000 B
step 68  updateFluff=0.184331 s  compute=0.176489 s  save=0.0 s
  comm[68] put=9 get=500 on=64 amo=0 | data=64128000 B/step  cum=4360704000 B
step 69  updateFluff=0.207078 s  compute=0.175549 s  save=0.0 s
  comm[69] put=9 get=500 on=64 amo=0 | data=64128000 B/step  cum=4424832000 B
step 70  updateFluff=0.208434 s  compute=0.176785 s  save=0.0 s
  comm[70] put=9 get=500 on=64 amo=0 | data=64128000 B/step  cum=4488960000 B
step 71  updateFluff=0.207712 s  compute=0.17579 s  save=0.0 s
  comm[71] put=9 get=500 on=64 amo=0 | data=64128000 B/step  cum=4553088000 B
step 72  updateFluff=0.197027 s  compute=0.17711 s  save=0.0 s
  comm[72] put=9 get=500 on=64 amo=0 | data=64128000 B/step  cum=4617216000 B
step 73  updateFluff=0.20988 s  compute=0.175065 s  save=0.0 s
  comm[73] put=9 get=500 on=64 amo=0 | data=64128000 B/step  cum=4681344000 B
step 74  updateFluff=0.205427 s  compute=0.176867 s  save=0.0 s
  comm[74] put=9 get=500 on=64 amo=0 | data=64128000 B/step  cum=4745472000 B
step 75  updateFluff=0.200514 s  compute=0.175714 s  save=0.0 s
  comm[75] put=9 get=500 on=64 amo=0 | data=64128000 B/step  cum=4809600000 B
step 76  updateFluff=0.19678 s  compute=0.176801 s  save=0.0 s
  comm[76] put=9 get=500 on=64 amo=0 | data=64128000 B/step  cum=4873728000 B
step 77  updateFluff=0.20719 s  compute=0.175496 s  save=0.0 s
  comm[77] put=9 get=500 on=64 amo=0 | data=64128000 B/step  cum=4937856000 B
step 78  updateFluff=0.207721 s  compute=0.176836 s  save=0.0 s
  comm[78] put=9 get=500 on=64 amo=0 | data=64128000 B/step  cum=5001984000 B
step 79  updateFluff=0.223609 s  compute=0.175202 s  save=0.0 s
  comm[79] put=9 get=500 on=64 amo=0 | data=64128000 B/step  cum=5066112000 B
step 80  updateFluff=0.217872 s  compute=0.177017 s  save=0.0 s
  comm[80] put=9 get=500 on=64 amo=0 | data=64128000 B/step  cum=5130240000 B
step 81  updateFluff=0.211266 s  compute=0.175421 s  save=0.0 s
  comm[81] put=9 get=500 on=64 amo=0 | data=64128000 B/step  cum=5194368000 B
step 82  updateFluff=0.176167 s  compute=0.176851 s  save=0.0 s
  comm[82] put=9 get=500 on=64 amo=0 | data=64128000 B/step  cum=5258496000 B
step 83  updateFluff=0.203989 s  compute=0.17498 s  save=0.0 s
  comm[83] put=9 get=500 on=64 amo=0 | data=64128000 B/step  cum=5322624000 B
step 84  updateFluff=0.206812 s  compute=0.177104 s  save=0.0 s
  comm[84] put=9 get=500 on=64 amo=0 | data=64128000 B/step  cum=5386752000 B
step 85  updateFluff=0.196027 s  compute=0.175654 s  save=0.0 s
  comm[85] put=9 get=500 on=64 amo=0 | data=64128000 B/step  cum=5450880000 B
step 86  updateFluff=0.20847 s  compute=0.17701 s  save=0.0 s
  comm[86] put=9 get=500 on=64 amo=0 | data=64128000 B/step  cum=5515008000 B
step 87  updateFluff=0.207786 s  compute=0.175275 s  save=0.0 s
  comm[87] put=9 get=500 on=64 amo=0 | data=64128000 B/step  cum=5579136000 B
step 88  updateFluff=0.207419 s  compute=0.17676 s  save=0.0 s
  comm[88] put=9 get=500 on=64 amo=0 | data=64128000 B/step  cum=5643264000 B
step 89  updateFluff=0.189699 s  compute=0.17553 s  save=0.0 s
  comm[89] put=9 get=500 on=64 amo=0 | data=64128000 B/step  cum=5707392000 B
step 90  updateFluff=0.211816 s  compute=0.17647 s  save=0.0 s
  comm[90] put=9 get=500 on=64 amo=0 | data=64128000 B/step  cum=5771520000 B
step 91  updateFluff=0.180302 s  compute=0.174956 s  save=1e-06 s
  comm[91] put=9 get=500 on=64 amo=0 | data=64128000 B/step  cum=5835648000 B
step 92  updateFluff=0.207062 s  compute=0.176754 s  save=0.0 s
  comm[92] put=9 get=500 on=64 amo=0 | data=64128000 B/step  cum=5899776000 B
step 93  updateFluff=0.181414 s  compute=0.175885 s  save=1e-06 s
  comm[93] put=9 get=500 on=64 amo=0 | data=64128000 B/step  cum=5963904000 B
step 94  updateFluff=0.177753 s  compute=0.176857 s  save=0.0 s
  comm[94] put=9 get=500 on=64 amo=0 | data=64128000 B/step  cum=6028032000 B
step 95  updateFluff=0.20514 s  compute=0.175439 s  save=1e-06 s
  comm[95] put=9 get=500 on=64 amo=0 | data=64128000 B/step  cum=6092160000 B
step 96  updateFluff=0.183992 s  compute=0.176991 s  save=1e-06 s
  comm[96] put=9 get=500 on=64 amo=0 | data=64128000 B/step  cum=6156288000 B
step 97  updateFluff=0.206523 s  compute=0.175455 s  save=0.0 s
  comm[97] put=9 get=500 on=64 amo=0 | data=64128000 B/step  cum=6220416000 B
step 98  updateFluff=0.206787 s  compute=0.176554 s  save=0.0 s
  comm[98] put=9 get=500 on=64 amo=0 | data=64128000 B/step  cum=6284544000 B
step 99  updateFluff=0.190606 s  compute=0.175396 s  save=0.0 s
  comm[99] put=9 get=500 on=64 amo=0 | data=64128000 B/step  cum=6348672000 B
step 100  updateFluff=0.210848 s  compute=0.176805 s  save=1e-06 s
  comm[100] put=9 get=500 on=64 amo=0 | data=64128000 B/step  cum=6412800000 B
[mem] after run locale 0: 2001.43 MB
[mem] after run locale 1: 1996.23 MB
[mem] after run locale 2: 1996.23 MB
[mem] after run locale 3: 1996.23 MB
[mem] after run locale 4: 1990.29 MB
[mem] after run locale 5: 1990.29 MB
[mem] after run locale 6: 1996.23 MB
[mem] after run locale 7: 1990.29 MB
[mem] after run locale 8: 1990.29 MB
final field: min=1.0 max=2.0 sum=1.00518e+09
Execution time:    38.3676 s
