[cfg] threadsPerLocale(requested)=4 numLocales=9
Initialization time: 0.425586 s
[mem] after init (u+un allocated) locale 0: 2001.43 MB
[mem] after init (u+un allocated) locale 1: 1996.23 MB
[mem] after init (u+un allocated) locale 2: 1996.23 MB
[mem] after init (u+un allocated) locale 3: 1996.23 MB
[mem] after init (u+un allocated) locale 4: 1990.29 MB
[mem] after init (u+un allocated) locale 5: 1990.29 MB
[mem] after init (u+un allocated) locale 6: 1996.23 MB
[mem] after init (u+un allocated) locale 7: 1990.29 MB
[mem] after init (u+un allocated) locale 8: 1990.29 MB
[cfg] locale 0 maxTaskPar=4
[cfg] locale 1 maxTaskPar=4
[cfg] locale 2 maxTaskPar=4
[cfg] locale 3 maxTaskPar=4
[cfg] locale 4 maxTaskPar=4
[cfg] locale 5 maxTaskPar=4
[cfg] locale 6 maxTaskPar=4
[cfg] locale 7 maxTaskPar=4
[cfg] locale 8 maxTaskPar=4
[comm] 64128000 B/step across 9 locale(s)
step 1  updateFluff=0.166746 s  compute=0.156687 s  save=0.0 s
  comm[1] put=0 get=517 on=56 amo=0 | data=64128000 B/step  cum=64128000 B
step 2  updateFluff=0.145058 s  compute=0.156834 s  save=0.0 s
  comm[2] put=9 get=520 on=64 amo=0 | data=64128000 B/step  cum=128256000 B
step 3  updateFluff=0.18054 s  compute=0.156177 s  save=0.0 s
  comm[3] put=9 get=517 on=64 amo=0 | data=64128000 B/step  cum=192384000 B
step 4  updateFluff=0.145892 s  compute=0.156474 s  save=1e-06 s
  comm[4] put=9 get=520 on=64 amo=0 | data=64128000 B/step  cum=256512000 B
step 5  updateFluff=0.148234 s  compute=0.15686 s  save=0.0 s
  comm[5] put=9 get=517 on=64 amo=0 | data=64128000 B/step  cum=320640000 B
step 6  updateFluff=0.153205 s  compute=0.156324 s  save=0.0 s
  comm[6] put=9 get=520 on=64 amo=0 | data=64128000 B/step  cum=384768000 B
step 7  updateFluff=0.161369 s  compute=0.156243 s  save=0.0 s
  comm[7] put=9 get=517 on=64 amo=0 | data=64128000 B/step  cum=448896000 B
step 8  updateFluff=0.171486 s  compute=0.156632 s  save=0.0 s
  comm[8] put=9 get=520 on=64 amo=0 | data=64128000 B/step  cum=513024000 B
step 9  updateFluff=0.147458 s  compute=0.156199 s  save=1e-06 s
  comm[9] put=9 get=517 on=64 amo=0 | data=64128000 B/step  cum=577152000 B
step 10  updateFluff=0.157888 s  compute=0.156874 s  save=1e-06 s
  comm[10] put=9 get=520 on=64 amo=0 | data=64128000 B/step  cum=641280000 B
step 11  updateFluff=0.158399 s  compute=0.156513 s  save=0.0 s
  comm[11] put=9 get=517 on=64 amo=0 | data=64128000 B/step  cum=705408000 B
step 12  updateFluff=0.173784 s  compute=0.156733 s  save=0.0 s
  comm[12] put=9 get=520 on=64 amo=0 | data=64128000 B/step  cum=769536000 B
step 13  updateFluff=0.165145 s  compute=0.156857 s  save=0.0 s
  comm[13] put=9 get=517 on=64 amo=0 | data=64128000 B/step  cum=833664000 B
step 14  updateFluff=0.161668 s  compute=0.157154 s  save=0.0 s
  comm[14] put=9 get=520 on=64 amo=0 | data=64128000 B/step  cum=897792000 B
step 15  updateFluff=0.176551 s  compute=0.156799 s  save=0.0 s
  comm[15] put=9 get=517 on=64 amo=0 | data=64128000 B/step  cum=961920000 B
step 16  updateFluff=0.154089 s  compute=0.15652 s  save=0.0 s
  comm[16] put=9 get=520 on=64 amo=0 | data=64128000 B/step  cum=1026048000 B
step 17  updateFluff=0.166482 s  compute=0.157041 s  save=0.0 s
  comm[17] put=9 get=517 on=64 amo=0 | data=64128000 B/step  cum=1090176000 B
step 18  updateFluff=0.155618 s  compute=0.156035 s  save=1e-06 s
  comm[18] put=9 get=520 on=64 amo=0 | data=64128000 B/step  cum=1154304000 B
step 19  updateFluff=0.146399 s  compute=0.156939 s  save=0.0 s
  comm[19] put=9 get=517 on=64 amo=0 | data=64128000 B/step  cum=1218432000 B
step 20  updateFluff=0.166018 s  compute=0.156743 s  save=0.0 s
  comm[20] put=9 get=520 on=64 amo=0 | data=64128000 B/step  cum=1282560000 B
step 21  updateFluff=0.177842 s  compute=0.156026 s  save=0.0 s
  comm[21] put=9 get=517 on=64 amo=0 | data=64128000 B/step  cum=1346688000 B
step 22  updateFluff=0.144936 s  compute=0.154715 s  save=1e-06 s
  comm[22] put=9 get=520 on=64 amo=0 | data=64128000 B/step  cum=1410816000 B
step 23  updateFluff=0.181971 s  compute=0.15634 s  save=2e-06 s
  comm[23] put=9 get=517 on=64 amo=0 | data=64128000 B/step  cum=1474944000 B
step 24  updateFluff=0.16409 s  compute=0.156111 s  save=0.0 s
  comm[24] put=9 get=520 on=64 amo=0 | data=64128000 B/step  cum=1539072000 B
step 25  updateFluff=0.179277 s  compute=0.157256 s  save=0.0 s
  comm[25] put=9 get=517 on=64 amo=0 | data=64128000 B/step  cum=1603200000 B
step 26  updateFluff=0.150438 s  compute=0.156495 s  save=0.0 s
  comm[26] put=9 get=520 on=64 amo=0 | data=64128000 B/step  cum=1667328000 B
step 27  updateFluff=0.154535 s  compute=0.15654 s  save=0.0 s
  comm[27] put=9 get=517 on=64 amo=0 | data=64128000 B/step  cum=1731456000 B
step 28  updateFluff=0.153518 s  compute=0.156269 s  save=0.0 s
  comm[28] put=9 get=520 on=64 amo=0 | data=64128000 B/step  cum=1795584000 B
step 29  updateFluff=0.162421 s  compute=0.156455 s  save=0.0 s
  comm[29] put=9 get=517 on=64 amo=0 | data=64128000 B/step  cum=1859712000 B
step 30  updateFluff=0.165511 s  compute=0.156557 s  save=0.0 s
  comm[30] put=9 get=520 on=64 amo=0 | data=64128000 B/step  cum=1923840000 B
step 31  updateFluff=0.170707 s  compute=0.156586 s  save=0.0 s
  comm[31] put=9 get=517 on=64 amo=0 | data=64128000 B/step  cum=1987968000 B
step 32  updateFluff=0.168127 s  compute=0.156079 s  save=0.0 s
  comm[32] put=9 get=520 on=64 amo=0 | data=64128000 B/step  cum=2052096000 B
step 33  updateFluff=0.158193 s  compute=0.156439 s  save=1e-06 s
  comm[33] put=9 get=517 on=64 amo=0 | data=64128000 B/step  cum=2116224000 B
step 34  updateFluff=0.144893 s  compute=0.156125 s  save=0.0 s
  comm[34] put=9 get=520 on=64 amo=0 | data=64128000 B/step  cum=2180352000 B
step 35  updateFluff=0.17596 s  compute=0.156532 s  save=0.0 s
  comm[35] put=9 get=517 on=64 amo=0 | data=64128000 B/step  cum=2244480000 B
step 36  updateFluff=0.163093 s  compute=0.156459 s  save=1e-06 s
  comm[36] put=9 get=520 on=64 amo=0 | data=64128000 B/step  cum=2308608000 B
step 37  updateFluff=0.172967 s  compute=0.156672 s  save=0.0 s
  comm[37] put=9 get=517 on=64 amo=0 | data=64128000 B/step  cum=2372736000 B
step 38  updateFluff=0.158412 s  compute=0.156541 s  save=0.0 s
  comm[38] put=9 get=520 on=64 amo=0 | data=64128000 B/step  cum=2436864000 B
step 39  updateFluff=0.146037 s  compute=0.156456 s  save=1e-06 s
  comm[39] put=9 get=517 on=64 amo=0 | data=64128000 B/step  cum=2500992000 B
step 40  updateFluff=0.166331 s  compute=0.156806 s  save=0.0 s
  comm[40] put=9 get=520 on=64 amo=0 | data=64128000 B/step  cum=2565120000 B
step 41  updateFluff=0.147231 s  compute=0.157128 s  save=0.0 s
  comm[41] put=9 get=517 on=64 amo=0 | data=64128000 B/step  cum=2629248000 B
step 42  updateFluff=0.164917 s  compute=0.155143 s  save=0.0 s
  comm[42] put=9 get=520 on=64 amo=0 | data=64128000 B/step  cum=2693376000 B
step 43  updateFluff=0.174467 s  compute=0.156936 s  save=0.0 s
  comm[43] put=9 get=517 on=64 amo=0 | data=64128000 B/step  cum=2757504000 B
step 44  updateFluff=0.150842 s  compute=0.155745 s  save=1e-06 s
  comm[44] put=9 get=520 on=64 amo=0 | data=64128000 B/step  cum=2821632000 B
step 45  updateFluff=0.169619 s  compute=0.156758 s  save=0.0 s
  comm[45] put=9 get=517 on=64 amo=0 | data=64128000 B/step  cum=2885760000 B
step 46  updateFluff=0.172205 s  compute=0.156514 s  save=0.0 s
  comm[46] put=9 get=520 on=64 amo=0 | data=64128000 B/step  cum=2949888000 B
step 47  updateFluff=0.166064 s  compute=0.156729 s  save=0.0 s
  comm[47] put=9 get=517 on=64 amo=0 | data=64128000 B/step  cum=3014016000 B
step 48  updateFluff=0.14963 s  compute=0.156729 s  save=1e-06 s
  comm[48] put=9 get=520 on=64 amo=0 | data=64128000 B/step  cum=3078144000 B
step 49  updateFluff=0.148637 s  compute=0.156283 s  save=0.0 s
  comm[49] put=9 get=517 on=64 amo=0 | data=64128000 B/step  cum=3142272000 B
step 50  updateFluff=0.150449 s  compute=0.156211 s  save=0.0 s
  comm[50] put=9 get=520 on=64 amo=0 | data=64128000 B/step  cum=3206400000 B
step 51  updateFluff=0.168005 s  compute=0.157073 s  save=0.0 s
  comm[51] put=9 get=517 on=64 amo=0 | data=64128000 B/step  cum=3270528000 B
step 52  updateFluff=0.160968 s  compute=0.155924 s  save=0.0 s
  comm[52] put=9 get=520 on=64 amo=0 | data=64128000 B/step  cum=3334656000 B
step 53  updateFluff=0.16619 s  compute=0.156821 s  save=1e-06 s
  comm[53] put=9 get=517 on=64 amo=0 | data=64128000 B/step  cum=3398784000 B
step 54  updateFluff=0.163866 s  compute=0.156508 s  save=0.0 s
  comm[54] put=9 get=520 on=64 amo=0 | data=64128000 B/step  cum=3462912000 B
step 55  updateFluff=0.158043 s  compute=0.156118 s  save=0.0 s
  comm[55] put=9 get=517 on=64 amo=0 | data=64128000 B/step  cum=3527040000 B
step 56  updateFluff=0.162605 s  compute=0.156584 s  save=2e-06 s
  comm[56] put=9 get=520 on=64 amo=0 | data=64128000 B/step  cum=3591168000 B
step 57  updateFluff=0.1804 s  compute=0.156763 s  save=0.0 s
  comm[57] put=9 get=517 on=64 amo=0 | data=64128000 B/step  cum=3655296000 B
step 58  updateFluff=0.17413 s  compute=0.156545 s  save=0.0 s
  comm[58] put=9 get=520 on=64 amo=0 | data=64128000 B/step  cum=3719424000 B
step 59  updateFluff=0.153434 s  compute=0.156575 s  save=2e-06 s
  comm[59] put=9 get=517 on=64 amo=0 | data=64128000 B/step  cum=3783552000 B
step 60  updateFluff=0.159183 s  compute=0.156503 s  save=0.0 s
  comm[60] put=9 get=520 on=64 amo=0 | data=64128000 B/step  cum=3847680000 B
step 61  updateFluff=0.151932 s  compute=0.155675 s  save=0.0 s
  comm[61] put=9 get=517 on=64 amo=0 | data=64128000 B/step  cum=3911808000 B
step 62  updateFluff=0.190493 s  compute=0.156223 s  save=0.0 s
  comm[62] put=9 get=520 on=64 amo=0 | data=64128000 B/step  cum=3975936000 B
step 63  updateFluff=0.157296 s  compute=0.157159 s  save=0.0 s
  comm[63] put=9 get=517 on=64 amo=0 | data=64128000 B/step  cum=4040064000 B
step 64  updateFluff=0.176732 s  compute=0.158188 s  save=0.0 s
  comm[64] put=9 get=520 on=64 amo=0 | data=64128000 B/step  cum=4104192000 B
step 65  updateFluff=0.153901 s  compute=0.156397 s  save=0.0 s
  comm[65] put=9 get=517 on=64 amo=0 | data=64128000 B/step  cum=4168320000 B
step 66  updateFluff=0.147282 s  compute=0.156888 s  save=1e-06 s
  comm[66] put=9 get=520 on=64 amo=0 | data=64128000 B/step  cum=4232448000 B
step 67  updateFluff=0.154769 s  compute=0.156862 s  save=0.0 s
  comm[67] put=9 get=517 on=64 amo=0 | data=64128000 B/step  cum=4296576000 B
step 68  updateFluff=0.154335 s  compute=0.156705 s  save=1e-06 s
  comm[68] put=9 get=520 on=64 amo=0 | data=64128000 B/step  cum=4360704000 B
step 69  updateFluff=0.165249 s  compute=0.156591 s  save=0.0 s
  comm[69] put=9 get=517 on=64 amo=0 | data=64128000 B/step  cum=4424832000 B
step 70  updateFluff=0.149968 s  compute=0.155856 s  save=0.0 s
  comm[70] put=9 get=520 on=64 amo=0 | data=64128000 B/step  cum=4488960000 B
step 71  updateFluff=0.163829 s  compute=0.155359 s  save=2e-06 s
  comm[71] put=9 get=517 on=64 amo=0 | data=64128000 B/step  cum=4553088000 B
step 72  updateFluff=0.166989 s  compute=0.156621 s  save=0.0 s
  comm[72] put=9 get=520 on=64 amo=0 | data=64128000 B/step  cum=4617216000 B
step 73  updateFluff=0.16482 s  compute=0.156458 s  save=0.0 s
  comm[73] put=9 get=517 on=64 amo=0 | data=64128000 B/step  cum=4681344000 B
step 74  updateFluff=0.163699 s  compute=0.156676 s  save=0.0 s
  comm[74] put=9 get=520 on=64 amo=0 | data=64128000 B/step  cum=4745472000 B
step 75  updateFluff=0.167226 s  compute=0.156713 s  save=0.0 s
  comm[75] put=9 get=517 on=64 amo=0 | data=64128000 B/step  cum=4809600000 B
step 76  updateFluff=0.163606 s  compute=0.15694 s  save=0.0 s
  comm[76] put=9 get=520 on=64 amo=0 | data=64128000 B/step  cum=4873728000 B
step 77  updateFluff=0.173963 s  compute=0.157027 s  save=0.0 s
  comm[77] put=9 get=517 on=64 amo=0 | data=64128000 B/step  cum=4937856000 B
step 78  updateFluff=0.16348 s  compute=0.156919 s  save=0.0 s
  comm[78] put=9 get=520 on=64 amo=0 | data=64128000 B/step  cum=5001984000 B
step 79  updateFluff=0.168582 s  compute=0.156754 s  save=0.0 s
  comm[79] put=9 get=517 on=64 amo=0 | data=64128000 B/step  cum=5066112000 B
step 80  updateFluff=0.155767 s  compute=0.156039 s  save=0.0 s
  comm[80] put=9 get=520 on=64 amo=0 | data=64128000 B/step  cum=5130240000 B
step 81  updateFluff=0.165408 s  compute=0.156745 s  save=0.0 s
  comm[81] put=9 get=517 on=64 amo=0 | data=64128000 B/step  cum=5194368000 B
step 82  updateFluff=0.156555 s  compute=0.156357 s  save=1e-06 s
  comm[82] put=9 get=520 on=64 amo=0 | data=64128000 B/step  cum=5258496000 B
step 83  updateFluff=0.154825 s  compute=0.156775 s  save=0.0 s
  comm[83] put=9 get=517 on=64 amo=0 | data=64128000 B/step  cum=5322624000 B
step 84  updateFluff=0.158936 s  compute=0.156721 s  save=0.0 s
  comm[84] put=9 get=520 on=64 amo=0 | data=64128000 B/step  cum=5386752000 B
step 85  updateFluff=0.158393 s  compute=0.156599 s  save=0.0 s
  comm[85] put=9 get=517 on=64 amo=0 | data=64128000 B/step  cum=5450880000 B
step 86  updateFluff=0.173702 s  compute=0.156859 s  save=0.0 s
  comm[86] put=9 get=520 on=64 amo=0 | data=64128000 B/step  cum=5515008000 B
step 87  updateFluff=0.325655 s  compute=0.154896 s  save=0.0 s
  comm[87] put=9 get=517 on=64 amo=0 | data=64128000 B/step  cum=5579136000 B
step 88  updateFluff=0.172668 s  compute=0.156332 s  save=0.0 s
  comm[88] put=9 get=520 on=64 amo=0 | data=64128000 B/step  cum=5643264000 B
step 89  updateFluff=0.151235 s  compute=0.155428 s  save=1e-06 s
  comm[89] put=9 get=517 on=64 amo=0 | data=64128000 B/step  cum=5707392000 B
step 90  updateFluff=0.171935 s  compute=0.157014 s  save=0.0 s
  comm[90] put=9 get=520 on=64 amo=0 | data=64128000 B/step  cum=5771520000 B
step 91  updateFluff=0.151344 s  compute=0.15654 s  save=0.0 s
  comm[91] put=9 get=517 on=64 amo=0 | data=64128000 B/step  cum=5835648000 B
step 92  updateFluff=0.145446 s  compute=0.156158 s  save=2e-06 s
  comm[92] put=9 get=520 on=64 amo=0 | data=64128000 B/step  cum=5899776000 B
step 93  updateFluff=0.15693 s  compute=0.156778 s  save=0.0 s
  comm[93] put=9 get=517 on=64 amo=0 | data=64128000 B/step  cum=5963904000 B
step 94  updateFluff=0.17197 s  compute=0.155111 s  save=0.0 s
  comm[94] put=9 get=520 on=64 amo=0 | data=64128000 B/step  cum=6028032000 B
step 95  updateFluff=0.161804 s  compute=0.156462 s  save=0.0 s
  comm[95] put=9 get=517 on=64 amo=0 | data=64128000 B/step  cum=6092160000 B
step 96  updateFluff=0.185925 s  compute=0.156016 s  save=0.0 s
  comm[96] put=9 get=520 on=64 amo=0 | data=64128000 B/step  cum=6156288000 B
step 97  updateFluff=0.167205 s  compute=0.156655 s  save=1e-06 s
  comm[97] put=9 get=517 on=64 amo=0 | data=64128000 B/step  cum=6220416000 B
step 98  updateFluff=0.169092 s  compute=0.156585 s  save=0.0 s
  comm[98] put=9 get=520 on=64 amo=0 | data=64128000 B/step  cum=6284544000 B
step 99  updateFluff=0.153611 s  compute=0.155965 s  save=0.0 s
  comm[99] put=9 get=517 on=64 amo=0 | data=64128000 B/step  cum=6348672000 B
step 100  updateFluff=0.166356 s  compute=0.156245 s  save=0.0 s
  comm[100] put=9 get=520 on=64 amo=0 | data=64128000 B/step  cum=6412800000 B
[mem] after run locale 0: 2001.43 MB
[mem] after run locale 1: 1996.23 MB
[mem] after run locale 2: 1996.23 MB
[mem] after run locale 3: 1996.23 MB
[mem] after run locale 4: 1990.29 MB
[mem] after run locale 5: 1990.29 MB
[mem] after run locale 6: 1996.23 MB
[mem] after run locale 7: 1990.29 MB
[mem] after run locale 8: 1990.29 MB
final field: min=1.0 max=2.0 sum=1.00518e+09
Execution time:    32.5391 s
