[cfg] threadsPerLocale(requested)=2 numLocales=9
Initialization time: 0.481686 s
[mem] after init (u+un allocated) locale 0: 2001.43 MB
[mem] after init (u+un allocated) locale 1: 1996.23 MB
[mem] after init (u+un allocated) locale 2: 1996.23 MB
[mem] after init (u+un allocated) locale 3: 1996.23 MB
[mem] after init (u+un allocated) locale 4: 1990.29 MB
[mem] after init (u+un allocated) locale 5: 1990.29 MB
[mem] after init (u+un allocated) locale 6: 1996.23 MB
[mem] after init (u+un allocated) locale 7: 1990.29 MB
[mem] after init (u+un allocated) locale 8: 1990.29 MB
[cfg] locale 0 maxTaskPar=2
[cfg] locale 1 maxTaskPar=2
[cfg] locale 2 maxTaskPar=2
[cfg] locale 3 maxTaskPar=2
[cfg] locale 4 maxTaskPar=2
[cfg] locale 5 maxTaskPar=2
[cfg] locale 6 maxTaskPar=2
[cfg] locale 7 maxTaskPar=2
[cfg] locale 8 maxTaskPar=2
[comm] 64128000 B/step across 9 locale(s)
step 1  updateFluff=0.206904 s  compute=0.143507 s  save=0.0 s
  comm[1] put=0 get=511 on=56 amo=0 | data=64128000 B/step  cum=64128000 B
step 2  updateFluff=0.209453 s  compute=0.145283 s  save=0.0 s
  comm[2] put=9 get=511 on=64 amo=0 | data=64128000 B/step  cum=128256000 B
step 3  updateFluff=0.204268 s  compute=0.143769 s  save=0.0 s
  comm[3] put=9 get=511 on=64 amo=0 | data=64128000 B/step  cum=192384000 B
step 4  updateFluff=0.171495 s  compute=0.144812 s  save=0.0 s
  comm[4] put=9 get=511 on=64 amo=0 | data=64128000 B/step  cum=256512000 B
step 5  updateFluff=0.19861 s  compute=0.143462 s  save=0.0 s
  comm[5] put=9 get=511 on=64 amo=0 | data=64128000 B/step  cum=320640000 B
step 6  updateFluff=0.186498 s  compute=0.144992 s  save=0.0 s
  comm[6] put=9 get=511 on=64 amo=0 | data=64128000 B/step  cum=384768000 B
step 7  updateFluff=0.194212 s  compute=0.143894 s  save=0.0 s
  comm[7] put=9 get=511 on=64 amo=0 | data=64128000 B/step  cum=448896000 B
step 8  updateFluff=0.208444 s  compute=0.144749 s  save=1e-06 s
  comm[8] put=9 get=511 on=64 amo=0 | data=64128000 B/step  cum=513024000 B
step 9  updateFluff=0.20764 s  compute=0.143796 s  save=0.0 s
  comm[9] put=9 get=511 on=64 amo=0 | data=64128000 B/step  cum=577152000 B
step 10  updateFluff=0.184677 s  compute=0.144702 s  save=0.0 s
  comm[10] put=9 get=511 on=64 amo=0 | data=64128000 B/step  cum=641280000 B
step 11  updateFluff=0.187784 s  compute=0.143303 s  save=0.0 s
  comm[11] put=9 get=511 on=64 amo=0 | data=64128000 B/step  cum=705408000 B
step 12  updateFluff=0.208833 s  compute=0.144627 s  save=0.0 s
  comm[12] put=9 get=511 on=64 amo=0 | data=64128000 B/step  cum=769536000 B
step 13  updateFluff=0.212979 s  compute=0.143453 s  save=2e-06 s
  comm[13] put=9 get=511 on=64 amo=0 | data=64128000 B/step  cum=833664000 B
step 14  updateFluff=0.20647 s  compute=0.144577 s  save=0.0 s
  comm[14] put=9 get=511 on=64 amo=0 | data=64128000 B/step  cum=897792000 B
step 15  updateFluff=0.207127 s  compute=0.143153 s  save=0.0 s
  comm[15] put=9 get=511 on=64 amo=0 | data=64128000 B/step  cum=961920000 B
step 16  updateFluff=0.198381 s  compute=0.144775 s  save=0.0 s
  comm[16] put=9 get=511 on=64 amo=0 | data=64128000 B/step  cum=1026048000 B
step 17  updateFluff=0.203669 s  compute=0.143139 s  save=0.0 s
  comm[17] put=9 get=511 on=64 amo=0 | data=64128000 B/step  cum=1090176000 B
step 18  updateFluff=0.203717 s  compute=0.144716 s  save=1e-06 s
  comm[18] put=9 get=511 on=64 amo=0 | data=64128000 B/step  cum=1154304000 B
step 19  updateFluff=0.205384 s  compute=0.143333 s  save=0.0 s
  comm[19] put=9 get=511 on=64 amo=0 | data=64128000 B/step  cum=1218432000 B
step 20  updateFluff=0.204779 s  compute=0.144391 s  save=0.0 s
  comm[20] put=9 get=511 on=64 amo=0 | data=64128000 B/step  cum=1282560000 B
step 21  updateFluff=0.212565 s  compute=0.143218 s  save=0.0 s
  comm[21] put=9 get=511 on=64 amo=0 | data=64128000 B/step  cum=1346688000 B
step 22  updateFluff=0.20226 s  compute=0.144513 s  save=0.0 s
  comm[22] put=9 get=511 on=64 amo=0 | data=64128000 B/step  cum=1410816000 B
step 23  updateFluff=0.210213 s  compute=0.143521 s  save=1e-06 s
  comm[23] put=9 get=511 on=64 amo=0 | data=64128000 B/step  cum=1474944000 B
step 24  updateFluff=0.208449 s  compute=0.144513 s  save=0.0 s
  comm[24] put=9 get=511 on=64 amo=0 | data=64128000 B/step  cum=1539072000 B
step 25  updateFluff=0.187437 s  compute=0.143333 s  save=0.0 s
  comm[25] put=9 get=511 on=64 amo=0 | data=64128000 B/step  cum=1603200000 B
step 26  updateFluff=0.209861 s  compute=0.144955 s  save=1e-06 s
  comm[26] put=9 get=511 on=64 amo=0 | data=64128000 B/step  cum=1667328000 B
step 27  updateFluff=0.190198 s  compute=0.143325 s  save=1e-06 s
  comm[27] put=9 get=511 on=64 amo=0 | data=64128000 B/step  cum=1731456000 B
step 28  updateFluff=0.209318 s  compute=0.144736 s  save=0.0 s
  comm[28] put=9 get=511 on=64 amo=0 | data=64128000 B/step  cum=1795584000 B
step 29  updateFluff=0.192286 s  compute=0.143245 s  save=0.0 s
  comm[29] put=9 get=511 on=64 amo=0 | data=64128000 B/step  cum=1859712000 B
step 30  updateFluff=0.207756 s  compute=0.144898 s  save=1e-06 s
  comm[30] put=9 get=511 on=64 amo=0 | data=64128000 B/step  cum=1923840000 B
step 31  updateFluff=0.204101 s  compute=0.143439 s  save=0.0 s
  comm[31] put=9 get=511 on=64 amo=0 | data=64128000 B/step  cum=1987968000 B
step 32  updateFluff=0.212029 s  compute=0.144778 s  save=1e-06 s
  comm[32] put=9 get=511 on=64 amo=0 | data=64128000 B/step  cum=2052096000 B
step 33  updateFluff=0.204245 s  compute=0.1434 s  save=1e-06 s
  comm[33] put=9 get=511 on=64 amo=0 | data=64128000 B/step  cum=2116224000 B
step 34  updateFluff=0.174285 s  compute=0.144495 s  save=0.0 s
  comm[34] put=9 get=511 on=64 amo=0 | data=64128000 B/step  cum=2180352000 B
step 35  updateFluff=0.179644 s  compute=0.143132 s  save=0.0 s
  comm[35] put=9 get=511 on=64 amo=0 | data=64128000 B/step  cum=2244480000 B
step 36  updateFluff=0.206847 s  compute=0.145208 s  save=0.0 s
  comm[36] put=9 get=511 on=64 amo=0 | data=64128000 B/step  cum=2308608000 B
step 37  updateFluff=0.175106 s  compute=0.143085 s  save=0.0 s
  comm[37] put=9 get=511 on=64 amo=0 | data=64128000 B/step  cum=2372736000 B
step 38  updateFluff=0.173737 s  compute=0.144574 s  save=0.0 s
  comm[38] put=9 get=511 on=64 amo=0 | data=64128000 B/step  cum=2436864000 B
step 39  updateFluff=0.196172 s  compute=0.14346 s  save=0.0 s
  comm[39] put=9 get=511 on=64 amo=0 | data=64128000 B/step  cum=2500992000 B
step 40  updateFluff=0.173126 s  compute=0.144595 s  save=0.0 s
  comm[40] put=9 get=511 on=64 amo=0 | data=64128000 B/step  cum=2565120000 B
step 41  updateFluff=0.206156 s  compute=0.143344 s  save=0.0 s
  comm[41] put=9 get=511 on=64 amo=0 | data=64128000 B/step  cum=2629248000 B
step 42  updateFluff=0.206607 s  compute=0.145013 s  save=0.0 s
  comm[42] put=9 get=511 on=64 amo=0 | data=64128000 B/step  cum=2693376000 B
step 43  updateFluff=0.199733 s  compute=0.143339 s  save=0.0 s
  comm[43] put=9 get=511 on=64 amo=0 | data=64128000 B/step  cum=2757504000 B
step 44  updateFluff=0.173365 s  compute=0.144555 s  save=0.0 s
  comm[44] put=9 get=511 on=64 amo=0 | data=64128000 B/step  cum=2821632000 B
step 45  updateFluff=0.207174 s  compute=0.143391 s  save=0.0 s
  comm[45] put=9 get=511 on=64 amo=0 | data=64128000 B/step  cum=2885760000 B
step 46  updateFluff=0.210101 s  compute=0.144647 s  save=0.0 s
  comm[46] put=9 get=511 on=64 amo=0 | data=64128000 B/step  cum=2949888000 B
step 47  updateFluff=0.219158 s  compute=0.143244 s  save=1e-06 s
  comm[47] put=9 get=511 on=64 amo=0 | data=64128000 B/step  cum=3014016000 B
step 48  updateFluff=0.192244 s  compute=0.144742 s  save=1e-06 s
  comm[48] put=9 get=511 on=64 amo=0 | data=64128000 B/step  cum=3078144000 B
step 49  updateFluff=0.206214 s  compute=0.143656 s  save=0.0 s
  comm[49] put=9 get=511 on=64 amo=0 | data=64128000 B/step  cum=3142272000 B
step 50  updateFluff=0.173558 s  compute=0.14453 s  save=0.0 s
  comm[50] put=9 get=511 on=64 amo=0 | data=64128000 B/step  cum=3206400000 B
step 51  updateFluff=0.20593 s  compute=0.143393 s  save=0.0 s
  comm[51] put=9 get=511 on=64 amo=0 | data=64128000 B/step  cum=3270528000 B
step 52  updateFluff=0.203843 s  compute=0.145031 s  save=0.0 s
  comm[52] put=9 get=511 on=64 amo=0 | data=64128000 B/step  cum=3334656000 B
step 53  updateFluff=0.204145 s  compute=0.143215 s  save=0.0 s
  comm[53] put=9 get=511 on=64 amo=0 | data=64128000 B/step  cum=3398784000 B
step 54  updateFluff=0.197783 s  compute=0.144654 s  save=0.0 s
  comm[54] put=9 get=511 on=64 amo=0 | data=64128000 B/step  cum=3462912000 B
step 55  updateFluff=0.180944 s  compute=0.143534 s  save=0.0 s
  comm[55] put=9 get=511 on=64 amo=0 | data=64128000 B/step  cum=3527040000 B
step 56  updateFluff=0.210193 s  compute=0.144694 s  save=1e-06 s
  comm[56] put=9 get=511 on=64 amo=0 | data=64128000 B/step  cum=3591168000 B
step 57  updateFluff=0.202254 s  compute=0.143479 s  save=0.0 s
  comm[57] put=9 get=511 on=64 amo=0 | data=64128000 B/step  cum=3655296000 B
step 58  updateFluff=0.173147 s  compute=0.144231 s  save=0.0 s
  comm[58] put=9 get=511 on=64 amo=0 | data=64128000 B/step  cum=3719424000 B
step 59  updateFluff=0.214074 s  compute=0.14346 s  save=0.0 s
  comm[59] put=9 get=511 on=64 amo=0 | data=64128000 B/step  cum=3783552000 B
step 60  updateFluff=0.206984 s  compute=0.144656 s  save=0.0 s
  comm[60] put=9 get=511 on=64 amo=0 | data=64128000 B/step  cum=3847680000 B
step 61  updateFluff=0.203608 s  compute=0.143333 s  save=1e-06 s
  comm[61] put=9 get=511 on=64 amo=0 | data=64128000 B/step  cum=3911808000 B
step 62  updateFluff=0.202549 s  compute=0.144554 s  save=0.0 s
  comm[62] put=9 get=511 on=64 amo=0 | data=64128000 B/step  cum=3975936000 B
step 63  updateFluff=0.207651 s  compute=0.143408 s  save=0.0 s
  comm[63] put=9 get=511 on=64 amo=0 | data=64128000 B/step  cum=4040064000 B
step 64  updateFluff=0.201687 s  compute=0.144968 s  save=0.0 s
  comm[64] put=9 get=511 on=64 amo=0 | data=64128000 B/step  cum=4104192000 B
step 65  updateFluff=0.207433 s  compute=0.14381 s  save=1e-06 s
  comm[65] put=9 get=511 on=64 amo=0 | data=64128000 B/step  cum=4168320000 B
step 66  updateFluff=0.204733 s  compute=0.144625 s  save=0.0 s
  comm[66] put=9 get=511 on=64 amo=0 | data=64128000 B/step  cum=4232448000 B
step 67  updateFluff=0.206776 s  compute=0.143227 s  save=0.0 s
  comm[67] put=9 get=511 on=64 amo=0 | data=64128000 B/step  cum=4296576000 B
step 68  updateFluff=0.196508 s  compute=0.144561 s  save=1e-06 s
  comm[68] put=9 get=511 on=64 amo=0 | data=64128000 B/step  cum=4360704000 B
step 69  updateFluff=0.207364 s  compute=0.143565 s  save=0.0 s
  comm[69] put=9 get=511 on=64 amo=0 | data=64128000 B/step  cum=4424832000 B
step 70  updateFluff=0.178498 s  compute=0.144569 s  save=0.0 s
  comm[70] put=9 get=511 on=64 amo=0 | data=64128000 B/step  cum=4488960000 B
step 71  updateFluff=0.206632 s  compute=0.143499 s  save=1e-06 s
  comm[71] put=9 get=511 on=64 amo=0 | data=64128000 B/step  cum=4553088000 B
step 72  updateFluff=0.182875 s  compute=0.14476 s  save=1e-06 s
  comm[72] put=9 get=511 on=64 amo=0 | data=64128000 B/step  cum=4617216000 B
step 73  updateFluff=0.202366 s  compute=0.143289 s  save=0.0 s
  comm[73] put=9 get=511 on=64 amo=0 | data=64128000 B/step  cum=4681344000 B
step 74  updateFluff=0.20973 s  compute=0.144662 s  save=0.0 s
  comm[74] put=9 get=511 on=64 amo=0 | data=64128000 B/step  cum=4745472000 B
step 75  updateFluff=0.18105 s  compute=0.143484 s  save=0.0 s
  comm[75] put=9 get=511 on=64 amo=0 | data=64128000 B/step  cum=4809600000 B
step 76  updateFluff=0.21484 s  compute=0.144783 s  save=1e-06 s
  comm[76] put=9 get=511 on=64 amo=0 | data=64128000 B/step  cum=4873728000 B
step 77  updateFluff=0.2068 s  compute=0.143241 s  save=1e-06 s
  comm[77] put=9 get=511 on=64 amo=0 | data=64128000 B/step  cum=4937856000 B
step 78  updateFluff=0.195372 s  compute=0.144562 s  save=0.0 s
  comm[78] put=9 get=511 on=64 amo=0 | data=64128000 B/step  cum=5001984000 B
step 79  updateFluff=0.177275 s  compute=0.143467 s  save=0.0 s
  comm[79] put=9 get=511 on=64 amo=0 | data=64128000 B/step  cum=5066112000 B
step 80  updateFluff=0.176232 s  compute=0.144692 s  save=0.0 s
  comm[80] put=9 get=511 on=64 amo=0 | data=64128000 B/step  cum=5130240000 B
step 81  updateFluff=0.209739 s  compute=0.143532 s  save=0.0 s
  comm[81] put=9 get=511 on=64 amo=0 | data=64128000 B/step  cum=5194368000 B
step 82  updateFluff=0.185928 s  compute=0.144645 s  save=0.0 s
  comm[82] put=9 get=511 on=64 amo=0 | data=64128000 B/step  cum=5258496000 B
step 83  updateFluff=0.213191 s  compute=0.143147 s  save=1e-06 s
  comm[83] put=9 get=511 on=64 amo=0 | data=64128000 B/step  cum=5322624000 B
step 84  updateFluff=0.171937 s  compute=0.144509 s  save=0.0 s
  comm[84] put=9 get=511 on=64 amo=0 | data=64128000 B/step  cum=5386752000 B
step 85  updateFluff=0.201686 s  compute=0.14376 s  save=0.0 s
  comm[85] put=9 get=511 on=64 amo=0 | data=64128000 B/step  cum=5450880000 B
step 86  updateFluff=0.208514 s  compute=0.144612 s  save=0.0 s
  comm[86] put=9 get=511 on=64 amo=0 | data=64128000 B/step  cum=5515008000 B
step 87  updateFluff=0.17631 s  compute=0.143416 s  save=0.0 s
  comm[87] put=9 get=511 on=64 amo=0 | data=64128000 B/step  cum=5579136000 B
step 88  updateFluff=0.209574 s  compute=0.144605 s  save=0.0 s
  comm[88] put=9 get=511 on=64 amo=0 | data=64128000 B/step  cum=5643264000 B
step 89  updateFluff=0.207504 s  compute=0.143226 s  save=0.0 s
  comm[89] put=9 get=511 on=64 amo=0 | data=64128000 B/step  cum=5707392000 B
step 90  updateFluff=0.205573 s  compute=0.144626 s  save=0.0 s
  comm[90] put=9 get=511 on=64 amo=0 | data=64128000 B/step  cum=5771520000 B
step 91  updateFluff=0.207995 s  compute=0.143543 s  save=0.0 s
  comm[91] put=9 get=511 on=64 amo=0 | data=64128000 B/step  cum=5835648000 B
step 92  updateFluff=0.199783 s  compute=0.144618 s  save=0.0 s
  comm[92] put=9 get=511 on=64 amo=0 | data=64128000 B/step  cum=5899776000 B
step 93  updateFluff=0.208916 s  compute=0.143393 s  save=1e-06 s
  comm[93] put=9 get=511 on=64 amo=0 | data=64128000 B/step  cum=5963904000 B
step 94  updateFluff=0.208344 s  compute=0.144753 s  save=0.0 s
  comm[94] put=9 get=511 on=64 amo=0 | data=64128000 B/step  cum=6028032000 B
step 95  updateFluff=0.20786 s  compute=0.143833 s  save=0.0 s
  comm[95] put=9 get=511 on=64 amo=0 | data=64128000 B/step  cum=6092160000 B
step 96  updateFluff=0.203181 s  compute=0.144566 s  save=0.0 s
  comm[96] put=9 get=511 on=64 amo=0 | data=64128000 B/step  cum=6156288000 B
step 97  updateFluff=0.213224 s  compute=0.1431 s  save=0.0 s
  comm[97] put=9 get=511 on=64 amo=0 | data=64128000 B/step  cum=6220416000 B
step 98  updateFluff=0.205166 s  compute=0.144885 s  save=1e-06 s
  comm[98] put=9 get=511 on=64 amo=0 | data=64128000 B/step  cum=6284544000 B
step 99  updateFluff=0.190694 s  compute=0.143279 s  save=0.0 s
  comm[99] put=9 get=511 on=64 amo=0 | data=64128000 B/step  cum=6348672000 B
step 100  updateFluff=0.187449 s  compute=0.14458 s  save=0.0 s
  comm[100] put=9 get=511 on=64 amo=0 | data=64128000 B/step  cum=6412800000 B
[mem] after run locale 0: 2001.43 MB
[mem] after run locale 1: 1996.23 MB
[mem] after run locale 2: 1996.23 MB
[mem] after run locale 3: 1996.23 MB
[mem] after run locale 4: 1990.29 MB
[mem] after run locale 5: 1990.29 MB
[mem] after run locale 6: 1996.23 MB
[mem] after run locale 7: 1990.29 MB
[mem] after run locale 8: 1990.29 MB
final field: min=1.0 max=2.0 sum=1.00518e+09
Execution time:    34.8507 s
