[cfg] threadsPerLocale(requested)=2 numLocales=9
Initialization time: 0.483582 s
[mem] after init (u+un allocated) locale 0: 2001.43 MB
[mem] after init (u+un allocated) locale 1: 1996.23 MB
[mem] after init (u+un allocated) locale 2: 1996.23 MB
[mem] after init (u+un allocated) locale 3: 1996.23 MB
[mem] after init (u+un allocated) locale 4: 1990.29 MB
[mem] after init (u+un allocated) locale 5: 1990.29 MB
[mem] after init (u+un allocated) locale 6: 1996.23 MB
[mem] after init (u+un allocated) locale 7: 1990.29 MB
[mem] after init (u+un allocated) locale 8: 1990.29 MB
[cfg] locale 0 maxTaskPar=2
[cfg] locale 1 maxTaskPar=2
[cfg] locale 2 maxTaskPar=2
[cfg] locale 3 maxTaskPar=2
[cfg] locale 4 maxTaskPar=2
[cfg] locale 5 maxTaskPar=2
[cfg] locale 6 maxTaskPar=2
[cfg] locale 7 maxTaskPar=2
[cfg] locale 8 maxTaskPar=2
[comm] 64128000 B/step across 9 locale(s)
step 1  updateFluff=0.226054 s  compute=0.143316 s  save=0.0 s
  comm[1] put=0 get=524 on=56 amo=0 | data=64128000 B/step  cum=64128000 B
step 2  updateFluff=0.184841 s  compute=0.144928 s  save=2e-06 s
  comm[2] put=9 get=526 on=64 amo=0 | data=64128000 B/step  cum=128256000 B
step 3  updateFluff=0.198156 s  compute=0.143298 s  save=0.0 s
  comm[3] put=9 get=524 on=64 amo=0 | data=64128000 B/step  cum=192384000 B
step 4  updateFluff=0.206532 s  compute=0.145057 s  save=0.0 s
  comm[4] put=9 get=526 on=64 amo=0 | data=64128000 B/step  cum=256512000 B
step 5  updateFluff=0.180172 s  compute=0.143105 s  save=1e-06 s
  comm[5] put=9 get=524 on=64 amo=0 | data=64128000 B/step  cum=320640000 B
step 6  updateFluff=0.207417 s  compute=0.145124 s  save=0.0 s
  comm[6] put=9 get=526 on=64 amo=0 | data=64128000 B/step  cum=384768000 B
step 7  updateFluff=0.183247 s  compute=0.143024 s  save=0.0 s
  comm[7] put=9 get=524 on=64 amo=0 | data=64128000 B/step  cum=448896000 B
step 8  updateFluff=0.214551 s  compute=0.145094 s  save=0.0 s
  comm[8] put=9 get=526 on=64 amo=0 | data=64128000 B/step  cum=513024000 B
step 9  updateFluff=0.187301 s  compute=0.143577 s  save=0.0 s
  comm[9] put=9 get=524 on=64 amo=0 | data=64128000 B/step  cum=577152000 B
step 10  updateFluff=0.178041 s  compute=0.144933 s  save=0.0 s
  comm[10] put=9 get=526 on=64 amo=0 | data=64128000 B/step  cum=641280000 B
step 11  updateFluff=0.208195 s  compute=0.143283 s  save=0.0 s
  comm[11] put=9 get=524 on=64 amo=0 | data=64128000 B/step  cum=705408000 B
step 12  updateFluff=0.20756 s  compute=0.144989 s  save=0.0 s
  comm[12] put=9 get=526 on=64 amo=0 | data=64128000 B/step  cum=769536000 B
step 13  updateFluff=0.209107 s  compute=0.144346 s  save=0.0 s
  comm[13] put=9 get=524 on=64 amo=0 | data=64128000 B/step  cum=833664000 B
step 14  updateFluff=0.212163 s  compute=0.145095 s  save=1e-06 s
  comm[14] put=9 get=526 on=64 amo=0 | data=64128000 B/step  cum=897792000 B
step 15  updateFluff=0.180001 s  compute=0.143577 s  save=0.0 s
  comm[15] put=9 get=524 on=64 amo=0 | data=64128000 B/step  cum=961920000 B
step 16  updateFluff=0.208683 s  compute=0.145398 s  save=0.0 s
  comm[16] put=9 get=526 on=64 amo=0 | data=64128000 B/step  cum=1026048000 B
step 17  updateFluff=0.207069 s  compute=0.14321 s  save=2e-06 s
  comm[17] put=9 get=524 on=64 amo=0 | data=64128000 B/step  cum=1090176000 B
step 18  updateFluff=0.1771 s  compute=0.144958 s  save=0.0 s
  comm[18] put=9 get=526 on=64 amo=0 | data=64128000 B/step  cum=1154304000 B
step 19  updateFluff=0.204131 s  compute=0.143629 s  save=0.0 s
  comm[19] put=9 get=524 on=64 amo=0 | data=64128000 B/step  cum=1218432000 B
step 20  updateFluff=0.21223 s  compute=0.14511 s  save=0.0 s
  comm[20] put=9 get=526 on=64 amo=0 | data=64128000 B/step  cum=1282560000 B
step 21  updateFluff=0.207123 s  compute=0.143544 s  save=0.0 s
  comm[21] put=9 get=524 on=64 amo=0 | data=64128000 B/step  cum=1346688000 B
step 22  updateFluff=0.209982 s  compute=0.145016 s  save=1e-06 s
  comm[22] put=9 get=526 on=64 amo=0 | data=64128000 B/step  cum=1410816000 B
step 23  updateFluff=0.210108 s  compute=0.14357 s  save=0.0 s
  comm[23] put=9 get=524 on=64 amo=0 | data=64128000 B/step  cum=1474944000 B
step 24  updateFluff=0.209068 s  compute=0.144946 s  save=0.0 s
  comm[24] put=9 get=526 on=64 amo=0 | data=64128000 B/step  cum=1539072000 B
step 25  updateFluff=0.206837 s  compute=0.143236 s  save=1e-06 s
  comm[25] put=9 get=524 on=64 amo=0 | data=64128000 B/step  cum=1603200000 B
step 26  updateFluff=0.191751 s  compute=0.145348 s  save=0.0 s
  comm[26] put=9 get=526 on=64 amo=0 | data=64128000 B/step  cum=1667328000 B
step 27  updateFluff=0.207567 s  compute=0.143157 s  save=0.0 s
  comm[27] put=9 get=524 on=64 amo=0 | data=64128000 B/step  cum=1731456000 B
step 28  updateFluff=0.178223 s  compute=0.144937 s  save=0.0 s
  comm[28] put=9 get=526 on=64 amo=0 | data=64128000 B/step  cum=1795584000 B
step 29  updateFluff=0.204089 s  compute=0.143573 s  save=0.0 s
  comm[29] put=9 get=524 on=64 amo=0 | data=64128000 B/step  cum=1859712000 B
step 30  updateFluff=0.192359 s  compute=0.145079 s  save=1e-06 s
  comm[30] put=9 get=526 on=64 amo=0 | data=64128000 B/step  cum=1923840000 B
step 31  updateFluff=0.205309 s  compute=0.143448 s  save=0.0 s
  comm[31] put=9 get=524 on=64 amo=0 | data=64128000 B/step  cum=1987968000 B
step 32  updateFluff=0.213151 s  compute=0.144986 s  save=0.0 s
  comm[32] put=9 get=526 on=64 amo=0 | data=64128000 B/step  cum=2052096000 B
step 33  updateFluff=0.208846 s  compute=0.143533 s  save=1e-06 s
  comm[33] put=9 get=524 on=64 amo=0 | data=64128000 B/step  cum=2116224000 B
step 34  updateFluff=0.213745 s  compute=0.144845 s  save=0.0 s
  comm[34] put=9 get=526 on=64 amo=0 | data=64128000 B/step  cum=2180352000 B
step 35  updateFluff=0.207804 s  compute=0.143271 s  save=0.0 s
  comm[35] put=9 get=524 on=64 amo=0 | data=64128000 B/step  cum=2244480000 B
step 36  updateFluff=0.21296 s  compute=0.144745 s  save=0.0 s
  comm[36] put=9 get=526 on=64 amo=0 | data=64128000 B/step  cum=2308608000 B
step 37  updateFluff=0.222532 s  compute=0.143314 s  save=0.0 s
  comm[37] put=9 get=524 on=64 amo=0 | data=64128000 B/step  cum=2372736000 B
step 38  updateFluff=0.177911 s  compute=0.144905 s  save=0.0 s
  comm[38] put=9 get=526 on=64 amo=0 | data=64128000 B/step  cum=2436864000 B
step 39  updateFluff=0.210374 s  compute=0.143167 s  save=1e-06 s
  comm[39] put=9 get=524 on=64 amo=0 | data=64128000 B/step  cum=2500992000 B
step 40  updateFluff=0.189297 s  compute=0.144869 s  save=0.0 s
  comm[40] put=9 get=526 on=64 amo=0 | data=64128000 B/step  cum=2565120000 B
step 41  updateFluff=0.181485 s  compute=0.143172 s  save=0.0 s
  comm[41] put=9 get=524 on=64 amo=0 | data=64128000 B/step  cum=2629248000 B
step 42  updateFluff=0.212697 s  compute=0.144797 s  save=0.0 s
  comm[42] put=9 get=526 on=64 amo=0 | data=64128000 B/step  cum=2693376000 B
step 43  updateFluff=0.201524 s  compute=0.143171 s  save=0.0 s
  comm[43] put=9 get=524 on=64 amo=0 | data=64128000 B/step  cum=2757504000 B
step 44  updateFluff=0.178621 s  compute=0.144976 s  save=0.0 s
  comm[44] put=9 get=526 on=64 amo=0 | data=64128000 B/step  cum=2821632000 B
step 45  updateFluff=0.207764 s  compute=0.143194 s  save=0.0 s
  comm[45] put=9 get=524 on=64 amo=0 | data=64128000 B/step  cum=2885760000 B
step 46  updateFluff=0.179585 s  compute=0.145133 s  save=0.0 s
  comm[46] put=9 get=526 on=64 amo=0 | data=64128000 B/step  cum=2949888000 B
step 47  updateFluff=0.187578 s  compute=0.143078 s  save=0.0 s
  comm[47] put=9 get=524 on=64 amo=0 | data=64128000 B/step  cum=3014016000 B
step 48  updateFluff=0.211959 s  compute=0.145226 s  save=0.0 s
  comm[48] put=9 get=526 on=64 amo=0 | data=64128000 B/step  cum=3078144000 B
step 49  updateFluff=0.186574 s  compute=0.143151 s  save=0.0 s
  comm[49] put=9 get=524 on=64 amo=0 | data=64128000 B/step  cum=3142272000 B
step 50  updateFluff=0.195065 s  compute=0.144987 s  save=0.0 s
  comm[50] put=9 get=526 on=64 amo=0 | data=64128000 B/step  cum=3206400000 B
step 51  updateFluff=0.20754 s  compute=0.1434 s  save=0.0 s
  comm[51] put=9 get=524 on=64 amo=0 | data=64128000 B/step  cum=3270528000 B
step 52  updateFluff=0.208384 s  compute=0.144739 s  save=0.0 s
  comm[52] put=9 get=526 on=64 amo=0 | data=64128000 B/step  cum=3334656000 B
step 53  updateFluff=0.187157 s  compute=0.143387 s  save=0.0 s
  comm[53] put=9 get=524 on=64 amo=0 | data=64128000 B/step  cum=3398784000 B
step 54  updateFluff=0.193099 s  compute=0.145174 s  save=0.0 s
  comm[54] put=9 get=526 on=64 amo=0 | data=64128000 B/step  cum=3462912000 B
step 55  updateFluff=0.205723 s  compute=0.143266 s  save=1e-06 s
  comm[55] put=9 get=524 on=64 amo=0 | data=64128000 B/step  cum=3527040000 B
step 56  updateFluff=0.185086 s  compute=0.145129 s  save=0.0 s
  comm[56] put=9 get=526 on=64 amo=0 | data=64128000 B/step  cum=3591168000 B
step 57  updateFluff=0.205705 s  compute=0.14321 s  save=0.0 s
  comm[57] put=9 get=524 on=64 amo=0 | data=64128000 B/step  cum=3655296000 B
step 58  updateFluff=0.205495 s  compute=0.144942 s  save=1e-06 s
  comm[58] put=9 get=526 on=64 amo=0 | data=64128000 B/step  cum=3719424000 B
step 59  updateFluff=0.206575 s  compute=0.143562 s  save=0.0 s
  comm[59] put=9 get=524 on=64 amo=0 | data=64128000 B/step  cum=3783552000 B
step 60  updateFluff=0.20588 s  compute=0.144808 s  save=1e-06 s
  comm[60] put=9 get=526 on=64 amo=0 | data=64128000 B/step  cum=3847680000 B
step 61  updateFluff=0.171341 s  compute=0.143364 s  save=2e-06 s
  comm[61] put=9 get=524 on=64 amo=0 | data=64128000 B/step  cum=3911808000 B
step 62  updateFluff=0.178991 s  compute=0.145104 s  save=0.0 s
  comm[62] put=9 get=526 on=64 amo=0 | data=64128000 B/step  cum=3975936000 B
step 63  updateFluff=0.21134 s  compute=0.144032 s  save=0.0 s
  comm[63] put=9 get=524 on=64 amo=0 | data=64128000 B/step  cum=4040064000 B
step 64  updateFluff=0.21197 s  compute=0.144965 s  save=1e-06 s
  comm[64] put=9 get=526 on=64 amo=0 | data=64128000 B/step  cum=4104192000 B
step 65  updateFluff=0.211141 s  compute=0.143158 s  save=0.0 s
  comm[65] put=9 get=524 on=64 amo=0 | data=64128000 B/step  cum=4168320000 B
step 66  updateFluff=0.216748 s  compute=0.144983 s  save=0.0 s
  comm[66] put=9 get=526 on=64 amo=0 | data=64128000 B/step  cum=4232448000 B
step 67  updateFluff=0.213322 s  compute=0.143206 s  save=1e-06 s
  comm[67] put=9 get=524 on=64 amo=0 | data=64128000 B/step  cum=4296576000 B
step 68  updateFluff=0.212852 s  compute=0.144943 s  save=0.0 s
  comm[68] put=9 get=526 on=64 amo=0 | data=64128000 B/step  cum=4360704000 B
step 69  updateFluff=0.214811 s  compute=0.143249 s  save=0.0 s
  comm[69] put=9 get=524 on=64 amo=0 | data=64128000 B/step  cum=4424832000 B
step 70  updateFluff=0.210083 s  compute=0.145453 s  save=1e-06 s
  comm[70] put=9 get=526 on=64 amo=0 | data=64128000 B/step  cum=4488960000 B
step 71  updateFluff=0.187368 s  compute=0.143249 s  save=0.0 s
  comm[71] put=9 get=524 on=64 amo=0 | data=64128000 B/step  cum=4553088000 B
step 72  updateFluff=0.213378 s  compute=0.145365 s  save=1e-06 s
  comm[72] put=9 get=526 on=64 amo=0 | data=64128000 B/step  cum=4617216000 B
step 73  updateFluff=0.214341 s  compute=0.143795 s  save=2e-06 s
  comm[73] put=9 get=524 on=64 amo=0 | data=64128000 B/step  cum=4681344000 B
step 74  updateFluff=0.211622 s  compute=0.14491 s  save=0.0 s
  comm[74] put=9 get=526 on=64 amo=0 | data=64128000 B/step  cum=4745472000 B
step 75  updateFluff=0.209913 s  compute=0.143431 s  save=0.0 s
  comm[75] put=9 get=524 on=64 amo=0 | data=64128000 B/step  cum=4809600000 B
step 76  updateFluff=0.189503 s  compute=0.144877 s  save=0.0 s
  comm[76] put=9 get=526 on=64 amo=0 | data=64128000 B/step  cum=4873728000 B
step 77  updateFluff=0.197534 s  compute=0.143289 s  save=0.0 s
  comm[77] put=9 get=524 on=64 amo=0 | data=64128000 B/step  cum=4937856000 B
step 78  updateFluff=0.212679 s  compute=0.1449 s  save=0.0 s
  comm[78] put=9 get=526 on=64 amo=0 | data=64128000 B/step  cum=5001984000 B
step 79  updateFluff=0.212546 s  compute=0.14347 s  save=0.0 s
  comm[79] put=9 get=524 on=64 amo=0 | data=64128000 B/step  cum=5066112000 B
step 80  updateFluff=0.215145 s  compute=0.145063 s  save=0.0 s
  comm[80] put=9 get=526 on=64 amo=0 | data=64128000 B/step  cum=5130240000 B
step 81  updateFluff=0.213176 s  compute=0.143206 s  save=0.0 s
  comm[81] put=9 get=524 on=64 amo=0 | data=64128000 B/step  cum=5194368000 B
step 82  updateFluff=0.208682 s  compute=0.144792 s  save=0.0 s
  comm[82] put=9 get=526 on=64 amo=0 | data=64128000 B/step  cum=5258496000 B
step 83  updateFluff=0.211707 s  compute=0.143261 s  save=0.0 s
  comm[83] put=9 get=524 on=64 amo=0 | data=64128000 B/step  cum=5322624000 B
step 84  updateFluff=0.215514 s  compute=0.145367 s  save=0.0 s
  comm[84] put=9 get=526 on=64 amo=0 | data=64128000 B/step  cum=5386752000 B
step 85  updateFluff=0.176589 s  compute=0.143278 s  save=0.0 s
  comm[85] put=9 get=524 on=64 amo=0 | data=64128000 B/step  cum=5450880000 B
step 86  updateFluff=0.210854 s  compute=0.145501 s  save=0.0 s
  comm[86] put=9 get=526 on=64 amo=0 | data=64128000 B/step  cum=5515008000 B
step 87  updateFluff=0.206802 s  compute=0.14448 s  save=0.0 s
  comm[87] put=9 get=524 on=64 amo=0 | data=64128000 B/step  cum=5579136000 B
step 88  updateFluff=0.191021 s  compute=0.144916 s  save=0.0 s
  comm[88] put=9 get=526 on=64 amo=0 | data=64128000 B/step  cum=5643264000 B
step 89  updateFluff=0.18269 s  compute=0.143158 s  save=0.0 s
  comm[89] put=9 get=524 on=64 amo=0 | data=64128000 B/step  cum=5707392000 B
step 90  updateFluff=0.22093 s  compute=0.145025 s  save=0.0 s
  comm[90] put=9 get=526 on=64 amo=0 | data=64128000 B/step  cum=5771520000 B
step 91  updateFluff=0.208097 s  compute=0.143226 s  save=1e-06 s
  comm[91] put=9 get=524 on=64 amo=0 | data=64128000 B/step  cum=5835648000 B
step 92  updateFluff=0.215889 s  compute=0.144843 s  save=1e-06 s
  comm[92] put=9 get=526 on=64 amo=0 | data=64128000 B/step  cum=5899776000 B
step 93  updateFluff=0.205562 s  compute=0.143077 s  save=0.0 s
  comm[93] put=9 get=524 on=64 amo=0 | data=64128000 B/step  cum=5963904000 B
step 94  updateFluff=0.21063 s  compute=0.145039 s  save=0.0 s
  comm[94] put=9 get=526 on=64 amo=0 | data=64128000 B/step  cum=6028032000 B
step 95  updateFluff=0.183536 s  compute=0.14306 s  save=0.0 s
  comm[95] put=9 get=524 on=64 amo=0 | data=64128000 B/step  cum=6092160000 B
step 96  updateFluff=0.197107 s  compute=0.144951 s  save=0.0 s
  comm[96] put=9 get=526 on=64 amo=0 | data=64128000 B/step  cum=6156288000 B
step 97  updateFluff=0.205787 s  compute=0.14357 s  save=0.0 s
  comm[97] put=9 get=524 on=64 amo=0 | data=64128000 B/step  cum=6220416000 B
step 98  updateFluff=0.215091 s  compute=0.14489 s  save=0.0 s
  comm[98] put=9 get=526 on=64 amo=0 | data=64128000 B/step  cum=6284544000 B
step 99  updateFluff=0.209971 s  compute=0.143044 s  save=2e-06 s
  comm[99] put=9 get=524 on=64 amo=0 | data=64128000 B/step  cum=6348672000 B
step 100  updateFluff=0.211209 s  compute=0.144998 s  save=0.0 s
  comm[100] put=9 get=526 on=64 amo=0 | data=64128000 B/step  cum=6412800000 B
[mem] after run locale 0: 2001.43 MB
[mem] after run locale 1: 1996.23 MB
[mem] after run locale 2: 1996.23 MB
[mem] after run locale 3: 1996.23 MB
[mem] after run locale 4: 1990.29 MB
[mem] after run locale 5: 1990.29 MB
[mem] after run locale 6: 1996.23 MB
[mem] after run locale 7: 1990.29 MB
[mem] after run locale 8: 1990.29 MB
final field: min=1.0 max=2.0 sum=1.00518e+09
Execution time:    35.1815 s
