[cfg] threadsPerLocale(requested)=4 numLocales=9
Initialization time: 0.429653 s
[mem] after init (u+un allocated) locale 0: 2001.43 MB
[mem] after init (u+un allocated) locale 1: 1996.23 MB
[mem] after init (u+un allocated) locale 2: 1996.23 MB
[mem] after init (u+un allocated) locale 3: 1996.23 MB
[mem] after init (u+un allocated) locale 4: 1990.29 MB
[mem] after init (u+un allocated) locale 5: 1990.29 MB
[mem] after init (u+un allocated) locale 6: 1996.23 MB
[mem] after init (u+un allocated) locale 7: 1990.29 MB
[mem] after init (u+un allocated) locale 8: 1990.29 MB
[cfg] locale 0 maxTaskPar=4
[cfg] locale 1 maxTaskPar=4
[cfg] locale 2 maxTaskPar=4
[cfg] locale 3 maxTaskPar=4
[cfg] locale 4 maxTaskPar=4
[cfg] locale 5 maxTaskPar=4
[cfg] locale 6 maxTaskPar=4
[cfg] locale 7 maxTaskPar=4
[cfg] locale 8 maxTaskPar=4
[comm] 64128000 B/step across 9 locale(s)
step 1  updateFluff=0.16113 s  compute=0.156074 s  save=0.0 s
  comm[1] put=0 get=532 on=56 amo=0 | data=64128000 B/step  cum=64128000 B
step 2  updateFluff=0.173603 s  compute=0.156596 s  save=0.0 s
  comm[2] put=9 get=532 on=64 amo=0 | data=64128000 B/step  cum=128256000 B
step 3  updateFluff=0.158826 s  compute=0.15691 s  save=0.0 s
  comm[3] put=9 get=532 on=64 amo=0 | data=64128000 B/step  cum=192384000 B
step 4  updateFluff=0.176583 s  compute=0.156156 s  save=0.0 s
  comm[4] put=9 get=532 on=64 amo=0 | data=64128000 B/step  cum=256512000 B
step 5  updateFluff=0.16683 s  compute=0.156005 s  save=0.0 s
  comm[5] put=9 get=532 on=64 amo=0 | data=64128000 B/step  cum=320640000 B
step 6  updateFluff=0.157088 s  compute=0.156876 s  save=1e-06 s
  comm[6] put=9 get=532 on=64 amo=0 | data=64128000 B/step  cum=384768000 B
step 7  updateFluff=0.172204 s  compute=0.156823 s  save=0.0 s
  comm[7] put=9 get=532 on=64 amo=0 | data=64128000 B/step  cum=448896000 B
step 8  updateFluff=0.165292 s  compute=0.155868 s  save=1e-06 s
  comm[8] put=9 get=532 on=64 amo=0 | data=64128000 B/step  cum=513024000 B
step 9  updateFluff=0.154275 s  compute=0.156572 s  save=0.0 s
  comm[9] put=9 get=532 on=64 amo=0 | data=64128000 B/step  cum=577152000 B
step 10  updateFluff=0.168497 s  compute=0.156574 s  save=0.0 s
  comm[10] put=9 get=532 on=64 amo=0 | data=64128000 B/step  cum=641280000 B
step 11  updateFluff=0.161578 s  compute=0.156284 s  save=0.0 s
  comm[11] put=9 get=532 on=64 amo=0 | data=64128000 B/step  cum=705408000 B
step 12  updateFluff=0.179839 s  compute=0.156689 s  save=0.0 s
  comm[12] put=9 get=532 on=64 amo=0 | data=64128000 B/step  cum=769536000 B
step 13  updateFluff=0.16903 s  compute=0.156391 s  save=0.0 s
  comm[13] put=9 get=532 on=64 amo=0 | data=64128000 B/step  cum=833664000 B
step 14  updateFluff=0.165187 s  compute=0.156425 s  save=0.0 s
  comm[14] put=9 get=532 on=64 amo=0 | data=64128000 B/step  cum=897792000 B
step 15  updateFluff=0.156518 s  compute=0.156541 s  save=0.0 s
  comm[15] put=9 get=532 on=64 amo=0 | data=64128000 B/step  cum=961920000 B
step 16  updateFluff=0.167847 s  compute=0.156252 s  save=0.0 s
  comm[16] put=9 get=532 on=64 amo=0 | data=64128000 B/step  cum=1026048000 B
step 17  updateFluff=0.180243 s  compute=0.156584 s  save=0.0 s
  comm[17] put=9 get=532 on=64 amo=0 | data=64128000 B/step  cum=1090176000 B
step 18  updateFluff=0.150923 s  compute=0.156366 s  save=0.0 s
  comm[18] put=9 get=532 on=64 amo=0 | data=64128000 B/step  cum=1154304000 B
step 19  updateFluff=0.146573 s  compute=0.156485 s  save=1e-06 s
  comm[19] put=9 get=532 on=64 amo=0 | data=64128000 B/step  cum=1218432000 B
step 20  updateFluff=0.150463 s  compute=0.156089 s  save=0.0 s
  comm[20] put=9 get=532 on=64 amo=0 | data=64128000 B/step  cum=1282560000 B
step 21  updateFluff=0.148802 s  compute=0.156391 s  save=0.0 s
  comm[21] put=9 get=532 on=64 amo=0 | data=64128000 B/step  cum=1346688000 B
step 22  updateFluff=0.157365 s  compute=0.156336 s  save=0.0 s
  comm[22] put=9 get=532 on=64 amo=0 | data=64128000 B/step  cum=1410816000 B
step 23  updateFluff=0.163027 s  compute=0.157165 s  save=0.0 s
  comm[23] put=9 get=532 on=64 amo=0 | data=64128000 B/step  cum=1474944000 B
step 24  updateFluff=0.15434 s  compute=0.156097 s  save=0.0 s
  comm[24] put=9 get=532 on=64 amo=0 | data=64128000 B/step  cum=1539072000 B
step 25  updateFluff=0.16077 s  compute=0.15666 s  save=0.0 s
  comm[25] put=9 get=532 on=64 amo=0 | data=64128000 B/step  cum=1603200000 B
step 26  updateFluff=0.165824 s  compute=0.157079 s  save=0.0 s
  comm[26] put=9 get=532 on=64 amo=0 | data=64128000 B/step  cum=1667328000 B
step 27  updateFluff=0.156557 s  compute=0.156449 s  save=0.0 s
  comm[27] put=9 get=532 on=64 amo=0 | data=64128000 B/step  cum=1731456000 B
step 28  updateFluff=0.158767 s  compute=0.155979 s  save=0.0 s
  comm[28] put=9 get=532 on=64 amo=0 | data=64128000 B/step  cum=1795584000 B
step 29  updateFluff=0.153663 s  compute=0.156147 s  save=0.0 s
  comm[29] put=9 get=532 on=64 amo=0 | data=64128000 B/step  cum=1859712000 B
step 30  updateFluff=0.146403 s  compute=0.156013 s  save=0.0 s
  comm[30] put=9 get=532 on=64 amo=0 | data=64128000 B/step  cum=1923840000 B
step 31  updateFluff=0.14597 s  compute=0.156294 s  save=0.0 s
  comm[31] put=9 get=532 on=64 amo=0 | data=64128000 B/step  cum=1987968000 B
step 32  updateFluff=0.16076 s  compute=0.156284 s  save=0.0 s
  comm[32] put=9 get=532 on=64 amo=0 | data=64128000 B/step  cum=2052096000 B
step 33  updateFluff=0.16038 s  compute=0.156644 s  save=0.0 s
  comm[33] put=9 get=532 on=64 amo=0 | data=64128000 B/step  cum=2116224000 B
step 34  updateFluff=0.164827 s  compute=0.156486 s  save=1e-06 s
  comm[34] put=9 get=532 on=64 amo=0 | data=64128000 B/step  cum=2180352000 B
step 35  updateFluff=0.159885 s  compute=0.156115 s  save=0.0 s
  comm[35] put=9 get=532 on=64 amo=0 | data=64128000 B/step  cum=2244480000 B
step 36  updateFluff=0.203836 s  compute=0.156371 s  save=0.0 s
  comm[36] put=9 get=532 on=64 amo=0 | data=64128000 B/step  cum=2308608000 B
step 37  updateFluff=0.165559 s  compute=0.156389 s  save=0.0 s
  comm[37] put=9 get=532 on=64 amo=0 | data=64128000 B/step  cum=2372736000 B
step 38  updateFluff=0.156811 s  compute=0.156404 s  save=0.0 s
  comm[38] put=9 get=532 on=64 amo=0 | data=64128000 B/step  cum=2436864000 B
step 39  updateFluff=0.165146 s  compute=0.157153 s  save=0.0 s
  comm[39] put=9 get=532 on=64 amo=0 | data=64128000 B/step  cum=2500992000 B
step 40  updateFluff=0.148053 s  compute=0.15667 s  save=1e-06 s
  comm[40] put=9 get=532 on=64 amo=0 | data=64128000 B/step  cum=2565120000 B
step 41  updateFluff=0.161577 s  compute=0.156093 s  save=0.0 s
  comm[41] put=9 get=532 on=64 amo=0 | data=64128000 B/step  cum=2629248000 B
step 42  updateFluff=0.18849 s  compute=0.156257 s  save=1e-06 s
  comm[42] put=9 get=532 on=64 amo=0 | data=64128000 B/step  cum=2693376000 B
step 43  updateFluff=0.166505 s  compute=0.156771 s  save=0.0 s
  comm[43] put=9 get=532 on=64 amo=0 | data=64128000 B/step  cum=2757504000 B
step 44  updateFluff=0.173812 s  compute=0.155822 s  save=0.0 s
  comm[44] put=9 get=532 on=64 amo=0 | data=64128000 B/step  cum=2821632000 B
step 45  updateFluff=0.155476 s  compute=0.156112 s  save=0.0 s
  comm[45] put=9 get=532 on=64 amo=0 | data=64128000 B/step  cum=2885760000 B
step 46  updateFluff=0.1686 s  compute=0.157292 s  save=0.0 s
  comm[46] put=9 get=532 on=64 amo=0 | data=64128000 B/step  cum=2949888000 B
step 47  updateFluff=0.155078 s  compute=0.155238 s  save=0.0 s
  comm[47] put=9 get=532 on=64 amo=0 | data=64128000 B/step  cum=3014016000 B
step 48  updateFluff=0.150177 s  compute=0.156138 s  save=0.0 s
  comm[48] put=9 get=532 on=64 amo=0 | data=64128000 B/step  cum=3078144000 B
step 49  updateFluff=0.175154 s  compute=0.156992 s  save=0.0 s
  comm[49] put=9 get=532 on=64 amo=0 | data=64128000 B/step  cum=3142272000 B
step 50  updateFluff=0.165403 s  compute=0.155756 s  save=0.0 s
  comm[50] put=9 get=532 on=64 amo=0 | data=64128000 B/step  cum=3206400000 B
step 51  updateFluff=0.162589 s  compute=0.156039 s  save=0.0 s
  comm[51] put=9 get=532 on=64 amo=0 | data=64128000 B/step  cum=3270528000 B
step 52  updateFluff=0.157378 s  compute=0.156469 s  save=0.0 s
  comm[52] put=9 get=532 on=64 amo=0 | data=64128000 B/step  cum=3334656000 B
step 53  updateFluff=0.168448 s  compute=0.156171 s  save=0.0 s
  comm[53] put=9 get=532 on=64 amo=0 | data=64128000 B/step  cum=3398784000 B
step 54  updateFluff=0.172556 s  compute=0.156944 s  save=0.0 s
  comm[54] put=9 get=532 on=64 amo=0 | data=64128000 B/step  cum=3462912000 B
step 55  updateFluff=0.156672 s  compute=0.157092 s  save=0.0 s
  comm[55] put=9 get=532 on=64 amo=0 | data=64128000 B/step  cum=3527040000 B
step 56  updateFluff=0.150901 s  compute=0.156783 s  save=1e-06 s
  comm[56] put=9 get=532 on=64 amo=0 | data=64128000 B/step  cum=3591168000 B
step 57  updateFluff=0.170704 s  compute=0.157284 s  save=0.0 s
  comm[57] put=9 get=532 on=64 amo=0 | data=64128000 B/step  cum=3655296000 B
step 58  updateFluff=0.15233 s  compute=0.156707 s  save=0.0 s
  comm[58] put=9 get=532 on=64 amo=0 | data=64128000 B/step  cum=3719424000 B
step 59  updateFluff=0.148315 s  compute=0.156387 s  save=0.0 s
  comm[59] put=9 get=532 on=64 amo=0 | data=64128000 B/step  cum=3783552000 B
step 60  updateFluff=0.173425 s  compute=0.156187 s  save=0.0 s
  comm[60] put=9 get=532 on=64 amo=0 | data=64128000 B/step  cum=3847680000 B
step 61  updateFluff=0.166279 s  compute=0.156957 s  save=0.0 s
  comm[61] put=9 get=532 on=64 amo=0 | data=64128000 B/step  cum=3911808000 B
step 62  updateFluff=0.162819 s  compute=0.156526 s  save=0.0 s
  comm[62] put=9 get=532 on=64 amo=0 | data=64128000 B/step  cum=3975936000 B
step 63  updateFluff=0.151888 s  compute=0.156884 s  save=0.0 s
  comm[63] put=9 get=532 on=64 amo=0 | data=64128000 B/step  cum=4040064000 B
step 64  updateFluff=0.168301 s  compute=0.156204 s  save=0.0 s
  comm[64] put=9 get=532 on=64 amo=0 | data=64128000 B/step  cum=4104192000 B
step 65  updateFluff=0.158862 s  compute=0.157157 s  save=0.0 s
  comm[65] put=9 get=532 on=64 amo=0 | data=64128000 B/step  cum=4168320000 B
step 66  updateFluff=0.155042 s  compute=0.156472 s  save=0.0 s
  comm[66] put=9 get=532 on=64 amo=0 | data=64128000 B/step  cum=4232448000 B
step 67  updateFluff=0.152475 s  compute=0.155558 s  save=1e-06 s
  comm[67] put=9 get=532 on=64 amo=0 | data=64128000 B/step  cum=4296576000 B
step 68  updateFluff=0.16443 s  compute=0.156767 s  save=0.0 s
  comm[68] put=9 get=532 on=64 amo=0 | data=64128000 B/step  cum=4360704000 B
step 69  updateFluff=0.149039 s  compute=0.157409 s  save=0.0 s
  comm[69] put=9 get=532 on=64 amo=0 | data=64128000 B/step  cum=4424832000 B
step 70  updateFluff=0.163752 s  compute=0.156097 s  save=0.0 s
  comm[70] put=9 get=532 on=64 amo=0 | data=64128000 B/step  cum=4488960000 B
step 71  updateFluff=0.183804 s  compute=0.157139 s  save=0.0 s
  comm[71] put=9 get=532 on=64 amo=0 | data=64128000 B/step  cum=4553088000 B
step 72  updateFluff=0.165213 s  compute=0.156102 s  save=0.0 s
  comm[72] put=9 get=532 on=64 amo=0 | data=64128000 B/step  cum=4617216000 B
step 73  updateFluff=0.161171 s  compute=0.156782 s  save=0.0 s
  comm[73] put=9 get=532 on=64 amo=0 | data=64128000 B/step  cum=4681344000 B
step 74  updateFluff=0.169293 s  compute=0.156416 s  save=0.0 s
  comm[74] put=9 get=532 on=64 amo=0 | data=64128000 B/step  cum=4745472000 B
step 75  updateFluff=0.164102 s  compute=0.156661 s  save=0.0 s
  comm[75] put=9 get=532 on=64 amo=0 | data=64128000 B/step  cum=4809600000 B
step 76  updateFluff=0.160111 s  compute=0.15607 s  save=0.0 s
  comm[76] put=9 get=532 on=64 amo=0 | data=64128000 B/step  cum=4873728000 B
step 77  updateFluff=0.168051 s  compute=0.156938 s  save=0.0 s
  comm[77] put=9 get=532 on=64 amo=0 | data=64128000 B/step  cum=4937856000 B
step 78  updateFluff=0.159447 s  compute=0.156186 s  save=0.0 s
  comm[78] put=9 get=532 on=64 amo=0 | data=64128000 B/step  cum=5001984000 B
step 79  updateFluff=0.154388 s  compute=0.156252 s  save=0.0 s
  comm[79] put=9 get=532 on=64 amo=0 | data=64128000 B/step  cum=5066112000 B
step 80  updateFluff=0.154541 s  compute=0.156249 s  save=1e-06 s
  comm[80] put=9 get=532 on=64 amo=0 | data=64128000 B/step  cum=5130240000 B
step 81  updateFluff=0.166682 s  compute=0.156538 s  save=0.0 s
  comm[81] put=9 get=532 on=64 amo=0 | data=64128000 B/step  cum=5194368000 B
step 82  updateFluff=0.152456 s  compute=0.156514 s  save=0.0 s
  comm[82] put=9 get=532 on=64 amo=0 | data=64128000 B/step  cum=5258496000 B
step 83  updateFluff=0.168377 s  compute=0.156904 s  save=0.0 s
  comm[83] put=9 get=532 on=64 amo=0 | data=64128000 B/step  cum=5322624000 B
step 84  updateFluff=0.157344 s  compute=0.156259 s  save=0.0 s
  comm[84] put=9 get=532 on=64 amo=0 | data=64128000 B/step  cum=5386752000 B
step 85  updateFluff=0.174705 s  compute=0.156747 s  save=1e-06 s
  comm[85] put=9 get=532 on=64 amo=0 | data=64128000 B/step  cum=5450880000 B
step 86  updateFluff=0.142596 s  compute=0.156618 s  save=1e-06 s
  comm[86] put=9 get=532 on=64 amo=0 | data=64128000 B/step  cum=5515008000 B
step 87  updateFluff=0.148509 s  compute=0.156725 s  save=0.0 s
  comm[87] put=9 get=532 on=64 amo=0 | data=64128000 B/step  cum=5579136000 B
step 88  updateFluff=0.150378 s  compute=0.155974 s  save=0.0 s
  comm[88] put=9 get=532 on=64 amo=0 | data=64128000 B/step  cum=5643264000 B
step 89  updateFluff=0.158058 s  compute=0.157458 s  save=0.0 s
  comm[89] put=9 get=532 on=64 amo=0 | data=64128000 B/step  cum=5707392000 B
step 90  updateFluff=0.193265 s  compute=0.156395 s  save=0.0 s
  comm[90] put=9 get=532 on=64 amo=0 | data=64128000 B/step  cum=5771520000 B
step 91  updateFluff=0.16587 s  compute=0.156673 s  save=0.0 s
  comm[91] put=9 get=532 on=64 amo=0 | data=64128000 B/step  cum=5835648000 B
step 92  updateFluff=0.263663 s  compute=0.15658 s  save=0.0 s
  comm[92] put=9 get=532 on=64 amo=0 | data=64128000 B/step  cum=5899776000 B
step 93  updateFluff=0.163284 s  compute=0.156497 s  save=0.0 s
  comm[93] put=9 get=532 on=64 amo=0 | data=64128000 B/step  cum=5963904000 B
step 94  updateFluff=0.172416 s  compute=0.156572 s  save=0.0 s
  comm[94] put=9 get=532 on=64 amo=0 | data=64128000 B/step  cum=6028032000 B
step 95  updateFluff=0.16554 s  compute=0.157187 s  save=0.0 s
  comm[95] put=9 get=532 on=64 amo=0 | data=64128000 B/step  cum=6092160000 B
step 96  updateFluff=0.178209 s  compute=0.156201 s  save=0.0 s
  comm[96] put=9 get=532 on=64 amo=0 | data=64128000 B/step  cum=6156288000 B
step 97  updateFluff=0.182158 s  compute=0.156226 s  save=1e-06 s
  comm[97] put=9 get=532 on=64 amo=0 | data=64128000 B/step  cum=6220416000 B
step 98  updateFluff=0.171832 s  compute=0.156517 s  save=0.0 s
  comm[98] put=9 get=532 on=64 amo=0 | data=64128000 B/step  cum=6284544000 B
step 99  updateFluff=0.161377 s  compute=0.156448 s  save=1e-06 s
  comm[99] put=9 get=532 on=64 amo=0 | data=64128000 B/step  cum=6348672000 B
step 100  updateFluff=0.159492 s  compute=0.156381 s  save=1e-06 s
  comm[100] put=9 get=532 on=64 amo=0 | data=64128000 B/step  cum=6412800000 B
[mem] after run locale 0: 2001.43 MB
[mem] after run locale 1: 1996.23 MB
[mem] after run locale 2: 1996.23 MB
[mem] after run locale 3: 1996.23 MB
[mem] after run locale 4: 1990.29 MB
[mem] after run locale 5: 1990.29 MB
[mem] after run locale 6: 1996.23 MB
[mem] after run locale 7: 1990.29 MB
[mem] after run locale 8: 1990.29 MB
final field: min=1.0 max=2.0 sum=1.00518e+09
Execution time:    32.5427 s
