[cfg] threadsPerLocale(requested)=1 numLocales=9
Initialization time: 0.610505 s
[mem] after init (u+un allocated) locale 0: 2001.43 MB
[mem] after init (u+un allocated) locale 1: 1996.23 MB
[mem] after init (u+un allocated) locale 2: 1996.23 MB
[mem] after init (u+un allocated) locale 3: 1996.23 MB
[mem] after init (u+un allocated) locale 4: 1990.29 MB
[mem] after init (u+un allocated) locale 5: 1990.29 MB
[mem] after init (u+un allocated) locale 6: 1996.23 MB
[mem] after init (u+un allocated) locale 7: 1990.29 MB
[mem] after init (u+un allocated) locale 8: 1990.29 MB
[cfg] locale 0 maxTaskPar=1
[cfg] locale 1 maxTaskPar=1
[cfg] locale 2 maxTaskPar=1
[cfg] locale 3 maxTaskPar=1
[cfg] locale 4 maxTaskPar=1
[cfg] locale 5 maxTaskPar=1
[cfg] locale 6 maxTaskPar=1
[cfg] locale 7 maxTaskPar=1
[cfg] locale 8 maxTaskPar=1
[comm] 64128000 B/step across 9 locale(s)
step 1  updateFluff=0.195379 s  compute=0.139304 s  save=0.0 s
  comm[1] put=0 get=529 on=56 amo=0 | data=64128000 B/step  cum=64128000 B
step 2  updateFluff=0.197421 s  compute=0.139352 s  save=0.0 s
  comm[2] put=9 get=525 on=64 amo=0 | data=64128000 B/step  cum=128256000 B
step 3  updateFluff=0.192984 s  compute=0.139376 s  save=0.0 s
  comm[3] put=9 get=529 on=64 amo=0 | data=64128000 B/step  cum=192384000 B
step 4  updateFluff=0.201568 s  compute=0.139417 s  save=0.0 s
  comm[4] put=9 get=525 on=64 amo=0 | data=64128000 B/step  cum=256512000 B
step 5  updateFluff=0.206239 s  compute=0.139129 s  save=1e-06 s
  comm[5] put=9 get=529 on=64 amo=0 | data=64128000 B/step  cum=320640000 B
step 6  updateFluff=0.206997 s  compute=0.139546 s  save=0.0 s
  comm[6] put=9 get=525 on=64 amo=0 | data=64128000 B/step  cum=384768000 B
step 7  updateFluff=0.198218 s  compute=0.139232 s  save=0.0 s
  comm[7] put=9 get=529 on=64 amo=0 | data=64128000 B/step  cum=448896000 B
step 8  updateFluff=0.19941 s  compute=0.139442 s  save=0.0 s
  comm[8] put=9 get=525 on=64 amo=0 | data=64128000 B/step  cum=513024000 B
step 9  updateFluff=0.192587 s  compute=0.139254 s  save=0.0 s
  comm[9] put=9 get=529 on=64 amo=0 | data=64128000 B/step  cum=577152000 B
step 10  updateFluff=0.203343 s  compute=0.13933 s  save=0.0 s
  comm[10] put=9 get=525 on=64 amo=0 | data=64128000 B/step  cum=641280000 B
step 11  updateFluff=0.18488 s  compute=0.139192 s  save=0.0 s
  comm[11] put=9 get=529 on=64 amo=0 | data=64128000 B/step  cum=705408000 B
step 12  updateFluff=0.193615 s  compute=0.13954 s  save=0.0 s
  comm[12] put=9 get=525 on=64 amo=0 | data=64128000 B/step  cum=769536000 B
step 13  updateFluff=0.196324 s  compute=0.139145 s  save=1e-06 s
  comm[13] put=9 get=529 on=64 amo=0 | data=64128000 B/step  cum=833664000 B
step 14  updateFluff=0.197525 s  compute=0.139589 s  save=0.0 s
  comm[14] put=9 get=525 on=64 amo=0 | data=64128000 B/step  cum=897792000 B
step 15  updateFluff=0.192956 s  compute=0.139523 s  save=0.0 s
  comm[15] put=9 get=529 on=64 amo=0 | data=64128000 B/step  cum=961920000 B
step 16  updateFluff=0.203324 s  compute=0.139385 s  save=0.0 s
  comm[16] put=9 get=525 on=64 amo=0 | data=64128000 B/step  cum=1026048000 B
step 17  updateFluff=0.189829 s  compute=0.139227 s  save=0.0 s
  comm[17] put=9 get=529 on=64 amo=0 | data=64128000 B/step  cum=1090176000 B
step 18  updateFluff=0.200876 s  compute=0.139602 s  save=0.0 s
  comm[18] put=9 get=525 on=64 amo=0 | data=64128000 B/step  cum=1154304000 B
step 19  updateFluff=0.199482 s  compute=0.139218 s  save=0.0 s
  comm[19] put=9 get=529 on=64 amo=0 | data=64128000 B/step  cum=1218432000 B
step 20  updateFluff=0.184373 s  compute=0.139381 s  save=0.0 s
  comm[20] put=9 get=525 on=64 amo=0 | data=64128000 B/step  cum=1282560000 B
step 21  updateFluff=0.193495 s  compute=0.139449 s  save=0.0 s
  comm[21] put=9 get=529 on=64 amo=0 | data=64128000 B/step  cum=1346688000 B
step 22  updateFluff=0.198317 s  compute=0.139469 s  save=0.0 s
  comm[22] put=9 get=525 on=64 amo=0 | data=64128000 B/step  cum=1410816000 B
step 23  updateFluff=0.197818 s  compute=0.139218 s  save=0.0 s
  comm[23] put=9 get=529 on=64 amo=0 | data=64128000 B/step  cum=1474944000 B
step 24  updateFluff=0.199182 s  compute=0.139314 s  save=0.0 s
  comm[24] put=9 get=525 on=64 amo=0 | data=64128000 B/step  cum=1539072000 B
step 25  updateFluff=0.183858 s  compute=0.139291 s  save=1e-06 s
  comm[25] put=9 get=529 on=64 amo=0 | data=64128000 B/step  cum=1603200000 B
step 26  updateFluff=0.183533 s  compute=0.139493 s  save=0.0 s
  comm[26] put=9 get=525 on=64 amo=0 | data=64128000 B/step  cum=1667328000 B
step 27  updateFluff=0.202588 s  compute=0.139054 s  save=0.0 s
  comm[27] put=9 get=529 on=64 amo=0 | data=64128000 B/step  cum=1731456000 B
step 28  updateFluff=0.188286 s  compute=0.139399 s  save=0.0 s
  comm[28] put=9 get=525 on=64 amo=0 | data=64128000 B/step  cum=1795584000 B
step 29  updateFluff=0.184868 s  compute=0.139274 s  save=0.0 s
  comm[29] put=9 get=529 on=64 amo=0 | data=64128000 B/step  cum=1859712000 B
step 30  updateFluff=0.200312 s  compute=0.13931 s  save=0.0 s
  comm[30] put=9 get=525 on=64 amo=0 | data=64128000 B/step  cum=1923840000 B
step 31  updateFluff=0.201621 s  compute=0.139217 s  save=0.0 s
  comm[31] put=9 get=529 on=64 amo=0 | data=64128000 B/step  cum=1987968000 B
step 32  updateFluff=0.199026 s  compute=0.139473 s  save=1e-06 s
  comm[32] put=9 get=525 on=64 amo=0 | data=64128000 B/step  cum=2052096000 B
step 33  updateFluff=0.198162 s  compute=0.139033 s  save=0.0 s
  comm[33] put=9 get=529 on=64 amo=0 | data=64128000 B/step  cum=2116224000 B
step 34  updateFluff=0.199329 s  compute=0.139561 s  save=1e-06 s
  comm[34] put=9 get=525 on=64 amo=0 | data=64128000 B/step  cum=2180352000 B
step 35  updateFluff=0.188168 s  compute=0.139209 s  save=0.0 s
  comm[35] put=9 get=529 on=64 amo=0 | data=64128000 B/step  cum=2244480000 B
step 36  updateFluff=0.201999 s  compute=0.139359 s  save=0.0 s
  comm[36] put=9 get=525 on=64 amo=0 | data=64128000 B/step  cum=2308608000 B
step 37  updateFluff=0.199085 s  compute=0.139222 s  save=0.0 s
  comm[37] put=9 get=529 on=64 amo=0 | data=64128000 B/step  cum=2372736000 B
step 38  updateFluff=0.199 s  compute=0.139388 s  save=0.0 s
  comm[38] put=9 get=525 on=64 amo=0 | data=64128000 B/step  cum=2436864000 B
step 39  updateFluff=0.188259 s  compute=0.139112 s  save=1e-06 s
  comm[39] put=9 get=529 on=64 amo=0 | data=64128000 B/step  cum=2500992000 B
step 40  updateFluff=0.186416 s  compute=0.139452 s  save=0.0 s
  comm[40] put=9 get=525 on=64 amo=0 | data=64128000 B/step  cum=2565120000 B
step 41  updateFluff=0.184816 s  compute=0.139141 s  save=0.0 s
  comm[41] put=9 get=529 on=64 amo=0 | data=64128000 B/step  cum=2629248000 B
step 42  updateFluff=0.198072 s  compute=0.139307 s  save=0.0 s
  comm[42] put=9 get=525 on=64 amo=0 | data=64128000 B/step  cum=2693376000 B
step 43  updateFluff=0.185376 s  compute=0.139232 s  save=0.0 s
  comm[43] put=9 get=529 on=64 amo=0 | data=64128000 B/step  cum=2757504000 B
step 44  updateFluff=0.201754 s  compute=0.13956 s  save=0.0 s
  comm[44] put=9 get=525 on=64 amo=0 | data=64128000 B/step  cum=2821632000 B
step 45  updateFluff=0.202857 s  compute=0.139121 s  save=0.0 s
  comm[45] put=9 get=529 on=64 amo=0 | data=64128000 B/step  cum=2885760000 B
step 46  updateFluff=0.195012 s  compute=0.139461 s  save=1e-06 s
  comm[46] put=9 get=525 on=64 amo=0 | data=64128000 B/step  cum=2949888000 B
step 47  updateFluff=0.204475 s  compute=0.139136 s  save=1e-06 s
  comm[47] put=9 get=529 on=64 amo=0 | data=64128000 B/step  cum=3014016000 B
step 48  updateFluff=0.199387 s  compute=0.139437 s  save=0.0 s
  comm[48] put=9 get=525 on=64 amo=0 | data=64128000 B/step  cum=3078144000 B
step 49  updateFluff=0.196829 s  compute=0.139319 s  save=0.0 s
  comm[49] put=9 get=529 on=64 amo=0 | data=64128000 B/step  cum=3142272000 B
step 50  updateFluff=0.191588 s  compute=0.139529 s  save=0.0 s
  comm[50] put=9 get=525 on=64 amo=0 | data=64128000 B/step  cum=3206400000 B
step 51  updateFluff=0.187034 s  compute=0.139195 s  save=0.0 s
  comm[51] put=9 get=529 on=64 amo=0 | data=64128000 B/step  cum=3270528000 B
step 52  updateFluff=0.199499 s  compute=0.139532 s  save=0.0 s
  comm[52] put=9 get=525 on=64 amo=0 | data=64128000 B/step  cum=3334656000 B
step 53  updateFluff=0.198868 s  compute=0.139118 s  save=0.0 s
  comm[53] put=9 get=529 on=64 amo=0 | data=64128000 B/step  cum=3398784000 B
step 54  updateFluff=0.203244 s  compute=0.139396 s  save=0.0 s
  comm[54] put=9 get=525 on=64 amo=0 | data=64128000 B/step  cum=3462912000 B
step 55  updateFluff=0.201551 s  compute=0.139128 s  save=0.0 s
  comm[55] put=9 get=529 on=64 amo=0 | data=64128000 B/step  cum=3527040000 B
step 56  updateFluff=0.170155 s  compute=0.139395 s  save=0.0 s
  comm[56] put=9 get=525 on=64 amo=0 | data=64128000 B/step  cum=3591168000 B
step 57  updateFluff=0.198827 s  compute=0.139224 s  save=0.0 s
  comm[57] put=9 get=529 on=64 amo=0 | data=64128000 B/step  cum=3655296000 B
step 58  updateFluff=0.200582 s  compute=0.139368 s  save=0.0 s
  comm[58] put=9 get=525 on=64 amo=0 | data=64128000 B/step  cum=3719424000 B
step 59  updateFluff=0.18401 s  compute=0.139372 s  save=0.0 s
  comm[59] put=9 get=529 on=64 amo=0 | data=64128000 B/step  cum=3783552000 B
step 60  updateFluff=0.189109 s  compute=0.139421 s  save=0.0 s
  comm[60] put=9 get=525 on=64 amo=0 | data=64128000 B/step  cum=3847680000 B
step 61  updateFluff=0.191341 s  compute=0.139115 s  save=0.0 s
  comm[61] put=9 get=529 on=64 amo=0 | data=64128000 B/step  cum=3911808000 B
step 62  updateFluff=0.200421 s  compute=0.139638 s  save=1e-06 s
  comm[62] put=9 get=525 on=64 amo=0 | data=64128000 B/step  cum=3975936000 B
step 63  updateFluff=0.182926 s  compute=0.139219 s  save=0.0 s
  comm[63] put=9 get=529 on=64 amo=0 | data=64128000 B/step  cum=4040064000 B
step 64  updateFluff=0.198264 s  compute=0.1394 s  save=0.0 s
  comm[64] put=9 get=525 on=64 amo=0 | data=64128000 B/step  cum=4104192000 B
step 65  updateFluff=0.201299 s  compute=0.139309 s  save=0.0 s
  comm[65] put=9 get=529 on=64 amo=0 | data=64128000 B/step  cum=4168320000 B
step 66  updateFluff=0.19943 s  compute=0.139424 s  save=0.0 s
  comm[66] put=9 get=525 on=64 amo=0 | data=64128000 B/step  cum=4232448000 B
step 67  updateFluff=0.210938 s  compute=0.139283 s  save=0.0 s
  comm[67] put=9 get=529 on=64 amo=0 | data=64128000 B/step  cum=4296576000 B
step 68  updateFluff=0.18272 s  compute=0.139678 s  save=0.0 s
  comm[68] put=9 get=525 on=64 amo=0 | data=64128000 B/step  cum=4360704000 B
step 69  updateFluff=0.201509 s  compute=0.139155 s  save=0.0 s
  comm[69] put=9 get=529 on=64 amo=0 | data=64128000 B/step  cum=4424832000 B
step 70  updateFluff=0.206113 s  compute=0.139474 s  save=0.0 s
  comm[70] put=9 get=525 on=64 amo=0 | data=64128000 B/step  cum=4488960000 B
step 71  updateFluff=0.20177 s  compute=0.139389 s  save=0.0 s
  comm[71] put=9 get=529 on=64 amo=0 | data=64128000 B/step  cum=4553088000 B
step 72  updateFluff=0.199274 s  compute=0.139386 s  save=1e-06 s
  comm[72] put=9 get=525 on=64 amo=0 | data=64128000 B/step  cum=4617216000 B
step 73  updateFluff=0.193729 s  compute=0.139107 s  save=0.0 s
  comm[73] put=9 get=529 on=64 amo=0 | data=64128000 B/step  cum=4681344000 B
step 74  updateFluff=0.186599 s  compute=0.139535 s  save=0.0 s
  comm[74] put=9 get=525 on=64 amo=0 | data=64128000 B/step  cum=4745472000 B
step 75  updateFluff=0.184269 s  compute=0.139207 s  save=0.0 s
  comm[75] put=9 get=529 on=64 amo=0 | data=64128000 B/step  cum=4809600000 B
step 76  updateFluff=0.190296 s  compute=0.139422 s  save=0.0 s
  comm[76] put=9 get=525 on=64 amo=0 | data=64128000 B/step  cum=4873728000 B
step 77  updateFluff=0.20272 s  compute=0.139287 s  save=0.0 s
  comm[77] put=9 get=529 on=64 amo=0 | data=64128000 B/step  cum=4937856000 B
step 78  updateFluff=0.193688 s  compute=0.139378 s  save=0.0 s
  comm[78] put=9 get=525 on=64 amo=0 | data=64128000 B/step  cum=5001984000 B
step 79  updateFluff=0.210101 s  compute=0.13918 s  save=0.0 s
  comm[79] put=9 get=529 on=64 amo=0 | data=64128000 B/step  cum=5066112000 B
step 80  updateFluff=0.207476 s  compute=0.139309 s  save=0.0 s
  comm[80] put=9 get=525 on=64 amo=0 | data=64128000 B/step  cum=5130240000 B
step 81  updateFluff=0.193041 s  compute=0.139212 s  save=0.0 s
  comm[81] put=9 get=529 on=64 amo=0 | data=64128000 B/step  cum=5194368000 B
step 82  updateFluff=0.198488 s  compute=0.139341 s  save=0.0 s
  comm[82] put=9 get=525 on=64 amo=0 | data=64128000 B/step  cum=5258496000 B
step 83  updateFluff=0.205562 s  compute=0.139152 s  save=1e-06 s
  comm[83] put=9 get=529 on=64 amo=0 | data=64128000 B/step  cum=5322624000 B
step 84  updateFluff=0.205241 s  compute=0.139496 s  save=1e-06 s
  comm[84] put=9 get=525 on=64 amo=0 | data=64128000 B/step  cum=5386752000 B
step 85  updateFluff=0.197827 s  compute=0.139183 s  save=0.0 s
  comm[85] put=9 get=529 on=64 amo=0 | data=64128000 B/step  cum=5450880000 B
step 86  updateFluff=0.200937 s  compute=0.139338 s  save=0.0 s
  comm[86] put=9 get=525 on=64 amo=0 | data=64128000 B/step  cum=5515008000 B
step 87  updateFluff=0.198067 s  compute=0.139225 s  save=1e-06 s
  comm[87] put=9 get=529 on=64 amo=0 | data=64128000 B/step  cum=5579136000 B
step 88  updateFluff=0.200856 s  compute=0.139398 s  save=0.0 s
  comm[88] put=9 get=525 on=64 amo=0 | data=64128000 B/step  cum=5643264000 B
step 89  updateFluff=0.198136 s  compute=0.13911 s  save=0.0 s
  comm[89] put=9 get=529 on=64 amo=0 | data=64128000 B/step  cum=5707392000 B
step 90  updateFluff=0.201762 s  compute=0.139481 s  save=0.0 s
  comm[90] put=9 get=525 on=64 amo=0 | data=64128000 B/step  cum=5771520000 B
step 91  updateFluff=0.199229 s  compute=0.139207 s  save=0.0 s
  comm[91] put=9 get=529 on=64 amo=0 | data=64128000 B/step  cum=5835648000 B
step 92  updateFluff=0.203258 s  compute=0.139353 s  save=0.0 s
  comm[92] put=9 get=525 on=64 amo=0 | data=64128000 B/step  cum=5899776000 B
step 93  updateFluff=0.18359 s  compute=0.139216 s  save=0.0 s
  comm[93] put=9 get=529 on=64 amo=0 | data=64128000 B/step  cum=5963904000 B
step 94  updateFluff=0.203193 s  compute=0.139371 s  save=0.0 s
  comm[94] put=9 get=525 on=64 amo=0 | data=64128000 B/step  cum=6028032000 B
step 95  updateFluff=0.198153 s  compute=0.139255 s  save=0.0 s
  comm[95] put=9 get=529 on=64 amo=0 | data=64128000 B/step  cum=6092160000 B
step 96  updateFluff=0.192621 s  compute=0.139597 s  save=1e-06 s
  comm[96] put=9 get=525 on=64 amo=0 | data=64128000 B/step  cum=6156288000 B
step 97  updateFluff=0.184102 s  compute=0.139338 s  save=1e-06 s
  comm[97] put=9 get=529 on=64 amo=0 | data=64128000 B/step  cum=6220416000 B
step 98  updateFluff=0.19759 s  compute=0.139351 s  save=0.0 s
  comm[98] put=9 get=525 on=64 amo=0 | data=64128000 B/step  cum=6284544000 B
step 99  updateFluff=0.183023 s  compute=0.139385 s  save=0.0 s
  comm[99] put=9 get=529 on=64 amo=0 | data=64128000 B/step  cum=6348672000 B
step 100  updateFluff=0.173233 s  compute=0.13935 s  save=0.0 s
  comm[100] put=9 get=525 on=64 amo=0 | data=64128000 B/step  cum=6412800000 B
[mem] after run locale 0: 2001.43 MB
[mem] after run locale 1: 1996.23 MB
[mem] after run locale 2: 1996.23 MB
[mem] after run locale 3: 1996.23 MB
[mem] after run locale 4: 1990.29 MB
[mem] after run locale 5: 1990.29 MB
[mem] after run locale 6: 1996.23 MB
[mem] after run locale 7: 1990.29 MB
[mem] after run locale 8: 1990.29 MB
final field: min=1.0 max=2.0 sum=1.00518e+09
Execution time:    34.02 s
