[cfg] threadsPerLocale(requested)=1 numLocales=9
Initialization time: 0.636693 s
[mem] after init (u+un allocated) locale 0: 2001.43 MB
[mem] after init (u+un allocated) locale 1: 1996.23 MB
[mem] after init (u+un allocated) locale 2: 1996.23 MB
[mem] after init (u+un allocated) locale 3: 1996.23 MB
[mem] after init (u+un allocated) locale 4: 1990.29 MB
[mem] after init (u+un allocated) locale 5: 1990.29 MB
[mem] after init (u+un allocated) locale 6: 1996.23 MB
[mem] after init (u+un allocated) locale 7: 1990.29 MB
[mem] after init (u+un allocated) locale 8: 1990.29 MB
[cfg] locale 0 maxTaskPar=1
[cfg] locale 1 maxTaskPar=1
[cfg] locale 2 maxTaskPar=1
[cfg] locale 3 maxTaskPar=1
[cfg] locale 4 maxTaskPar=1
[cfg] locale 5 maxTaskPar=1
[cfg] locale 6 maxTaskPar=1
[cfg] locale 7 maxTaskPar=1
[cfg] locale 8 maxTaskPar=1
[comm] 64128000 B/step across 9 locale(s)
step 1  updateFluff=0.207796 s  compute=0.139585 s  save=1e-06 s
  comm[1] put=0 get=529 on=56 amo=0 | data=64128000 B/step  cum=64128000 B
step 2  updateFluff=0.199759 s  compute=0.139742 s  save=0.0 s
  comm[2] put=9 get=525 on=64 amo=0 | data=64128000 B/step  cum=128256000 B
step 3  updateFluff=0.19611 s  compute=0.139507 s  save=0.0 s
  comm[3] put=9 get=529 on=64 amo=0 | data=64128000 B/step  cum=192384000 B
step 4  updateFluff=0.204608 s  compute=0.13922 s  save=0.0 s
  comm[4] put=9 get=525 on=64 amo=0 | data=64128000 B/step  cum=256512000 B
step 5  updateFluff=0.200293 s  compute=0.139437 s  save=0.0 s
  comm[5] put=9 get=529 on=64 amo=0 | data=64128000 B/step  cum=320640000 B
step 6  updateFluff=0.174444 s  compute=0.138681 s  save=0.0 s
  comm[6] put=9 get=525 on=64 amo=0 | data=64128000 B/step  cum=384768000 B
step 7  updateFluff=0.210158 s  compute=0.139491 s  save=0.0 s
  comm[7] put=9 get=529 on=64 amo=0 | data=64128000 B/step  cum=448896000 B
step 8  updateFluff=0.198954 s  compute=0.13916 s  save=0.0 s
  comm[8] put=9 get=525 on=64 amo=0 | data=64128000 B/step  cum=513024000 B
step 9  updateFluff=0.202015 s  compute=0.139458 s  save=0.0 s
  comm[9] put=9 get=529 on=64 amo=0 | data=64128000 B/step  cum=577152000 B
step 10  updateFluff=0.197044 s  compute=0.139289 s  save=0.0 s
  comm[10] put=9 get=525 on=64 amo=0 | data=64128000 B/step  cum=641280000 B
step 11  updateFluff=0.185237 s  compute=0.139445 s  save=0.0 s
  comm[11] put=9 get=529 on=64 amo=0 | data=64128000 B/step  cum=705408000 B
step 12  updateFluff=0.170071 s  compute=0.139282 s  save=0.0 s
  comm[12] put=9 get=525 on=64 amo=0 | data=64128000 B/step  cum=769536000 B
step 13  updateFluff=0.209101 s  compute=0.139505 s  save=0.0 s
  comm[13] put=9 get=529 on=64 amo=0 | data=64128000 B/step  cum=833664000 B
step 14  updateFluff=0.201444 s  compute=0.139259 s  save=0.0 s
  comm[14] put=9 get=525 on=64 amo=0 | data=64128000 B/step  cum=897792000 B
step 15  updateFluff=0.195268 s  compute=0.139472 s  save=1e-06 s
  comm[15] put=9 get=529 on=64 amo=0 | data=64128000 B/step  cum=961920000 B
step 16  updateFluff=0.203715 s  compute=0.139165 s  save=1e-06 s
  comm[16] put=9 get=525 on=64 amo=0 | data=64128000 B/step  cum=1026048000 B
step 17  updateFluff=0.201885 s  compute=0.139355 s  save=0.0 s
  comm[17] put=9 get=529 on=64 amo=0 | data=64128000 B/step  cum=1090176000 B
step 18  updateFluff=0.201287 s  compute=0.139286 s  save=0.0 s
  comm[18] put=9 get=525 on=64 amo=0 | data=64128000 B/step  cum=1154304000 B
step 19  updateFluff=0.197622 s  compute=0.139569 s  save=0.0 s
  comm[19] put=9 get=529 on=64 amo=0 | data=64128000 B/step  cum=1218432000 B
step 20  updateFluff=0.198281 s  compute=0.1392 s  save=0.0 s
  comm[20] put=9 get=525 on=64 amo=0 | data=64128000 B/step  cum=1282560000 B
step 21  updateFluff=0.205582 s  compute=0.139602 s  save=0.0 s
  comm[21] put=9 get=529 on=64 amo=0 | data=64128000 B/step  cum=1346688000 B
step 22  updateFluff=0.202166 s  compute=0.139262 s  save=0.0 s
  comm[22] put=9 get=525 on=64 amo=0 | data=64128000 B/step  cum=1410816000 B
step 23  updateFluff=0.18197 s  compute=0.139478 s  save=0.0 s
  comm[23] put=9 get=529 on=64 amo=0 | data=64128000 B/step  cum=1474944000 B
step 24  updateFluff=0.200363 s  compute=0.139363 s  save=0.0 s
  comm[24] put=9 get=525 on=64 amo=0 | data=64128000 B/step  cum=1539072000 B
step 25  updateFluff=0.196296 s  compute=0.139531 s  save=0.0 s
  comm[25] put=9 get=529 on=64 amo=0 | data=64128000 B/step  cum=1603200000 B
step 26  updateFluff=0.203253 s  compute=0.139151 s  save=0.0 s
  comm[26] put=9 get=525 on=64 amo=0 | data=64128000 B/step  cum=1667328000 B
step 27  updateFluff=0.184934 s  compute=0.139446 s  save=0.0 s
  comm[27] put=9 get=529 on=64 amo=0 | data=64128000 B/step  cum=1731456000 B
step 28  updateFluff=0.198662 s  compute=0.139213 s  save=0.0 s
  comm[28] put=9 get=525 on=64 amo=0 | data=64128000 B/step  cum=1795584000 B
step 29  updateFluff=0.208229 s  compute=0.139384 s  save=0.0 s
  comm[29] put=9 get=529 on=64 amo=0 | data=64128000 B/step  cum=1859712000 B
step 30  updateFluff=0.20017 s  compute=0.139186 s  save=0.0 s
  comm[30] put=9 get=525 on=64 amo=0 | data=64128000 B/step  cum=1923840000 B
step 31  updateFluff=0.200877 s  compute=0.139625 s  save=0.0 s
  comm[31] put=9 get=529 on=64 amo=0 | data=64128000 B/step  cum=1987968000 B
step 32  updateFluff=0.183212 s  compute=0.139223 s  save=1e-06 s
  comm[32] put=9 get=525 on=64 amo=0 | data=64128000 B/step  cum=2052096000 B
step 33  updateFluff=0.181362 s  compute=0.139431 s  save=0.0 s
  comm[33] put=9 get=529 on=64 amo=0 | data=64128000 B/step  cum=2116224000 B
step 34  updateFluff=0.186966 s  compute=0.139301 s  save=0.0 s
  comm[34] put=9 get=525 on=64 amo=0 | data=64128000 B/step  cum=2180352000 B
step 35  updateFluff=0.188549 s  compute=0.139538 s  save=0.0 s
  comm[35] put=9 get=529 on=64 amo=0 | data=64128000 B/step  cum=2244480000 B
step 36  updateFluff=0.203096 s  compute=0.139207 s  save=1e-06 s
  comm[36] put=9 get=525 on=64 amo=0 | data=64128000 B/step  cum=2308608000 B
step 37  updateFluff=0.198894 s  compute=0.139748 s  save=0.0 s
  comm[37] put=9 get=529 on=64 amo=0 | data=64128000 B/step  cum=2372736000 B
step 38  updateFluff=0.182252 s  compute=0.13925 s  save=1e-06 s
  comm[38] put=9 get=525 on=64 amo=0 | data=64128000 B/step  cum=2436864000 B
step 39  updateFluff=0.204851 s  compute=0.139437 s  save=0.0 s
  comm[39] put=9 get=529 on=64 amo=0 | data=64128000 B/step  cum=2500992000 B
step 40  updateFluff=0.203256 s  compute=0.139309 s  save=0.0 s
  comm[40] put=9 get=525 on=64 amo=0 | data=64128000 B/step  cum=2565120000 B
step 41  updateFluff=0.186913 s  compute=0.139408 s  save=0.0 s
  comm[41] put=9 get=529 on=64 amo=0 | data=64128000 B/step  cum=2629248000 B
step 42  updateFluff=0.201869 s  compute=0.139153 s  save=0.0 s
  comm[42] put=9 get=525 on=64 amo=0 | data=64128000 B/step  cum=2693376000 B
step 43  updateFluff=0.197761 s  compute=0.139628 s  save=0.0 s
  comm[43] put=9 get=529 on=64 amo=0 | data=64128000 B/step  cum=2757504000 B
step 44  updateFluff=0.188063 s  compute=0.139249 s  save=0.0 s
  comm[44] put=9 get=525 on=64 amo=0 | data=64128000 B/step  cum=2821632000 B
step 45  updateFluff=0.183584 s  compute=0.139417 s  save=0.0 s
  comm[45] put=9 get=529 on=64 amo=0 | data=64128000 B/step  cum=2885760000 B
step 46  updateFluff=0.199548 s  compute=0.139327 s  save=0.0 s
  comm[46] put=9 get=525 on=64 amo=0 | data=64128000 B/step  cum=2949888000 B
step 47  updateFluff=0.202565 s  compute=0.139418 s  save=1e-06 s
  comm[47] put=9 get=529 on=64 amo=0 | data=64128000 B/step  cum=3014016000 B
step 48  updateFluff=0.180089 s  compute=0.139216 s  save=0.0 s
  comm[48] put=9 get=525 on=64 amo=0 | data=64128000 B/step  cum=3078144000 B
step 49  updateFluff=0.173354 s  compute=0.139695 s  save=0.0 s
  comm[49] put=9 get=529 on=64 amo=0 | data=64128000 B/step  cum=3142272000 B
step 50  updateFluff=0.16975 s  compute=0.139302 s  save=1e-06 s
  comm[50] put=9 get=525 on=64 amo=0 | data=64128000 B/step  cum=3206400000 B
step 51  updateFluff=0.200251 s  compute=0.139382 s  save=0.0 s
  comm[51] put=9 get=529 on=64 amo=0 | data=64128000 B/step  cum=3270528000 B
step 52  updateFluff=0.205025 s  compute=0.139479 s  save=0.0 s
  comm[52] put=9 get=525 on=64 amo=0 | data=64128000 B/step  cum=3334656000 B
step 53  updateFluff=0.199807 s  compute=0.139383 s  save=0.0 s
  comm[53] put=9 get=529 on=64 amo=0 | data=64128000 B/step  cum=3398784000 B
step 54  updateFluff=0.203404 s  compute=0.139146 s  save=0.0 s
  comm[54] put=9 get=525 on=64 amo=0 | data=64128000 B/step  cum=3462912000 B
step 55  updateFluff=0.174964 s  compute=0.139581 s  save=0.0 s
  comm[55] put=9 get=529 on=64 amo=0 | data=64128000 B/step  cum=3527040000 B
step 56  updateFluff=0.19888 s  compute=0.139187 s  save=0.0 s
  comm[56] put=9 get=525 on=64 amo=0 | data=64128000 B/step  cum=3591168000 B
step 57  updateFluff=0.198268 s  compute=0.139536 s  save=0.0 s
  comm[57] put=9 get=529 on=64 amo=0 | data=64128000 B/step  cum=3655296000 B
step 58  updateFluff=0.189885 s  compute=0.139369 s  save=0.0 s
  comm[58] put=9 get=525 on=64 amo=0 | data=64128000 B/step  cum=3719424000 B
step 59  updateFluff=0.20339 s  compute=0.139355 s  save=0.0 s
  comm[59] put=9 get=529 on=64 amo=0 | data=64128000 B/step  cum=3783552000 B
step 60  updateFluff=0.189713 s  compute=0.139233 s  save=0.0 s
  comm[60] put=9 get=525 on=64 amo=0 | data=64128000 B/step  cum=3847680000 B
step 61  updateFluff=0.205787 s  compute=0.139581 s  save=0.0 s
  comm[61] put=9 get=529 on=64 amo=0 | data=64128000 B/step  cum=3911808000 B
step 62  updateFluff=0.186433 s  compute=0.13914 s  save=0.0 s
  comm[62] put=9 get=525 on=64 amo=0 | data=64128000 B/step  cum=3975936000 B
step 63  updateFluff=0.19969 s  compute=0.139459 s  save=0.0 s
  comm[63] put=9 get=529 on=64 amo=0 | data=64128000 B/step  cum=4040064000 B
step 64  updateFluff=0.192159 s  compute=0.139213 s  save=0.0 s
  comm[64] put=9 get=525 on=64 amo=0 | data=64128000 B/step  cum=4104192000 B
step 65  updateFluff=0.199986 s  compute=0.139553 s  save=0.0 s
  comm[65] put=9 get=529 on=64 amo=0 | data=64128000 B/step  cum=4168320000 B
step 66  updateFluff=0.200145 s  compute=0.139223 s  save=0.0 s
  comm[66] put=9 get=525 on=64 amo=0 | data=64128000 B/step  cum=4232448000 B
step 67  updateFluff=0.2019 s  compute=0.13942 s  save=0.0 s
  comm[67] put=9 get=529 on=64 amo=0 | data=64128000 B/step  cum=4296576000 B
step 68  updateFluff=0.198849 s  compute=0.139239 s  save=0.0 s
  comm[68] put=9 get=525 on=64 amo=0 | data=64128000 B/step  cum=4360704000 B
step 69  updateFluff=0.194803 s  compute=0.139445 s  save=0.0 s
  comm[69] put=9 get=529 on=64 amo=0 | data=64128000 B/step  cum=4424832000 B
step 70  updateFluff=0.180338 s  compute=0.13918 s  save=0.0 s
  comm[70] put=9 get=525 on=64 amo=0 | data=64128000 B/step  cum=4488960000 B
step 71  updateFluff=0.186216 s  compute=0.139583 s  save=0.0 s
  comm[71] put=9 get=529 on=64 amo=0 | data=64128000 B/step  cum=4553088000 B
step 72  updateFluff=0.185662 s  compute=0.139166 s  save=0.0 s
  comm[72] put=9 get=525 on=64 amo=0 | data=64128000 B/step  cum=4617216000 B
step 73  updateFluff=0.199607 s  compute=0.139367 s  save=0.0 s
  comm[73] put=9 get=529 on=64 amo=0 | data=64128000 B/step  cum=4681344000 B
step 74  updateFluff=0.200493 s  compute=0.139227 s  save=0.0 s
  comm[74] put=9 get=525 on=64 amo=0 | data=64128000 B/step  cum=4745472000 B
step 75  updateFluff=0.198166 s  compute=0.139419 s  save=0.0 s
  comm[75] put=9 get=529 on=64 amo=0 | data=64128000 B/step  cum=4809600000 B
step 76  updateFluff=0.198541 s  compute=0.139148 s  save=1e-06 s
  comm[76] put=9 get=525 on=64 amo=0 | data=64128000 B/step  cum=4873728000 B
step 77  updateFluff=0.199595 s  compute=0.139498 s  save=0.0 s
  comm[77] put=9 get=529 on=64 amo=0 | data=64128000 B/step  cum=4937856000 B
step 78  updateFluff=0.197911 s  compute=0.139223 s  save=0.0 s
  comm[78] put=9 get=525 on=64 amo=0 | data=64128000 B/step  cum=5001984000 B
step 79  updateFluff=0.189372 s  compute=0.13947 s  save=0.0 s
  comm[79] put=9 get=529 on=64 amo=0 | data=64128000 B/step  cum=5066112000 B
step 80  updateFluff=0.201498 s  compute=0.139334 s  save=0.0 s
  comm[80] put=9 get=525 on=64 amo=0 | data=64128000 B/step  cum=5130240000 B
step 81  updateFluff=0.198656 s  compute=0.139517 s  save=0.0 s
  comm[81] put=9 get=529 on=64 amo=0 | data=64128000 B/step  cum=5194368000 B
step 82  updateFluff=0.199871 s  compute=0.13919 s  save=0.0 s
  comm[82] put=9 get=525 on=64 amo=0 | data=64128000 B/step  cum=5258496000 B
step 83  updateFluff=0.200253 s  compute=0.13952 s  save=0.0 s
  comm[83] put=9 get=529 on=64 amo=0 | data=64128000 B/step  cum=5322624000 B
step 84  updateFluff=0.198461 s  compute=0.139242 s  save=0.0 s
  comm[84] put=9 get=525 on=64 amo=0 | data=64128000 B/step  cum=5386752000 B
step 85  updateFluff=0.201512 s  compute=0.139487 s  save=0.0 s
  comm[85] put=9 get=529 on=64 amo=0 | data=64128000 B/step  cum=5450880000 B
step 86  updateFluff=0.194799 s  compute=0.139246 s  save=0.0 s
  comm[86] put=9 get=525 on=64 amo=0 | data=64128000 B/step  cum=5515008000 B
step 87  updateFluff=0.198651 s  compute=0.139464 s  save=0.0 s
  comm[87] put=9 get=529 on=64 amo=0 | data=64128000 B/step  cum=5579136000 B
step 88  updateFluff=0.202544 s  compute=0.139265 s  save=0.0 s
  comm[88] put=9 get=525 on=64 amo=0 | data=64128000 B/step  cum=5643264000 B
step 89  updateFluff=0.186341 s  compute=0.139402 s  save=0.0 s
  comm[89] put=9 get=529 on=64 amo=0 | data=64128000 B/step  cum=5707392000 B
step 90  updateFluff=0.170664 s  compute=0.139118 s  save=0.0 s
  comm[90] put=9 get=525 on=64 amo=0 | data=64128000 B/step  cum=5771520000 B
step 91  updateFluff=0.185452 s  compute=0.139543 s  save=0.0 s
  comm[91] put=9 get=529 on=64 amo=0 | data=64128000 B/step  cum=5835648000 B
step 92  updateFluff=0.195736 s  compute=0.139356 s  save=0.0 s
  comm[92] put=9 get=525 on=64 amo=0 | data=64128000 B/step  cum=5899776000 B
step 93  updateFluff=0.19024 s  compute=0.139387 s  save=0.0 s
  comm[93] put=9 get=529 on=64 amo=0 | data=64128000 B/step  cum=5963904000 B
step 94  updateFluff=0.200644 s  compute=0.139292 s  save=0.0 s
  comm[94] put=9 get=525 on=64 amo=0 | data=64128000 B/step  cum=6028032000 B
step 95  updateFluff=0.193447 s  compute=0.139428 s  save=1e-06 s
  comm[95] put=9 get=529 on=64 amo=0 | data=64128000 B/step  cum=6092160000 B
step 96  updateFluff=0.202191 s  compute=0.139455 s  save=0.0 s
  comm[96] put=9 get=525 on=64 amo=0 | data=64128000 B/step  cum=6156288000 B
step 97  updateFluff=0.203921 s  compute=0.139504 s  save=0.0 s
  comm[97] put=9 get=529 on=64 amo=0 | data=64128000 B/step  cum=6220416000 B
step 98  updateFluff=0.199783 s  compute=0.139242 s  save=1e-06 s
  comm[98] put=9 get=525 on=64 amo=0 | data=64128000 B/step  cum=6284544000 B
step 99  updateFluff=0.202186 s  compute=0.139702 s  save=0.0 s
  comm[99] put=9 get=529 on=64 amo=0 | data=64128000 B/step  cum=6348672000 B
step 100  updateFluff=0.189838 s  compute=0.139168 s  save=0.0 s
  comm[100] put=9 get=525 on=64 amo=0 | data=64128000 B/step  cum=6412800000 B
[mem] after run locale 0: 2001.43 MB
[mem] after run locale 1: 1996.23 MB
[mem] after run locale 2: 1996.23 MB
[mem] after run locale 3: 1996.23 MB
[mem] after run locale 4: 1990.29 MB
[mem] after run locale 5: 1990.29 MB
[mem] after run locale 6: 1996.23 MB
[mem] after run locale 7: 1990.29 MB
[mem] after run locale 8: 1990.29 MB
final field: min=1.0 max=2.0 sum=1.00518e+09
Execution time:    33.9855 s
