[cfg] threadsPerLocale(requested)=20 numLocales=9
Initialization time: 0.494495 s
[mem] after init (u+un allocated) locale 0: 2001.43 MB
[mem] after init (u+un allocated) locale 1: 1996.23 MB
[mem] after init (u+un allocated) locale 2: 1996.23 MB
[mem] after init (u+un allocated) locale 3: 1996.23 MB
[mem] after init (u+un allocated) locale 4: 1990.29 MB
[mem] after init (u+un allocated) locale 5: 1990.29 MB
[mem] after init (u+un allocated) locale 6: 1996.23 MB
[mem] after init (u+un allocated) locale 7: 1990.29 MB
[mem] after init (u+un allocated) locale 8: 1990.29 MB
[cfg] locale 0 maxTaskPar=16
[cfg] locale 1 maxTaskPar=16
[cfg] locale 2 maxTaskPar=16
[cfg] locale 3 maxTaskPar=16
[cfg] locale 4 maxTaskPar=16
[cfg] locale 5 maxTaskPar=16
[cfg] locale 6 maxTaskPar=16
[cfg] locale 7 maxTaskPar=16
[cfg] locale 8 maxTaskPar=16
[comm] 64128000 B/step across 9 locale(s)
step 1  updateFluff=0.197562 s  compute=0.143469 s  save=0.0 s
  comm[1] put=0 get=509 on=56 amo=0 | data=64128000 B/step  cum=64128000 B
step 2  updateFluff=0.209821 s  compute=0.144602 s  save=0.0 s
  comm[2] put=9 get=510 on=64 amo=0 | data=64128000 B/step  cum=128256000 B
step 3  updateFluff=0.20778 s  compute=0.143816 s  save=0.0 s
  comm[3] put=9 get=509 on=64 amo=0 | data=64128000 B/step  cum=192384000 B
step 4  updateFluff=0.186645 s  compute=0.144551 s  save=0.0 s
  comm[4] put=9 get=510 on=64 amo=0 | data=64128000 B/step  cum=256512000 B
step 5  updateFluff=0.206722 s  compute=0.143367 s  save=0.0 s
  comm[5] put=9 get=509 on=64 amo=0 | data=64128000 B/step  cum=320640000 B
step 6  updateFluff=0.214588 s  compute=0.144808 s  save=1e-06 s
  comm[6] put=9 get=510 on=64 amo=0 | data=64128000 B/step  cum=384768000 B
step 7  updateFluff=0.200191 s  compute=0.14335 s  save=0.0 s
  comm[7] put=9 get=509 on=64 amo=0 | data=64128000 B/step  cum=448896000 B
step 8  updateFluff=0.216388 s  compute=0.144353 s  save=0.0 s
  comm[8] put=9 get=510 on=64 amo=0 | data=64128000 B/step  cum=513024000 B
step 9  updateFluff=0.205293 s  compute=0.143428 s  save=0.0 s
  comm[9] put=9 get=509 on=64 amo=0 | data=64128000 B/step  cum=577152000 B
step 10  updateFluff=0.213899 s  compute=0.144601 s  save=0.0 s
  comm[10] put=9 get=510 on=64 amo=0 | data=64128000 B/step  cum=641280000 B
step 11  updateFluff=0.176443 s  compute=0.143657 s  save=0.0 s
  comm[11] put=9 get=509 on=64 amo=0 | data=64128000 B/step  cum=705408000 B
step 12  updateFluff=0.185479 s  compute=0.144748 s  save=0.0 s
  comm[12] put=9 get=510 on=64 amo=0 | data=64128000 B/step  cum=769536000 B
step 13  updateFluff=0.199469 s  compute=0.143442 s  save=0.0 s
  comm[13] put=9 get=509 on=64 amo=0 | data=64128000 B/step  cum=833664000 B
step 14  updateFluff=0.209067 s  compute=0.144589 s  save=0.0 s
  comm[14] put=9 get=510 on=64 amo=0 | data=64128000 B/step  cum=897792000 B
step 15  updateFluff=0.186457 s  compute=0.143562 s  save=0.0 s
  comm[15] put=9 get=509 on=64 amo=0 | data=64128000 B/step  cum=961920000 B
step 16  updateFluff=0.213645 s  compute=0.144762 s  save=0.0 s
  comm[16] put=9 get=510 on=64 amo=0 | data=64128000 B/step  cum=1026048000 B
step 17  updateFluff=0.214079 s  compute=0.143296 s  save=0.0 s
  comm[17] put=9 get=509 on=64 amo=0 | data=64128000 B/step  cum=1090176000 B
step 18  updateFluff=0.20815 s  compute=0.14487 s  save=1e-06 s
  comm[18] put=9 get=510 on=64 amo=0 | data=64128000 B/step  cum=1154304000 B
step 19  updateFluff=0.196471 s  compute=0.143338 s  save=0.0 s
  comm[19] put=9 get=509 on=64 amo=0 | data=64128000 B/step  cum=1218432000 B
step 20  updateFluff=0.215086 s  compute=0.144519 s  save=1e-06 s
  comm[20] put=9 get=510 on=64 amo=0 | data=64128000 B/step  cum=1282560000 B
step 21  updateFluff=0.21165 s  compute=0.143417 s  save=0.0 s
  comm[21] put=9 get=509 on=64 amo=0 | data=64128000 B/step  cum=1346688000 B
step 22  updateFluff=0.206456 s  compute=0.144516 s  save=0.0 s
  comm[22] put=9 get=510 on=64 amo=0 | data=64128000 B/step  cum=1410816000 B
step 23  updateFluff=0.200832 s  compute=0.143841 s  save=0.0 s
  comm[23] put=9 get=509 on=64 amo=0 | data=64128000 B/step  cum=1474944000 B
step 24  updateFluff=0.209595 s  compute=0.144956 s  save=0.0 s
  comm[24] put=9 get=510 on=64 amo=0 | data=64128000 B/step  cum=1539072000 B
step 25  updateFluff=0.195574 s  compute=0.143358 s  save=2e-06 s
  comm[25] put=9 get=509 on=64 amo=0 | data=64128000 B/step  cum=1603200000 B
step 26  updateFluff=0.208934 s  compute=0.144665 s  save=0.0 s
  comm[26] put=9 get=510 on=64 amo=0 | data=64128000 B/step  cum=1667328000 B
step 27  updateFluff=0.21432 s  compute=0.143392 s  save=1e-06 s
  comm[27] put=9 get=509 on=64 amo=0 | data=64128000 B/step  cum=1731456000 B
step 28  updateFluff=0.18171 s  compute=0.14458 s  save=0.0 s
  comm[28] put=9 get=510 on=64 amo=0 | data=64128000 B/step  cum=1795584000 B
step 29  updateFluff=0.192503 s  compute=0.144152 s  save=0.0 s
  comm[29] put=9 get=509 on=64 amo=0 | data=64128000 B/step  cum=1859712000 B
step 30  updateFluff=0.209898 s  compute=0.144524 s  save=0.0 s
  comm[30] put=9 get=510 on=64 amo=0 | data=64128000 B/step  cum=1923840000 B
step 31  updateFluff=0.210522 s  compute=0.14353 s  save=2e-06 s
  comm[31] put=9 get=509 on=64 amo=0 | data=64128000 B/step  cum=1987968000 B
step 32  updateFluff=0.208221 s  compute=0.144792 s  save=0.0 s
  comm[32] put=9 get=510 on=64 amo=0 | data=64128000 B/step  cum=2052096000 B
step 33  updateFluff=0.191945 s  compute=0.143951 s  save=0.0 s
  comm[33] put=9 get=509 on=64 amo=0 | data=64128000 B/step  cum=2116224000 B
step 34  updateFluff=0.20594 s  compute=0.144489 s  save=1e-06 s
  comm[34] put=9 get=510 on=64 amo=0 | data=64128000 B/step  cum=2180352000 B
step 35  updateFluff=0.221649 s  compute=0.143671 s  save=0.0 s
  comm[35] put=9 get=509 on=64 amo=0 | data=64128000 B/step  cum=2244480000 B
step 36  updateFluff=0.209431 s  compute=0.144638 s  save=1e-06 s
  comm[36] put=9 get=510 on=64 amo=0 | data=64128000 B/step  cum=2308608000 B
step 37  updateFluff=0.20505 s  compute=0.14358 s  save=0.0 s
  comm[37] put=9 get=509 on=64 amo=0 | data=64128000 B/step  cum=2372736000 B
step 38  updateFluff=0.213663 s  compute=0.144704 s  save=0.0 s
  comm[38] put=9 get=510 on=64 amo=0 | data=64128000 B/step  cum=2436864000 B
step 39  updateFluff=0.21264 s  compute=0.143356 s  save=0.0 s
  comm[39] put=9 get=509 on=64 amo=0 | data=64128000 B/step  cum=2500992000 B
step 40  updateFluff=0.211546 s  compute=0.144967 s  save=0.0 s
  comm[40] put=9 get=510 on=64 amo=0 | data=64128000 B/step  cum=2565120000 B
step 41  updateFluff=0.205972 s  compute=0.143629 s  save=1e-06 s
  comm[41] put=9 get=509 on=64 amo=0 | data=64128000 B/step  cum=2629248000 B
step 42  updateFluff=0.207222 s  compute=0.144606 s  save=0.0 s
  comm[42] put=9 get=510 on=64 amo=0 | data=64128000 B/step  cum=2693376000 B
step 43  updateFluff=0.20965 s  compute=0.143748 s  save=0.0 s
  comm[43] put=9 get=509 on=64 amo=0 | data=64128000 B/step  cum=2757504000 B
step 44  updateFluff=0.208352 s  compute=0.144536 s  save=0.0 s
  comm[44] put=9 get=510 on=64 amo=0 | data=64128000 B/step  cum=2821632000 B
step 45  updateFluff=0.210913 s  compute=0.143277 s  save=0.0 s
  comm[45] put=9 get=509 on=64 amo=0 | data=64128000 B/step  cum=2885760000 B
step 46  updateFluff=0.204831 s  compute=0.14486 s  save=0.0 s
  comm[46] put=9 get=510 on=64 amo=0 | data=64128000 B/step  cum=2949888000 B
step 47  updateFluff=0.209806 s  compute=0.143479 s  save=0.0 s
  comm[47] put=9 get=509 on=64 amo=0 | data=64128000 B/step  cum=3014016000 B
step 48  updateFluff=0.207314 s  compute=0.144485 s  save=0.0 s
  comm[48] put=9 get=510 on=64 amo=0 | data=64128000 B/step  cum=3078144000 B
step 49  updateFluff=0.206906 s  compute=0.143589 s  save=1e-06 s
  comm[49] put=9 get=509 on=64 amo=0 | data=64128000 B/step  cum=3142272000 B
step 50  updateFluff=0.210236 s  compute=0.144582 s  save=0.0 s
  comm[50] put=9 get=510 on=64 amo=0 | data=64128000 B/step  cum=3206400000 B
step 51  updateFluff=0.195226 s  compute=0.143206 s  save=0.0 s
  comm[51] put=9 get=509 on=64 amo=0 | data=64128000 B/step  cum=3270528000 B
step 52  updateFluff=0.205389 s  compute=0.145007 s  save=0.0 s
  comm[52] put=9 get=510 on=64 amo=0 | data=64128000 B/step  cum=3334656000 B
step 53  updateFluff=0.207176 s  compute=0.14367 s  save=0.0 s
  comm[53] put=9 get=509 on=64 amo=0 | data=64128000 B/step  cum=3398784000 B
step 54  updateFluff=0.18517 s  compute=0.144894 s  save=0.0 s
  comm[54] put=9 get=510 on=64 amo=0 | data=64128000 B/step  cum=3462912000 B
step 55  updateFluff=0.195044 s  compute=0.143396 s  save=0.0 s
  comm[55] put=9 get=509 on=64 amo=0 | data=64128000 B/step  cum=3527040000 B
step 56  updateFluff=0.214247 s  compute=0.145209 s  save=0.0 s
  comm[56] put=9 get=510 on=64 amo=0 | data=64128000 B/step  cum=3591168000 B
step 57  updateFluff=0.214681 s  compute=0.143663 s  save=0.0 s
  comm[57] put=9 get=509 on=64 amo=0 | data=64128000 B/step  cum=3655296000 B
step 58  updateFluff=0.21169 s  compute=0.144939 s  save=0.0 s
  comm[58] put=9 get=510 on=64 amo=0 | data=64128000 B/step  cum=3719424000 B
step 59  updateFluff=0.214542 s  compute=0.143356 s  save=0.0 s
  comm[59] put=9 get=509 on=64 amo=0 | data=64128000 B/step  cum=3783552000 B
step 60  updateFluff=0.182515 s  compute=0.144431 s  save=0.0 s
  comm[60] put=9 get=510 on=64 amo=0 | data=64128000 B/step  cum=3847680000 B
step 61  updateFluff=0.202786 s  compute=0.143377 s  save=0.0 s
  comm[61] put=9 get=509 on=64 amo=0 | data=64128000 B/step  cum=3911808000 B
step 62  updateFluff=0.210885 s  compute=0.14456 s  save=0.0 s
  comm[62] put=9 get=510 on=64 amo=0 | data=64128000 B/step  cum=3975936000 B
step 63  updateFluff=0.21048 s  compute=0.143577 s  save=0.0 s
  comm[63] put=9 get=509 on=64 amo=0 | data=64128000 B/step  cum=4040064000 B
step 64  updateFluff=0.185783 s  compute=0.144651 s  save=1e-06 s
  comm[64] put=9 get=510 on=64 amo=0 | data=64128000 B/step  cum=4104192000 B
step 65  updateFluff=0.185853 s  compute=0.143339 s  save=0.0 s
  comm[65] put=9 get=509 on=64 amo=0 | data=64128000 B/step  cum=4168320000 B
step 66  updateFluff=0.221488 s  compute=0.144692 s  save=0.0 s
  comm[66] put=9 get=510 on=64 amo=0 | data=64128000 B/step  cum=4232448000 B
step 67  updateFluff=0.177463 s  compute=0.14378 s  save=0.0 s
  comm[67] put=9 get=509 on=64 amo=0 | data=64128000 B/step  cum=4296576000 B
step 68  updateFluff=0.211425 s  compute=0.144534 s  save=0.0 s
  comm[68] put=9 get=510 on=64 amo=0 | data=64128000 B/step  cum=4360704000 B
