[cfg] threadsPerLocale(requested)=8 numLocales=9
Initialization time: 0.432639 s
[mem] after init (u+un allocated) locale 0: 2001.43 MB
[mem] after init (u+un allocated) locale 1: 1996.23 MB
[mem] after init (u+un allocated) locale 2: 1996.23 MB
[mem] after init (u+un allocated) locale 3: 1996.23 MB
[mem] after init (u+un allocated) locale 4: 1990.29 MB
[mem] after init (u+un allocated) locale 5: 1990.29 MB
[mem] after init (u+un allocated) locale 6: 1996.23 MB
[mem] after init (u+un allocated) locale 7: 1990.29 MB
[mem] after init (u+un allocated) locale 8: 1990.29 MB
[cfg] locale 0 maxTaskPar=8
[cfg] locale 1 maxTaskPar=8
[cfg] locale 2 maxTaskPar=8
[cfg] locale 3 maxTaskPar=8
[cfg] locale 4 maxTaskPar=8
[cfg] locale 5 maxTaskPar=8
[cfg] locale 6 maxTaskPar=8
[cfg] locale 7 maxTaskPar=8
[cfg] locale 8 maxTaskPar=8
[comm] 64128000 B/step across 9 locale(s)
step 1  updateFluff=0.159382 s  compute=0.198497 s  save=1e-06 s
  comm[1] put=0 get=529 on=56 amo=0 | data=64128000 B/step  cum=64128000 B
step 2  updateFluff=0.167824 s  compute=0.198952 s  save=0.0 s
  comm[2] put=9 get=528 on=64 amo=0 | data=64128000 B/step  cum=128256000 B
step 3  updateFluff=0.263779 s  compute=0.196893 s  save=0.0 s
  comm[3] put=9 get=529 on=64 amo=0 | data=64128000 B/step  cum=192384000 B
step 4  updateFluff=0.177033 s  compute=0.200075 s  save=0.0 s
  comm[4] put=9 get=528 on=64 amo=0 | data=64128000 B/step  cum=256512000 B
step 5  updateFluff=0.153914 s  compute=0.20117 s  save=0.0 s
  comm[5] put=9 get=529 on=64 amo=0 | data=64128000 B/step  cum=320640000 B
step 6  updateFluff=0.324681 s  compute=0.198376 s  save=0.0 s
  comm[6] put=9 get=528 on=64 amo=0 | data=64128000 B/step  cum=384768000 B
step 7  updateFluff=0.173811 s  compute=0.201083 s  save=0.0 s
  comm[7] put=9 get=529 on=64 amo=0 | data=64128000 B/step  cum=448896000 B
step 8  updateFluff=0.161133 s  compute=0.20051 s  save=0.0 s
  comm[8] put=9 get=528 on=64 amo=0 | data=64128000 B/step  cum=513024000 B
step 9  updateFluff=0.152229 s  compute=0.197947 s  save=1e-06 s
  comm[9] put=9 get=529 on=64 amo=0 | data=64128000 B/step  cum=577152000 B
step 10  updateFluff=0.168182 s  compute=0.19806 s  save=0.0 s
  comm[10] put=9 get=528 on=64 amo=0 | data=64128000 B/step  cum=641280000 B
step 11  updateFluff=0.162045 s  compute=0.198342 s  save=0.0 s
  comm[11] put=9 get=529 on=64 amo=0 | data=64128000 B/step  cum=705408000 B
step 12  updateFluff=0.174129 s  compute=0.197382 s  save=0.0 s
  comm[12] put=9 get=528 on=64 amo=0 | data=64128000 B/step  cum=769536000 B
step 13  updateFluff=0.157066 s  compute=0.197242 s  save=0.0 s
  comm[13] put=9 get=529 on=64 amo=0 | data=64128000 B/step  cum=833664000 B
step 14  updateFluff=0.157652 s  compute=0.195955 s  save=0.0 s
  comm[14] put=9 get=528 on=64 amo=0 | data=64128000 B/step  cum=897792000 B
step 15  updateFluff=0.160416 s  compute=0.198981 s  save=0.0 s
  comm[15] put=9 get=529 on=64 amo=0 | data=64128000 B/step  cum=961920000 B
step 16  updateFluff=0.153174 s  compute=0.198386 s  save=0.0 s
  comm[16] put=9 get=528 on=64 amo=0 | data=64128000 B/step  cum=1026048000 B
step 17  updateFluff=0.150714 s  compute=0.197907 s  save=0.0 s
  comm[17] put=9 get=529 on=64 amo=0 | data=64128000 B/step  cum=1090176000 B
step 18  updateFluff=0.162841 s  compute=0.199044 s  save=0.0 s
  comm[18] put=9 get=528 on=64 amo=0 | data=64128000 B/step  cum=1154304000 B
step 19  updateFluff=0.174042 s  compute=0.197217 s  save=0.0 s
  comm[19] put=9 get=529 on=64 amo=0 | data=64128000 B/step  cum=1218432000 B
step 20  updateFluff=0.153812 s  compute=0.198667 s  save=1e-06 s
  comm[20] put=9 get=528 on=64 amo=0 | data=64128000 B/step  cum=1282560000 B
step 21  updateFluff=0.163767 s  compute=0.197514 s  save=2e-06 s
  comm[21] put=9 get=529 on=64 amo=0 | data=64128000 B/step  cum=1346688000 B
step 22  updateFluff=0.157513 s  compute=0.198827 s  save=0.0 s
  comm[22] put=9 get=528 on=64 amo=0 | data=64128000 B/step  cum=1410816000 B
step 23  updateFluff=0.174424 s  compute=0.196866 s  save=0.0 s
  comm[23] put=9 get=529 on=64 amo=0 | data=64128000 B/step  cum=1474944000 B
step 24  updateFluff=0.157483 s  compute=0.196597 s  save=1e-06 s
  comm[24] put=9 get=528 on=64 amo=0 | data=64128000 B/step  cum=1539072000 B
step 25  updateFluff=0.164525 s  compute=0.198345 s  save=0.0 s
  comm[25] put=9 get=529 on=64 amo=0 | data=64128000 B/step  cum=1603200000 B
step 26  updateFluff=0.149707 s  compute=0.198848 s  save=0.0 s
  comm[26] put=9 get=528 on=64 amo=0 | data=64128000 B/step  cum=1667328000 B
step 27  updateFluff=0.197693 s  compute=0.195995 s  save=0.0 s
  comm[27] put=9 get=529 on=64 amo=0 | data=64128000 B/step  cum=1731456000 B
step 28  updateFluff=0.166471 s  compute=0.198069 s  save=0.0 s
  comm[28] put=9 get=528 on=64 amo=0 | data=64128000 B/step  cum=1795584000 B
step 29  updateFluff=0.171542 s  compute=0.197602 s  save=0.0 s
  comm[29] put=9 get=529 on=64 amo=0 | data=64128000 B/step  cum=1859712000 B
step 30  updateFluff=0.159711 s  compute=0.198451 s  save=0.0 s
  comm[30] put=9 get=528 on=64 amo=0 | data=64128000 B/step  cum=1923840000 B
step 31  updateFluff=0.164459 s  compute=0.197726 s  save=0.0 s
  comm[31] put=9 get=529 on=64 amo=0 | data=64128000 B/step  cum=1987968000 B
step 32  updateFluff=0.159093 s  compute=0.195233 s  save=0.0 s
  comm[32] put=9 get=528 on=64 amo=0 | data=64128000 B/step  cum=2052096000 B
step 33  updateFluff=0.170552 s  compute=0.196955 s  save=0.0 s
  comm[33] put=9 get=529 on=64 amo=0 | data=64128000 B/step  cum=2116224000 B
step 34  updateFluff=0.175411 s  compute=0.198326 s  save=0.0 s
  comm[34] put=9 get=528 on=64 amo=0 | data=64128000 B/step  cum=2180352000 B
step 35  updateFluff=0.149168 s  compute=0.198511 s  save=0.0 s
  comm[35] put=9 get=529 on=64 amo=0 | data=64128000 B/step  cum=2244480000 B
step 36  updateFluff=0.172658 s  compute=0.197867 s  save=0.0 s
  comm[36] put=9 get=528 on=64 amo=0 | data=64128000 B/step  cum=2308608000 B
step 37  updateFluff=0.159364 s  compute=0.198683 s  save=1e-06 s
  comm[37] put=9 get=529 on=64 amo=0 | data=64128000 B/step  cum=2372736000 B
step 38  updateFluff=0.153755 s  compute=0.197555 s  save=0.0 s
  comm[38] put=9 get=528 on=64 amo=0 | data=64128000 B/step  cum=2436864000 B
step 39  updateFluff=0.164469 s  compute=0.195148 s  save=0.0 s
  comm[39] put=9 get=529 on=64 amo=0 | data=64128000 B/step  cum=2500992000 B
step 40  updateFluff=0.15968 s  compute=0.194464 s  save=0.0 s
  comm[40] put=9 get=528 on=64 amo=0 | data=64128000 B/step  cum=2565120000 B
step 41  updateFluff=0.151231 s  compute=0.199008 s  save=0.0 s
  comm[41] put=9 get=529 on=64 amo=0 | data=64128000 B/step  cum=2629248000 B
step 42  updateFluff=0.159436 s  compute=0.196349 s  save=0.0 s
  comm[42] put=9 get=528 on=64 amo=0 | data=64128000 B/step  cum=2693376000 B
step 43  updateFluff=0.151905 s  compute=0.197842 s  save=1e-06 s
  comm[43] put=9 get=529 on=64 amo=0 | data=64128000 B/step  cum=2757504000 B
step 44  updateFluff=0.15978 s  compute=0.197697 s  save=0.0 s
  comm[44] put=9 get=528 on=64 amo=0 | data=64128000 B/step  cum=2821632000 B
step 45  updateFluff=0.172485 s  compute=0.199298 s  save=0.0 s
  comm[45] put=9 get=529 on=64 amo=0 | data=64128000 B/step  cum=2885760000 B
step 46  updateFluff=0.166985 s  compute=0.199225 s  save=0.0 s
  comm[46] put=9 get=528 on=64 amo=0 | data=64128000 B/step  cum=2949888000 B
step 47  updateFluff=0.163514 s  compute=0.194787 s  save=0.0 s
  comm[47] put=9 get=529 on=64 amo=0 | data=64128000 B/step  cum=3014016000 B
step 48  updateFluff=0.151977 s  compute=0.198208 s  save=1e-06 s
  comm[48] put=9 get=528 on=64 amo=0 | data=64128000 B/step  cum=3078144000 B
step 49  updateFluff=0.173395 s  compute=0.197466 s  save=0.0 s
  comm[49] put=9 get=529 on=64 amo=0 | data=64128000 B/step  cum=3142272000 B
step 50  updateFluff=0.157179 s  compute=0.198106 s  save=2e-06 s
  comm[50] put=9 get=528 on=64 amo=0 | data=64128000 B/step  cum=3206400000 B
step 51  updateFluff=0.141177 s  compute=0.198276 s  save=0.0 s
  comm[51] put=9 get=529 on=64 amo=0 | data=64128000 B/step  cum=3270528000 B
step 52  updateFluff=0.147088 s  compute=0.197677 s  save=0.0 s
  comm[52] put=9 get=528 on=64 amo=0 | data=64128000 B/step  cum=3334656000 B
step 53  updateFluff=0.175508 s  compute=0.196456 s  save=0.0 s
  comm[53] put=9 get=529 on=64 amo=0 | data=64128000 B/step  cum=3398784000 B
step 54  updateFluff=0.161292 s  compute=0.198118 s  save=0.0 s
  comm[54] put=9 get=528 on=64 amo=0 | data=64128000 B/step  cum=3462912000 B
step 55  updateFluff=0.146807 s  compute=0.198882 s  save=0.0 s
  comm[55] put=9 get=529 on=64 amo=0 | data=64128000 B/step  cum=3527040000 B
step 56  updateFluff=0.149088 s  compute=0.199125 s  save=0.0 s
  comm[56] put=9 get=528 on=64 amo=0 | data=64128000 B/step  cum=3591168000 B
step 57  updateFluff=0.164241 s  compute=0.195639 s  save=0.0 s
  comm[57] put=9 get=529 on=64 amo=0 | data=64128000 B/step  cum=3655296000 B
step 58  updateFluff=0.145585 s  compute=0.199845 s  save=0.0 s
  comm[58] put=9 get=528 on=64 amo=0 | data=64128000 B/step  cum=3719424000 B
step 59  updateFluff=0.153473 s  compute=0.197992 s  save=0.0 s
  comm[59] put=9 get=529 on=64 amo=0 | data=64128000 B/step  cum=3783552000 B
step 60  updateFluff=0.154157 s  compute=0.198476 s  save=0.0 s
  comm[60] put=9 get=528 on=64 amo=0 | data=64128000 B/step  cum=3847680000 B
step 61  updateFluff=0.157835 s  compute=0.196819 s  save=1e-06 s
  comm[61] put=9 get=529 on=64 amo=0 | data=64128000 B/step  cum=3911808000 B
step 62  updateFluff=0.169683 s  compute=0.198592 s  save=0.0 s
  comm[62] put=9 get=528 on=64 amo=0 | data=64128000 B/step  cum=3975936000 B
step 63  updateFluff=0.165843 s  compute=0.198678 s  save=0.0 s
  comm[63] put=9 get=529 on=64 amo=0 | data=64128000 B/step  cum=4040064000 B
step 64  updateFluff=0.160477 s  compute=0.198021 s  save=0.0 s
  comm[64] put=9 get=528 on=64 amo=0 | data=64128000 B/step  cum=4104192000 B
step 65  updateFluff=0.339093 s  compute=0.200594 s  save=0.0 s
  comm[65] put=9 get=529 on=64 amo=0 | data=64128000 B/step  cum=4168320000 B
step 66  updateFluff=0.160073 s  compute=0.194504 s  save=1e-06 s
  comm[66] put=9 get=528 on=64 amo=0 | data=64128000 B/step  cum=4232448000 B
step 67  updateFluff=0.158104 s  compute=0.199067 s  save=0.0 s
  comm[67] put=9 get=529 on=64 amo=0 | data=64128000 B/step  cum=4296576000 B
step 68  updateFluff=0.165352 s  compute=0.197072 s  save=0.0 s
  comm[68] put=9 get=528 on=64 amo=0 | data=64128000 B/step  cum=4360704000 B
step 69  updateFluff=0.152362 s  compute=0.196833 s  save=0.0 s
  comm[69] put=9 get=529 on=64 amo=0 | data=64128000 B/step  cum=4424832000 B
step 70  updateFluff=0.148963 s  compute=0.197677 s  save=0.0 s
  comm[70] put=9 get=528 on=64 amo=0 | data=64128000 B/step  cum=4488960000 B
step 71  updateFluff=0.159121 s  compute=0.19763 s  save=0.0 s
  comm[71] put=9 get=529 on=64 amo=0 | data=64128000 B/step  cum=4553088000 B
step 72  updateFluff=0.148491 s  compute=0.199106 s  save=0.0 s
  comm[72] put=9 get=528 on=64 amo=0 | data=64128000 B/step  cum=4617216000 B
step 73  updateFluff=0.160797 s  compute=0.195023 s  save=0.0 s
  comm[73] put=9 get=529 on=64 amo=0 | data=64128000 B/step  cum=4681344000 B
step 74  updateFluff=0.17025 s  compute=0.196995 s  save=0.0 s
  comm[74] put=9 get=528 on=64 amo=0 | data=64128000 B/step  cum=4745472000 B
step 75  updateFluff=0.155746 s  compute=0.19903 s  save=0.0 s
  comm[75] put=9 get=529 on=64 amo=0 | data=64128000 B/step  cum=4809600000 B
step 76  updateFluff=0.163021 s  compute=0.1981 s  save=0.0 s
  comm[76] put=9 get=528 on=64 amo=0 | data=64128000 B/step  cum=4873728000 B
step 77  updateFluff=0.185016 s  compute=0.195753 s  save=0.0 s
  comm[77] put=9 get=529 on=64 amo=0 | data=64128000 B/step  cum=4937856000 B
step 78  updateFluff=0.166267 s  compute=0.197316 s  save=0.0 s
  comm[78] put=9 get=528 on=64 amo=0 | data=64128000 B/step  cum=5001984000 B
step 79  updateFluff=0.166437 s  compute=0.197226 s  save=0.0 s
  comm[79] put=9 get=529 on=64 amo=0 | data=64128000 B/step  cum=5066112000 B
step 80  updateFluff=0.158865 s  compute=0.197087 s  save=0.0 s
  comm[80] put=9 get=528 on=64 amo=0 | data=64128000 B/step  cum=5130240000 B
step 81  updateFluff=0.158157 s  compute=0.195083 s  save=0.0 s
  comm[81] put=9 get=529 on=64 amo=0 | data=64128000 B/step  cum=5194368000 B
step 82  updateFluff=0.146268 s  compute=0.197624 s  save=0.0 s
  comm[82] put=9 get=528 on=64 amo=0 | data=64128000 B/step  cum=5258496000 B
step 83  updateFluff=0.176361 s  compute=0.198071 s  save=0.0 s
  comm[83] put=9 get=529 on=64 amo=0 | data=64128000 B/step  cum=5322624000 B
step 84  updateFluff=0.158084 s  compute=0.196595 s  save=0.0 s
  comm[84] put=9 get=528 on=64 amo=0 | data=64128000 B/step  cum=5386752000 B
step 85  updateFluff=0.163963 s  compute=0.197368 s  save=0.0 s
  comm[85] put=9 get=529 on=64 amo=0 | data=64128000 B/step  cum=5450880000 B
step 86  updateFluff=0.156529 s  compute=0.198678 s  save=0.0 s
  comm[86] put=9 get=528 on=64 amo=0 | data=64128000 B/step  cum=5515008000 B
step 87  updateFluff=0.157746 s  compute=0.198602 s  save=0.0 s
  comm[87] put=9 get=529 on=64 amo=0 | data=64128000 B/step  cum=5579136000 B
step 88  updateFluff=0.153125 s  compute=0.197797 s  save=0.0 s
  comm[88] put=9 get=528 on=64 amo=0 | data=64128000 B/step  cum=5643264000 B
step 89  updateFluff=0.169287 s  compute=0.19746 s  save=0.0 s
  comm[89] put=9 get=529 on=64 amo=0 | data=64128000 B/step  cum=5707392000 B
step 90  updateFluff=0.173286 s  compute=0.197117 s  save=0.0 s
  comm[90] put=9 get=528 on=64 amo=0 | data=64128000 B/step  cum=5771520000 B
step 91  updateFluff=0.156289 s  compute=0.19774 s  save=0.0 s
  comm[91] put=9 get=529 on=64 amo=0 | data=64128000 B/step  cum=5835648000 B
step 92  updateFluff=0.137847 s  compute=0.197014 s  save=0.0 s
  comm[92] put=9 get=528 on=64 amo=0 | data=64128000 B/step  cum=5899776000 B
step 93  updateFluff=0.145109 s  compute=0.200721 s  save=0.0 s
  comm[93] put=9 get=529 on=64 amo=0 | data=64128000 B/step  cum=5963904000 B
step 94  updateFluff=0.176507 s  compute=0.197392 s  save=1e-06 s
  comm[94] put=9 get=528 on=64 amo=0 | data=64128000 B/step  cum=6028032000 B
step 95  updateFluff=0.147606 s  compute=0.199133 s  save=0.0 s
  comm[95] put=9 get=529 on=64 amo=0 | data=64128000 B/step  cum=6092160000 B
step 96  updateFluff=0.135871 s  compute=0.197445 s  save=0.0 s
  comm[96] put=9 get=528 on=64 amo=0 | data=64128000 B/step  cum=6156288000 B
step 97  updateFluff=0.15811 s  compute=0.197892 s  save=0.0 s
  comm[97] put=9 get=529 on=64 amo=0 | data=64128000 B/step  cum=6220416000 B
step 98  updateFluff=0.155934 s  compute=0.199558 s  save=0.0 s
  comm[98] put=9 get=528 on=64 amo=0 | data=64128000 B/step  cum=6284544000 B
step 99  updateFluff=0.145765 s  compute=0.198683 s  save=0.0 s
  comm[99] put=9 get=529 on=64 amo=0 | data=64128000 B/step  cum=6348672000 B
step 100  updateFluff=0.165887 s  compute=0.197015 s  save=0.0 s
  comm[100] put=9 get=528 on=64 amo=0 | data=64128000 B/step  cum=6412800000 B
[mem] after run locale 0: 2001.43 MB
[mem] after run locale 1: 1996.23 MB
[mem] after run locale 2: 1996.23 MB
[mem] after run locale 3: 1996.23 MB
[mem] after run locale 4: 1990.29 MB
[mem] after run locale 5: 1990.29 MB
[mem] after run locale 6: 1996.23 MB
[mem] after run locale 7: 1990.29 MB
[mem] after run locale 8: 1990.29 MB
final field: min=1.0 max=2.0 sum=1.00518e+09
Execution time:    36.8171 s
