[cfg] threadsPerLocale(requested)=16 numLocales=9
Initialization time: 0.418802 s
[mem] after init (u+un allocated) locale 0: 2001.43 MB
[mem] after init (u+un allocated) locale 1: 1996.23 MB
[mem] after init (u+un allocated) locale 2: 1996.23 MB
[mem] after init (u+un allocated) locale 3: 1996.23 MB
[mem] after init (u+un allocated) locale 4: 1990.29 MB
[mem] after init (u+un allocated) locale 5: 1990.29 MB
[mem] after init (u+un allocated) locale 6: 1996.23 MB
[mem] after init (u+un allocated) locale 7: 1990.29 MB
[mem] after init (u+un allocated) locale 8: 1990.29 MB
[cfg] locale 0 maxTaskPar=16
[cfg] locale 1 maxTaskPar=16
[cfg] locale 2 maxTaskPar=16
[cfg] locale 3 maxTaskPar=16
[cfg] locale 4 maxTaskPar=16
[cfg] locale 5 maxTaskPar=16
[cfg] locale 6 maxTaskPar=16
[cfg] locale 7 maxTaskPar=16
[cfg] locale 8 maxTaskPar=16
[comm] 64128000 B/step across 9 locale(s)
step 1  updateFluff=0.162756 s  compute=0.199165 s  save=1e-06 s
  comm[1] put=0 get=531 on=56 amo=0 | data=64128000 B/step  cum=64128000 B
step 2  updateFluff=0.170161 s  compute=0.196925 s  save=0.0 s
  comm[2] put=9 get=528 on=64 amo=0 | data=64128000 B/step  cum=128256000 B
step 3  updateFluff=0.163612 s  compute=0.198741 s  save=0.0 s
  comm[3] put=9 get=531 on=64 amo=0 | data=64128000 B/step  cum=192384000 B
step 4  updateFluff=0.165653 s  compute=0.197894 s  save=1e-06 s
  comm[4] put=9 get=528 on=64 amo=0 | data=64128000 B/step  cum=256512000 B
step 5  updateFluff=0.169046 s  compute=0.197469 s  save=1e-06 s
  comm[5] put=9 get=531 on=64 amo=0 | data=64128000 B/step  cum=320640000 B
step 6  updateFluff=0.154004 s  compute=0.198785 s  save=0.0 s
  comm[6] put=9 get=528 on=64 amo=0 | data=64128000 B/step  cum=384768000 B
step 7  updateFluff=0.153459 s  compute=0.198091 s  save=1e-06 s
  comm[7] put=9 get=531 on=64 amo=0 | data=64128000 B/step  cum=448896000 B
step 8  updateFluff=0.164157 s  compute=0.199687 s  save=0.0 s
  comm[8] put=9 get=528 on=64 amo=0 | data=64128000 B/step  cum=513024000 B
step 9  updateFluff=0.163504 s  compute=0.197104 s  save=0.0 s
  comm[9] put=9 get=531 on=64 amo=0 | data=64128000 B/step  cum=577152000 B
step 10  updateFluff=0.173308 s  compute=0.197565 s  save=0.0 s
  comm[10] put=9 get=528 on=64 amo=0 | data=64128000 B/step  cum=641280000 B
step 11  updateFluff=0.166963 s  compute=0.199621 s  save=0.0 s
  comm[11] put=9 get=531 on=64 amo=0 | data=64128000 B/step  cum=705408000 B
step 12  updateFluff=0.174902 s  compute=0.196758 s  save=0.0 s
  comm[12] put=9 get=528 on=64 amo=0 | data=64128000 B/step  cum=769536000 B
step 13  updateFluff=0.161669 s  compute=0.197813 s  save=0.0 s
  comm[13] put=9 get=531 on=64 amo=0 | data=64128000 B/step  cum=833664000 B
step 14  updateFluff=0.151637 s  compute=0.196592 s  save=1e-06 s
  comm[14] put=9 get=528 on=64 amo=0 | data=64128000 B/step  cum=897792000 B
step 15  updateFluff=0.174866 s  compute=0.198982 s  save=1e-06 s
  comm[15] put=9 get=531 on=64 amo=0 | data=64128000 B/step  cum=961920000 B
step 16  updateFluff=0.161543 s  compute=0.198009 s  save=0.0 s
  comm[16] put=9 get=528 on=64 amo=0 | data=64128000 B/step  cum=1026048000 B
step 17  updateFluff=0.174149 s  compute=0.197502 s  save=0.0 s
  comm[17] put=9 get=531 on=64 amo=0 | data=64128000 B/step  cum=1090176000 B
step 18  updateFluff=0.155177 s  compute=0.196885 s  save=0.0 s
  comm[18] put=9 get=528 on=64 amo=0 | data=64128000 B/step  cum=1154304000 B
step 19  updateFluff=0.149071 s  compute=0.197742 s  save=1e-06 s
  comm[19] put=9 get=531 on=64 amo=0 | data=64128000 B/step  cum=1218432000 B
step 20  updateFluff=0.172099 s  compute=0.197699 s  save=1e-06 s
  comm[20] put=9 get=528 on=64 amo=0 | data=64128000 B/step  cum=1282560000 B
step 21  updateFluff=0.162955 s  compute=0.196876 s  save=0.0 s
  comm[21] put=9 get=531 on=64 amo=0 | data=64128000 B/step  cum=1346688000 B
step 22  updateFluff=0.152135 s  compute=0.198774 s  save=0.0 s
  comm[22] put=9 get=528 on=64 amo=0 | data=64128000 B/step  cum=1410816000 B
step 23  updateFluff=0.169067 s  compute=0.19828 s  save=0.0 s
  comm[23] put=9 get=531 on=64 amo=0 | data=64128000 B/step  cum=1474944000 B
step 24  updateFluff=0.146547 s  compute=0.19789 s  save=0.0 s
  comm[24] put=9 get=528 on=64 amo=0 | data=64128000 B/step  cum=1539072000 B
step 25  updateFluff=0.157081 s  compute=0.194923 s  save=0.0 s
  comm[25] put=9 get=531 on=64 amo=0 | data=64128000 B/step  cum=1603200000 B
step 26  updateFluff=0.177402 s  compute=0.197546 s  save=0.0 s
  comm[26] put=9 get=528 on=64 amo=0 | data=64128000 B/step  cum=1667328000 B
step 27  updateFluff=0.153644 s  compute=0.198305 s  save=0.0 s
  comm[27] put=9 get=531 on=64 amo=0 | data=64128000 B/step  cum=1731456000 B
step 28  updateFluff=0.287824 s  compute=0.199056 s  save=1e-06 s
  comm[28] put=9 get=528 on=64 amo=0 | data=64128000 B/step  cum=1795584000 B
step 29  updateFluff=0.158919 s  compute=0.19749 s  save=0.0 s
  comm[29] put=9 get=531 on=64 amo=0 | data=64128000 B/step  cum=1859712000 B
step 30  updateFluff=0.167462 s  compute=0.198 s  save=0.0 s
  comm[30] put=9 get=528 on=64 amo=0 | data=64128000 B/step  cum=1923840000 B
step 31  updateFluff=0.155284 s  compute=0.1985 s  save=0.0 s
  comm[31] put=9 get=531 on=64 amo=0 | data=64128000 B/step  cum=1987968000 B
step 32  updateFluff=0.138305 s  compute=0.198473 s  save=0.0 s
  comm[32] put=9 get=528 on=64 amo=0 | data=64128000 B/step  cum=2052096000 B
step 33  updateFluff=0.158885 s  compute=0.19706 s  save=0.0 s
  comm[33] put=9 get=531 on=64 amo=0 | data=64128000 B/step  cum=2116224000 B
step 34  updateFluff=0.162354 s  compute=0.197342 s  save=0.0 s
  comm[34] put=9 get=528 on=64 amo=0 | data=64128000 B/step  cum=2180352000 B
step 35  updateFluff=0.18162 s  compute=0.199054 s  save=0.0 s
  comm[35] put=9 get=531 on=64 amo=0 | data=64128000 B/step  cum=2244480000 B
step 36  updateFluff=0.148719 s  compute=0.198922 s  save=0.0 s
  comm[36] put=9 get=528 on=64 amo=0 | data=64128000 B/step  cum=2308608000 B
step 37  updateFluff=0.164791 s  compute=0.199952 s  save=0.0 s
  comm[37] put=9 get=531 on=64 amo=0 | data=64128000 B/step  cum=2372736000 B
step 38  updateFluff=0.155099 s  compute=0.198416 s  save=0.0 s
  comm[38] put=9 get=528 on=64 amo=0 | data=64128000 B/step  cum=2436864000 B
step 39  updateFluff=0.150327 s  compute=0.197902 s  save=0.0 s
  comm[39] put=9 get=531 on=64 amo=0 | data=64128000 B/step  cum=2500992000 B
step 40  updateFluff=0.166937 s  compute=0.196545 s  save=0.0 s
  comm[40] put=9 get=528 on=64 amo=0 | data=64128000 B/step  cum=2565120000 B
step 41  updateFluff=0.161876 s  compute=0.197307 s  save=0.0 s
  comm[41] put=9 get=531 on=64 amo=0 | data=64128000 B/step  cum=2629248000 B
step 42  updateFluff=0.264424 s  compute=0.200332 s  save=0.0 s
  comm[42] put=9 get=528 on=64 amo=0 | data=64128000 B/step  cum=2693376000 B
step 43  updateFluff=0.171021 s  compute=0.19973 s  save=0.0 s
  comm[43] put=9 get=531 on=64 amo=0 | data=64128000 B/step  cum=2757504000 B
step 44  updateFluff=0.172115 s  compute=0.200383 s  save=0.0 s
  comm[44] put=9 get=528 on=64 amo=0 | data=64128000 B/step  cum=2821632000 B
step 45  updateFluff=0.17266 s  compute=0.201331 s  save=0.0 s
  comm[45] put=9 get=531 on=64 amo=0 | data=64128000 B/step  cum=2885760000 B
step 46  updateFluff=0.176955 s  compute=0.197016 s  save=0.0 s
  comm[46] put=9 get=528 on=64 amo=0 | data=64128000 B/step  cum=2949888000 B
step 47  updateFluff=0.146586 s  compute=0.19684 s  save=0.0 s
  comm[47] put=9 get=531 on=64 amo=0 | data=64128000 B/step  cum=3014016000 B
step 48  updateFluff=0.173459 s  compute=0.198551 s  save=0.0 s
  comm[48] put=9 get=528 on=64 amo=0 | data=64128000 B/step  cum=3078144000 B
step 49  updateFluff=0.156964 s  compute=0.19857 s  save=0.0 s
  comm[49] put=9 get=531 on=64 amo=0 | data=64128000 B/step  cum=3142272000 B
step 50  updateFluff=0.1492 s  compute=0.197928 s  save=0.0 s
  comm[50] put=9 get=528 on=64 amo=0 | data=64128000 B/step  cum=3206400000 B
step 51  updateFluff=0.155465 s  compute=0.198183 s  save=0.0 s
  comm[51] put=9 get=531 on=64 amo=0 | data=64128000 B/step  cum=3270528000 B
step 52  updateFluff=0.150092 s  compute=0.200626 s  save=0.0 s
  comm[52] put=9 get=528 on=64 amo=0 | data=64128000 B/step  cum=3334656000 B
step 53  updateFluff=0.168134 s  compute=0.197593 s  save=0.0 s
  comm[53] put=9 get=531 on=64 amo=0 | data=64128000 B/step  cum=3398784000 B
step 54  updateFluff=0.1679 s  compute=0.197789 s  save=0.0 s
  comm[54] put=9 get=528 on=64 amo=0 | data=64128000 B/step  cum=3462912000 B
step 55  updateFluff=0.17337 s  compute=0.19796 s  save=0.0 s
  comm[55] put=9 get=531 on=64 amo=0 | data=64128000 B/step  cum=3527040000 B
step 56  updateFluff=0.170972 s  compute=0.197219 s  save=0.0 s
  comm[56] put=9 get=528 on=64 amo=0 | data=64128000 B/step  cum=3591168000 B
step 57  updateFluff=0.159671 s  compute=0.198869 s  save=1e-06 s
  comm[57] put=9 get=531 on=64 amo=0 | data=64128000 B/step  cum=3655296000 B
step 58  updateFluff=0.154035 s  compute=0.199306 s  save=0.0 s
  comm[58] put=9 get=528 on=64 amo=0 | data=64128000 B/step  cum=3719424000 B
step 59  updateFluff=0.158863 s  compute=0.200013 s  save=0.0 s
  comm[59] put=9 get=531 on=64 amo=0 | data=64128000 B/step  cum=3783552000 B
step 60  updateFluff=0.15896 s  compute=0.198738 s  save=1e-06 s
  comm[60] put=9 get=528 on=64 amo=0 | data=64128000 B/step  cum=3847680000 B
step 61  updateFluff=0.17351 s  compute=0.196712 s  save=0.0 s
  comm[61] put=9 get=531 on=64 amo=0 | data=64128000 B/step  cum=3911808000 B
step 62  updateFluff=0.166449 s  compute=0.199139 s  save=0.0 s
  comm[62] put=9 get=528 on=64 amo=0 | data=64128000 B/step  cum=3975936000 B
step 63  updateFluff=0.165072 s  compute=0.198531 s  save=0.0 s
  comm[63] put=9 get=531 on=64 amo=0 | data=64128000 B/step  cum=4040064000 B
step 64  updateFluff=0.160438 s  compute=0.196562 s  save=1e-06 s
  comm[64] put=9 get=528 on=64 amo=0 | data=64128000 B/step  cum=4104192000 B
step 65  updateFluff=0.178941 s  compute=0.196671 s  save=0.0 s
  comm[65] put=9 get=531 on=64 amo=0 | data=64128000 B/step  cum=4168320000 B
step 66  updateFluff=0.159636 s  compute=0.197414 s  save=1e-06 s
  comm[66] put=9 get=528 on=64 amo=0 | data=64128000 B/step  cum=4232448000 B
step 67  updateFluff=0.15261 s  compute=0.19723 s  save=0.0 s
  comm[67] put=9 get=531 on=64 amo=0 | data=64128000 B/step  cum=4296576000 B
step 68  updateFluff=0.176445 s  compute=0.197605 s  save=0.0 s
  comm[68] put=9 get=528 on=64 amo=0 | data=64128000 B/step  cum=4360704000 B
step 69  updateFluff=0.15622 s  compute=0.196494 s  save=0.0 s
  comm[69] put=9 get=531 on=64 amo=0 | data=64128000 B/step  cum=4424832000 B
step 70  updateFluff=0.162722 s  compute=0.196854 s  save=0.0 s
  comm[70] put=9 get=528 on=64 amo=0 | data=64128000 B/step  cum=4488960000 B
step 71  updateFluff=0.145719 s  compute=0.196701 s  save=0.0 s
  comm[71] put=9 get=531 on=64 amo=0 | data=64128000 B/step  cum=4553088000 B
step 72  updateFluff=0.163044 s  compute=0.197724 s  save=0.0 s
  comm[72] put=9 get=528 on=64 amo=0 | data=64128000 B/step  cum=4617216000 B
step 73  updateFluff=0.153288 s  compute=0.195383 s  save=0.0 s
  comm[73] put=9 get=531 on=64 amo=0 | data=64128000 B/step  cum=4681344000 B
step 74  updateFluff=0.162094 s  compute=0.197756 s  save=1e-06 s
  comm[74] put=9 get=528 on=64 amo=0 | data=64128000 B/step  cum=4745472000 B
step 75  updateFluff=0.153679 s  compute=0.198751 s  save=0.0 s
  comm[75] put=9 get=531 on=64 amo=0 | data=64128000 B/step  cum=4809600000 B
step 76  updateFluff=0.140617 s  compute=0.195935 s  save=0.0 s
  comm[76] put=9 get=528 on=64 amo=0 | data=64128000 B/step  cum=4873728000 B
step 77  updateFluff=0.143539 s  compute=0.19912 s  save=0.0 s
  comm[77] put=9 get=531 on=64 amo=0 | data=64128000 B/step  cum=4937856000 B
step 78  updateFluff=0.156925 s  compute=0.19641 s  save=0.0 s
  comm[78] put=9 get=528 on=64 amo=0 | data=64128000 B/step  cum=5001984000 B
step 79  updateFluff=0.148502 s  compute=0.193965 s  save=0.0 s
  comm[79] put=9 get=531 on=64 amo=0 | data=64128000 B/step  cum=5066112000 B
step 80  updateFluff=0.176534 s  compute=0.198955 s  save=1e-06 s
  comm[80] put=9 get=528 on=64 amo=0 | data=64128000 B/step  cum=5130240000 B
step 81  updateFluff=0.165828 s  compute=0.198119 s  save=0.0 s
  comm[81] put=9 get=531 on=64 amo=0 | data=64128000 B/step  cum=5194368000 B
step 82  updateFluff=0.165333 s  compute=0.199689 s  save=0.0 s
  comm[82] put=9 get=528 on=64 amo=0 | data=64128000 B/step  cum=5258496000 B
step 83  updateFluff=0.144798 s  compute=0.201163 s  save=0.0 s
  comm[83] put=9 get=531 on=64 amo=0 | data=64128000 B/step  cum=5322624000 B
step 84  updateFluff=0.145109 s  compute=0.199117 s  save=0.0 s
  comm[84] put=9 get=528 on=64 amo=0 | data=64128000 B/step  cum=5386752000 B
step 85  updateFluff=0.149741 s  compute=0.199176 s  save=0.0 s
  comm[85] put=9 get=531 on=64 amo=0 | data=64128000 B/step  cum=5450880000 B
step 86  updateFluff=0.177634 s  compute=0.198292 s  save=0.0 s
  comm[86] put=9 get=528 on=64 amo=0 | data=64128000 B/step  cum=5515008000 B
step 87  updateFluff=0.156631 s  compute=0.201608 s  save=0.0 s
  comm[87] put=9 get=531 on=64 amo=0 | data=64128000 B/step  cum=5579136000 B
step 88  updateFluff=0.164767 s  compute=0.200089 s  save=0.0 s
  comm[88] put=9 get=528 on=64 amo=0 | data=64128000 B/step  cum=5643264000 B
step 89  updateFluff=0.158334 s  compute=0.199183 s  save=0.0 s
  comm[89] put=9 get=531 on=64 amo=0 | data=64128000 B/step  cum=5707392000 B
step 90  updateFluff=0.156853 s  compute=0.198922 s  save=0.0 s
  comm[90] put=9 get=528 on=64 amo=0 | data=64128000 B/step  cum=5771520000 B
step 91  updateFluff=0.16837 s  compute=0.198146 s  save=0.0 s
  comm[91] put=9 get=531 on=64 amo=0 | data=64128000 B/step  cum=5835648000 B
step 92  updateFluff=0.152171 s  compute=0.199958 s  save=0.0 s
  comm[92] put=9 get=528 on=64 amo=0 | data=64128000 B/step  cum=5899776000 B
step 93  updateFluff=0.15394 s  compute=0.198973 s  save=0.0 s
  comm[93] put=9 get=531 on=64 amo=0 | data=64128000 B/step  cum=5963904000 B
step 94  updateFluff=0.160112 s  compute=0.197895 s  save=0.0 s
  comm[94] put=9 get=528 on=64 amo=0 | data=64128000 B/step  cum=6028032000 B
step 95  updateFluff=0.167066 s  compute=0.19579 s  save=0.0 s
  comm[95] put=9 get=531 on=64 amo=0 | data=64128000 B/step  cum=6092160000 B
step 96  updateFluff=0.142257 s  compute=0.19745 s  save=0.0 s
  comm[96] put=9 get=528 on=64 amo=0 | data=64128000 B/step  cum=6156288000 B
step 97  updateFluff=0.16189 s  compute=0.197176 s  save=0.0 s
  comm[97] put=9 get=531 on=64 amo=0 | data=64128000 B/step  cum=6220416000 B
step 98  updateFluff=0.152726 s  compute=0.197858 s  save=1e-06 s
  comm[98] put=9 get=528 on=64 amo=0 | data=64128000 B/step  cum=6284544000 B
step 99  updateFluff=0.16466 s  compute=0.197266 s  save=0.0 s
  comm[99] put=9 get=531 on=64 amo=0 | data=64128000 B/step  cum=6348672000 B
step 100  updateFluff=0.150197 s  compute=0.198913 s  save=0.0 s
  comm[100] put=9 get=528 on=64 amo=0 | data=64128000 B/step  cum=6412800000 B
[mem] after run locale 0: 2001.43 MB
[mem] after run locale 1: 1996.23 MB
[mem] after run locale 2: 1996.23 MB
[mem] after run locale 3: 1996.23 MB
[mem] after run locale 4: 1990.29 MB
[mem] after run locale 5: 1990.29 MB
[mem] after run locale 6: 1996.23 MB
[mem] after run locale 7: 1990.29 MB
[mem] after run locale 8: 1990.29 MB
final field: min=1.0 max=2.0 sum=1.00518e+09
Execution time:    36.65 s
