[cfg] threadsPerLocale(requested)=1 numLocales=9
Initialization time: 0.633472 s
[mem] after init (u+un allocated) locale 0: 2001.43 MB
[mem] after init (u+un allocated) locale 1: 1996.23 MB
[mem] after init (u+un allocated) locale 2: 1996.23 MB
[mem] after init (u+un allocated) locale 3: 1996.23 MB
[mem] after init (u+un allocated) locale 4: 1990.29 MB
[mem] after init (u+un allocated) locale 5: 1990.29 MB
[mem] after init (u+un allocated) locale 6: 1996.23 MB
[mem] after init (u+un allocated) locale 7: 1990.29 MB
[mem] after init (u+un allocated) locale 8: 1990.29 MB
[cfg] locale 0 maxTaskPar=1
[cfg] locale 1 maxTaskPar=1
[cfg] locale 2 maxTaskPar=1
[cfg] locale 3 maxTaskPar=1
[cfg] locale 4 maxTaskPar=1
[cfg] locale 5 maxTaskPar=1
[cfg] locale 6 maxTaskPar=1
[cfg] locale 7 maxTaskPar=1
[cfg] locale 8 maxTaskPar=1
[comm] 64128000 B/step across 9 locale(s)
step 1  updateFluff=0.190747 s  compute=0.139484 s  save=0.0 s
  comm[1] put=0 get=529 on=56 amo=0 | data=64128000 B/step  cum=64128000 B
step 2  updateFluff=0.204651 s  compute=0.139089 s  save=0.0 s
  comm[2] put=9 get=525 on=64 amo=0 | data=64128000 B/step  cum=128256000 B
step 3  updateFluff=0.196731 s  compute=0.139649 s  save=0.0 s
  comm[3] put=9 get=529 on=64 amo=0 | data=64128000 B/step  cum=192384000 B
step 4  updateFluff=0.203915 s  compute=0.139202 s  save=1e-06 s
  comm[4] put=9 get=525 on=64 amo=0 | data=64128000 B/step  cum=256512000 B
step 5  updateFluff=0.195615 s  compute=0.139375 s  save=0.0 s
  comm[5] put=9 get=529 on=64 amo=0 | data=64128000 B/step  cum=320640000 B
step 6  updateFluff=0.201513 s  compute=0.139104 s  save=0.0 s
  comm[6] put=9 get=525 on=64 amo=0 | data=64128000 B/step  cum=384768000 B
step 7  updateFluff=0.190411 s  compute=0.1396 s  save=1e-06 s
  comm[7] put=9 get=529 on=64 amo=0 | data=64128000 B/step  cum=448896000 B
step 8  updateFluff=0.184081 s  compute=0.139162 s  save=0.0 s
  comm[8] put=9 get=525 on=64 amo=0 | data=64128000 B/step  cum=513024000 B
step 9  updateFluff=0.183531 s  compute=0.139463 s  save=0.0 s
  comm[9] put=9 get=529 on=64 amo=0 | data=64128000 B/step  cum=577152000 B
step 10  updateFluff=0.201641 s  compute=0.139282 s  save=0.0 s
  comm[10] put=9 get=525 on=64 amo=0 | data=64128000 B/step  cum=641280000 B
step 11  updateFluff=0.205632 s  compute=0.139453 s  save=0.0 s
  comm[11] put=9 get=529 on=64 amo=0 | data=64128000 B/step  cum=705408000 B
step 12  updateFluff=0.198455 s  compute=0.13968 s  save=0.0 s
  comm[12] put=9 get=525 on=64 amo=0 | data=64128000 B/step  cum=769536000 B
step 13  updateFluff=0.183041 s  compute=0.139475 s  save=0.0 s
  comm[13] put=9 get=529 on=64 amo=0 | data=64128000 B/step  cum=833664000 B
step 14  updateFluff=0.199064 s  compute=0.139087 s  save=1e-06 s
  comm[14] put=9 get=525 on=64 amo=0 | data=64128000 B/step  cum=897792000 B
step 15  updateFluff=0.202672 s  compute=0.139452 s  save=1e-06 s
  comm[15] put=9 get=529 on=64 amo=0 | data=64128000 B/step  cum=961920000 B
step 16  updateFluff=0.201008 s  compute=0.139225 s  save=0.0 s
  comm[16] put=9 get=525 on=64 amo=0 | data=64128000 B/step  cum=1026048000 B
step 17  updateFluff=0.181903 s  compute=0.139462 s  save=0.0 s
  comm[17] put=9 get=529 on=64 amo=0 | data=64128000 B/step  cum=1090176000 B
step 18  updateFluff=0.206946 s  compute=0.13919 s  save=0.0 s
  comm[18] put=9 get=525 on=64 amo=0 | data=64128000 B/step  cum=1154304000 B
step 19  updateFluff=0.198387 s  compute=0.139531 s  save=0.0 s
  comm[19] put=9 get=529 on=64 amo=0 | data=64128000 B/step  cum=1218432000 B
step 20  updateFluff=0.200667 s  compute=0.139242 s  save=0.0 s
  comm[20] put=9 get=525 on=64 amo=0 | data=64128000 B/step  cum=1282560000 B
step 21  updateFluff=0.200835 s  compute=0.139475 s  save=0.0 s
  comm[21] put=9 get=529 on=64 amo=0 | data=64128000 B/step  cum=1346688000 B
step 22  updateFluff=0.204914 s  compute=0.139333 s  save=0.0 s
  comm[22] put=9 get=525 on=64 amo=0 | data=64128000 B/step  cum=1410816000 B
step 23  updateFluff=0.208852 s  compute=0.139585 s  save=0.0 s
  comm[23] put=9 get=529 on=64 amo=0 | data=64128000 B/step  cum=1474944000 B
step 24  updateFluff=0.201077 s  compute=0.139058 s  save=0.0 s
  comm[24] put=9 get=525 on=64 amo=0 | data=64128000 B/step  cum=1539072000 B
step 25  updateFluff=0.205258 s  compute=0.139444 s  save=0.0 s
  comm[25] put=9 get=529 on=64 amo=0 | data=64128000 B/step  cum=1603200000 B
step 26  updateFluff=0.192313 s  compute=0.139069 s  save=0.0 s
  comm[26] put=9 get=525 on=64 amo=0 | data=64128000 B/step  cum=1667328000 B
step 27  updateFluff=0.201479 s  compute=0.139379 s  save=0.0 s
  comm[27] put=9 get=529 on=64 amo=0 | data=64128000 B/step  cum=1731456000 B
step 28  updateFluff=0.199164 s  compute=0.139239 s  save=0.0 s
  comm[28] put=9 get=525 on=64 amo=0 | data=64128000 B/step  cum=1795584000 B
step 29  updateFluff=0.199345 s  compute=0.139547 s  save=1e-06 s
  comm[29] put=9 get=529 on=64 amo=0 | data=64128000 B/step  cum=1859712000 B
step 30  updateFluff=0.191625 s  compute=0.139097 s  save=0.0 s
  comm[30] put=9 get=525 on=64 amo=0 | data=64128000 B/step  cum=1923840000 B
step 31  updateFluff=0.183497 s  compute=0.139545 s  save=0.0 s
  comm[31] put=9 get=529 on=64 amo=0 | data=64128000 B/step  cum=1987968000 B
step 32  updateFluff=0.205827 s  compute=0.139262 s  save=2e-06 s
  comm[32] put=9 get=525 on=64 amo=0 | data=64128000 B/step  cum=2052096000 B
step 33  updateFluff=0.184112 s  compute=0.139405 s  save=0.0 s
  comm[33] put=9 get=529 on=64 amo=0 | data=64128000 B/step  cum=2116224000 B
step 34  updateFluff=0.195985 s  compute=0.13921 s  save=3e-06 s
  comm[34] put=9 get=525 on=64 amo=0 | data=64128000 B/step  cum=2180352000 B
step 35  updateFluff=0.201504 s  compute=0.1395 s  save=0.0 s
  comm[35] put=9 get=529 on=64 amo=0 | data=64128000 B/step  cum=2244480000 B
step 36  updateFluff=0.200381 s  compute=0.139091 s  save=1e-06 s
  comm[36] put=9 get=525 on=64 amo=0 | data=64128000 B/step  cum=2308608000 B
step 37  updateFluff=0.18963 s  compute=0.139483 s  save=0.0 s
  comm[37] put=9 get=529 on=64 amo=0 | data=64128000 B/step  cum=2372736000 B
step 38  updateFluff=0.204232 s  compute=0.139163 s  save=0.0 s
  comm[38] put=9 get=525 on=64 amo=0 | data=64128000 B/step  cum=2436864000 B
step 39  updateFluff=0.200917 s  compute=0.139377 s  save=0.0 s
  comm[39] put=9 get=529 on=64 amo=0 | data=64128000 B/step  cum=2500992000 B
step 40  updateFluff=0.167942 s  compute=0.13917 s  save=0.0 s
  comm[40] put=9 get=525 on=64 amo=0 | data=64128000 B/step  cum=2565120000 B
step 41  updateFluff=0.196865 s  compute=0.139545 s  save=0.0 s
  comm[41] put=9 get=529 on=64 amo=0 | data=64128000 B/step  cum=2629248000 B
step 42  updateFluff=0.169767 s  compute=0.139181 s  save=0.0 s
  comm[42] put=9 get=525 on=64 amo=0 | data=64128000 B/step  cum=2693376000 B
step 43  updateFluff=0.182393 s  compute=0.139421 s  save=1e-06 s
  comm[43] put=9 get=529 on=64 amo=0 | data=64128000 B/step  cum=2757504000 B
step 44  updateFluff=0.189547 s  compute=0.139274 s  save=0.0 s
  comm[44] put=9 get=525 on=64 amo=0 | data=64128000 B/step  cum=2821632000 B
step 45  updateFluff=0.196417 s  compute=0.13943 s  save=0.0 s
  comm[45] put=9 get=529 on=64 amo=0 | data=64128000 B/step  cum=2885760000 B
step 46  updateFluff=0.201013 s  compute=0.139137 s  save=0.0 s
  comm[46] put=9 get=525 on=64 amo=0 | data=64128000 B/step  cum=2949888000 B
step 47  updateFluff=0.187753 s  compute=0.13957 s  save=0.0 s
  comm[47] put=9 get=529 on=64 amo=0 | data=64128000 B/step  cum=3014016000 B
step 48  updateFluff=0.18796 s  compute=0.139042 s  save=1e-06 s
  comm[48] put=9 get=525 on=64 amo=0 | data=64128000 B/step  cum=3078144000 B
step 49  updateFluff=0.196749 s  compute=0.139466 s  save=1e-06 s
  comm[49] put=9 get=529 on=64 amo=0 | data=64128000 B/step  cum=3142272000 B
step 50  updateFluff=0.185469 s  compute=0.139295 s  save=1e-06 s
  comm[50] put=9 get=525 on=64 amo=0 | data=64128000 B/step  cum=3206400000 B
step 51  updateFluff=0.190824 s  compute=0.13941 s  save=0.0 s
  comm[51] put=9 get=529 on=64 amo=0 | data=64128000 B/step  cum=3270528000 B
step 52  updateFluff=0.189399 s  compute=0.139133 s  save=1e-06 s
  comm[52] put=9 get=525 on=64 amo=0 | data=64128000 B/step  cum=3334656000 B
step 53  updateFluff=0.198088 s  compute=0.139549 s  save=1e-06 s
  comm[53] put=9 get=529 on=64 amo=0 | data=64128000 B/step  cum=3398784000 B
step 54  updateFluff=0.195244 s  compute=0.139071 s  save=0.0 s
  comm[54] put=9 get=525 on=64 amo=0 | data=64128000 B/step  cum=3462912000 B
step 55  updateFluff=0.19677 s  compute=0.139387 s  save=1e-06 s
  comm[55] put=9 get=529 on=64 amo=0 | data=64128000 B/step  cum=3527040000 B
step 56  updateFluff=0.191272 s  compute=0.139226 s  save=0.0 s
  comm[56] put=9 get=525 on=64 amo=0 | data=64128000 B/step  cum=3591168000 B
step 57  updateFluff=0.183556 s  compute=0.139481 s  save=1e-06 s
  comm[57] put=9 get=529 on=64 amo=0 | data=64128000 B/step  cum=3655296000 B
step 58  updateFluff=0.199157 s  compute=0.139212 s  save=0.0 s
  comm[58] put=9 get=525 on=64 amo=0 | data=64128000 B/step  cum=3719424000 B
step 59  updateFluff=0.200012 s  compute=0.139518 s  save=0.0 s
  comm[59] put=9 get=529 on=64 amo=0 | data=64128000 B/step  cum=3783552000 B
step 60  updateFluff=0.19499 s  compute=0.139107 s  save=0.0 s
  comm[60] put=9 get=525 on=64 amo=0 | data=64128000 B/step  cum=3847680000 B
step 61  updateFluff=0.200621 s  compute=0.139388 s  save=0.0 s
  comm[61] put=9 get=529 on=64 amo=0 | data=64128000 B/step  cum=3911808000 B
step 62  updateFluff=0.199829 s  compute=0.139224 s  save=0.0 s
  comm[62] put=9 get=525 on=64 amo=0 | data=64128000 B/step  cum=3975936000 B
step 63  updateFluff=0.201621 s  compute=0.139344 s  save=0.0 s
  comm[63] put=9 get=529 on=64 amo=0 | data=64128000 B/step  cum=4040064000 B
step 64  updateFluff=0.207894 s  compute=0.139158 s  save=0.0 s
  comm[64] put=9 get=525 on=64 amo=0 | data=64128000 B/step  cum=4104192000 B
step 65  updateFluff=0.202414 s  compute=0.139371 s  save=0.0 s
  comm[65] put=9 get=529 on=64 amo=0 | data=64128000 B/step  cum=4168320000 B
step 66  updateFluff=0.173622 s  compute=0.139233 s  save=1e-06 s
  comm[66] put=9 get=525 on=64 amo=0 | data=64128000 B/step  cum=4232448000 B
step 67  updateFluff=0.19953 s  compute=0.139382 s  save=0.0 s
  comm[67] put=9 get=529 on=64 amo=0 | data=64128000 B/step  cum=4296576000 B
step 68  updateFluff=0.199322 s  compute=0.139091 s  save=1e-06 s
  comm[68] put=9 get=525 on=64 amo=0 | data=64128000 B/step  cum=4360704000 B
step 69  updateFluff=0.202804 s  compute=0.139535 s  save=0.0 s
  comm[69] put=9 get=529 on=64 amo=0 | data=64128000 B/step  cum=4424832000 B
step 70  updateFluff=0.201979 s  compute=0.139274 s  save=0.0 s
  comm[70] put=9 get=525 on=64 amo=0 | data=64128000 B/step  cum=4488960000 B
step 71  updateFluff=0.198341 s  compute=0.139349 s  save=1e-06 s
  comm[71] put=9 get=529 on=64 amo=0 | data=64128000 B/step  cum=4553088000 B
step 72  updateFluff=0.190342 s  compute=0.139229 s  save=0.0 s
  comm[72] put=9 get=525 on=64 amo=0 | data=64128000 B/step  cum=4617216000 B
step 73  updateFluff=0.200589 s  compute=0.139445 s  save=1e-06 s
  comm[73] put=9 get=529 on=64 amo=0 | data=64128000 B/step  cum=4681344000 B
step 74  updateFluff=0.183769 s  compute=0.139064 s  save=1e-06 s
  comm[74] put=9 get=525 on=64 amo=0 | data=64128000 B/step  cum=4745472000 B
step 75  updateFluff=0.202864 s  compute=0.139729 s  save=1e-06 s
  comm[75] put=9 get=529 on=64 amo=0 | data=64128000 B/step  cum=4809600000 B
step 76  updateFluff=0.199031 s  compute=0.1391 s  save=0.0 s
  comm[76] put=9 get=525 on=64 amo=0 | data=64128000 B/step  cum=4873728000 B
step 77  updateFluff=0.205265 s  compute=0.139501 s  save=0.0 s
  comm[77] put=9 get=529 on=64 amo=0 | data=64128000 B/step  cum=4937856000 B
step 78  updateFluff=0.194703 s  compute=0.139403 s  save=0.0 s
  comm[78] put=9 get=525 on=64 amo=0 | data=64128000 B/step  cum=5001984000 B
step 79  updateFluff=0.186971 s  compute=0.139395 s  save=1e-06 s
  comm[79] put=9 get=529 on=64 amo=0 | data=64128000 B/step  cum=5066112000 B
step 80  updateFluff=0.181532 s  compute=0.138581 s  save=0.0 s
  comm[80] put=9 get=525 on=64 amo=0 | data=64128000 B/step  cum=5130240000 B
step 81  updateFluff=0.199346 s  compute=0.139469 s  save=1e-06 s
  comm[81] put=9 get=529 on=64 amo=0 | data=64128000 B/step  cum=5194368000 B
step 82  updateFluff=0.204863 s  compute=0.139218 s  save=0.0 s
  comm[82] put=9 get=525 on=64 amo=0 | data=64128000 B/step  cum=5258496000 B
step 83  updateFluff=0.198003 s  compute=0.139357 s  save=0.0 s
  comm[83] put=9 get=529 on=64 amo=0 | data=64128000 B/step  cum=5322624000 B
step 84  updateFluff=0.208652 s  compute=0.139163 s  save=0.0 s
  comm[84] put=9 get=525 on=64 amo=0 | data=64128000 B/step  cum=5386752000 B
step 85  updateFluff=0.194459 s  compute=0.139439 s  save=0.0 s
  comm[85] put=9 get=529 on=64 amo=0 | data=64128000 B/step  cum=5450880000 B
step 86  updateFluff=0.168605 s  compute=0.139126 s  save=0.0 s
  comm[86] put=9 get=525 on=64 amo=0 | data=64128000 B/step  cum=5515008000 B
step 87  updateFluff=0.196003 s  compute=0.139722 s  save=0.0 s
  comm[87] put=9 get=529 on=64 amo=0 | data=64128000 B/step  cum=5579136000 B
step 88  updateFluff=0.202943 s  compute=0.139097 s  save=0.0 s
  comm[88] put=9 get=525 on=64 amo=0 | data=64128000 B/step  cum=5643264000 B
step 89  updateFluff=0.183653 s  compute=0.139418 s  save=0.0 s
  comm[89] put=9 get=529 on=64 amo=0 | data=64128000 B/step  cum=5707392000 B
step 90  updateFluff=0.20004 s  compute=0.139379 s  save=0.0 s
  comm[90] put=9 get=525 on=64 amo=0 | data=64128000 B/step  cum=5771520000 B
step 91  updateFluff=0.200851 s  compute=0.139445 s  save=0.0 s
  comm[91] put=9 get=529 on=64 amo=0 | data=64128000 B/step  cum=5835648000 B
step 92  updateFluff=0.183094 s  compute=0.139097 s  save=1e-06 s
  comm[92] put=9 get=525 on=64 amo=0 | data=64128000 B/step  cum=5899776000 B
step 93  updateFluff=0.187127 s  compute=0.139542 s  save=1e-06 s
  comm[93] put=9 get=529 on=64 amo=0 | data=64128000 B/step  cum=5963904000 B
step 94  updateFluff=0.185175 s  compute=0.139235 s  save=0.0 s
  comm[94] put=9 get=525 on=64 amo=0 | data=64128000 B/step  cum=6028032000 B
step 95  updateFluff=0.183463 s  compute=0.13936 s  save=0.0 s
  comm[95] put=9 get=529 on=64 amo=0 | data=64128000 B/step  cum=6092160000 B
step 96  updateFluff=0.188534 s  compute=0.139266 s  save=0.0 s
  comm[96] put=9 get=525 on=64 amo=0 | data=64128000 B/step  cum=6156288000 B
step 97  updateFluff=0.190366 s  compute=0.139407 s  save=0.0 s
  comm[97] put=9 get=529 on=64 amo=0 | data=64128000 B/step  cum=6220416000 B
step 98  updateFluff=0.187406 s  compute=0.13921 s  save=0.0 s
  comm[98] put=9 get=525 on=64 amo=0 | data=64128000 B/step  cum=6284544000 B
step 99  updateFluff=0.203911 s  compute=0.139598 s  save=1e-06 s
  comm[99] put=9 get=529 on=64 amo=0 | data=64128000 B/step  cum=6348672000 B
step 100  updateFluff=0.186419 s  compute=0.13911 s  save=0.0 s
  comm[100] put=9 get=525 on=64 amo=0 | data=64128000 B/step  cum=6412800000 B
[mem] after run locale 0: 2001.43 MB
[mem] after run locale 1: 1996.23 MB
[mem] after run locale 2: 1996.23 MB
[mem] after run locale 3: 1996.23 MB
[mem] after run locale 4: 1990.29 MB
[mem] after run locale 5: 1990.29 MB
[mem] after run locale 6: 1996.23 MB
[mem] after run locale 7: 1990.29 MB
[mem] after run locale 8: 1990.29 MB
final field: min=1.0 max=2.0 sum=1.00518e+09
Execution time:    33.9215 s
