[cfg] threadsPerLocale(requested)=8 numLocales=9
Initialization time: 0.436916 s
[mem] after init (u+un allocated) locale 0: 2001.43 MB
[mem] after init (u+un allocated) locale 1: 1996.23 MB
[mem] after init (u+un allocated) locale 2: 1996.23 MB
[mem] after init (u+un allocated) locale 3: 1996.23 MB
[mem] after init (u+un allocated) locale 4: 1990.29 MB
[mem] after init (u+un allocated) locale 5: 1990.29 MB
[mem] after init (u+un allocated) locale 6: 1996.23 MB
[mem] after init (u+un allocated) locale 7: 1990.29 MB
[mem] after init (u+un allocated) locale 8: 1990.29 MB
[cfg] locale 0 maxTaskPar=8
[cfg] locale 1 maxTaskPar=8
[cfg] locale 2 maxTaskPar=8
[cfg] locale 3 maxTaskPar=8
[cfg] locale 4 maxTaskPar=8
[cfg] locale 5 maxTaskPar=8
[cfg] locale 6 maxTaskPar=8
[cfg] locale 7 maxTaskPar=8
[cfg] locale 8 maxTaskPar=8
[comm] 64128000 B/step across 9 locale(s)
step 1  updateFluff=0.158905 s  compute=0.199373 s  save=0.0 s
  comm[1] put=0 get=529 on=56 amo=0 | data=64128000 B/step  cum=64128000 B
step 2  updateFluff=0.151512 s  compute=0.200798 s  save=1e-06 s
  comm[2] put=9 get=528 on=64 amo=0 | data=64128000 B/step  cum=128256000 B
step 3  updateFluff=0.179547 s  compute=0.198919 s  save=0.0 s
  comm[3] put=9 get=529 on=64 amo=0 | data=64128000 B/step  cum=192384000 B
step 4  updateFluff=0.161987 s  compute=0.199495 s  save=0.0 s
  comm[4] put=9 get=528 on=64 amo=0 | data=64128000 B/step  cum=256512000 B
step 5  updateFluff=0.169889 s  compute=0.197616 s  save=0.0 s
  comm[5] put=9 get=529 on=64 amo=0 | data=64128000 B/step  cum=320640000 B
step 6  updateFluff=0.146998 s  compute=0.200555 s  save=1e-06 s
  comm[6] put=9 get=528 on=64 amo=0 | data=64128000 B/step  cum=384768000 B
step 7  updateFluff=0.151873 s  compute=0.196049 s  save=0.0 s
  comm[7] put=9 get=529 on=64 amo=0 | data=64128000 B/step  cum=448896000 B
step 8  updateFluff=0.169852 s  compute=0.197726 s  save=0.0 s
  comm[8] put=9 get=528 on=64 amo=0 | data=64128000 B/step  cum=513024000 B
step 9  updateFluff=0.161628 s  compute=0.19727 s  save=0.0 s
  comm[9] put=9 get=529 on=64 amo=0 | data=64128000 B/step  cum=577152000 B
step 10  updateFluff=0.153285 s  compute=0.197843 s  save=0.0 s
  comm[10] put=9 get=528 on=64 amo=0 | data=64128000 B/step  cum=641280000 B
step 11  updateFluff=0.150578 s  compute=0.197307 s  save=1e-06 s
  comm[11] put=9 get=529 on=64 amo=0 | data=64128000 B/step  cum=705408000 B
step 12  updateFluff=0.181886 s  compute=0.197922 s  save=0.0 s
  comm[12] put=9 get=528 on=64 amo=0 | data=64128000 B/step  cum=769536000 B
step 13  updateFluff=0.161752 s  compute=0.200263 s  save=0.0 s
  comm[13] put=9 get=529 on=64 amo=0 | data=64128000 B/step  cum=833664000 B
step 14  updateFluff=0.178215 s  compute=0.201046 s  save=0.0 s
  comm[14] put=9 get=528 on=64 amo=0 | data=64128000 B/step  cum=897792000 B
step 15  updateFluff=0.159536 s  compute=0.198699 s  save=1e-06 s
  comm[15] put=9 get=529 on=64 amo=0 | data=64128000 B/step  cum=961920000 B
step 16  updateFluff=0.174954 s  compute=0.197776 s  save=0.0 s
  comm[16] put=9 get=528 on=64 amo=0 | data=64128000 B/step  cum=1026048000 B
step 17  updateFluff=0.148909 s  compute=0.200654 s  save=1e-06 s
  comm[17] put=9 get=529 on=64 amo=0 | data=64128000 B/step  cum=1090176000 B
step 18  updateFluff=0.154988 s  compute=0.198699 s  save=0.0 s
  comm[18] put=9 get=528 on=64 amo=0 | data=64128000 B/step  cum=1154304000 B
step 19  updateFluff=0.17553 s  compute=0.200706 s  save=0.0 s
  comm[19] put=9 get=529 on=64 amo=0 | data=64128000 B/step  cum=1218432000 B
step 20  updateFluff=0.178075 s  compute=0.199273 s  save=0.0 s
  comm[20] put=9 get=528 on=64 amo=0 | data=64128000 B/step  cum=1282560000 B
step 21  updateFluff=0.150395 s  compute=0.200842 s  save=0.0 s
  comm[21] put=9 get=529 on=64 amo=0 | data=64128000 B/step  cum=1346688000 B
step 22  updateFluff=0.178925 s  compute=0.199506 s  save=0.0 s
  comm[22] put=9 get=528 on=64 amo=0 | data=64128000 B/step  cum=1410816000 B
step 23  updateFluff=0.153052 s  compute=0.196614 s  save=0.0 s
  comm[23] put=9 get=529 on=64 amo=0 | data=64128000 B/step  cum=1474944000 B
step 24  updateFluff=0.167711 s  compute=0.196926 s  save=0.0 s
  comm[24] put=9 get=528 on=64 amo=0 | data=64128000 B/step  cum=1539072000 B
step 25  updateFluff=0.142862 s  compute=0.199107 s  save=0.0 s
  comm[25] put=9 get=529 on=64 amo=0 | data=64128000 B/step  cum=1603200000 B
step 26  updateFluff=0.169234 s  compute=0.197203 s  save=0.0 s
  comm[26] put=9 get=528 on=64 amo=0 | data=64128000 B/step  cum=1667328000 B
step 27  updateFluff=0.169457 s  compute=0.19673 s  save=0.0 s
  comm[27] put=9 get=529 on=64 amo=0 | data=64128000 B/step  cum=1731456000 B
step 28  updateFluff=0.172531 s  compute=0.197638 s  save=1e-06 s
  comm[28] put=9 get=528 on=64 amo=0 | data=64128000 B/step  cum=1795584000 B
step 29  updateFluff=0.180009 s  compute=0.196709 s  save=0.0 s
  comm[29] put=9 get=529 on=64 amo=0 | data=64128000 B/step  cum=1859712000 B
step 30  updateFluff=0.141717 s  compute=0.198418 s  save=0.0 s
  comm[30] put=9 get=528 on=64 amo=0 | data=64128000 B/step  cum=1923840000 B
step 31  updateFluff=0.184791 s  compute=0.19688 s  save=0.0 s
  comm[31] put=9 get=529 on=64 amo=0 | data=64128000 B/step  cum=1987968000 B
step 32  updateFluff=0.1629 s  compute=0.197293 s  save=0.0 s
  comm[32] put=9 get=528 on=64 amo=0 | data=64128000 B/step  cum=2052096000 B
step 33  updateFluff=0.158733 s  compute=0.197398 s  save=0.0 s
  comm[33] put=9 get=529 on=64 amo=0 | data=64128000 B/step  cum=2116224000 B
step 34  updateFluff=0.162942 s  compute=0.200001 s  save=0.0 s
  comm[34] put=9 get=528 on=64 amo=0 | data=64128000 B/step  cum=2180352000 B
step 35  updateFluff=0.160415 s  compute=0.196978 s  save=0.0 s
  comm[35] put=9 get=529 on=64 amo=0 | data=64128000 B/step  cum=2244480000 B
step 36  updateFluff=0.167472 s  compute=0.197889 s  save=0.0 s
  comm[36] put=9 get=528 on=64 amo=0 | data=64128000 B/step  cum=2308608000 B
step 37  updateFluff=0.151414 s  compute=0.200144 s  save=0.0 s
  comm[37] put=9 get=529 on=64 amo=0 | data=64128000 B/step  cum=2372736000 B
step 38  updateFluff=0.160138 s  compute=0.197581 s  save=0.0 s
  comm[38] put=9 get=528 on=64 amo=0 | data=64128000 B/step  cum=2436864000 B
step 39  updateFluff=0.151969 s  compute=0.200494 s  save=1e-06 s
  comm[39] put=9 get=529 on=64 amo=0 | data=64128000 B/step  cum=2500992000 B
step 40  updateFluff=0.173178 s  compute=0.200603 s  save=0.0 s
  comm[40] put=9 get=528 on=64 amo=0 | data=64128000 B/step  cum=2565120000 B
step 41  updateFluff=0.165618 s  compute=0.196973 s  save=0.0 s
  comm[41] put=9 get=529 on=64 amo=0 | data=64128000 B/step  cum=2629248000 B
step 42  updateFluff=0.169761 s  compute=0.197197 s  save=0.0 s
  comm[42] put=9 get=528 on=64 amo=0 | data=64128000 B/step  cum=2693376000 B
step 43  updateFluff=0.159886 s  compute=0.196717 s  save=0.0 s
  comm[43] put=9 get=529 on=64 amo=0 | data=64128000 B/step  cum=2757504000 B
step 44  updateFluff=0.153619 s  compute=0.199209 s  save=0.0 s
  comm[44] put=9 get=528 on=64 amo=0 | data=64128000 B/step  cum=2821632000 B
step 45  updateFluff=0.177418 s  compute=0.196901 s  save=0.0 s
  comm[45] put=9 get=529 on=64 amo=0 | data=64128000 B/step  cum=2885760000 B
step 46  updateFluff=0.160331 s  compute=0.197 s  save=0.0 s
  comm[46] put=9 get=528 on=64 amo=0 | data=64128000 B/step  cum=2949888000 B
step 47  updateFluff=0.154608 s  compute=0.197648 s  save=1e-06 s
  comm[47] put=9 get=529 on=64 amo=0 | data=64128000 B/step  cum=3014016000 B
step 48  updateFluff=0.16645 s  compute=0.200227 s  save=0.0 s
  comm[48] put=9 get=528 on=64 amo=0 | data=64128000 B/step  cum=3078144000 B
step 49  updateFluff=0.159578 s  compute=0.201164 s  save=0.0 s
  comm[49] put=9 get=529 on=64 amo=0 | data=64128000 B/step  cum=3142272000 B
step 50  updateFluff=0.176473 s  compute=0.198036 s  save=1e-06 s
  comm[50] put=9 get=528 on=64 amo=0 | data=64128000 B/step  cum=3206400000 B
step 51  updateFluff=0.180066 s  compute=0.198437 s  save=0.0 s
  comm[51] put=9 get=529 on=64 amo=0 | data=64128000 B/step  cum=3270528000 B
step 52  updateFluff=0.17023 s  compute=0.200528 s  save=1e-06 s
  comm[52] put=9 get=528 on=64 amo=0 | data=64128000 B/step  cum=3334656000 B
step 53  updateFluff=0.149577 s  compute=0.199444 s  save=0.0 s
  comm[53] put=9 get=529 on=64 amo=0 | data=64128000 B/step  cum=3398784000 B
step 54  updateFluff=0.169437 s  compute=0.198964 s  save=1e-06 s
  comm[54] put=9 get=528 on=64 amo=0 | data=64128000 B/step  cum=3462912000 B
step 55  updateFluff=0.158449 s  compute=0.201863 s  save=1e-06 s
  comm[55] put=9 get=529 on=64 amo=0 | data=64128000 B/step  cum=3527040000 B
step 56  updateFluff=0.154469 s  compute=0.198211 s  save=0.0 s
  comm[56] put=9 get=528 on=64 amo=0 | data=64128000 B/step  cum=3591168000 B
step 57  updateFluff=0.15284 s  compute=0.196851 s  save=0.0 s
  comm[57] put=9 get=529 on=64 amo=0 | data=64128000 B/step  cum=3655296000 B
step 58  updateFluff=0.148316 s  compute=0.197205 s  save=0.0 s
  comm[58] put=9 get=528 on=64 amo=0 | data=64128000 B/step  cum=3719424000 B
step 59  updateFluff=0.155798 s  compute=0.197255 s  save=0.0 s
  comm[59] put=9 get=529 on=64 amo=0 | data=64128000 B/step  cum=3783552000 B
step 60  updateFluff=0.14763 s  compute=0.19684 s  save=1e-06 s
  comm[60] put=9 get=528 on=64 amo=0 | data=64128000 B/step  cum=3847680000 B
step 61  updateFluff=0.158074 s  compute=0.198021 s  save=0.0 s
  comm[61] put=9 get=529 on=64 amo=0 | data=64128000 B/step  cum=3911808000 B
step 62  updateFluff=0.136743 s  compute=0.198953 s  save=0.0 s
  comm[62] put=9 get=528 on=64 amo=0 | data=64128000 B/step  cum=3975936000 B
step 63  updateFluff=0.145265 s  compute=0.198712 s  save=0.0 s
  comm[63] put=9 get=529 on=64 amo=0 | data=64128000 B/step  cum=4040064000 B
step 64  updateFluff=0.170025 s  compute=0.199582 s  save=0.0 s
  comm[64] put=9 get=528 on=64 amo=0 | data=64128000 B/step  cum=4104192000 B
step 65  updateFluff=0.148194 s  compute=0.1981 s  save=0.0 s
  comm[65] put=9 get=529 on=64 amo=0 | data=64128000 B/step  cum=4168320000 B
step 66  updateFluff=0.153354 s  compute=0.197981 s  save=1e-06 s
  comm[66] put=9 get=528 on=64 amo=0 | data=64128000 B/step  cum=4232448000 B
step 67  updateFluff=0.149743 s  compute=0.198721 s  save=0.0 s
  comm[67] put=9 get=529 on=64 amo=0 | data=64128000 B/step  cum=4296576000 B
step 68  updateFluff=0.173576 s  compute=0.198941 s  save=0.0 s
  comm[68] put=9 get=528 on=64 amo=0 | data=64128000 B/step  cum=4360704000 B
step 69  updateFluff=0.156785 s  compute=0.198508 s  save=0.0 s
  comm[69] put=9 get=529 on=64 amo=0 | data=64128000 B/step  cum=4424832000 B
step 70  updateFluff=0.184935 s  compute=0.199859 s  save=0.0 s
  comm[70] put=9 get=528 on=64 amo=0 | data=64128000 B/step  cum=4488960000 B
step 71  updateFluff=0.160795 s  compute=0.20125 s  save=0.0 s
  comm[71] put=9 get=529 on=64 amo=0 | data=64128000 B/step  cum=4553088000 B
step 72  updateFluff=0.149948 s  compute=0.201214 s  save=0.0 s
  comm[72] put=9 get=528 on=64 amo=0 | data=64128000 B/step  cum=4617216000 B
step 73  updateFluff=0.155197 s  compute=0.198527 s  save=0.0 s
  comm[73] put=9 get=529 on=64 amo=0 | data=64128000 B/step  cum=4681344000 B
step 74  updateFluff=0.176936 s  compute=0.198334 s  save=0.0 s
  comm[74] put=9 get=528 on=64 amo=0 | data=64128000 B/step  cum=4745472000 B
step 75  updateFluff=0.1756 s  compute=0.194661 s  save=0.0 s
  comm[75] put=9 get=529 on=64 amo=0 | data=64128000 B/step  cum=4809600000 B
step 76  updateFluff=0.155722 s  compute=0.198509 s  save=1e-06 s
  comm[76] put=9 get=528 on=64 amo=0 | data=64128000 B/step  cum=4873728000 B
step 77  updateFluff=0.145077 s  compute=0.199315 s  save=0.0 s
  comm[77] put=9 get=529 on=64 amo=0 | data=64128000 B/step  cum=4937856000 B
step 78  updateFluff=0.136824 s  compute=0.200764 s  save=0.0 s
  comm[78] put=9 get=528 on=64 amo=0 | data=64128000 B/step  cum=5001984000 B
step 79  updateFluff=0.174002 s  compute=0.197441 s  save=1e-06 s
  comm[79] put=9 get=529 on=64 amo=0 | data=64128000 B/step  cum=5066112000 B
step 80  updateFluff=0.172251 s  compute=0.195575 s  save=0.0 s
  comm[80] put=9 get=528 on=64 amo=0 | data=64128000 B/step  cum=5130240000 B
step 81  updateFluff=0.155032 s  compute=0.199418 s  save=0.0 s
  comm[81] put=9 get=529 on=64 amo=0 | data=64128000 B/step  cum=5194368000 B
step 82  updateFluff=0.174604 s  compute=0.197578 s  save=0.0 s
  comm[82] put=9 get=528 on=64 amo=0 | data=64128000 B/step  cum=5258496000 B
step 83  updateFluff=0.144281 s  compute=0.199277 s  save=0.0 s
  comm[83] put=9 get=529 on=64 amo=0 | data=64128000 B/step  cum=5322624000 B
step 84  updateFluff=0.173505 s  compute=0.196435 s  save=0.0 s
  comm[84] put=9 get=528 on=64 amo=0 | data=64128000 B/step  cum=5386752000 B
step 85  updateFluff=0.181465 s  compute=0.197806 s  save=1e-06 s
  comm[85] put=9 get=529 on=64 amo=0 | data=64128000 B/step  cum=5450880000 B
step 86  updateFluff=0.164149 s  compute=0.198959 s  save=0.0 s
  comm[86] put=9 get=528 on=64 amo=0 | data=64128000 B/step  cum=5515008000 B
step 87  updateFluff=0.153809 s  compute=0.198771 s  save=1e-06 s
  comm[87] put=9 get=529 on=64 amo=0 | data=64128000 B/step  cum=5579136000 B
step 88  updateFluff=0.156016 s  compute=0.199128 s  save=0.0 s
  comm[88] put=9 get=528 on=64 amo=0 | data=64128000 B/step  cum=5643264000 B
step 89  updateFluff=0.160858 s  compute=0.197121 s  save=0.0 s
  comm[89] put=9 get=529 on=64 amo=0 | data=64128000 B/step  cum=5707392000 B
step 90  updateFluff=0.159332 s  compute=0.197308 s  save=1e-06 s
  comm[90] put=9 get=528 on=64 amo=0 | data=64128000 B/step  cum=5771520000 B
step 91  updateFluff=0.149233 s  compute=0.197214 s  save=0.0 s
  comm[91] put=9 get=529 on=64 amo=0 | data=64128000 B/step  cum=5835648000 B
step 92  updateFluff=0.171692 s  compute=0.198562 s  save=0.0 s
  comm[92] put=9 get=528 on=64 amo=0 | data=64128000 B/step  cum=5899776000 B
step 93  updateFluff=0.162196 s  compute=0.199247 s  save=0.0 s
  comm[93] put=9 get=529 on=64 amo=0 | data=64128000 B/step  cum=5963904000 B
step 94  updateFluff=0.158976 s  compute=0.197971 s  save=0.0 s
  comm[94] put=9 get=528 on=64 amo=0 | data=64128000 B/step  cum=6028032000 B
step 95  updateFluff=0.139218 s  compute=0.196967 s  save=0.0 s
  comm[95] put=9 get=529 on=64 amo=0 | data=64128000 B/step  cum=6092160000 B
step 96  updateFluff=0.16368 s  compute=0.198424 s  save=0.0 s
  comm[96] put=9 get=528 on=64 amo=0 | data=64128000 B/step  cum=6156288000 B
step 97  updateFluff=0.174066 s  compute=0.197576 s  save=0.0 s
  comm[97] put=9 get=529 on=64 amo=0 | data=64128000 B/step  cum=6220416000 B
step 98  updateFluff=0.17749 s  compute=0.19868 s  save=0.0 s
  comm[98] put=9 get=528 on=64 amo=0 | data=64128000 B/step  cum=6284544000 B
step 99  updateFluff=0.153051 s  compute=0.197617 s  save=0.0 s
  comm[99] put=9 get=529 on=64 amo=0 | data=64128000 B/step  cum=6348672000 B
step 100  updateFluff=0.15177 s  compute=0.19921 s  save=0.0 s
  comm[100] put=9 get=528 on=64 amo=0 | data=64128000 B/step  cum=6412800000 B
[mem] after run locale 0: 2001.43 MB
[mem] after run locale 1: 1996.23 MB
[mem] after run locale 2: 1996.23 MB
[mem] after run locale 3: 1996.23 MB
[mem] after run locale 4: 1990.29 MB
[mem] after run locale 5: 1990.29 MB
[mem] after run locale 6: 1996.23 MB
[mem] after run locale 7: 1990.29 MB
[mem] after run locale 8: 1990.29 MB
final field: min=1.0 max=2.0 sum=1.00518e+09
Execution time:    36.5508 s
