warning: QTHREADS: Reduced numThreadsPerLocale=20 to 16 to prevent oversubscription of the system.
warning: QTHREADS: Reduced numThreadsPerLocale=20 to 16 to prevent oversubscription of the system.
warning: QTHREADS: Reduced numThreadsPerLocale=20 to 16 to prevent oversubscription of the system.
warning: QTHREADS: Reduced numThreadsPerLocale=20 to 16 to prevent oversubscription of the system.
warning: QTHREADS: Reduced numThreadsPerLocale=20 to 16 to prevent oversubscription of the system.
warning: QTHREADS: Reduced numThreadsPerLocale=20 to 16 to prevent oversubscription of the system.
warning: QTHREADS: Reduced numThreadsPerLocale=20 to 16 to prevent oversubscription of the system.
warning: QTHREADS: Reduced numThreadsPerLocale=20 to 16 to prevent oversubscription of the system.
warning: QTHREADS: Reduced numThreadsPerLocale=20 to 16 to prevent oversubscription of the system.
[cfg] threadsPerLocale(requested)=20 numLocales=9
Initialization time: 0.419154 s
[mem] after init (u+un allocated) locale 0: 2001.43 MB
[mem] after init (u+un allocated) locale 1: 1996.23 MB
[mem] after init (u+un allocated) locale 2: 1996.23 MB
[mem] after init (u+un allocated) locale 3: 1996.23 MB
[mem] after init (u+un allocated) locale 4: 1990.29 MB
[mem] after init (u+un allocated) locale 5: 1990.29 MB
[mem] after init (u+un allocated) locale 6: 1996.23 MB
[mem] after init (u+un allocated) locale 7: 1990.29 MB
[mem] after init (u+un allocated) locale 8: 1990.29 MB
[cfg] locale 0 maxTaskPar=16
[cfg] locale 1 maxTaskPar=16
[cfg] locale 2 maxTaskPar=16
[cfg] locale 3 maxTaskPar=16
[cfg] locale 4 maxTaskPar=16
[cfg] locale 5 maxTaskPar=16
[cfg] locale 6 maxTaskPar=16
[cfg] locale 7 maxTaskPar=16
[cfg] locale 8 maxTaskPar=16
[comm] 64128000 B/step across 9 locale(s)
step 1  updateFluff=0.176673 s  compute=0.198532 s  save=0.0 s
  comm[1] put=0 get=531 on=56 amo=0 | data=64128000 B/step  cum=64128000 B
step 2  updateFluff=0.157859 s  compute=0.196469 s  save=1e-06 s
  comm[2] put=9 get=528 on=64 amo=0 | data=64128000 B/step  cum=128256000 B
step 3  updateFluff=0.184576 s  compute=0.201006 s  save=0.0 s
  comm[3] put=9 get=531 on=64 amo=0 | data=64128000 B/step  cum=192384000 B
step 4  updateFluff=0.15485 s  compute=0.196201 s  save=0.0 s
  comm[4] put=9 get=528 on=64 amo=0 | data=64128000 B/step  cum=256512000 B
step 5  updateFluff=0.167241 s  compute=0.200234 s  save=1e-06 s
  comm[5] put=9 get=531 on=64 amo=0 | data=64128000 B/step  cum=320640000 B
step 6  updateFluff=0.164314 s  compute=0.197423 s  save=0.0 s
  comm[6] put=9 get=528 on=64 amo=0 | data=64128000 B/step  cum=384768000 B
step 7  updateFluff=0.162257 s  compute=0.199604 s  save=0.0 s
  comm[7] put=9 get=531 on=64 amo=0 | data=64128000 B/step  cum=448896000 B
step 8  updateFluff=0.151559 s  compute=0.196881 s  save=1e-06 s
  comm[8] put=9 get=528 on=64 amo=0 | data=64128000 B/step  cum=513024000 B
step 9  updateFluff=0.155781 s  compute=0.197328 s  save=0.0 s
  comm[9] put=9 get=531 on=64 amo=0 | data=64128000 B/step  cum=577152000 B
step 10  updateFluff=0.150867 s  compute=0.193229 s  save=0.0 s
  comm[10] put=9 get=528 on=64 amo=0 | data=64128000 B/step  cum=641280000 B
step 11  updateFluff=0.179602 s  compute=0.197937 s  save=0.0 s
  comm[11] put=9 get=531 on=64 amo=0 | data=64128000 B/step  cum=705408000 B
step 12  updateFluff=0.15576 s  compute=0.196865 s  save=0.0 s
  comm[12] put=9 get=528 on=64 amo=0 | data=64128000 B/step  cum=769536000 B
step 13  updateFluff=0.164162 s  compute=0.197689 s  save=0.0 s
  comm[13] put=9 get=531 on=64 amo=0 | data=64128000 B/step  cum=833664000 B
step 14  updateFluff=0.150897 s  compute=0.195028 s  save=0.0 s
  comm[14] put=9 get=528 on=64 amo=0 | data=64128000 B/step  cum=897792000 B
step 15  updateFluff=0.149782 s  compute=0.198355 s  save=0.0 s
  comm[15] put=9 get=531 on=64 amo=0 | data=64128000 B/step  cum=961920000 B
step 16  updateFluff=0.176656 s  compute=0.198243 s  save=0.0 s
  comm[16] put=9 get=528 on=64 amo=0 | data=64128000 B/step  cum=1026048000 B
step 17  updateFluff=0.157695 s  compute=0.199472 s  save=0.0 s
  comm[17] put=9 get=531 on=64 amo=0 | data=64128000 B/step  cum=1090176000 B
step 18  updateFluff=0.151756 s  compute=0.196941 s  save=0.0 s
  comm[18] put=9 get=528 on=64 amo=0 | data=64128000 B/step  cum=1154304000 B
step 19  updateFluff=0.160813 s  compute=0.199126 s  save=0.0 s
  comm[19] put=9 get=531 on=64 amo=0 | data=64128000 B/step  cum=1218432000 B
step 20  updateFluff=0.169391 s  compute=0.196427 s  save=0.0 s
  comm[20] put=9 get=528 on=64 amo=0 | data=64128000 B/step  cum=1282560000 B
step 21  updateFluff=0.172353 s  compute=0.198014 s  save=0.0 s
  comm[21] put=9 get=531 on=64 amo=0 | data=64128000 B/step  cum=1346688000 B
step 22  updateFluff=0.187088 s  compute=0.200865 s  save=0.0 s
  comm[22] put=9 get=528 on=64 amo=0 | data=64128000 B/step  cum=1410816000 B
step 23  updateFluff=0.170487 s  compute=0.199966 s  save=0.0 s
  comm[23] put=9 get=531 on=64 amo=0 | data=64128000 B/step  cum=1474944000 B
step 24  updateFluff=0.162098 s  compute=0.200966 s  save=0.0 s
  comm[24] put=9 get=528 on=64 amo=0 | data=64128000 B/step  cum=1539072000 B
step 25  updateFluff=0.169458 s  compute=0.198548 s  save=0.0 s
  comm[25] put=9 get=531 on=64 amo=0 | data=64128000 B/step  cum=1603200000 B
step 26  updateFluff=0.146746 s  compute=0.199308 s  save=1e-06 s
  comm[26] put=9 get=528 on=64 amo=0 | data=64128000 B/step  cum=1667328000 B
step 27  updateFluff=0.179869 s  compute=0.197104 s  save=0.0 s
  comm[27] put=9 get=531 on=64 amo=0 | data=64128000 B/step  cum=1731456000 B
step 28  updateFluff=0.169508 s  compute=0.197321 s  save=0.0 s
  comm[28] put=9 get=528 on=64 amo=0 | data=64128000 B/step  cum=1795584000 B
step 29  updateFluff=0.145029 s  compute=0.197567 s  save=0.0 s
  comm[29] put=9 get=531 on=64 amo=0 | data=64128000 B/step  cum=1859712000 B
step 30  updateFluff=0.154727 s  compute=0.199146 s  save=0.0 s
  comm[30] put=9 get=528 on=64 amo=0 | data=64128000 B/step  cum=1923840000 B
step 31  updateFluff=0.157736 s  compute=0.19663 s  save=0.0 s
  comm[31] put=9 get=531 on=64 amo=0 | data=64128000 B/step  cum=1987968000 B
step 32  updateFluff=0.153198 s  compute=0.192096 s  save=0.0 s
  comm[32] put=9 get=528 on=64 amo=0 | data=64128000 B/step  cum=2052096000 B
step 33  updateFluff=0.175614 s  compute=0.198268 s  save=1e-06 s
  comm[33] put=9 get=531 on=64 amo=0 | data=64128000 B/step  cum=2116224000 B
step 34  updateFluff=0.167247 s  compute=0.195656 s  save=0.0 s
  comm[34] put=9 get=528 on=64 amo=0 | data=64128000 B/step  cum=2180352000 B
step 35  updateFluff=0.163238 s  compute=0.196811 s  save=1e-06 s
  comm[35] put=9 get=531 on=64 amo=0 | data=64128000 B/step  cum=2244480000 B
step 36  updateFluff=0.17617 s  compute=0.197842 s  save=2e-06 s
  comm[36] put=9 get=528 on=64 amo=0 | data=64128000 B/step  cum=2308608000 B
step 37  updateFluff=0.170928 s  compute=0.197092 s  save=1e-06 s
  comm[37] put=9 get=531 on=64 amo=0 | data=64128000 B/step  cum=2372736000 B
step 38  updateFluff=0.17448 s  compute=0.197639 s  save=0.0 s
  comm[38] put=9 get=528 on=64 amo=0 | data=64128000 B/step  cum=2436864000 B
step 39  updateFluff=0.165083 s  compute=0.197042 s  save=0.0 s
  comm[39] put=9 get=531 on=64 amo=0 | data=64128000 B/step  cum=2500992000 B
step 40  updateFluff=0.157567 s  compute=0.199121 s  save=0.0 s
  comm[40] put=9 get=528 on=64 amo=0 | data=64128000 B/step  cum=2565120000 B
step 41  updateFluff=0.177205 s  compute=0.196888 s  save=1e-06 s
  comm[41] put=9 get=531 on=64 amo=0 | data=64128000 B/step  cum=2629248000 B
step 42  updateFluff=0.373534 s  compute=0.196445 s  save=2e-06 s
  comm[42] put=9 get=528 on=64 amo=0 | data=64128000 B/step  cum=2693376000 B
step 43  updateFluff=0.134782 s  compute=0.197704 s  save=0.0 s
  comm[43] put=9 get=531 on=64 amo=0 | data=64128000 B/step  cum=2757504000 B
step 44  updateFluff=0.175637 s  compute=0.199069 s  save=1e-06 s
  comm[44] put=9 get=528 on=64 amo=0 | data=64128000 B/step  cum=2821632000 B
step 45  updateFluff=0.16142 s  compute=0.198228 s  save=0.0 s
  comm[45] put=9 get=531 on=64 amo=0 | data=64128000 B/step  cum=2885760000 B
step 46  updateFluff=0.147415 s  compute=0.198826 s  save=0.0 s
  comm[46] put=9 get=528 on=64 amo=0 | data=64128000 B/step  cum=2949888000 B
step 47  updateFluff=0.152127 s  compute=0.195758 s  save=0.0 s
  comm[47] put=9 get=531 on=64 amo=0 | data=64128000 B/step  cum=3014016000 B
step 48  updateFluff=0.140697 s  compute=0.19779 s  save=0.0 s
  comm[48] put=9 get=528 on=64 amo=0 | data=64128000 B/step  cum=3078144000 B
step 49  updateFluff=0.170275 s  compute=0.197411 s  save=0.0 s
  comm[49] put=9 get=531 on=64 amo=0 | data=64128000 B/step  cum=3142272000 B
step 50  updateFluff=0.168917 s  compute=0.201007 s  save=1e-06 s
  comm[50] put=9 get=528 on=64 amo=0 | data=64128000 B/step  cum=3206400000 B
step 51  updateFluff=0.160782 s  compute=0.19911 s  save=0.0 s
  comm[51] put=9 get=531 on=64 amo=0 | data=64128000 B/step  cum=3270528000 B
step 52  updateFluff=0.158986 s  compute=0.197723 s  save=0.0 s
  comm[52] put=9 get=528 on=64 amo=0 | data=64128000 B/step  cum=3334656000 B
step 53  updateFluff=0.174102 s  compute=0.197581 s  save=1e-06 s
  comm[53] put=9 get=531 on=64 amo=0 | data=64128000 B/step  cum=3398784000 B
step 54  updateFluff=0.166456 s  compute=0.19751 s  save=1e-06 s
  comm[54] put=9 get=528 on=64 amo=0 | data=64128000 B/step  cum=3462912000 B
step 55  updateFluff=0.152333 s  compute=0.197696 s  save=1e-06 s
  comm[55] put=9 get=531 on=64 amo=0 | data=64128000 B/step  cum=3527040000 B
step 56  updateFluff=0.160979 s  compute=0.19663 s  save=0.0 s
  comm[56] put=9 get=528 on=64 amo=0 | data=64128000 B/step  cum=3591168000 B
step 57  updateFluff=0.153836 s  compute=0.200268 s  save=0.0 s
  comm[57] put=9 get=531 on=64 amo=0 | data=64128000 B/step  cum=3655296000 B
step 58  updateFluff=0.138832 s  compute=0.197666 s  save=0.0 s
  comm[58] put=9 get=528 on=64 amo=0 | data=64128000 B/step  cum=3719424000 B
step 59  updateFluff=0.149863 s  compute=0.196663 s  save=0.0 s
  comm[59] put=9 get=531 on=64 amo=0 | data=64128000 B/step  cum=3783552000 B
step 60  updateFluff=0.17618 s  compute=0.200852 s  save=2e-06 s
  comm[60] put=9 get=528 on=64 amo=0 | data=64128000 B/step  cum=3847680000 B
step 61  updateFluff=0.149354 s  compute=0.196032 s  save=0.0 s
  comm[61] put=9 get=531 on=64 amo=0 | data=64128000 B/step  cum=3911808000 B
step 62  updateFluff=0.166574 s  compute=0.199104 s  save=0.0 s
  comm[62] put=9 get=528 on=64 amo=0 | data=64128000 B/step  cum=3975936000 B
step 63  updateFluff=0.169509 s  compute=0.197429 s  save=1e-06 s
  comm[63] put=9 get=531 on=64 amo=0 | data=64128000 B/step  cum=4040064000 B
step 64  updateFluff=0.166858 s  compute=0.198038 s  save=1e-06 s
  comm[64] put=9 get=528 on=64 amo=0 | data=64128000 B/step  cum=4104192000 B
step 65  updateFluff=0.163783 s  compute=0.198112 s  save=0.0 s
  comm[65] put=9 get=531 on=64 amo=0 | data=64128000 B/step  cum=4168320000 B
step 66  updateFluff=0.16125 s  compute=0.197999 s  save=0.0 s
  comm[66] put=9 get=528 on=64 amo=0 | data=64128000 B/step  cum=4232448000 B
step 67  updateFluff=0.161092 s  compute=0.201082 s  save=1e-06 s
  comm[67] put=9 get=531 on=64 amo=0 | data=64128000 B/step  cum=4296576000 B
step 68  updateFluff=0.172611 s  compute=0.197078 s  save=1e-06 s
  comm[68] put=9 get=528 on=64 amo=0 | data=64128000 B/step  cum=4360704000 B
step 69  updateFluff=0.163093 s  compute=0.198207 s  save=0.0 s
  comm[69] put=9 get=531 on=64 amo=0 | data=64128000 B/step  cum=4424832000 B
step 70  updateFluff=0.164114 s  compute=0.198018 s  save=0.0 s
  comm[70] put=9 get=528 on=64 amo=0 | data=64128000 B/step  cum=4488960000 B
step 71  updateFluff=0.166771 s  compute=0.198576 s  save=0.0 s
  comm[71] put=9 get=531 on=64 amo=0 | data=64128000 B/step  cum=4553088000 B
step 72  updateFluff=0.182761 s  compute=0.201045 s  save=0.0 s
  comm[72] put=9 get=528 on=64 amo=0 | data=64128000 B/step  cum=4617216000 B
step 73  updateFluff=0.167519 s  compute=0.199706 s  save=0.0 s
  comm[73] put=9 get=531 on=64 amo=0 | data=64128000 B/step  cum=4681344000 B
step 74  updateFluff=0.164338 s  compute=0.197332 s  save=0.0 s
  comm[74] put=9 get=528 on=64 amo=0 | data=64128000 B/step  cum=4745472000 B
step 75  updateFluff=0.154825 s  compute=0.200458 s  save=0.0 s
  comm[75] put=9 get=531 on=64 amo=0 | data=64128000 B/step  cum=4809600000 B
step 76  updateFluff=0.158252 s  compute=0.196905 s  save=1e-06 s
  comm[76] put=9 get=528 on=64 amo=0 | data=64128000 B/step  cum=4873728000 B
step 77  updateFluff=0.159313 s  compute=0.198167 s  save=1e-06 s
  comm[77] put=9 get=531 on=64 amo=0 | data=64128000 B/step  cum=4937856000 B
step 78  updateFluff=0.152528 s  compute=0.197986 s  save=2e-06 s
  comm[78] put=9 get=528 on=64 amo=0 | data=64128000 B/step  cum=5001984000 B
step 79  updateFluff=0.167499 s  compute=0.199155 s  save=1e-06 s
  comm[79] put=9 get=531 on=64 amo=0 | data=64128000 B/step  cum=5066112000 B
step 80  updateFluff=0.173694 s  compute=0.200607 s  save=0.0 s
  comm[80] put=9 get=528 on=64 amo=0 | data=64128000 B/step  cum=5130240000 B
step 81  updateFluff=0.150634 s  compute=0.197906 s  save=0.0 s
  comm[81] put=9 get=531 on=64 amo=0 | data=64128000 B/step  cum=5194368000 B
step 82  updateFluff=0.153289 s  compute=0.198444 s  save=0.0 s
  comm[82] put=9 get=528 on=64 amo=0 | data=64128000 B/step  cum=5258496000 B
step 83  updateFluff=0.13212 s  compute=0.197337 s  save=0.0 s
  comm[83] put=9 get=531 on=64 amo=0 | data=64128000 B/step  cum=5322624000 B
step 84  updateFluff=0.169228 s  compute=0.197519 s  save=0.0 s
  comm[84] put=9 get=528 on=64 amo=0 | data=64128000 B/step  cum=5386752000 B
step 85  updateFluff=0.177255 s  compute=0.197496 s  save=0.0 s
  comm[85] put=9 get=531 on=64 amo=0 | data=64128000 B/step  cum=5450880000 B
step 86  updateFluff=0.15063 s  compute=0.197017 s  save=0.0 s
  comm[86] put=9 get=528 on=64 amo=0 | data=64128000 B/step  cum=5515008000 B
step 87  updateFluff=0.157644 s  compute=0.197525 s  save=0.0 s
  comm[87] put=9 get=531 on=64 amo=0 | data=64128000 B/step  cum=5579136000 B
step 88  updateFluff=0.155504 s  compute=0.197304 s  save=1e-06 s
  comm[88] put=9 get=528 on=64 amo=0 | data=64128000 B/step  cum=5643264000 B
step 89  updateFluff=0.173143 s  compute=0.198092 s  save=0.0 s
  comm[89] put=9 get=531 on=64 amo=0 | data=64128000 B/step  cum=5707392000 B
step 90  updateFluff=0.154479 s  compute=0.197613 s  save=2e-06 s
  comm[90] put=9 get=528 on=64 amo=0 | data=64128000 B/step  cum=5771520000 B
step 91  updateFluff=0.148437 s  compute=0.20119 s  save=0.0 s
  comm[91] put=9 get=531 on=64 amo=0 | data=64128000 B/step  cum=5835648000 B
step 92  updateFluff=0.154964 s  compute=0.196653 s  save=0.0 s
  comm[92] put=9 get=528 on=64 amo=0 | data=64128000 B/step  cum=5899776000 B
step 93  updateFluff=0.172591 s  compute=0.199108 s  save=0.0 s
  comm[93] put=9 get=531 on=64 amo=0 | data=64128000 B/step  cum=5963904000 B
step 94  updateFluff=0.171486 s  compute=0.199 s  save=0.0 s
  comm[94] put=9 get=528 on=64 amo=0 | data=64128000 B/step  cum=6028032000 B
step 95  updateFluff=0.162934 s  compute=0.198298 s  save=1e-06 s
  comm[95] put=9 get=531 on=64 amo=0 | data=64128000 B/step  cum=6092160000 B
step 96  updateFluff=0.166525 s  compute=0.196523 s  save=1e-06 s
  comm[96] put=9 get=528 on=64 amo=0 | data=64128000 B/step  cum=6156288000 B
step 97  updateFluff=0.17738 s  compute=0.199058 s  save=1e-06 s
  comm[97] put=9 get=531 on=64 amo=0 | data=64128000 B/step  cum=6220416000 B
step 98  updateFluff=0.154246 s  compute=0.197507 s  save=0.0 s
  comm[98] put=9 get=528 on=64 amo=0 | data=64128000 B/step  cum=6284544000 B
step 99  updateFluff=0.150194 s  compute=0.19807 s  save=0.0 s
  comm[99] put=9 get=531 on=64 amo=0 | data=64128000 B/step  cum=6348672000 B
step 100  updateFluff=0.156993 s  compute=0.198913 s  save=0.0 s
  comm[100] put=9 get=528 on=64 amo=0 | data=64128000 B/step  cum=6412800000 B
[mem] after run locale 0: 2001.43 MB
[mem] after run locale 1: 1996.23 MB
[mem] after run locale 2: 1996.23 MB
[mem] after run locale 3: 1996.23 MB
[mem] after run locale 4: 1990.29 MB
[mem] after run locale 5: 1990.29 MB
[mem] after run locale 6: 1996.23 MB
[mem] after run locale 7: 1990.29 MB
[mem] after run locale 8: 1990.29 MB
final field: min=1.0 max=2.0 sum=1.00518e+09
Execution time:    36.7623 s
