warning: QTHREADS: Reduced numThreadsPerLocale=20 to 16 to prevent oversubscription of the system.
warning: QTHREADS: Reduced numThreadsPerLocale=20 to 16 to prevent oversubscription of the system.
warning: QTHREADS: Reduced numThreadsPerLocale=20 to 16 to prevent oversubscription of the system.
[cfg] threadsPerLocale(requested)=20 numLocales=3
Initialization time: 1.0183 s
[mem] after init (u+un allocated) locale 0: 5971.58 MB
[mem] after init (u+un allocated) locale 1: 5956.2 MB
[mem] after init (u+un allocated) locale 2: 5956.2 MB
[cfg] locale 0 maxTaskPar=16
[cfg] locale 1 maxTaskPar=16
[cfg] locale 2 maxTaskPar=16
[comm] 32000000 B/step across 3 locale(s)
step 1  updateFluff=0.233177 s  compute=0.349893 s  save=0.0 s
  comm[1] put=0 get=54 on=8 amo=0 | data=32000000 B/step  cum=32000000 B
step 2  updateFluff=0.219972 s  compute=0.353878 s  save=0.0 s
  comm[2] put=2 get=54 on=10 amo=0 | data=32000000 B/step  cum=64000000 B
step 3  updateFluff=0.221924 s  compute=0.357951 s  save=1e-06 s
  comm[3] put=2 get=54 on=10 amo=0 | data=32000000 B/step  cum=96000000 B
step 4  updateFluff=0.219177 s  compute=0.348706 s  save=0.0 s
  comm[4] put=2 get=54 on=10 amo=0 | data=32000000 B/step  cum=128000000 B
step 5  updateFluff=0.222016 s  compute=0.35119 s  save=0.0 s
  comm[5] put=2 get=54 on=10 amo=0 | data=32000000 B/step  cum=160000000 B
step 6  updateFluff=0.212438 s  compute=0.350618 s  save=0.0 s
  comm[6] put=2 get=54 on=10 amo=0 | data=32000000 B/step  cum=192000000 B
step 7  updateFluff=0.223632 s  compute=0.349933 s  save=0.0 s
  comm[7] put=2 get=54 on=10 amo=0 | data=32000000 B/step  cum=224000000 B
step 8  updateFluff=0.214207 s  compute=0.350242 s  save=0.0 s
  comm[8] put=2 get=54 on=10 amo=0 | data=32000000 B/step  cum=256000000 B
step 9  updateFluff=0.226695 s  compute=0.350457 s  save=0.0 s
  comm[9] put=2 get=54 on=10 amo=0 | data=32000000 B/step  cum=288000000 B
step 10  updateFluff=0.236734 s  compute=0.35312 s  save=1e-06 s
  comm[10] put=2 get=54 on=10 amo=0 | data=32000000 B/step  cum=320000000 B
step 11  updateFluff=0.218288 s  compute=0.350154 s  save=0.0 s
  comm[11] put=2 get=54 on=10 amo=0 | data=32000000 B/step  cum=352000000 B
step 12  updateFluff=0.23794 s  compute=0.351128 s  save=0.0 s
  comm[12] put=2 get=54 on=10 amo=0 | data=32000000 B/step  cum=384000000 B
step 13  updateFluff=0.216875 s  compute=0.354951 s  save=0.0 s
  comm[13] put=2 get=54 on=10 amo=0 | data=32000000 B/step  cum=416000000 B
step 14  updateFluff=0.219718 s  compute=0.353733 s  save=0.0 s
  comm[14] put=2 get=54 on=10 amo=0 | data=32000000 B/step  cum=448000000 B
step 15  updateFluff=0.217828 s  compute=0.350071 s  save=1e-06 s
  comm[15] put=2 get=54 on=10 amo=0 | data=32000000 B/step  cum=480000000 B
step 16  updateFluff=0.213277 s  compute=0.358292 s  save=1e-06 s
  comm[16] put=2 get=54 on=10 amo=0 | data=32000000 B/step  cum=512000000 B
step 17  updateFluff=0.217977 s  compute=0.357089 s  save=0.0 s
  comm[17] put=2 get=54 on=10 amo=0 | data=32000000 B/step  cum=544000000 B
step 18  updateFluff=0.217381 s  compute=0.350196 s  save=0.0 s
  comm[18] put=2 get=54 on=10 amo=0 | data=32000000 B/step  cum=576000000 B
step 19  updateFluff=0.237438 s  compute=0.354729 s  save=1e-06 s
  comm[19] put=2 get=54 on=10 amo=0 | data=32000000 B/step  cum=608000000 B
step 20  updateFluff=0.212815 s  compute=0.350388 s  save=0.0 s
  comm[20] put=2 get=54 on=10 amo=0 | data=32000000 B/step  cum=640000000 B
step 21  updateFluff=0.219657 s  compute=0.351061 s  save=0.0 s
  comm[21] put=2 get=54 on=10 amo=0 | data=32000000 B/step  cum=672000000 B
step 22  updateFluff=0.221541 s  compute=0.350367 s  save=0.0 s
  comm[22] put=2 get=54 on=10 amo=0 | data=32000000 B/step  cum=704000000 B
step 23  updateFluff=0.222041 s  compute=0.357115 s  save=0.0 s
  comm[23] put=2 get=54 on=10 amo=0 | data=32000000 B/step  cum=736000000 B
step 24  updateFluff=0.218386 s  compute=0.350036 s  save=0.0 s
  comm[24] put=2 get=54 on=10 amo=0 | data=32000000 B/step  cum=768000000 B
step 25  updateFluff=0.223459 s  compute=0.349299 s  save=1e-06 s
  comm[25] put=2 get=54 on=10 amo=0 | data=32000000 B/step  cum=800000000 B
step 26  updateFluff=0.213568 s  compute=0.352878 s  save=0.0 s
  comm[26] put=2 get=54 on=10 amo=0 | data=32000000 B/step  cum=832000000 B
step 27  updateFluff=0.217419 s  compute=0.349885 s  save=0.0 s
  comm[27] put=2 get=54 on=10 amo=0 | data=32000000 B/step  cum=864000000 B
step 28  updateFluff=0.22238 s  compute=0.354559 s  save=0.0 s
  comm[28] put=2 get=54 on=10 amo=0 | data=32000000 B/step  cum=896000000 B
step 29  updateFluff=0.221993 s  compute=0.362238 s  save=0.0 s
  comm[29] put=2 get=54 on=10 amo=0 | data=32000000 B/step  cum=928000000 B
step 30  updateFluff=0.217788 s  compute=0.348547 s  save=0.0 s
  comm[30] put=2 get=54 on=10 amo=0 | data=32000000 B/step  cum=960000000 B
step 31  updateFluff=0.222019 s  compute=0.358672 s  save=1e-06 s
  comm[31] put=2 get=54 on=10 amo=0 | data=32000000 B/step  cum=992000000 B
step 32  updateFluff=0.22107 s  compute=0.355851 s  save=0.0 s
  comm[32] put=2 get=54 on=10 amo=0 | data=32000000 B/step  cum=1024000000 B
step 33  updateFluff=0.220543 s  compute=0.354966 s  save=0.0 s
  comm[33] put=2 get=54 on=10 amo=0 | data=32000000 B/step  cum=1056000000 B
step 34  updateFluff=0.204842 s  compute=0.350196 s  save=0.0 s
  comm[34] put=2 get=54 on=10 amo=0 | data=32000000 B/step  cum=1088000000 B
step 35  updateFluff=0.2238 s  compute=0.357287 s  save=1e-06 s
  comm[35] put=2 get=54 on=10 amo=0 | data=32000000 B/step  cum=1120000000 B
step 36  updateFluff=0.219636 s  compute=0.350944 s  save=0.0 s
  comm[36] put=2 get=54 on=10 amo=0 | data=32000000 B/step  cum=1152000000 B
step 37  updateFluff=0.219315 s  compute=0.350941 s  save=1e-06 s
  comm[37] put=2 get=54 on=10 amo=0 | data=32000000 B/step  cum=1184000000 B
step 38  updateFluff=0.214856 s  compute=0.354278 s  save=1e-06 s
  comm[38] put=2 get=54 on=10 amo=0 | data=32000000 B/step  cum=1216000000 B
step 39  updateFluff=0.216204 s  compute=0.354032 s  save=1e-06 s
  comm[39] put=2 get=54 on=10 amo=0 | data=32000000 B/step  cum=1248000000 B
step 40  updateFluff=0.23687 s  compute=0.359249 s  save=0.0 s
  comm[40] put=2 get=54 on=10 amo=0 | data=32000000 B/step  cum=1280000000 B
step 41  updateFluff=0.235396 s  compute=0.355316 s  save=0.0 s
  comm[41] put=2 get=54 on=10 amo=0 | data=32000000 B/step  cum=1312000000 B
step 42  updateFluff=0.21471 s  compute=0.361653 s  save=0.0 s
  comm[42] put=2 get=54 on=10 amo=0 | data=32000000 B/step  cum=1344000000 B
step 43  updateFluff=0.23296 s  compute=0.354232 s  save=0.0 s
  comm[43] put=2 get=54 on=10 amo=0 | data=32000000 B/step  cum=1376000000 B
step 44  updateFluff=0.208544 s  compute=0.361064 s  save=0.0 s
  comm[44] put=2 get=54 on=10 amo=0 | data=32000000 B/step  cum=1408000000 B
step 45  updateFluff=0.217795 s  compute=0.361117 s  save=0.0 s
  comm[45] put=2 get=54 on=10 amo=0 | data=32000000 B/step  cum=1440000000 B
step 46  updateFluff=0.217912 s  compute=0.35561 s  save=0.0 s
  comm[46] put=2 get=54 on=10 amo=0 | data=32000000 B/step  cum=1472000000 B
step 47  updateFluff=0.220366 s  compute=0.359199 s  save=1e-06 s
  comm[47] put=2 get=54 on=10 amo=0 | data=32000000 B/step  cum=1504000000 B
step 48  updateFluff=0.21342 s  compute=0.350256 s  save=0.0 s
  comm[48] put=2 get=54 on=10 amo=0 | data=32000000 B/step  cum=1536000000 B
step 49  updateFluff=0.209898 s  compute=0.358374 s  save=0.0 s
  comm[49] put=2 get=54 on=10 amo=0 | data=32000000 B/step  cum=1568000000 B
step 50  updateFluff=0.221761 s  compute=0.349638 s  save=0.0 s
  comm[50] put=2 get=54 on=10 amo=0 | data=32000000 B/step  cum=1600000000 B
step 51  updateFluff=0.217313 s  compute=0.350267 s  save=0.0 s
  comm[51] put=2 get=54 on=10 amo=0 | data=32000000 B/step  cum=1632000000 B
step 52  updateFluff=0.217713 s  compute=0.357651 s  save=0.0 s
  comm[52] put=2 get=54 on=10 amo=0 | data=32000000 B/step  cum=1664000000 B
step 53  updateFluff=0.218034 s  compute=0.358016 s  save=1e-06 s
  comm[53] put=2 get=54 on=10 amo=0 | data=32000000 B/step  cum=1696000000 B
step 54  updateFluff=0.219073 s  compute=0.349704 s  save=0.0 s
  comm[54] put=2 get=54 on=10 amo=0 | data=32000000 B/step  cum=1728000000 B
step 55  updateFluff=0.214488 s  compute=0.357087 s  save=1e-06 s
  comm[55] put=2 get=54 on=10 amo=0 | data=32000000 B/step  cum=1760000000 B
step 56  updateFluff=0.213704 s  compute=0.34994 s  save=0.0 s
  comm[56] put=2 get=54 on=10 amo=0 | data=32000000 B/step  cum=1792000000 B
step 57  updateFluff=0.205327 s  compute=0.35176 s  save=1e-06 s
  comm[57] put=2 get=54 on=10 amo=0 | data=32000000 B/step  cum=1824000000 B
step 58  updateFluff=0.218479 s  compute=0.352666 s  save=0.0 s
  comm[58] put=2 get=54 on=10 amo=0 | data=32000000 B/step  cum=1856000000 B
step 59  updateFluff=0.221072 s  compute=0.360578 s  save=1e-06 s
  comm[59] put=2 get=54 on=10 amo=0 | data=32000000 B/step  cum=1888000000 B
step 60  updateFluff=0.220939 s  compute=0.351312 s  save=0.0 s
  comm[60] put=2 get=54 on=10 amo=0 | data=32000000 B/step  cum=1920000000 B
step 61  updateFluff=0.216872 s  compute=0.350855 s  save=0.0 s
  comm[61] put=2 get=54 on=10 amo=0 | data=32000000 B/step  cum=1952000000 B
step 62  updateFluff=0.216396 s  compute=0.350642 s  save=0.0 s
  comm[62] put=2 get=54 on=10 amo=0 | data=32000000 B/step  cum=1984000000 B
step 63  updateFluff=0.214021 s  compute=0.349834 s  save=0.0 s
  comm[63] put=2 get=54 on=10 amo=0 | data=32000000 B/step  cum=2016000000 B
step 64  updateFluff=0.221915 s  compute=0.350702 s  save=0.0 s
  comm[64] put=2 get=54 on=10 amo=0 | data=32000000 B/step  cum=2048000000 B
step 65  updateFluff=0.214228 s  compute=0.349779 s  save=0.0 s
  comm[65] put=2 get=54 on=10 amo=0 | data=32000000 B/step  cum=2080000000 B
step 66  updateFluff=0.209338 s  compute=0.35103 s  save=0.0 s
  comm[66] put=2 get=54 on=10 amo=0 | data=32000000 B/step  cum=2112000000 B
step 67  updateFluff=0.213865 s  compute=0.348275 s  save=0.0 s
  comm[67] put=2 get=54 on=10 amo=0 | data=32000000 B/step  cum=2144000000 B
step 68  updateFluff=0.223914 s  compute=0.350081 s  save=1e-06 s
  comm[68] put=2 get=54 on=10 amo=0 | data=32000000 B/step  cum=2176000000 B
step 69  updateFluff=0.218541 s  compute=0.35045 s  save=0.0 s
  comm[69] put=2 get=54 on=10 amo=0 | data=32000000 B/step  cum=2208000000 B
step 70  updateFluff=0.222779 s  compute=0.349662 s  save=0.0 s
  comm[70] put=2 get=54 on=10 amo=0 | data=32000000 B/step  cum=2240000000 B
step 71  updateFluff=0.2138 s  compute=0.352372 s  save=0.0 s
  comm[71] put=2 get=54 on=10 amo=0 | data=32000000 B/step  cum=2272000000 B
step 72  updateFluff=0.222813 s  compute=0.354534 s  save=0.0 s
  comm[72] put=2 get=54 on=10 amo=0 | data=32000000 B/step  cum=2304000000 B
step 73  updateFluff=0.237164 s  compute=0.351456 s  save=0.0 s
  comm[73] put=2 get=54 on=10 amo=0 | data=32000000 B/step  cum=2336000000 B
step 74  updateFluff=0.215815 s  compute=0.352391 s  save=0.0 s
  comm[74] put=2 get=54 on=10 amo=0 | data=32000000 B/step  cum=2368000000 B
step 75  updateFluff=0.2145 s  compute=0.350056 s  save=0.0 s
  comm[75] put=2 get=54 on=10 amo=0 | data=32000000 B/step  cum=2400000000 B
step 76  updateFluff=0.206235 s  compute=0.349612 s  save=1e-06 s
  comm[76] put=2 get=54 on=10 amo=0 | data=32000000 B/step  cum=2432000000 B
step 77  updateFluff=0.218522 s  compute=0.355347 s  save=0.0 s
  comm[77] put=2 get=54 on=10 amo=0 | data=32000000 B/step  cum=2464000000 B
step 78  updateFluff=0.217789 s  compute=0.349329 s  save=1e-06 s
  comm[78] put=2 get=54 on=10 amo=0 | data=32000000 B/step  cum=2496000000 B
step 79  updateFluff=0.211182 s  compute=0.360417 s  save=0.0 s
  comm[79] put=2 get=54 on=10 amo=0 | data=32000000 B/step  cum=2528000000 B
step 80  updateFluff=0.219862 s  compute=0.349263 s  save=0.0 s
  comm[80] put=2 get=54 on=10 amo=0 | data=32000000 B/step  cum=2560000000 B
step 81  updateFluff=0.222605 s  compute=0.349769 s  save=0.0 s
  comm[81] put=2 get=54 on=10 amo=0 | data=32000000 B/step  cum=2592000000 B
step 82  updateFluff=0.213627 s  compute=0.356633 s  save=0.0 s
  comm[82] put=2 get=54 on=10 amo=0 | data=32000000 B/step  cum=2624000000 B
step 83  updateFluff=0.219518 s  compute=0.349926 s  save=0.0 s
  comm[83] put=2 get=54 on=10 amo=0 | data=32000000 B/step  cum=2656000000 B
step 84  updateFluff=0.218467 s  compute=0.353104 s  save=0.0 s
  comm[84] put=2 get=54 on=10 amo=0 | data=32000000 B/step  cum=2688000000 B
step 85  updateFluff=0.22709 s  compute=0.350193 s  save=0.0 s
  comm[85] put=2 get=54 on=10 amo=0 | data=32000000 B/step  cum=2720000000 B
step 86  updateFluff=0.216492 s  compute=0.349871 s  save=1e-06 s
  comm[86] put=2 get=54 on=10 amo=0 | data=32000000 B/step  cum=2752000000 B
step 87  updateFluff=0.21699 s  compute=0.355749 s  save=0.0 s
  comm[87] put=2 get=54 on=10 amo=0 | data=32000000 B/step  cum=2784000000 B
step 88  updateFluff=0.21952 s  compute=0.353371 s  save=0.0 s
  comm[88] put=2 get=54 on=10 amo=0 | data=32000000 B/step  cum=2816000000 B
step 89  updateFluff=0.213093 s  compute=0.353952 s  save=0.0 s
  comm[89] put=2 get=54 on=10 amo=0 | data=32000000 B/step  cum=2848000000 B
step 90  updateFluff=0.226364 s  compute=0.349335 s  save=0.0 s
  comm[90] put=2 get=54 on=10 amo=0 | data=32000000 B/step  cum=2880000000 B
step 91  updateFluff=0.217231 s  compute=0.350858 s  save=0.0 s
  comm[91] put=2 get=54 on=10 amo=0 | data=32000000 B/step  cum=2912000000 B
step 92  updateFluff=0.220051 s  compute=0.350331 s  save=0.0 s
  comm[92] put=2 get=54 on=10 amo=0 | data=32000000 B/step  cum=2944000000 B
step 93  updateFluff=0.217295 s  compute=0.348745 s  save=0.0 s
  comm[93] put=2 get=54 on=10 amo=0 | data=32000000 B/step  cum=2976000000 B
step 94  updateFluff=0.215035 s  compute=0.354256 s  save=1e-06 s
  comm[94] put=2 get=54 on=10 amo=0 | data=32000000 B/step  cum=3008000000 B
step 95  updateFluff=0.216842 s  compute=0.356935 s  save=0.0 s
  comm[95] put=2 get=54 on=10 amo=0 | data=32000000 B/step  cum=3040000000 B
step 96  updateFluff=0.218999 s  compute=0.350393 s  save=0.0 s
  comm[96] put=2 get=54 on=10 amo=0 | data=32000000 B/step  cum=3072000000 B
step 97  updateFluff=0.218558 s  compute=0.352066 s  save=1e-06 s
  comm[97] put=2 get=54 on=10 amo=0 | data=32000000 B/step  cum=3104000000 B
step 98  updateFluff=0.218778 s  compute=0.353013 s  save=0.0 s
  comm[98] put=2 get=54 on=10 amo=0 | data=32000000 B/step  cum=3136000000 B
step 99  updateFluff=0.216867 s  compute=0.357981 s  save=0.0 s
  comm[99] put=2 get=54 on=10 amo=0 | data=32000000 B/step  cum=3168000000 B
step 100  updateFluff=0.222311 s  compute=0.34958 s  save=0.0 s
  comm[100] put=2 get=54 on=10 amo=0 | data=32000000 B/step  cum=3200000000 B
[mem] after run locale 0: 5971.58 MB
[mem] after run locale 1: 5956.2 MB
[mem] after run locale 2: 5956.2 MB
final field: min=1.0 max=2.0 sum=1.00518e+09
Execution time:    57.3567 s
