warning: QTHREADS: Reduced numThreadsPerLocale=20 to 16 to prevent oversubscription of the system.
warning: QTHREADS: Reduced numThreadsPerLocale=20 to 16 to prevent oversubscription of the system.
warning: QTHREADS: Reduced numThreadsPerLocale=20 to 16 to prevent oversubscription of the system.
warning: QTHREADS: Reduced numThreadsPerLocale=20 to 16 to prevent oversubscription of the system.
warning: QTHREADS: Reduced numThreadsPerLocale=20 to 16 to prevent oversubscription of the system.
warning: QTHREADS: Reduced numThreadsPerLocale=20 to 16 to prevent oversubscription of the system.
warning: QTHREADS: Reduced numThreadsPerLocale=20 to 16 to prevent oversubscription of the system.
warning: QTHREADS: Reduced numThreadsPerLocale=20 to 16 to prevent oversubscription of the system.
warning: QTHREADS: Reduced numThreadsPerLocale=20 to 16 to prevent oversubscription of the system.
warning: QTHREADS: Reduced numThreadsPerLocale=20 to 16 to prevent oversubscription of the system.
[cfg] threadsPerLocale(requested)=20 numLocales=10
Initialization time: 0.408837 s
[mem] after init (u+un allocated) locale 0: 1962.51 MB
[mem] after init (u+un allocated) locale 1: 1962.45 MB
[mem] after init (u+un allocated) locale 2: 1962.45 MB
[mem] after init (u+un allocated) locale 3: 1962.45 MB
[mem] after init (u+un allocated) locale 4: 1962.45 MB
[mem] after init (u+un allocated) locale 5: 1962.45 MB
[mem] after init (u+un allocated) locale 6: 1962.45 MB
[mem] after init (u+un allocated) locale 7: 1962.45 MB
[mem] after init (u+un allocated) locale 8: 1962.45 MB
[mem] after init (u+un allocated) locale 9: 1962.45 MB
[cfg] locale 0 maxTaskPar=16
[cfg] locale 1 maxTaskPar=16
[cfg] locale 2 maxTaskPar=16
[cfg] locale 3 maxTaskPar=16
[cfg] locale 4 maxTaskPar=16
[cfg] locale 5 maxTaskPar=16
[cfg] locale 6 maxTaskPar=16
[cfg] locale 7 maxTaskPar=16
[cfg] locale 8 maxTaskPar=16
[cfg] locale 9 maxTaskPar=16
[comm] 80128000 B/step across 10 locale(s)
step 1  updateFluff=0.157432 s  compute=0.182233 s  save=1e-06 s
  comm[1] put=0 get=557 on=60 amo=0 | data=80128000 B/step  cum=80128000 B
step 2  updateFluff=0.171109 s  compute=0.183984 s  save=0.0 s
  comm[2] put=10 get=555 on=69 amo=0 | data=80128000 B/step  cum=160256000 B
step 3  updateFluff=0.190062 s  compute=0.181929 s  save=0.0 s
  comm[3] put=10 get=557 on=69 amo=0 | data=80128000 B/step  cum=240384000 B
step 4  updateFluff=0.181158 s  compute=0.18216 s  save=0.0 s
  comm[4] put=10 get=555 on=69 amo=0 | data=80128000 B/step  cum=320512000 B
step 5  updateFluff=0.182683 s  compute=0.182313 s  save=0.0 s
  comm[5] put=10 get=557 on=69 amo=0 | data=80128000 B/step  cum=400640000 B
step 6  updateFluff=0.168485 s  compute=0.181778 s  save=0.0 s
  comm[6] put=10 get=555 on=69 amo=0 | data=80128000 B/step  cum=480768000 B
step 7  updateFluff=0.157956 s  compute=0.18204 s  save=0.0 s
  comm[7] put=10 get=557 on=69 amo=0 | data=80128000 B/step  cum=560896000 B
step 8  updateFluff=0.178972 s  compute=0.18227 s  save=0.0 s
  comm[8] put=10 get=555 on=69 amo=0 | data=80128000 B/step  cum=641024000 B
step 9  updateFluff=0.168128 s  compute=0.182035 s  save=0.0 s
  comm[9] put=10 get=557 on=69 amo=0 | data=80128000 B/step  cum=721152000 B
step 10  updateFluff=0.307673 s  compute=0.182183 s  save=0.0 s
  comm[10] put=10 get=555 on=69 amo=0 | data=80128000 B/step  cum=801280000 B
step 11  updateFluff=0.347486 s  compute=0.182834 s  save=0.0 s
  comm[11] put=10 get=557 on=69 amo=0 | data=80128000 B/step  cum=881408000 B
step 12  updateFluff=0.17784 s  compute=0.1832 s  save=0.0 s
  comm[12] put=10 get=555 on=69 amo=0 | data=80128000 B/step  cum=961536000 B
step 13  updateFluff=0.17339 s  compute=0.182573 s  save=0.0 s
  comm[13] put=10 get=557 on=69 amo=0 | data=80128000 B/step  cum=1041664000 B
step 14  updateFluff=0.185114 s  compute=0.179818 s  save=0.0 s
  comm[14] put=10 get=555 on=69 amo=0 | data=80128000 B/step  cum=1121792000 B
step 15  updateFluff=0.186751 s  compute=0.181935 s  save=0.0 s
  comm[15] put=10 get=557 on=69 amo=0 | data=80128000 B/step  cum=1201920000 B
step 16  updateFluff=0.316319 s  compute=0.183837 s  save=0.0 s
  comm[16] put=10 get=555 on=69 amo=0 | data=80128000 B/step  cum=1282048000 B
step 17  updateFluff=0.175753 s  compute=0.184363 s  save=0.0 s
  comm[17] put=10 get=557 on=69 amo=0 | data=80128000 B/step  cum=1362176000 B
step 18  updateFluff=0.182917 s  compute=0.182156 s  save=1e-06 s
  comm[18] put=10 get=555 on=69 amo=0 | data=80128000 B/step  cum=1442304000 B
step 19  updateFluff=0.177595 s  compute=0.182861 s  save=0.0 s
  comm[19] put=10 get=557 on=69 amo=0 | data=80128000 B/step  cum=1522432000 B
step 20  updateFluff=0.196795 s  compute=0.184084 s  save=0.0 s
  comm[20] put=10 get=555 on=69 amo=0 | data=80128000 B/step  cum=1602560000 B
step 21  updateFluff=0.182517 s  compute=0.181536 s  save=0.0 s
  comm[21] put=10 get=557 on=69 amo=0 | data=80128000 B/step  cum=1682688000 B
step 22  updateFluff=0.198441 s  compute=0.184422 s  save=0.0 s
  comm[22] put=10 get=555 on=69 amo=0 | data=80128000 B/step  cum=1762816000 B
step 23  updateFluff=0.205904 s  compute=0.183818 s  save=0.0 s
  comm[23] put=10 get=557 on=69 amo=0 | data=80128000 B/step  cum=1842944000 B
step 24  updateFluff=0.176471 s  compute=0.183085 s  save=0.0 s
  comm[24] put=10 get=555 on=69 amo=0 | data=80128000 B/step  cum=1923072000 B
step 25  updateFluff=0.223281 s  compute=0.182793 s  save=0.0 s
  comm[25] put=10 get=557 on=69 amo=0 | data=80128000 B/step  cum=2003200000 B
step 26  updateFluff=0.184782 s  compute=0.184555 s  save=0.0 s
  comm[26] put=10 get=555 on=69 amo=0 | data=80128000 B/step  cum=2083328000 B
step 27  updateFluff=0.164629 s  compute=0.184326 s  save=0.0 s
  comm[27] put=10 get=557 on=69 amo=0 | data=80128000 B/step  cum=2163456000 B
step 28  updateFluff=0.160227 s  compute=0.181787 s  save=0.0 s
  comm[28] put=10 get=555 on=69 amo=0 | data=80128000 B/step  cum=2243584000 B
step 29  updateFluff=0.167568 s  compute=0.184145 s  save=0.0 s
  comm[29] put=10 get=557 on=69 amo=0 | data=80128000 B/step  cum=2323712000 B
step 30  updateFluff=0.185877 s  compute=0.184521 s  save=1.4e-05 s
  comm[30] put=10 get=555 on=69 amo=0 | data=80128000 B/step  cum=2403840000 B
step 31  updateFluff=0.183449 s  compute=0.182227 s  save=1.2e-05 s
  comm[31] put=10 get=557 on=69 amo=0 | data=80128000 B/step  cum=2483968000 B
step 32  updateFluff=0.167963 s  compute=0.184775 s  save=0.0 s
  comm[32] put=10 get=555 on=69 amo=0 | data=80128000 B/step  cum=2564096000 B
step 33  updateFluff=0.155103 s  compute=0.180064 s  save=0.0 s
  comm[33] put=10 get=557 on=69 amo=0 | data=80128000 B/step  cum=2644224000 B
step 34  updateFluff=0.184127 s  compute=0.179387 s  save=1e-06 s
  comm[34] put=10 get=555 on=69 amo=0 | data=80128000 B/step  cum=2724352000 B
step 35  updateFluff=0.181484 s  compute=0.18169 s  save=0.0 s
  comm[35] put=10 get=557 on=69 amo=0 | data=80128000 B/step  cum=2804480000 B
step 36  updateFluff=0.183996 s  compute=0.182207 s  save=0.0 s
  comm[36] put=10 get=555 on=69 amo=0 | data=80128000 B/step  cum=2884608000 B
step 37  updateFluff=0.15963 s  compute=0.181208 s  save=0.0 s
  comm[37] put=10 get=557 on=69 amo=0 | data=80128000 B/step  cum=2964736000 B
step 38  updateFluff=0.144997 s  compute=0.184737 s  save=0.0 s
  comm[38] put=10 get=555 on=69 amo=0 | data=80128000 B/step  cum=3044864000 B
step 39  updateFluff=0.149092 s  compute=0.183958 s  save=0.0 s
  comm[39] put=10 get=557 on=69 amo=0 | data=80128000 B/step  cum=3124992000 B
step 40  updateFluff=0.163724 s  compute=0.18229 s  save=0.0 s
  comm[40] put=10 get=555 on=69 amo=0 | data=80128000 B/step  cum=3205120000 B
step 41  updateFluff=0.141383 s  compute=0.181194 s  save=1e-06 s
  comm[41] put=10 get=557 on=69 amo=0 | data=80128000 B/step  cum=3285248000 B
step 42  updateFluff=0.180176 s  compute=0.180835 s  save=0.0 s
  comm[42] put=10 get=555 on=69 amo=0 | data=80128000 B/step  cum=3365376000 B
step 43  updateFluff=0.190286 s  compute=0.181723 s  save=0.0 s
  comm[43] put=10 get=557 on=69 amo=0 | data=80128000 B/step  cum=3445504000 B
step 44  updateFluff=0.161053 s  compute=0.181753 s  save=1e-06 s
  comm[44] put=10 get=555 on=69 amo=0 | data=80128000 B/step  cum=3525632000 B
step 45  updateFluff=0.171856 s  compute=0.183777 s  save=0.0 s
  comm[45] put=10 get=557 on=69 amo=0 | data=80128000 B/step  cum=3605760000 B
step 46  updateFluff=0.17051 s  compute=0.182851 s  save=0.0 s
  comm[46] put=10 get=555 on=69 amo=0 | data=80128000 B/step  cum=3685888000 B
step 47  updateFluff=0.166729 s  compute=0.181128 s  save=1e-06 s
  comm[47] put=10 get=557 on=69 amo=0 | data=80128000 B/step  cum=3766016000 B
step 48  updateFluff=0.383345 s  compute=0.181207 s  save=0.0 s
  comm[48] put=10 get=555 on=69 amo=0 | data=80128000 B/step  cum=3846144000 B
step 49  updateFluff=0.198137 s  compute=0.182835 s  save=0.0 s
  comm[49] put=10 get=557 on=69 amo=0 | data=80128000 B/step  cum=3926272000 B
step 50  updateFluff=0.186771 s  compute=0.182303 s  save=0.0 s
  comm[50] put=10 get=555 on=69 amo=0 | data=80128000 B/step  cum=4006400000 B
step 51  updateFluff=0.18538 s  compute=0.183341 s  save=1e-06 s
  comm[51] put=10 get=557 on=69 amo=0 | data=80128000 B/step  cum=4086528000 B
step 52  updateFluff=0.171448 s  compute=0.182738 s  save=0.0 s
  comm[52] put=10 get=555 on=69 amo=0 | data=80128000 B/step  cum=4166656000 B
step 53  updateFluff=0.165267 s  compute=0.18227 s  save=0.0 s
  comm[53] put=10 get=557 on=69 amo=0 | data=80128000 B/step  cum=4246784000 B
step 54  updateFluff=0.161187 s  compute=0.181857 s  save=0.0 s
  comm[54] put=10 get=555 on=69 amo=0 | data=80128000 B/step  cum=4326912000 B
step 55  updateFluff=0.182221 s  compute=0.184064 s  save=0.0 s
  comm[55] put=10 get=557 on=69 amo=0 | data=80128000 B/step  cum=4407040000 B
step 56  updateFluff=0.151634 s  compute=0.182844 s  save=0.0 s
  comm[56] put=10 get=555 on=69 amo=0 | data=80128000 B/step  cum=4487168000 B
step 57  updateFluff=0.150795 s  compute=0.18047 s  save=0.0 s
  comm[57] put=10 get=557 on=69 amo=0 | data=80128000 B/step  cum=4567296000 B
step 58  updateFluff=0.1525 s  compute=0.182705 s  save=0.0 s
  comm[58] put=10 get=555 on=69 amo=0 | data=80128000 B/step  cum=4647424000 B
step 59  updateFluff=0.16023 s  compute=0.182168 s  save=1.2e-05 s
  comm[59] put=10 get=557 on=69 amo=0 | data=80128000 B/step  cum=4727552000 B
step 60  updateFluff=0.169646 s  compute=0.180548 s  save=0.0 s
  comm[60] put=10 get=555 on=69 amo=0 | data=80128000 B/step  cum=4807680000 B
step 61  updateFluff=0.180429 s  compute=0.181667 s  save=0.0 s
  comm[61] put=10 get=557 on=69 amo=0 | data=80128000 B/step  cum=4887808000 B
step 62  updateFluff=0.184875 s  compute=0.182506 s  save=0.0 s
  comm[62] put=10 get=555 on=69 amo=0 | data=80128000 B/step  cum=4967936000 B
step 63  updateFluff=0.171702 s  compute=0.182874 s  save=1e-06 s
  comm[63] put=10 get=557 on=69 amo=0 | data=80128000 B/step  cum=5048064000 B
step 64  updateFluff=0.181659 s  compute=0.181062 s  save=0.0 s
  comm[64] put=10 get=555 on=69 amo=0 | data=80128000 B/step  cum=5128192000 B
step 65  updateFluff=0.166905 s  compute=0.184904 s  save=0.0 s
  comm[65] put=10 get=557 on=69 amo=0 | data=80128000 B/step  cum=5208320000 B
step 66  updateFluff=0.174275 s  compute=0.18194 s  save=1e-06 s
  comm[66] put=10 get=555 on=69 amo=0 | data=80128000 B/step  cum=5288448000 B
step 67  updateFluff=0.193284 s  compute=0.182181 s  save=1e-06 s
  comm[67] put=10 get=557 on=69 amo=0 | data=80128000 B/step  cum=5368576000 B
step 68  updateFluff=0.175734 s  compute=0.182307 s  save=0.0 s
  comm[68] put=10 get=555 on=69 amo=0 | data=80128000 B/step  cum=5448704000 B
step 69  updateFluff=0.167247 s  compute=0.184805 s  save=0.0 s
  comm[69] put=10 get=557 on=69 amo=0 | data=80128000 B/step  cum=5528832000 B
step 70  updateFluff=0.161115 s  compute=0.183125 s  save=0.0 s
  comm[70] put=10 get=555 on=69 amo=0 | data=80128000 B/step  cum=5608960000 B
step 71  updateFluff=0.153124 s  compute=0.182527 s  save=1e-06 s
  comm[71] put=10 get=557 on=69 amo=0 | data=80128000 B/step  cum=5689088000 B
step 72  updateFluff=0.16888 s  compute=0.182616 s  save=0.0 s
  comm[72] put=10 get=555 on=69 amo=0 | data=80128000 B/step  cum=5769216000 B
step 73  updateFluff=0.164599 s  compute=0.183641 s  save=0.0 s
  comm[73] put=10 get=557 on=69 amo=0 | data=80128000 B/step  cum=5849344000 B
step 74  updateFluff=0.20641 s  compute=0.182373 s  save=0.0 s
  comm[74] put=10 get=555 on=69 amo=0 | data=80128000 B/step  cum=5929472000 B
step 75  updateFluff=0.19979 s  compute=0.1833 s  save=0.0 s
  comm[75] put=10 get=557 on=69 amo=0 | data=80128000 B/step  cum=6009600000 B
step 76  updateFluff=0.303057 s  compute=0.183528 s  save=0.0 s
  comm[76] put=10 get=555 on=69 amo=0 | data=80128000 B/step  cum=6089728000 B
step 77  updateFluff=0.173524 s  compute=0.18321 s  save=0.0 s
  comm[77] put=10 get=557 on=69 amo=0 | data=80128000 B/step  cum=6169856000 B
step 78  updateFluff=0.186421 s  compute=0.183084 s  save=0.0 s
  comm[78] put=10 get=555 on=69 amo=0 | data=80128000 B/step  cum=6249984000 B
step 79  updateFluff=0.175786 s  compute=0.180703 s  save=1e-06 s
  comm[79] put=10 get=557 on=69 amo=0 | data=80128000 B/step  cum=6330112000 B
step 80  updateFluff=0.167434 s  compute=0.1817 s  save=0.0 s
  comm[80] put=10 get=555 on=69 amo=0 | data=80128000 B/step  cum=6410240000 B
step 81  updateFluff=0.163424 s  compute=0.181161 s  save=0.0 s
  comm[81] put=10 get=557 on=69 amo=0 | data=80128000 B/step  cum=6490368000 B
step 82  updateFluff=0.177298 s  compute=0.181764 s  save=0.0 s
  comm[82] put=10 get=555 on=69 amo=0 | data=80128000 B/step  cum=6570496000 B
step 83  updateFluff=0.146123 s  compute=0.182298 s  save=0.0 s
  comm[83] put=10 get=557 on=69 amo=0 | data=80128000 B/step  cum=6650624000 B
step 84  updateFluff=0.164545 s  compute=0.183333 s  save=0.0 s
  comm[84] put=10 get=555 on=69 amo=0 | data=80128000 B/step  cum=6730752000 B
step 85  updateFluff=0.166584 s  compute=0.183105 s  save=0.0 s
  comm[85] put=10 get=557 on=69 amo=0 | data=80128000 B/step  cum=6810880000 B
step 86  updateFluff=0.172261 s  compute=0.183381 s  save=0.0 s
  comm[86] put=10 get=555 on=69 amo=0 | data=80128000 B/step  cum=6891008000 B
step 87  updateFluff=0.161521 s  compute=0.183961 s  save=1e-06 s
  comm[87] put=10 get=557 on=69 amo=0 | data=80128000 B/step  cum=6971136000 B
step 88  updateFluff=0.187158 s  compute=0.182751 s  save=0.0 s
  comm[88] put=10 get=555 on=69 amo=0 | data=80128000 B/step  cum=7051264000 B
step 89  updateFluff=0.153682 s  compute=0.181749 s  save=0.0 s
  comm[89] put=10 get=557 on=69 amo=0 | data=80128000 B/step  cum=7131392000 B
step 90  updateFluff=0.277608 s  compute=0.181339 s  save=1e-06 s
  comm[90] put=10 get=555 on=69 amo=0 | data=80128000 B/step  cum=7211520000 B
step 91  updateFluff=0.175329 s  compute=0.18356 s  save=0.0 s
  comm[91] put=10 get=557 on=69 amo=0 | data=80128000 B/step  cum=7291648000 B
step 92  updateFluff=0.182105 s  compute=0.184593 s  save=0.0 s
  comm[92] put=10 get=555 on=69 amo=0 | data=80128000 B/step  cum=7371776000 B
step 93  updateFluff=0.175545 s  compute=0.182989 s  save=0.0 s
  comm[93] put=10 get=557 on=69 amo=0 | data=80128000 B/step  cum=7451904000 B
step 94  updateFluff=0.339573 s  compute=0.180911 s  save=0.0 s
  comm[94] put=10 get=555 on=69 amo=0 | data=80128000 B/step  cum=7532032000 B
step 95  updateFluff=0.182021 s  compute=0.180983 s  save=0.0 s
  comm[95] put=10 get=557 on=69 amo=0 | data=80128000 B/step  cum=7612160000 B
step 96  updateFluff=0.176449 s  compute=0.182193 s  save=1e-06 s
  comm[96] put=10 get=555 on=69 amo=0 | data=80128000 B/step  cum=7692288000 B
step 97  updateFluff=0.165842 s  compute=0.181372 s  save=0.0 s
  comm[97] put=10 get=557 on=69 amo=0 | data=80128000 B/step  cum=7772416000 B
step 98  updateFluff=0.188514 s  compute=0.182639 s  save=0.0 s
  comm[98] put=10 get=555 on=69 amo=0 | data=80128000 B/step  cum=7852544000 B
step 99  updateFluff=0.175716 s  compute=0.179647 s  save=0.0 s
  comm[99] put=10 get=557 on=69 amo=0 | data=80128000 B/step  cum=7932672000 B
step 100  updateFluff=0.162068 s  compute=0.18232 s  save=0.0 s
  comm[100] put=10 get=555 on=69 amo=0 | data=80128000 B/step  cum=8012800000 B
[mem] after run locale 0: 1962.51 MB
[mem] after run locale 1: 1962.45 MB
[mem] after run locale 2: 1962.45 MB
[mem] after run locale 3: 1962.45 MB
[mem] after run locale 4: 1962.45 MB
[mem] after run locale 5: 1962.45 MB
[mem] after run locale 6: 1962.45 MB
[mem] after run locale 7: 1962.45 MB
[mem] after run locale 8: 1962.45 MB
[mem] after run locale 9: 1962.45 MB
final field: min=1.0 max=2.0 sum=1.00518e+09
Execution time:    37.2502 s
