warning: QTHREADS: Reduced numThreadsPerLocale=20 to 16 to prevent oversubscription of the system.
warning: QTHREADS: Reduced numThreadsPerLocale=20 to 16 to prevent oversubscription of the system.
warning: QTHREADS: Reduced numThreadsPerLocale=20 to 16 to prevent oversubscription of the system.
[cfg] threadsPerLocale(requested)=20 numLocales=3
Initialization time: 0.960252 s
[mem] after init (u+un allocated) locale 0: 5971.58 MB
[mem] after init (u+un allocated) locale 1: 5956.2 MB
[mem] after init (u+un allocated) locale 2: 5956.2 MB
[cfg] locale 0 maxTaskPar=16
[cfg] locale 1 maxTaskPar=16
[cfg] locale 2 maxTaskPar=16
[comm] 32000000 B/step across 3 locale(s)
step 1  updateFluff=0.216918 s  compute=0.308627 s  save=0.0 s
  comm[1] put=0 get=54 on=8 amo=0 | data=32000000 B/step  cum=32000000 B
step 2  updateFluff=0.225055 s  compute=0.307591 s  save=0.0 s
  comm[2] put=2 get=54 on=10 amo=0 | data=32000000 B/step  cum=64000000 B
step 3  updateFluff=0.22584 s  compute=0.307771 s  save=0.0 s
  comm[3] put=2 get=54 on=10 amo=0 | data=32000000 B/step  cum=96000000 B
step 4  updateFluff=0.216167 s  compute=0.308661 s  save=0.0 s
  comm[4] put=2 get=54 on=10 amo=0 | data=32000000 B/step  cum=128000000 B
step 5  updateFluff=0.216014 s  compute=0.309338 s  save=0.0 s
  comm[5] put=2 get=54 on=10 amo=0 | data=32000000 B/step  cum=160000000 B
step 6  updateFluff=0.217398 s  compute=0.310424 s  save=0.0 s
  comm[6] put=2 get=54 on=10 amo=0 | data=32000000 B/step  cum=192000000 B
step 7  updateFluff=0.232227 s  compute=0.307585 s  save=0.0 s
  comm[7] put=2 get=54 on=10 amo=0 | data=32000000 B/step  cum=224000000 B
step 8  updateFluff=0.218624 s  compute=0.307581 s  save=1e-06 s
  comm[8] put=2 get=54 on=10 amo=0 | data=32000000 B/step  cum=256000000 B
step 9  updateFluff=0.215435 s  compute=0.310365 s  save=0.0 s
  comm[9] put=2 get=54 on=10 amo=0 | data=32000000 B/step  cum=288000000 B
step 10  updateFluff=0.213342 s  compute=0.311 s  save=0.0 s
  comm[10] put=2 get=54 on=10 amo=0 | data=32000000 B/step  cum=320000000 B
step 11  updateFluff=0.217829 s  compute=0.308586 s  save=0.0 s
  comm[11] put=2 get=54 on=10 amo=0 | data=32000000 B/step  cum=352000000 B
step 12  updateFluff=0.216601 s  compute=0.30793 s  save=0.0 s
  comm[12] put=2 get=54 on=10 amo=0 | data=32000000 B/step  cum=384000000 B
step 13  updateFluff=0.222403 s  compute=0.307783 s  save=0.0 s
  comm[13] put=2 get=54 on=10 amo=0 | data=32000000 B/step  cum=416000000 B
step 14  updateFluff=0.216298 s  compute=0.30752 s  save=0.0 s
  comm[14] put=2 get=54 on=10 amo=0 | data=32000000 B/step  cum=448000000 B
step 15  updateFluff=0.214437 s  compute=0.307191 s  save=0.0 s
  comm[15] put=2 get=54 on=10 amo=0 | data=32000000 B/step  cum=480000000 B
step 16  updateFluff=0.216488 s  compute=0.309173 s  save=0.0 s
  comm[16] put=2 get=54 on=10 amo=0 | data=32000000 B/step  cum=512000000 B
step 17  updateFluff=0.217435 s  compute=0.309306 s  save=0.0 s
  comm[17] put=2 get=54 on=10 amo=0 | data=32000000 B/step  cum=544000000 B
step 18  updateFluff=0.213785 s  compute=0.310978 s  save=1e-06 s
  comm[18] put=2 get=54 on=10 amo=0 | data=32000000 B/step  cum=576000000 B
step 19  updateFluff=0.218549 s  compute=0.308559 s  save=0.0 s
  comm[19] put=2 get=54 on=10 amo=0 | data=32000000 B/step  cum=608000000 B
step 20  updateFluff=0.220822 s  compute=0.308499 s  save=1e-06 s
  comm[20] put=2 get=54 on=10 amo=0 | data=32000000 B/step  cum=640000000 B
step 21  updateFluff=0.218602 s  compute=0.308079 s  save=0.0 s
  comm[21] put=2 get=54 on=10 amo=0 | data=32000000 B/step  cum=672000000 B
step 22  updateFluff=0.218335 s  compute=0.307923 s  save=0.0 s
  comm[22] put=2 get=54 on=10 amo=0 | data=32000000 B/step  cum=704000000 B
step 23  updateFluff=0.218607 s  compute=0.307441 s  save=0.0 s
  comm[23] put=2 get=54 on=10 amo=0 | data=32000000 B/step  cum=736000000 B
step 24  updateFluff=0.237791 s  compute=0.308088 s  save=1e-06 s
  comm[24] put=2 get=54 on=10 amo=0 | data=32000000 B/step  cum=768000000 B
step 25  updateFluff=0.217069 s  compute=0.309071 s  save=0.0 s
  comm[25] put=2 get=54 on=10 amo=0 | data=32000000 B/step  cum=800000000 B
step 26  updateFluff=0.212192 s  compute=0.306133 s  save=0.0 s
  comm[26] put=2 get=54 on=10 amo=0 | data=32000000 B/step  cum=832000000 B
step 27  updateFluff=0.228497 s  compute=0.309592 s  save=0.0 s
  comm[27] put=2 get=54 on=10 amo=0 | data=32000000 B/step  cum=864000000 B
step 28  updateFluff=0.220737 s  compute=0.309674 s  save=1e-06 s
  comm[28] put=2 get=54 on=10 amo=0 | data=32000000 B/step  cum=896000000 B
step 29  updateFluff=0.217599 s  compute=0.306986 s  save=0.0 s
  comm[29] put=2 get=54 on=10 amo=0 | data=32000000 B/step  cum=928000000 B
step 30  updateFluff=0.21824 s  compute=0.308259 s  save=0.0 s
  comm[30] put=2 get=54 on=10 amo=0 | data=32000000 B/step  cum=960000000 B
step 31  updateFluff=0.219671 s  compute=0.310736 s  save=0.0 s
  comm[31] put=2 get=54 on=10 amo=0 | data=32000000 B/step  cum=992000000 B
step 32  updateFluff=0.217006 s  compute=0.309158 s  save=0.0 s
  comm[32] put=2 get=54 on=10 amo=0 | data=32000000 B/step  cum=1024000000 B
step 33  updateFluff=0.217926 s  compute=0.307515 s  save=0.0 s
  comm[33] put=2 get=54 on=10 amo=0 | data=32000000 B/step  cum=1056000000 B
step 34  updateFluff=0.219579 s  compute=0.3081 s  save=0.0 s
  comm[34] put=2 get=54 on=10 amo=0 | data=32000000 B/step  cum=1088000000 B
step 35  updateFluff=0.21642 s  compute=0.307049 s  save=1e-06 s
  comm[35] put=2 get=54 on=10 amo=0 | data=32000000 B/step  cum=1120000000 B
step 36  updateFluff=0.223971 s  compute=0.307941 s  save=0.0 s
  comm[36] put=2 get=54 on=10 amo=0 | data=32000000 B/step  cum=1152000000 B
step 37  updateFluff=0.21476 s  compute=0.307197 s  save=1e-06 s
  comm[37] put=2 get=54 on=10 amo=0 | data=32000000 B/step  cum=1184000000 B
step 38  updateFluff=0.222536 s  compute=0.309104 s  save=0.0 s
  comm[38] put=2 get=54 on=10 amo=0 | data=32000000 B/step  cum=1216000000 B
step 39  updateFluff=0.218942 s  compute=0.309991 s  save=0.0 s
  comm[39] put=2 get=54 on=10 amo=0 | data=32000000 B/step  cum=1248000000 B
step 40  updateFluff=0.228969 s  compute=0.309982 s  save=1e-06 s
  comm[40] put=2 get=54 on=10 amo=0 | data=32000000 B/step  cum=1280000000 B
step 41  updateFluff=0.226029 s  compute=0.308372 s  save=0.0 s
  comm[41] put=2 get=54 on=10 amo=0 | data=32000000 B/step  cum=1312000000 B
step 42  updateFluff=0.216904 s  compute=0.309461 s  save=0.0 s
  comm[42] put=2 get=54 on=10 amo=0 | data=32000000 B/step  cum=1344000000 B
step 43  updateFluff=0.216634 s  compute=0.307041 s  save=1e-06 s
  comm[43] put=2 get=54 on=10 amo=0 | data=32000000 B/step  cum=1376000000 B
step 44  updateFluff=0.224039 s  compute=0.309853 s  save=0.0 s
  comm[44] put=2 get=54 on=10 amo=0 | data=32000000 B/step  cum=1408000000 B
step 45  updateFluff=0.227167 s  compute=0.310504 s  save=0.0 s
  comm[45] put=2 get=54 on=10 amo=0 | data=32000000 B/step  cum=1440000000 B
step 46  updateFluff=0.218519 s  compute=0.307676 s  save=0.0 s
  comm[46] put=2 get=54 on=10 amo=0 | data=32000000 B/step  cum=1472000000 B
step 47  updateFluff=0.218556 s  compute=0.311232 s  save=0.0 s
  comm[47] put=2 get=54 on=10 amo=0 | data=32000000 B/step  cum=1504000000 B
step 48  updateFluff=0.216995 s  compute=0.309002 s  save=0.0 s
  comm[48] put=2 get=54 on=10 amo=0 | data=32000000 B/step  cum=1536000000 B
step 49  updateFluff=0.21789 s  compute=0.310129 s  save=0.0 s
  comm[49] put=2 get=54 on=10 amo=0 | data=32000000 B/step  cum=1568000000 B
step 50  updateFluff=0.215892 s  compute=0.309441 s  save=0.0 s
  comm[50] put=2 get=54 on=10 amo=0 | data=32000000 B/step  cum=1600000000 B
step 51  updateFluff=0.221812 s  compute=0.307398 s  save=0.0 s
  comm[51] put=2 get=54 on=10 amo=0 | data=32000000 B/step  cum=1632000000 B
step 52  updateFluff=0.226925 s  compute=0.310135 s  save=0.0 s
  comm[52] put=2 get=54 on=10 amo=0 | data=32000000 B/step  cum=1664000000 B
step 53  updateFluff=0.212813 s  compute=0.309594 s  save=0.0 s
  comm[53] put=2 get=54 on=10 amo=0 | data=32000000 B/step  cum=1696000000 B
step 54  updateFluff=0.227616 s  compute=0.308423 s  save=1e-06 s
  comm[54] put=2 get=54 on=10 amo=0 | data=32000000 B/step  cum=1728000000 B
step 55  updateFluff=0.226301 s  compute=0.307217 s  save=1e-06 s
  comm[55] put=2 get=54 on=10 amo=0 | data=32000000 B/step  cum=1760000000 B
step 56  updateFluff=0.238849 s  compute=0.307846 s  save=1e-06 s
  comm[56] put=2 get=54 on=10 amo=0 | data=32000000 B/step  cum=1792000000 B
step 57  updateFluff=0.218526 s  compute=0.307569 s  save=0.0 s
  comm[57] put=2 get=54 on=10 amo=0 | data=32000000 B/step  cum=1824000000 B
step 58  updateFluff=0.213883 s  compute=0.307891 s  save=0.0 s
  comm[58] put=2 get=54 on=10 amo=0 | data=32000000 B/step  cum=1856000000 B
step 59  updateFluff=0.217575 s  compute=0.307034 s  save=1e-06 s
  comm[59] put=2 get=54 on=10 amo=0 | data=32000000 B/step  cum=1888000000 B
step 60  updateFluff=0.21979 s  compute=0.308601 s  save=1e-06 s
  comm[60] put=2 get=54 on=10 amo=0 | data=32000000 B/step  cum=1920000000 B
step 61  updateFluff=0.218255 s  compute=0.307852 s  save=0.0 s
  comm[61] put=2 get=54 on=10 amo=0 | data=32000000 B/step  cum=1952000000 B
step 62  updateFluff=0.233233 s  compute=0.307365 s  save=0.0 s
  comm[62] put=2 get=54 on=10 amo=0 | data=32000000 B/step  cum=1984000000 B
step 63  updateFluff=0.218707 s  compute=0.307816 s  save=0.0 s
  comm[63] put=2 get=54 on=10 amo=0 | data=32000000 B/step  cum=2016000000 B
step 64  updateFluff=0.217639 s  compute=0.310258 s  save=0.0 s
  comm[64] put=2 get=54 on=10 amo=0 | data=32000000 B/step  cum=2048000000 B
step 65  updateFluff=0.226049 s  compute=0.30958 s  save=0.0 s
  comm[65] put=2 get=54 on=10 amo=0 | data=32000000 B/step  cum=2080000000 B
step 66  updateFluff=0.217264 s  compute=0.309338 s  save=0.0 s
  comm[66] put=2 get=54 on=10 amo=0 | data=32000000 B/step  cum=2112000000 B
step 67  updateFluff=0.225479 s  compute=0.30849 s  save=0.0 s
  comm[67] put=2 get=54 on=10 amo=0 | data=32000000 B/step  cum=2144000000 B
step 68  updateFluff=0.225453 s  compute=0.309154 s  save=0.0 s
  comm[68] put=2 get=54 on=10 amo=0 | data=32000000 B/step  cum=2176000000 B
step 69  updateFluff=0.185319 s  compute=0.308145 s  save=0.0 s
  comm[69] put=2 get=54 on=10 amo=0 | data=32000000 B/step  cum=2208000000 B
step 70  updateFluff=0.211921 s  compute=0.310015 s  save=0.0 s
  comm[70] put=2 get=54 on=10 amo=0 | data=32000000 B/step  cum=2240000000 B
step 71  updateFluff=0.21973 s  compute=0.310568 s  save=0.0 s
  comm[71] put=2 get=54 on=10 amo=0 | data=32000000 B/step  cum=2272000000 B
step 72  updateFluff=0.232672 s  compute=0.30925 s  save=0.0 s
  comm[72] put=2 get=54 on=10 amo=0 | data=32000000 B/step  cum=2304000000 B
step 73  updateFluff=0.220315 s  compute=0.307353 s  save=1e-06 s
  comm[73] put=2 get=54 on=10 amo=0 | data=32000000 B/step  cum=2336000000 B
step 74  updateFluff=0.221734 s  compute=0.31078 s  save=1e-06 s
  comm[74] put=2 get=54 on=10 amo=0 | data=32000000 B/step  cum=2368000000 B
step 75  updateFluff=0.216673 s  compute=0.310196 s  save=0.0 s
  comm[75] put=2 get=54 on=10 amo=0 | data=32000000 B/step  cum=2400000000 B
step 76  updateFluff=0.213754 s  compute=0.311225 s  save=0.0 s
  comm[76] put=2 get=54 on=10 amo=0 | data=32000000 B/step  cum=2432000000 B
step 77  updateFluff=0.21819 s  compute=0.308335 s  save=0.0 s
  comm[77] put=2 get=54 on=10 amo=0 | data=32000000 B/step  cum=2464000000 B
step 78  updateFluff=0.214108 s  compute=0.308976 s  save=1e-06 s
  comm[78] put=2 get=54 on=10 amo=0 | data=32000000 B/step  cum=2496000000 B
step 79  updateFluff=0.233414 s  compute=0.308863 s  save=0.0 s
  comm[79] put=2 get=54 on=10 amo=0 | data=32000000 B/step  cum=2528000000 B
step 80  updateFluff=0.219507 s  compute=0.307659 s  save=0.0 s
  comm[80] put=2 get=54 on=10 amo=0 | data=32000000 B/step  cum=2560000000 B
step 81  updateFluff=0.219942 s  compute=0.309593 s  save=0.0 s
  comm[81] put=2 get=54 on=10 amo=0 | data=32000000 B/step  cum=2592000000 B
step 82  updateFluff=0.222187 s  compute=0.31055 s  save=0.0 s
  comm[82] put=2 get=54 on=10 amo=0 | data=32000000 B/step  cum=2624000000 B
step 83  updateFluff=0.220357 s  compute=0.308333 s  save=0.0 s
  comm[83] put=2 get=54 on=10 amo=0 | data=32000000 B/step  cum=2656000000 B
step 84  updateFluff=0.218028 s  compute=0.309194 s  save=0.0 s
  comm[84] put=2 get=54 on=10 amo=0 | data=32000000 B/step  cum=2688000000 B
step 85  updateFluff=0.218987 s  compute=0.308362 s  save=0.0 s
  comm[85] put=2 get=54 on=10 amo=0 | data=32000000 B/step  cum=2720000000 B
step 86  updateFluff=0.217907 s  compute=0.309265 s  save=0.0 s
  comm[86] put=2 get=54 on=10 amo=0 | data=32000000 B/step  cum=2752000000 B
step 87  updateFluff=0.211417 s  compute=0.310697 s  save=0.0 s
  comm[87] put=2 get=54 on=10 amo=0 | data=32000000 B/step  cum=2784000000 B
step 88  updateFluff=0.221359 s  compute=0.308068 s  save=1e-06 s
  comm[88] put=2 get=54 on=10 amo=0 | data=32000000 B/step  cum=2816000000 B
step 89  updateFluff=0.217978 s  compute=0.308166 s  save=1e-06 s
  comm[89] put=2 get=54 on=10 amo=0 | data=32000000 B/step  cum=2848000000 B
step 90  updateFluff=0.219738 s  compute=0.30754 s  save=1e-06 s
  comm[90] put=2 get=54 on=10 amo=0 | data=32000000 B/step  cum=2880000000 B
step 91  updateFluff=0.220773 s  compute=0.307958 s  save=1e-06 s
  comm[91] put=2 get=54 on=10 amo=0 | data=32000000 B/step  cum=2912000000 B
step 92  updateFluff=0.223313 s  compute=0.309717 s  save=0.0 s
  comm[92] put=2 get=54 on=10 amo=0 | data=32000000 B/step  cum=2944000000 B
step 93  updateFluff=0.214322 s  compute=0.309992 s  save=1e-06 s
  comm[93] put=2 get=54 on=10 amo=0 | data=32000000 B/step  cum=2976000000 B
step 94  updateFluff=0.217079 s  compute=0.310003 s  save=0.0 s
  comm[94] put=2 get=54 on=10 amo=0 | data=32000000 B/step  cum=3008000000 B
step 95  updateFluff=0.213338 s  compute=0.309289 s  save=0.0 s
  comm[95] put=2 get=54 on=10 amo=0 | data=32000000 B/step  cum=3040000000 B
step 96  updateFluff=0.220704 s  compute=0.309716 s  save=0.0 s
  comm[96] put=2 get=54 on=10 amo=0 | data=32000000 B/step  cum=3072000000 B
step 97  updateFluff=0.228458 s  compute=0.306887 s  save=0.0 s
  comm[97] put=2 get=54 on=10 amo=0 | data=32000000 B/step  cum=3104000000 B
step 98  updateFluff=0.218447 s  compute=0.308318 s  save=0.0 s
  comm[98] put=2 get=54 on=10 amo=0 | data=32000000 B/step  cum=3136000000 B
step 99  updateFluff=0.218334 s  compute=0.30886 s  save=0.0 s
  comm[99] put=2 get=54 on=10 amo=0 | data=32000000 B/step  cum=3168000000 B
step 100  updateFluff=0.217894 s  compute=0.307634 s  save=0.0 s
  comm[100] put=2 get=54 on=10 amo=0 | data=32000000 B/step  cum=3200000000 B
[mem] after run locale 0: 5971.58 MB
[mem] after run locale 1: 5956.2 MB
[mem] after run locale 2: 5956.2 MB
final field: min=1.0 max=2.0 sum=1.00518e+09
Execution time:    52.9819 s
