warning: QTHREADS: Reduced numThreadsPerLocale=20 to 16 to prevent oversubscription of the system.
warning: QTHREADS: Reduced numThreadsPerLocale=20 to 16 to prevent oversubscription of the system.
warning: QTHREADS: Reduced numThreadsPerLocale=20 to 16 to prevent oversubscription of the system.
warning: QTHREADS: Reduced numThreadsPerLocale=20 to 16 to prevent oversubscription of the system.
warning: QTHREADS: Reduced numThreadsPerLocale=20 to 16 to prevent oversubscription of the system.
warning: QTHREADS: Reduced numThreadsPerLocale=20 to 16 to prevent oversubscription of the system.
warning: QTHREADS: Reduced numThreadsPerLocale=20 to 16 to prevent oversubscription of the system.
warning: QTHREADS: Reduced numThreadsPerLocale=20 to 16 to prevent oversubscription of the system.
warning: QTHREADS: Reduced numThreadsPerLocale=20 to 16 to prevent oversubscription of the system.
[cfg] threadsPerLocale(requested)=20 numLocales=9
Initialization time: 0.416955 s
[mem] after init (u+un allocated) locale 0: 2001.43 MB
[mem] after init (u+un allocated) locale 1: 1996.23 MB
[mem] after init (u+un allocated) locale 2: 1996.23 MB
[mem] after init (u+un allocated) locale 3: 1996.23 MB
[mem] after init (u+un allocated) locale 4: 1990.29 MB
[mem] after init (u+un allocated) locale 5: 1990.29 MB
[mem] after init (u+un allocated) locale 6: 1996.23 MB
[mem] after init (u+un allocated) locale 7: 1990.29 MB
[mem] after init (u+un allocated) locale 8: 1990.29 MB
[cfg] locale 0 maxTaskPar=16
[cfg] locale 1 maxTaskPar=16
[cfg] locale 2 maxTaskPar=16
[cfg] locale 3 maxTaskPar=16
[cfg] locale 4 maxTaskPar=16
[cfg] locale 5 maxTaskPar=16
[cfg] locale 6 maxTaskPar=16
[cfg] locale 7 maxTaskPar=16
[cfg] locale 8 maxTaskPar=16
[comm] 64128000 B/step across 9 locale(s)
step 1  updateFluff=0.169254 s  compute=0.197785 s  save=0.0 s
  comm[1] put=0 get=530 on=56 amo=0 | data=64128000 B/step  cum=64128000 B
step 2  updateFluff=0.154659 s  compute=0.197087 s  save=0.0 s
  comm[2] put=9 get=528 on=64 amo=0 | data=64128000 B/step  cum=128256000 B
step 3  updateFluff=0.159283 s  compute=0.197755 s  save=0.0 s
  comm[3] put=9 get=530 on=64 amo=0 | data=64128000 B/step  cum=192384000 B
step 4  updateFluff=0.166984 s  compute=0.195181 s  save=0.0 s
  comm[4] put=9 get=528 on=64 amo=0 | data=64128000 B/step  cum=256512000 B
step 5  updateFluff=0.160686 s  compute=0.199605 s  save=0.0 s
  comm[5] put=9 get=530 on=64 amo=0 | data=64128000 B/step  cum=320640000 B
step 6  updateFluff=0.16698 s  compute=0.199054 s  save=1e-06 s
  comm[6] put=9 get=528 on=64 amo=0 | data=64128000 B/step  cum=384768000 B
step 7  updateFluff=0.152198 s  compute=0.199007 s  save=0.0 s
  comm[7] put=9 get=530 on=64 amo=0 | data=64128000 B/step  cum=448896000 B
step 8  updateFluff=0.155164 s  compute=0.197933 s  save=0.0 s
  comm[8] put=9 get=528 on=64 amo=0 | data=64128000 B/step  cum=513024000 B
step 9  updateFluff=0.159668 s  compute=0.199839 s  save=0.0 s
  comm[9] put=9 get=530 on=64 amo=0 | data=64128000 B/step  cum=577152000 B
step 10  updateFluff=0.150048 s  compute=0.200603 s  save=1e-06 s
  comm[10] put=9 get=528 on=64 amo=0 | data=64128000 B/step  cum=641280000 B
step 11  updateFluff=0.151345 s  compute=0.196121 s  save=0.0 s
  comm[11] put=9 get=530 on=64 amo=0 | data=64128000 B/step  cum=705408000 B
step 12  updateFluff=0.154057 s  compute=0.197533 s  save=0.0 s
  comm[12] put=9 get=528 on=64 amo=0 | data=64128000 B/step  cum=769536000 B
step 13  updateFluff=0.150092 s  compute=0.197685 s  save=0.0 s
  comm[13] put=9 get=530 on=64 amo=0 | data=64128000 B/step  cum=833664000 B
step 14  updateFluff=0.14682 s  compute=0.197154 s  save=0.0 s
  comm[14] put=9 get=528 on=64 amo=0 | data=64128000 B/step  cum=897792000 B
step 15  updateFluff=0.165968 s  compute=0.197693 s  save=0.0 s
  comm[15] put=9 get=530 on=64 amo=0 | data=64128000 B/step  cum=961920000 B
step 16  updateFluff=0.169106 s  compute=0.198452 s  save=0.0 s
  comm[16] put=9 get=528 on=64 amo=0 | data=64128000 B/step  cum=1026048000 B
step 17  updateFluff=0.179072 s  compute=0.197385 s  save=0.0 s
  comm[17] put=9 get=530 on=64 amo=0 | data=64128000 B/step  cum=1090176000 B
step 18  updateFluff=0.143007 s  compute=0.197506 s  save=0.0 s
  comm[18] put=9 get=528 on=64 amo=0 | data=64128000 B/step  cum=1154304000 B
step 19  updateFluff=0.154879 s  compute=0.198936 s  save=0.0 s
  comm[19] put=9 get=530 on=64 amo=0 | data=64128000 B/step  cum=1218432000 B
step 20  updateFluff=0.170613 s  compute=0.197924 s  save=0.0 s
  comm[20] put=9 get=528 on=64 amo=0 | data=64128000 B/step  cum=1282560000 B
step 21  updateFluff=0.156177 s  compute=0.197692 s  save=0.0 s
  comm[21] put=9 get=530 on=64 amo=0 | data=64128000 B/step  cum=1346688000 B
step 22  updateFluff=0.157486 s  compute=0.199076 s  save=0.0 s
  comm[22] put=9 get=528 on=64 amo=0 | data=64128000 B/step  cum=1410816000 B
step 23  updateFluff=0.158372 s  compute=0.199419 s  save=0.0 s
  comm[23] put=9 get=530 on=64 amo=0 | data=64128000 B/step  cum=1474944000 B
step 24  updateFluff=0.185637 s  compute=0.199036 s  save=0.0 s
  comm[24] put=9 get=528 on=64 amo=0 | data=64128000 B/step  cum=1539072000 B
step 25  updateFluff=0.151681 s  compute=0.197026 s  save=0.0 s
  comm[25] put=9 get=530 on=64 amo=0 | data=64128000 B/step  cum=1603200000 B
step 26  updateFluff=0.160146 s  compute=0.200434 s  save=0.0 s
  comm[26] put=9 get=528 on=64 amo=0 | data=64128000 B/step  cum=1667328000 B
step 27  updateFluff=0.163683 s  compute=0.199593 s  save=0.0 s
  comm[27] put=9 get=530 on=64 amo=0 | data=64128000 B/step  cum=1731456000 B
step 28  updateFluff=0.167074 s  compute=0.200581 s  save=0.0 s
  comm[28] put=9 get=528 on=64 amo=0 | data=64128000 B/step  cum=1795584000 B
step 29  updateFluff=0.163545 s  compute=0.200119 s  save=0.0 s
  comm[29] put=9 get=530 on=64 amo=0 | data=64128000 B/step  cum=1859712000 B
step 30  updateFluff=0.155348 s  compute=0.19686 s  save=0.0 s
  comm[30] put=9 get=528 on=64 amo=0 | data=64128000 B/step  cum=1923840000 B
step 31  updateFluff=0.164003 s  compute=0.197317 s  save=0.0 s
  comm[31] put=9 get=530 on=64 amo=0 | data=64128000 B/step  cum=1987968000 B
step 32  updateFluff=0.167647 s  compute=0.196345 s  save=0.0 s
  comm[32] put=9 get=528 on=64 amo=0 | data=64128000 B/step  cum=2052096000 B
step 33  updateFluff=0.156319 s  compute=0.196505 s  save=0.0 s
  comm[33] put=9 get=530 on=64 amo=0 | data=64128000 B/step  cum=2116224000 B
step 34  updateFluff=0.169554 s  compute=0.196379 s  save=0.0 s
  comm[34] put=9 get=528 on=64 amo=0 | data=64128000 B/step  cum=2180352000 B
step 35  updateFluff=0.163078 s  compute=0.199081 s  save=0.0 s
  comm[35] put=9 get=530 on=64 amo=0 | data=64128000 B/step  cum=2244480000 B
step 36  updateFluff=0.152702 s  compute=0.199826 s  save=0.0 s
  comm[36] put=9 get=528 on=64 amo=0 | data=64128000 B/step  cum=2308608000 B
step 37  updateFluff=0.285314 s  compute=0.201069 s  save=0.0 s
  comm[37] put=9 get=530 on=64 amo=0 | data=64128000 B/step  cum=2372736000 B
step 38  updateFluff=0.169154 s  compute=0.200108 s  save=0.0 s
  comm[38] put=9 get=528 on=64 amo=0 | data=64128000 B/step  cum=2436864000 B
step 39  updateFluff=0.165745 s  compute=0.197969 s  save=1e-06 s
  comm[39] put=9 get=530 on=64 amo=0 | data=64128000 B/step  cum=2500992000 B
step 40  updateFluff=0.173899 s  compute=0.199103 s  save=0.0 s
  comm[40] put=9 get=528 on=64 amo=0 | data=64128000 B/step  cum=2565120000 B
step 41  updateFluff=0.160828 s  compute=0.196531 s  save=1e-06 s
  comm[41] put=9 get=530 on=64 amo=0 | data=64128000 B/step  cum=2629248000 B
step 42  updateFluff=0.196754 s  compute=0.197041 s  save=0.0 s
  comm[42] put=9 get=528 on=64 amo=0 | data=64128000 B/step  cum=2693376000 B
step 43  updateFluff=0.146686 s  compute=0.196526 s  save=0.0 s
  comm[43] put=9 get=530 on=64 amo=0 | data=64128000 B/step  cum=2757504000 B
step 44  updateFluff=0.156613 s  compute=0.197448 s  save=0.0 s
  comm[44] put=9 get=528 on=64 amo=0 | data=64128000 B/step  cum=2821632000 B
step 45  updateFluff=0.157077 s  compute=0.201049 s  save=0.0 s
  comm[45] put=9 get=530 on=64 amo=0 | data=64128000 B/step  cum=2885760000 B
step 46  updateFluff=0.165805 s  compute=0.196985 s  save=0.0 s
  comm[46] put=9 get=528 on=64 amo=0 | data=64128000 B/step  cum=2949888000 B
step 47  updateFluff=0.171897 s  compute=0.197058 s  save=1e-06 s
  comm[47] put=9 get=530 on=64 amo=0 | data=64128000 B/step  cum=3014016000 B
step 48  updateFluff=0.141362 s  compute=0.200685 s  save=0.0 s
  comm[48] put=9 get=528 on=64 amo=0 | data=64128000 B/step  cum=3078144000 B
step 49  updateFluff=0.163604 s  compute=0.197278 s  save=0.0 s
  comm[49] put=9 get=530 on=64 amo=0 | data=64128000 B/step  cum=3142272000 B
step 50  updateFluff=0.162319 s  compute=0.198696 s  save=0.0 s
  comm[50] put=9 get=528 on=64 amo=0 | data=64128000 B/step  cum=3206400000 B
step 51  updateFluff=0.153815 s  compute=0.198061 s  save=0.0 s
  comm[51] put=9 get=530 on=64 amo=0 | data=64128000 B/step  cum=3270528000 B
step 52  updateFluff=0.151023 s  compute=0.196653 s  save=0.0 s
  comm[52] put=9 get=528 on=64 amo=0 | data=64128000 B/step  cum=3334656000 B
step 53  updateFluff=0.167825 s  compute=0.198916 s  save=1e-06 s
  comm[53] put=9 get=530 on=64 amo=0 | data=64128000 B/step  cum=3398784000 B
step 54  updateFluff=0.155975 s  compute=0.197786 s  save=0.0 s
  comm[54] put=9 get=528 on=64 amo=0 | data=64128000 B/step  cum=3462912000 B
step 55  updateFluff=0.16405 s  compute=0.199051 s  save=0.0 s
  comm[55] put=9 get=530 on=64 amo=0 | data=64128000 B/step  cum=3527040000 B
step 56  updateFluff=0.155748 s  compute=0.196845 s  save=0.0 s
  comm[56] put=9 get=528 on=64 amo=0 | data=64128000 B/step  cum=3591168000 B
step 57  updateFluff=0.164605 s  compute=0.198755 s  save=0.0 s
  comm[57] put=9 get=530 on=64 amo=0 | data=64128000 B/step  cum=3655296000 B
step 58  updateFluff=0.156405 s  compute=0.197454 s  save=0.0 s
  comm[58] put=9 get=528 on=64 amo=0 | data=64128000 B/step  cum=3719424000 B
step 59  updateFluff=0.153222 s  compute=0.197664 s  save=1e-06 s
  comm[59] put=9 get=530 on=64 amo=0 | data=64128000 B/step  cum=3783552000 B
step 60  updateFluff=0.17228 s  compute=0.198912 s  save=0.0 s
  comm[60] put=9 get=528 on=64 amo=0 | data=64128000 B/step  cum=3847680000 B
step 61  updateFluff=0.190704 s  compute=0.197821 s  save=1e-06 s
  comm[61] put=9 get=530 on=64 amo=0 | data=64128000 B/step  cum=3911808000 B
step 62  updateFluff=0.161694 s  compute=0.197293 s  save=0.0 s
  comm[62] put=9 get=528 on=64 amo=0 | data=64128000 B/step  cum=3975936000 B
step 63  updateFluff=0.175982 s  compute=0.197272 s  save=0.0 s
  comm[63] put=9 get=530 on=64 amo=0 | data=64128000 B/step  cum=4040064000 B
step 64  updateFluff=0.159234 s  compute=0.197582 s  save=0.0 s
  comm[64] put=9 get=528 on=64 amo=0 | data=64128000 B/step  cum=4104192000 B
step 65  updateFluff=0.161023 s  compute=0.196193 s  save=0.0 s
  comm[65] put=9 get=530 on=64 amo=0 | data=64128000 B/step  cum=4168320000 B
step 66  updateFluff=0.181109 s  compute=0.199808 s  save=0.0 s
  comm[66] put=9 get=528 on=64 amo=0 | data=64128000 B/step  cum=4232448000 B
step 67  updateFluff=0.159697 s  compute=0.197366 s  save=0.0 s
  comm[67] put=9 get=530 on=64 amo=0 | data=64128000 B/step  cum=4296576000 B
step 68  updateFluff=0.157251 s  compute=0.198809 s  save=0.0 s
  comm[68] put=9 get=528 on=64 amo=0 | data=64128000 B/step  cum=4360704000 B
step 69  updateFluff=0.152674 s  compute=0.198028 s  save=1e-06 s
  comm[69] put=9 get=530 on=64 amo=0 | data=64128000 B/step  cum=4424832000 B
step 70  updateFluff=0.159561 s  compute=0.196898 s  save=0.0 s
  comm[70] put=9 get=528 on=64 amo=0 | data=64128000 B/step  cum=4488960000 B
step 71  updateFluff=0.163546 s  compute=0.196895 s  save=0.0 s
  comm[71] put=9 get=530 on=64 amo=0 | data=64128000 B/step  cum=4553088000 B
step 72  updateFluff=0.311742 s  compute=0.198907 s  save=0.0 s
  comm[72] put=9 get=528 on=64 amo=0 | data=64128000 B/step  cum=4617216000 B
step 73  updateFluff=0.172615 s  compute=0.197124 s  save=0.0 s
  comm[73] put=9 get=530 on=64 amo=0 | data=64128000 B/step  cum=4681344000 B
step 74  updateFluff=0.161927 s  compute=0.196255 s  save=1e-06 s
  comm[74] put=9 get=528 on=64 amo=0 | data=64128000 B/step  cum=4745472000 B
step 75  updateFluff=0.156811 s  compute=0.197409 s  save=1e-06 s
  comm[75] put=9 get=530 on=64 amo=0 | data=64128000 B/step  cum=4809600000 B
step 76  updateFluff=0.165236 s  compute=0.19793 s  save=0.0 s
  comm[76] put=9 get=528 on=64 amo=0 | data=64128000 B/step  cum=4873728000 B
step 77  updateFluff=0.137902 s  compute=0.196931 s  save=1e-06 s
  comm[77] put=9 get=530 on=64 amo=0 | data=64128000 B/step  cum=4937856000 B
step 78  updateFluff=0.161771 s  compute=0.196946 s  save=0.0 s
  comm[78] put=9 get=528 on=64 amo=0 | data=64128000 B/step  cum=5001984000 B
step 79  updateFluff=0.176543 s  compute=0.198118 s  save=0.0 s
  comm[79] put=9 get=530 on=64 amo=0 | data=64128000 B/step  cum=5066112000 B
step 80  updateFluff=0.161472 s  compute=0.198432 s  save=1e-06 s
  comm[80] put=9 get=528 on=64 amo=0 | data=64128000 B/step  cum=5130240000 B
step 81  updateFluff=0.162291 s  compute=0.199237 s  save=0.0 s
  comm[81] put=9 get=530 on=64 amo=0 | data=64128000 B/step  cum=5194368000 B
step 82  updateFluff=0.172155 s  compute=0.197448 s  save=0.0 s
  comm[82] put=9 get=528 on=64 amo=0 | data=64128000 B/step  cum=5258496000 B
step 83  updateFluff=0.178712 s  compute=0.200169 s  save=0.0 s
  comm[83] put=9 get=530 on=64 amo=0 | data=64128000 B/step  cum=5322624000 B
step 84  updateFluff=0.153761 s  compute=0.197983 s  save=0.0 s
  comm[84] put=9 get=528 on=64 amo=0 | data=64128000 B/step  cum=5386752000 B
step 85  updateFluff=0.165664 s  compute=0.197104 s  save=0.0 s
  comm[85] put=9 get=530 on=64 amo=0 | data=64128000 B/step  cum=5450880000 B
step 86  updateFluff=0.166944 s  compute=0.196786 s  save=0.0 s
  comm[86] put=9 get=528 on=64 amo=0 | data=64128000 B/step  cum=5515008000 B
step 87  updateFluff=0.175198 s  compute=0.198414 s  save=0.0 s
  comm[87] put=9 get=530 on=64 amo=0 | data=64128000 B/step  cum=5579136000 B
step 88  updateFluff=0.176251 s  compute=0.198322 s  save=0.0 s
  comm[88] put=9 get=528 on=64 amo=0 | data=64128000 B/step  cum=5643264000 B
step 89  updateFluff=0.166337 s  compute=0.199354 s  save=0.0 s
  comm[89] put=9 get=530 on=64 amo=0 | data=64128000 B/step  cum=5707392000 B
step 90  updateFluff=0.170016 s  compute=0.197288 s  save=1e-06 s
  comm[90] put=9 get=528 on=64 amo=0 | data=64128000 B/step  cum=5771520000 B
step 91  updateFluff=0.147116 s  compute=0.198589 s  save=0.0 s
  comm[91] put=9 get=530 on=64 amo=0 | data=64128000 B/step  cum=5835648000 B
step 92  updateFluff=0.173281 s  compute=0.197409 s  save=1e-06 s
  comm[92] put=9 get=528 on=64 amo=0 | data=64128000 B/step  cum=5899776000 B
step 93  updateFluff=0.151684 s  compute=0.198341 s  save=2e-06 s
  comm[93] put=9 get=530 on=64 amo=0 | data=64128000 B/step  cum=5963904000 B
step 94  updateFluff=0.152503 s  compute=0.198928 s  save=0.0 s
  comm[94] put=9 get=528 on=64 amo=0 | data=64128000 B/step  cum=6028032000 B
step 95  updateFluff=0.174239 s  compute=0.197379 s  save=1e-06 s
  comm[95] put=9 get=530 on=64 amo=0 | data=64128000 B/step  cum=6092160000 B
step 96  updateFluff=0.165133 s  compute=0.196336 s  save=1e-06 s
  comm[96] put=9 get=528 on=64 amo=0 | data=64128000 B/step  cum=6156288000 B
step 97  updateFluff=0.146619 s  compute=0.198702 s  save=0.0 s
  comm[97] put=9 get=530 on=64 amo=0 | data=64128000 B/step  cum=6220416000 B
step 98  updateFluff=0.165312 s  compute=0.195637 s  save=0.0 s
  comm[98] put=9 get=528 on=64 amo=0 | data=64128000 B/step  cum=6284544000 B
step 99  updateFluff=0.163028 s  compute=0.197144 s  save=1e-06 s
  comm[99] put=9 get=530 on=64 amo=0 | data=64128000 B/step  cum=6348672000 B
step 100  updateFluff=0.163051 s  compute=0.197367 s  save=0.0 s
  comm[100] put=9 get=528 on=64 amo=0 | data=64128000 B/step  cum=6412800000 B
[mem] after run locale 0: 2001.43 MB
[mem] after run locale 1: 1996.23 MB
[mem] after run locale 2: 1996.23 MB
[mem] after run locale 3: 1996.23 MB
[mem] after run locale 4: 1990.29 MB
[mem] after run locale 5: 1990.29 MB
[mem] after run locale 6: 1996.23 MB
[mem] after run locale 7: 1990.29 MB
[mem] after run locale 8: 1990.29 MB
final field: min=1.0 max=2.0 sum=1.00518e+09
Execution time:    36.8449 s
