warning: QTHREADS: Reduced numThreadsPerLocale=20 to 16 to prevent oversubscription of the system.
[cfg] threadsPerLocale(requested)=20 numLocales=1
Initialization time: 2.46688 s
[mem] after init (u+un allocated) locale 0: 15350.7 MB
[cfg] locale 0 maxTaskPar=16
[comm] 0 B/step across 1 locale(s)
step 1  updateFluff=0.000143 s  compute=0.874731 s  save=0.0 s
  comm[1] put=0 get=0 on=0 amo=0 | data=0 B/step  cum=0 B
step 2  updateFluff=8e-05 s  compute=0.873317 s  save=0.0 s
  comm[2] put=0 get=0 on=0 amo=0 | data=0 B/step  cum=0 B
step 3  updateFluff=7.6e-05 s  compute=0.871812 s  save=0.0 s
  comm[3] put=0 get=0 on=0 amo=0 | data=0 B/step  cum=0 B
step 4  updateFluff=7.6e-05 s  compute=0.87303 s  save=0.0 s
  comm[4] put=0 get=0 on=0 amo=0 | data=0 B/step  cum=0 B
step 5  updateFluff=6.3e-05 s  compute=0.873178 s  save=0.0 s
  comm[5] put=0 get=0 on=0 amo=0 | data=0 B/step  cum=0 B
step 6  updateFluff=6.2e-05 s  compute=0.875096 s  save=0.0 s
  comm[6] put=0 get=0 on=0 amo=0 | data=0 B/step  cum=0 B
step 7  updateFluff=7.9e-05 s  compute=0.87162 s  save=0.0 s
  comm[7] put=0 get=0 on=0 amo=0 | data=0 B/step  cum=0 B
step 8  updateFluff=6.6e-05 s  compute=0.874924 s  save=0.0 s
  comm[8] put=0 get=0 on=0 amo=0 | data=0 B/step  cum=0 B
step 9  updateFluff=6.2e-05 s  compute=0.875053 s  save=1e-06 s
  comm[9] put=0 get=0 on=0 amo=0 | data=0 B/step  cum=0 B
step 10  updateFluff=5.9e-05 s  compute=0.872533 s  save=0.0 s
  comm[10] put=0 get=0 on=0 amo=0 | data=0 B/step  cum=0 B
step 11  updateFluff=8.5e-05 s  compute=0.874684 s  save=0.0 s
  comm[11] put=0 get=0 on=0 amo=0 | data=0 B/step  cum=0 B
step 12  updateFluff=5.6e-05 s  compute=0.874334 s  save=0.0 s
  comm[12] put=0 get=0 on=0 amo=0 | data=0 B/step  cum=0 B
step 13  updateFluff=6.3e-05 s  compute=0.875411 s  save=0.0 s
  comm[13] put=0 get=0 on=0 amo=0 | data=0 B/step  cum=0 B
step 14  updateFluff=5.6e-05 s  compute=0.873606 s  save=0.0 s
  comm[14] put=0 get=0 on=0 amo=0 | data=0 B/step  cum=0 B
step 15  updateFluff=7.1e-05 s  compute=0.873463 s  save=1e-06 s
  comm[15] put=0 get=0 on=0 amo=0 | data=0 B/step  cum=0 B
step 16  updateFluff=5.5e-05 s  compute=0.876004 s  save=1e-06 s
  comm[16] put=0 get=0 on=0 amo=0 | data=0 B/step  cum=0 B
step 17  updateFluff=6e-05 s  compute=0.875534 s  save=0.0 s
  comm[17] put=0 get=0 on=0 amo=0 | data=0 B/step  cum=0 B
step 18  updateFluff=8.2e-05 s  compute=0.871836 s  save=1e-06 s
  comm[18] put=0 get=0 on=0 amo=0 | data=0 B/step  cum=0 B
step 19  updateFluff=5.8e-05 s  compute=0.872175 s  save=0.0 s
  comm[19] put=0 get=0 on=0 amo=0 | data=0 B/step  cum=0 B
step 20  updateFluff=5.2e-05 s  compute=0.874601 s  save=1e-06 s
  comm[20] put=0 get=0 on=0 amo=0 | data=0 B/step  cum=0 B
step 21  updateFluff=5.6e-05 s  compute=0.87582 s  save=0.0 s
  comm[21] put=0 get=0 on=0 amo=0 | data=0 B/step  cum=0 B
step 22  updateFluff=5.9e-05 s  compute=0.869406 s  save=1e-06 s
  comm[22] put=0 get=0 on=0 amo=0 | data=0 B/step  cum=0 B
step 23  updateFluff=6.2e-05 s  compute=0.874547 s  save=0.0 s
  comm[23] put=0 get=0 on=0 amo=0 | data=0 B/step  cum=0 B
step 24  updateFluff=6e-05 s  compute=0.873645 s  save=0.0 s
  comm[24] put=0 get=0 on=0 amo=0 | data=0 B/step  cum=0 B
step 25  updateFluff=7e-05 s  compute=0.87391 s  save=0.0 s
  comm[25] put=0 get=0 on=0 amo=0 | data=0 B/step  cum=0 B
step 26  updateFluff=6.4e-05 s  compute=0.874978 s  save=0.0 s
  comm[26] put=0 get=0 on=0 amo=0 | data=0 B/step  cum=0 B
step 27  updateFluff=5.4e-05 s  compute=0.875155 s  save=0.0 s
  comm[27] put=0 get=0 on=0 amo=0 | data=0 B/step  cum=0 B
step 28  updateFluff=5.8e-05 s  compute=0.877287 s  save=0.0 s
  comm[28] put=0 get=0 on=0 amo=0 | data=0 B/step  cum=0 B
step 29  updateFluff=6.2e-05 s  compute=0.875348 s  save=1e-06 s
  comm[29] put=0 get=0 on=0 amo=0 | data=0 B/step  cum=0 B
step 30  updateFluff=6.5e-05 s  compute=0.873148 s  save=0.0 s
  comm[30] put=0 get=0 on=0 amo=0 | data=0 B/step  cum=0 B
step 31  updateFluff=6e-05 s  compute=0.874719 s  save=0.0 s
  comm[31] put=0 get=0 on=0 amo=0 | data=0 B/step  cum=0 B
step 32  updateFluff=5.8e-05 s  compute=0.874645 s  save=0.0 s
  comm[32] put=0 get=0 on=0 amo=0 | data=0 B/step  cum=0 B
step 33  updateFluff=5.1e-05 s  compute=0.877201 s  save=0.0 s
  comm[33] put=0 get=0 on=0 amo=0 | data=0 B/step  cum=0 B
step 34  updateFluff=6.4e-05 s  compute=0.875196 s  save=0.0 s
  comm[34] put=0 get=0 on=0 amo=0 | data=0 B/step  cum=0 B
step 35  updateFluff=6.5e-05 s  compute=0.872363 s  save=0.0 s
  comm[35] put=0 get=0 on=0 amo=0 | data=0 B/step  cum=0 B
step 36  updateFluff=6.1e-05 s  compute=0.87339 s  save=0.0 s
  comm[36] put=0 get=0 on=0 amo=0 | data=0 B/step  cum=0 B
step 37  updateFluff=5e-05 s  compute=0.876446 s  save=0.0 s
  comm[37] put=0 get=0 on=0 amo=0 | data=0 B/step  cum=0 B
step 38  updateFluff=7e-05 s  compute=0.875978 s  save=0.0 s
  comm[38] put=0 get=0 on=0 amo=0 | data=0 B/step  cum=0 B
step 39  updateFluff=6.2e-05 s  compute=0.875155 s  save=0.0 s
  comm[39] put=0 get=0 on=0 amo=0 | data=0 B/step  cum=0 B
step 40  updateFluff=6.2e-05 s  compute=0.87441 s  save=0.0 s
  comm[40] put=0 get=0 on=0 amo=0 | data=0 B/step  cum=0 B
step 41  updateFluff=6.4e-05 s  compute=0.874011 s  save=0.0 s
  comm[41] put=0 get=0 on=0 amo=0 | data=0 B/step  cum=0 B
step 42  updateFluff=0.000101 s  compute=0.872568 s  save=1e-06 s
  comm[42] put=0 get=0 on=0 amo=0 | data=0 B/step  cum=0 B
step 43  updateFluff=5.9e-05 s  compute=0.87494 s  save=0.0 s
  comm[43] put=0 get=0 on=0 amo=0 | data=0 B/step  cum=0 B
step 44  updateFluff=6.2e-05 s  compute=0.87555 s  save=1e-06 s
  comm[44] put=0 get=0 on=0 amo=0 | data=0 B/step  cum=0 B
step 45  updateFluff=5.4e-05 s  compute=0.877631 s  save=1e-06 s
  comm[45] put=0 get=0 on=0 amo=0 | data=0 B/step  cum=0 B
step 46  updateFluff=5.9e-05 s  compute=0.874357 s  save=0.0 s
  comm[46] put=0 get=0 on=0 amo=0 | data=0 B/step  cum=0 B
step 47  updateFluff=6.2e-05 s  compute=0.874818 s  save=0.0 s
  comm[47] put=0 get=0 on=0 amo=0 | data=0 B/step  cum=0 B
step 48  updateFluff=6e-05 s  compute=0.871203 s  save=0.0 s
  comm[48] put=0 get=0 on=0 amo=0 | data=0 B/step  cum=0 B
step 49  updateFluff=5.2e-05 s  compute=0.873615 s  save=0.0 s
  comm[49] put=0 get=0 on=0 amo=0 | data=0 B/step  cum=0 B
step 50  updateFluff=6.4e-05 s  compute=0.875007 s  save=0.0 s
  comm[50] put=0 get=0 on=0 amo=0 | data=0 B/step  cum=0 B
step 51  updateFluff=5.1e-05 s  compute=0.875105 s  save=0.0 s
  comm[51] put=0 get=0 on=0 amo=0 | data=0 B/step  cum=0 B
step 52  updateFluff=4.9e-05 s  compute=0.875155 s  save=0.0 s
  comm[52] put=0 get=0 on=0 amo=0 | data=0 B/step  cum=0 B
step 53  updateFluff=5.8e-05 s  compute=0.877317 s  save=1e-06 s
  comm[53] put=0 get=0 on=0 amo=0 | data=0 B/step  cum=0 B
step 54  updateFluff=5.9e-05 s  compute=0.873358 s  save=0.0 s
  comm[54] put=0 get=0 on=0 amo=0 | data=0 B/step  cum=0 B
step 55  updateFluff=5.9e-05 s  compute=0.873302 s  save=1e-06 s
  comm[55] put=0 get=0 on=0 amo=0 | data=0 B/step  cum=0 B
step 56  updateFluff=6e-05 s  compute=0.873825 s  save=0.0 s
  comm[56] put=0 get=0 on=0 amo=0 | data=0 B/step  cum=0 B
step 57  updateFluff=6.3e-05 s  compute=0.873483 s  save=0.0 s
  comm[57] put=0 get=0 on=0 amo=0 | data=0 B/step  cum=0 B
step 58  updateFluff=6e-05 s  compute=0.875963 s  save=1e-06 s
  comm[58] put=0 get=0 on=0 amo=0 | data=0 B/step  cum=0 B
step 59  updateFluff=5.6e-05 s  compute=0.873539 s  save=0.0 s
  comm[59] put=0 get=0 on=0 amo=0 | data=0 B/step  cum=0 B
step 60  updateFluff=6.4e-05 s  compute=0.873974 s  save=0.0 s
  comm[60] put=0 get=0 on=0 amo=0 | data=0 B/step  cum=0 B
step 61  updateFluff=6.3e-05 s  compute=0.875175 s  save=1e-06 s
  comm[61] put=0 get=0 on=0 amo=0 | data=0 B/step  cum=0 B
step 62  updateFluff=8.2e-05 s  compute=0.874513 s  save=0.0 s
  comm[62] put=0 get=0 on=0 amo=0 | data=0 B/step  cum=0 B
step 63  updateFluff=6e-05 s  compute=0.877668 s  save=1e-06 s
  comm[63] put=0 get=0 on=0 amo=0 | data=0 B/step  cum=0 B
step 64  updateFluff=6e-05 s  compute=0.874905 s  save=0.0 s
  comm[64] put=0 get=0 on=0 amo=0 | data=0 B/step  cum=0 B
step 65  updateFluff=6e-05 s  compute=0.875689 s  save=0.0 s
  comm[65] put=0 get=0 on=0 amo=0 | data=0 B/step  cum=0 B
step 66  updateFluff=5.6e-05 s  compute=0.872143 s  save=0.0 s
  comm[66] put=0 get=0 on=0 amo=0 | data=0 B/step  cum=0 B
step 67  updateFluff=6.3e-05 s  compute=0.872726 s  save=0.0 s
  comm[67] put=0 get=0 on=0 amo=0 | data=0 B/step  cum=0 B
step 68  updateFluff=6.2e-05 s  compute=0.875559 s  save=0.0 s
  comm[68] put=0 get=0 on=0 amo=0 | data=0 B/step  cum=0 B
step 69  updateFluff=5.5e-05 s  compute=0.877536 s  save=0.0 s
  comm[69] put=0 get=0 on=0 amo=0 | data=0 B/step  cum=0 B
step 70  updateFluff=6.3e-05 s  compute=0.874807 s  save=1e-06 s
  comm[70] put=0 get=0 on=0 amo=0 | data=0 B/step  cum=0 B
step 71  updateFluff=5.3e-05 s  compute=0.87306 s  save=0.0 s
  comm[71] put=0 get=0 on=0 amo=0 | data=0 B/step  cum=0 B
step 72  updateFluff=5.9e-05 s  compute=0.872573 s  save=0.0 s
  comm[72] put=0 get=0 on=0 amo=0 | data=0 B/step  cum=0 B
step 73  updateFluff=5.9e-05 s  compute=0.873727 s  save=0.0 s
  comm[73] put=0 get=0 on=0 amo=0 | data=0 B/step  cum=0 B
step 74  updateFluff=5.7e-05 s  compute=0.870946 s  save=0.0 s
  comm[74] put=0 get=0 on=0 amo=0 | data=0 B/step  cum=0 B
step 75  updateFluff=6.6e-05 s  compute=0.876481 s  save=0.0 s
  comm[75] put=0 get=0 on=0 amo=0 | data=0 B/step  cum=0 B
step 76  updateFluff=6e-05 s  compute=0.872708 s  save=0.0 s
  comm[76] put=0 get=0 on=0 amo=0 | data=0 B/step  cum=0 B
step 77  updateFluff=5.6e-05 s  compute=0.875021 s  save=0.0 s
  comm[77] put=0 get=0 on=0 amo=0 | data=0 B/step  cum=0 B
step 78  updateFluff=5.3e-05 s  compute=0.875762 s  save=0.0 s
  comm[78] put=0 get=0 on=0 amo=0 | data=0 B/step  cum=0 B
step 79  updateFluff=6.2e-05 s  compute=0.873298 s  save=0.0 s
  comm[79] put=0 get=0 on=0 amo=0 | data=0 B/step  cum=0 B
step 80  updateFluff=6.2e-05 s  compute=0.874304 s  save=0.0 s
  comm[80] put=0 get=0 on=0 amo=0 | data=0 B/step  cum=0 B
step 81  updateFluff=6e-05 s  compute=0.876556 s  save=0.0 s
  comm[81] put=0 get=0 on=0 amo=0 | data=0 B/step  cum=0 B
step 82  updateFluff=6.1e-05 s  compute=0.874386 s  save=0.0 s
  comm[82] put=0 get=0 on=0 amo=0 | data=0 B/step  cum=0 B
step 83  updateFluff=5.6e-05 s  compute=0.874438 s  save=0.0 s
  comm[83] put=0 get=0 on=0 amo=0 | data=0 B/step  cum=0 B
step 84  updateFluff=6.2e-05 s  compute=0.873684 s  save=0.0 s
  comm[84] put=0 get=0 on=0 amo=0 | data=0 B/step  cum=0 B
step 85  updateFluff=6.7e-05 s  compute=0.872264 s  save=0.0 s
  comm[85] put=0 get=0 on=0 amo=0 | data=0 B/step  cum=0 B
step 86  updateFluff=5.9e-05 s  compute=0.872147 s  save=0.0 s
  comm[86] put=0 get=0 on=0 amo=0 | data=0 B/step  cum=0 B
step 87  updateFluff=5.3e-05 s  compute=0.897623 s  save=0.0 s
  comm[87] put=0 get=0 on=0 amo=0 | data=0 B/step  cum=0 B
step 88  updateFluff=4.8e-05 s  compute=0.875287 s  save=0.0 s
  comm[88] put=0 get=0 on=0 amo=0 | data=0 B/step  cum=0 B
step 89  updateFluff=6e-05 s  compute=0.874227 s  save=0.0 s
  comm[89] put=0 get=0 on=0 amo=0 | data=0 B/step  cum=0 B
step 90  updateFluff=5.7e-05 s  compute=0.8701 s  save=0.0 s
  comm[90] put=0 get=0 on=0 amo=0 | data=0 B/step  cum=0 B
step 91  updateFluff=6.2e-05 s  compute=0.87294 s  save=0.0 s
  comm[91] put=0 get=0 on=0 amo=0 | data=0 B/step  cum=0 B
step 92  updateFluff=5.7e-05 s  compute=0.871284 s  save=0.0 s
  comm[92] put=0 get=0 on=0 amo=0 | data=0 B/step  cum=0 B
step 93  updateFluff=5.3e-05 s  compute=0.875008 s  save=1e-06 s
  comm[93] put=0 get=0 on=0 amo=0 | data=0 B/step  cum=0 B
step 94  updateFluff=6e-05 s  compute=0.874423 s  save=0.0 s
  comm[94] put=0 get=0 on=0 amo=0 | data=0 B/step  cum=0 B
step 95  updateFluff=5.3e-05 s  compute=0.874695 s  save=0.0 s
  comm[95] put=0 get=0 on=0 amo=0 | data=0 B/step  cum=0 B
step 96  updateFluff=6.1e-05 s  compute=0.875874 s  save=0.0 s
  comm[96] put=0 get=0 on=0 amo=0 | data=0 B/step  cum=0 B
step 97  updateFluff=5.7e-05 s  compute=0.87791 s  save=1e-06 s
  comm[97] put=0 get=0 on=0 amo=0 | data=0 B/step  cum=0 B
step 98  updateFluff=5.6e-05 s  compute=0.874553 s  save=0.0 s
  comm[98] put=0 get=0 on=0 amo=0 | data=0 B/step  cum=0 B
step 99  updateFluff=6.5e-05 s  compute=0.879495 s  save=0.0 s
  comm[99] put=0 get=0 on=0 amo=0 | data=0 B/step  cum=0 B
step 100  updateFluff=5.9e-05 s  compute=0.87433 s  save=0.0 s
  comm[100] put=0 get=0 on=0 amo=0 | data=0 B/step  cum=0 B
[mem] after run locale 0: 15350.7 MB
final field: min=1.0 max=2.0 sum=1.00518e+09
Execution time:    87.4699 s
