warning: QTHREADS: Reduced numThreadsPerLocale=20 to 16 to prevent oversubscription of the system.
warning: QTHREADS: Reduced numThreadsPerLocale=20 to 16 to prevent oversubscription of the system.
warning: QTHREADS: Reduced numThreadsPerLocale=20 to 16 to prevent oversubscription of the system.
[cfg] threadsPerLocale(requested)=20 numLocales=3
Initialization time: 0.95887 s
[mem] after init (u+un allocated) locale 0: 5971.58 MB
[mem] after init (u+un allocated) locale 1: 5956.2 MB
[mem] after init (u+un allocated) locale 2: 5956.2 MB
[cfg] locale 0 maxTaskPar=16
[cfg] locale 1 maxTaskPar=16
[cfg] locale 2 maxTaskPar=16
[comm] 32000000 B/step across 3 locale(s)
step 1  updateFluff=0.221801 s  compute=0.309478 s  save=0.0 s
  comm[1] put=0 get=54 on=8 amo=0 | data=32000000 B/step  cum=32000000 B
step 2  updateFluff=0.217231 s  compute=0.307762 s  save=0.0 s
  comm[2] put=2 get=54 on=10 amo=0 | data=32000000 B/step  cum=64000000 B
step 3  updateFluff=0.218384 s  compute=0.307638 s  save=0.0 s
  comm[3] put=2 get=54 on=10 amo=0 | data=32000000 B/step  cum=96000000 B
step 4  updateFluff=0.223454 s  compute=0.310803 s  save=0.0 s
  comm[4] put=2 get=54 on=10 amo=0 | data=32000000 B/step  cum=128000000 B
step 5  updateFluff=0.211468 s  compute=0.308245 s  save=1e-06 s
  comm[5] put=2 get=54 on=10 amo=0 | data=32000000 B/step  cum=160000000 B
step 6  updateFluff=0.217115 s  compute=0.309137 s  save=0.0 s
  comm[6] put=2 get=54 on=10 amo=0 | data=32000000 B/step  cum=192000000 B
step 7  updateFluff=0.222484 s  compute=0.308856 s  save=0.0 s
  comm[7] put=2 get=54 on=10 amo=0 | data=32000000 B/step  cum=224000000 B
step 8  updateFluff=0.218186 s  compute=0.307574 s  save=1e-06 s
  comm[8] put=2 get=54 on=10 amo=0 | data=32000000 B/step  cum=256000000 B
step 9  updateFluff=0.217582 s  compute=0.307343 s  save=0.0 s
  comm[9] put=2 get=54 on=10 amo=0 | data=32000000 B/step  cum=288000000 B
step 10  updateFluff=0.222332 s  compute=0.310401 s  save=1e-06 s
  comm[10] put=2 get=54 on=10 amo=0 | data=32000000 B/step  cum=320000000 B
step 11  updateFluff=0.219158 s  compute=0.309479 s  save=0.0 s
  comm[11] put=2 get=54 on=10 amo=0 | data=32000000 B/step  cum=352000000 B
step 12  updateFluff=0.220569 s  compute=0.310092 s  save=1e-06 s
  comm[12] put=2 get=54 on=10 amo=0 | data=32000000 B/step  cum=384000000 B
step 13  updateFluff=0.211519 s  compute=0.308649 s  save=1e-06 s
  comm[13] put=2 get=54 on=10 amo=0 | data=32000000 B/step  cum=416000000 B
step 14  updateFluff=0.213924 s  compute=0.309541 s  save=0.0 s
  comm[14] put=2 get=54 on=10 amo=0 | data=32000000 B/step  cum=448000000 B
step 15  updateFluff=0.213062 s  compute=0.307552 s  save=0.0 s
  comm[15] put=2 get=54 on=10 amo=0 | data=32000000 B/step  cum=480000000 B
step 16  updateFluff=0.22437 s  compute=0.308514 s  save=0.0 s
  comm[16] put=2 get=54 on=10 amo=0 | data=32000000 B/step  cum=512000000 B
step 17  updateFluff=0.209994 s  compute=0.308428 s  save=0.0 s
  comm[17] put=2 get=54 on=10 amo=0 | data=32000000 B/step  cum=544000000 B
step 18  updateFluff=0.220722 s  compute=0.309469 s  save=0.0 s
  comm[18] put=2 get=54 on=10 amo=0 | data=32000000 B/step  cum=576000000 B
step 19  updateFluff=0.209631 s  compute=0.307986 s  save=0.0 s
  comm[19] put=2 get=54 on=10 amo=0 | data=32000000 B/step  cum=608000000 B
step 20  updateFluff=0.21709 s  compute=0.308801 s  save=0.0 s
  comm[20] put=2 get=54 on=10 amo=0 | data=32000000 B/step  cum=640000000 B
step 21  updateFluff=0.221648 s  compute=0.307444 s  save=1e-06 s
  comm[21] put=2 get=54 on=10 amo=0 | data=32000000 B/step  cum=672000000 B
step 22  updateFluff=0.232157 s  compute=0.308101 s  save=0.0 s
  comm[22] put=2 get=54 on=10 amo=0 | data=32000000 B/step  cum=704000000 B
step 23  updateFluff=0.223622 s  compute=0.308777 s  save=0.0 s
  comm[23] put=2 get=54 on=10 amo=0 | data=32000000 B/step  cum=736000000 B
step 24  updateFluff=0.216651 s  compute=0.308071 s  save=1e-06 s
  comm[24] put=2 get=54 on=10 amo=0 | data=32000000 B/step  cum=768000000 B
step 25  updateFluff=0.216843 s  compute=0.30905 s  save=0.0 s
  comm[25] put=2 get=54 on=10 amo=0 | data=32000000 B/step  cum=800000000 B
step 26  updateFluff=0.216305 s  compute=0.307897 s  save=1e-06 s
  comm[26] put=2 get=54 on=10 amo=0 | data=32000000 B/step  cum=832000000 B
step 27  updateFluff=0.220178 s  compute=0.308438 s  save=1e-06 s
  comm[27] put=2 get=54 on=10 amo=0 | data=32000000 B/step  cum=864000000 B
step 28  updateFluff=0.21707 s  compute=0.307846 s  save=0.0 s
  comm[28] put=2 get=54 on=10 amo=0 | data=32000000 B/step  cum=896000000 B
step 29  updateFluff=0.217423 s  compute=0.308964 s  save=0.0 s
  comm[29] put=2 get=54 on=10 amo=0 | data=32000000 B/step  cum=928000000 B
step 30  updateFluff=0.215082 s  compute=0.306127 s  save=0.0 s
  comm[30] put=2 get=54 on=10 amo=0 | data=32000000 B/step  cum=960000000 B
step 31  updateFluff=0.213322 s  compute=0.3092 s  save=0.0 s
  comm[31] put=2 get=54 on=10 amo=0 | data=32000000 B/step  cum=992000000 B
step 32  updateFluff=0.221949 s  compute=0.309875 s  save=0.0 s
  comm[32] put=2 get=54 on=10 amo=0 | data=32000000 B/step  cum=1024000000 B
step 33  updateFluff=0.21814 s  compute=0.307995 s  save=0.0 s
  comm[33] put=2 get=54 on=10 amo=0 | data=32000000 B/step  cum=1056000000 B
step 34  updateFluff=0.237243 s  compute=0.307962 s  save=0.0 s
  comm[34] put=2 get=54 on=10 amo=0 | data=32000000 B/step  cum=1088000000 B
step 35  updateFluff=0.221955 s  compute=0.307121 s  save=0.0 s
  comm[35] put=2 get=54 on=10 amo=0 | data=32000000 B/step  cum=1120000000 B
step 36  updateFluff=0.220608 s  compute=0.307939 s  save=0.0 s
  comm[36] put=2 get=54 on=10 amo=0 | data=32000000 B/step  cum=1152000000 B
step 37  updateFluff=0.214112 s  compute=0.306831 s  save=0.0 s
  comm[37] put=2 get=54 on=10 amo=0 | data=32000000 B/step  cum=1184000000 B
step 38  updateFluff=0.211533 s  compute=0.307932 s  save=0.0 s
  comm[38] put=2 get=54 on=10 amo=0 | data=32000000 B/step  cum=1216000000 B
step 39  updateFluff=0.238216 s  compute=0.307082 s  save=1e-06 s
  comm[39] put=2 get=54 on=10 amo=0 | data=32000000 B/step  cum=1248000000 B
step 40  updateFluff=0.214559 s  compute=0.309445 s  save=0.0 s
  comm[40] put=2 get=54 on=10 amo=0 | data=32000000 B/step  cum=1280000000 B
step 41  updateFluff=0.217049 s  compute=0.307198 s  save=0.0 s
  comm[41] put=2 get=54 on=10 amo=0 | data=32000000 B/step  cum=1312000000 B
step 42  updateFluff=0.22183 s  compute=0.307993 s  save=0.0 s
  comm[42] put=2 get=54 on=10 amo=0 | data=32000000 B/step  cum=1344000000 B
step 43  updateFluff=0.220567 s  compute=0.308565 s  save=1e-06 s
  comm[43] put=2 get=54 on=10 amo=0 | data=32000000 B/step  cum=1376000000 B
step 44  updateFluff=0.222511 s  compute=0.309468 s  save=0.0 s
  comm[44] put=2 get=54 on=10 amo=0 | data=32000000 B/step  cum=1408000000 B
step 45  updateFluff=0.215509 s  compute=0.309395 s  save=0.0 s
  comm[45] put=2 get=54 on=10 amo=0 | data=32000000 B/step  cum=1440000000 B
step 46  updateFluff=0.21822 s  compute=0.30814 s  save=0.0 s
  comm[46] put=2 get=54 on=10 amo=0 | data=32000000 B/step  cum=1472000000 B
step 47  updateFluff=0.237013 s  compute=0.308456 s  save=1e-06 s
  comm[47] put=2 get=54 on=10 amo=0 | data=32000000 B/step  cum=1504000000 B
step 48  updateFluff=0.22083 s  compute=0.309071 s  save=1e-06 s
  comm[48] put=2 get=54 on=10 amo=0 | data=32000000 B/step  cum=1536000000 B
step 49  updateFluff=0.240069 s  compute=0.307232 s  save=0.0 s
  comm[49] put=2 get=54 on=10 amo=0 | data=32000000 B/step  cum=1568000000 B
step 50  updateFluff=0.22048 s  compute=0.308944 s  save=1e-06 s
  comm[50] put=2 get=54 on=10 amo=0 | data=32000000 B/step  cum=1600000000 B
step 51  updateFluff=0.219488 s  compute=0.309236 s  save=1e-06 s
  comm[51] put=2 get=54 on=10 amo=0 | data=32000000 B/step  cum=1632000000 B
step 52  updateFluff=0.218146 s  compute=0.308983 s  save=0.0 s
  comm[52] put=2 get=54 on=10 amo=0 | data=32000000 B/step  cum=1664000000 B
step 53  updateFluff=0.220212 s  compute=0.307847 s  save=0.0 s
  comm[53] put=2 get=54 on=10 amo=0 | data=32000000 B/step  cum=1696000000 B
step 54  updateFluff=0.208565 s  compute=0.310422 s  save=0.0 s
  comm[54] put=2 get=54 on=10 amo=0 | data=32000000 B/step  cum=1728000000 B
step 55  updateFluff=0.236872 s  compute=0.310126 s  save=0.0 s
  comm[55] put=2 get=54 on=10 amo=0 | data=32000000 B/step  cum=1760000000 B
step 56  updateFluff=0.210962 s  compute=0.308062 s  save=0.0 s
  comm[56] put=2 get=54 on=10 amo=0 | data=32000000 B/step  cum=1792000000 B
step 57  updateFluff=0.225387 s  compute=0.308258 s  save=0.0 s
  comm[57] put=2 get=54 on=10 amo=0 | data=32000000 B/step  cum=1824000000 B
step 58  updateFluff=0.221239 s  compute=0.307836 s  save=0.0 s
  comm[58] put=2 get=54 on=10 amo=0 | data=32000000 B/step  cum=1856000000 B
step 59  updateFluff=0.21565 s  compute=0.307294 s  save=0.0 s
  comm[59] put=2 get=54 on=10 amo=0 | data=32000000 B/step  cum=1888000000 B
step 60  updateFluff=0.218491 s  compute=0.310223 s  save=1e-06 s
  comm[60] put=2 get=54 on=10 amo=0 | data=32000000 B/step  cum=1920000000 B
step 61  updateFluff=0.217457 s  compute=0.30907 s  save=0.0 s
  comm[61] put=2 get=54 on=10 amo=0 | data=32000000 B/step  cum=1952000000 B
step 62  updateFluff=0.219118 s  compute=0.307259 s  save=0.0 s
  comm[62] put=2 get=54 on=10 amo=0 | data=32000000 B/step  cum=1984000000 B
step 63  updateFluff=0.222551 s  compute=0.308908 s  save=0.0 s
  comm[63] put=2 get=54 on=10 amo=0 | data=32000000 B/step  cum=2016000000 B
step 64  updateFluff=0.215785 s  compute=0.307403 s  save=0.0 s
  comm[64] put=2 get=54 on=10 amo=0 | data=32000000 B/step  cum=2048000000 B
step 65  updateFluff=0.217331 s  compute=0.308516 s  save=0.0 s
  comm[65] put=2 get=54 on=10 amo=0 | data=32000000 B/step  cum=2080000000 B
step 66  updateFluff=0.222119 s  compute=0.308086 s  save=0.0 s
  comm[66] put=2 get=54 on=10 amo=0 | data=32000000 B/step  cum=2112000000 B
step 67  updateFluff=0.221333 s  compute=0.307942 s  save=0.0 s
  comm[67] put=2 get=54 on=10 amo=0 | data=32000000 B/step  cum=2144000000 B
step 68  updateFluff=0.224337 s  compute=0.309053 s  save=0.0 s
  comm[68] put=2 get=54 on=10 amo=0 | data=32000000 B/step  cum=2176000000 B
step 69  updateFluff=0.225214 s  compute=0.309075 s  save=0.0 s
  comm[69] put=2 get=54 on=10 amo=0 | data=32000000 B/step  cum=2208000000 B
step 70  updateFluff=0.222606 s  compute=0.309461 s  save=0.0 s
  comm[70] put=2 get=54 on=10 amo=0 | data=32000000 B/step  cum=2240000000 B
step 71  updateFluff=0.225028 s  compute=0.307493 s  save=0.0 s
  comm[71] put=2 get=54 on=10 amo=0 | data=32000000 B/step  cum=2272000000 B
step 72  updateFluff=0.218122 s  compute=0.306259 s  save=0.0 s
  comm[72] put=2 get=54 on=10 amo=0 | data=32000000 B/step  cum=2304000000 B
step 73  updateFluff=0.216562 s  compute=0.307347 s  save=0.0 s
  comm[73] put=2 get=54 on=10 amo=0 | data=32000000 B/step  cum=2336000000 B
step 74  updateFluff=0.222975 s  compute=0.307152 s  save=0.0 s
  comm[74] put=2 get=54 on=10 amo=0 | data=32000000 B/step  cum=2368000000 B
step 75  updateFluff=0.202357 s  compute=0.308249 s  save=0.0 s
  comm[75] put=2 get=54 on=10 amo=0 | data=32000000 B/step  cum=2400000000 B
step 76  updateFluff=0.217599 s  compute=0.310033 s  save=1e-06 s
  comm[76] put=2 get=54 on=10 amo=0 | data=32000000 B/step  cum=2432000000 B
step 77  updateFluff=0.219865 s  compute=0.307562 s  save=1e-06 s
  comm[77] put=2 get=54 on=10 amo=0 | data=32000000 B/step  cum=2464000000 B
step 78  updateFluff=0.216993 s  compute=0.306296 s  save=1e-06 s
  comm[78] put=2 get=54 on=10 amo=0 | data=32000000 B/step  cum=2496000000 B
step 79  updateFluff=0.217787 s  compute=0.306288 s  save=0.0 s
  comm[79] put=2 get=54 on=10 amo=0 | data=32000000 B/step  cum=2528000000 B
step 80  updateFluff=0.225794 s  compute=0.308537 s  save=1e-06 s
  comm[80] put=2 get=54 on=10 amo=0 | data=32000000 B/step  cum=2560000000 B
step 81  updateFluff=0.224096 s  compute=0.307989 s  save=0.0 s
  comm[81] put=2 get=54 on=10 amo=0 | data=32000000 B/step  cum=2592000000 B
step 82  updateFluff=0.219345 s  compute=0.308776 s  save=1e-06 s
  comm[82] put=2 get=54 on=10 amo=0 | data=32000000 B/step  cum=2624000000 B
step 83  updateFluff=0.217776 s  compute=0.308555 s  save=0.0 s
  comm[83] put=2 get=54 on=10 amo=0 | data=32000000 B/step  cum=2656000000 B
step 84  updateFluff=0.218622 s  compute=0.31013 s  save=0.0 s
  comm[84] put=2 get=54 on=10 amo=0 | data=32000000 B/step  cum=2688000000 B
step 85  updateFluff=0.217303 s  compute=0.309775 s  save=0.0 s
  comm[85] put=2 get=54 on=10 amo=0 | data=32000000 B/step  cum=2720000000 B
step 86  updateFluff=0.218329 s  compute=0.309964 s  save=0.0 s
  comm[86] put=2 get=54 on=10 amo=0 | data=32000000 B/step  cum=2752000000 B
step 87  updateFluff=0.20687 s  compute=0.308597 s  save=1e-06 s
  comm[87] put=2 get=54 on=10 amo=0 | data=32000000 B/step  cum=2784000000 B
step 88  updateFluff=0.212619 s  compute=0.308831 s  save=1e-06 s
  comm[88] put=2 get=54 on=10 amo=0 | data=32000000 B/step  cum=2816000000 B
step 89  updateFluff=0.216745 s  compute=0.307998 s  save=0.0 s
  comm[89] put=2 get=54 on=10 amo=0 | data=32000000 B/step  cum=2848000000 B
step 90  updateFluff=0.21494 s  compute=0.310241 s  save=0.0 s
  comm[90] put=2 get=54 on=10 amo=0 | data=32000000 B/step  cum=2880000000 B
step 91  updateFluff=0.23013 s  compute=0.307977 s  save=1e-06 s
  comm[91] put=2 get=54 on=10 amo=0 | data=32000000 B/step  cum=2912000000 B
step 92  updateFluff=0.216145 s  compute=0.308997 s  save=1e-06 s
  comm[92] put=2 get=54 on=10 amo=0 | data=32000000 B/step  cum=2944000000 B
step 93  updateFluff=0.23189 s  compute=0.307218 s  save=0.0 s
  comm[93] put=2 get=54 on=10 amo=0 | data=32000000 B/step  cum=2976000000 B
step 94  updateFluff=0.221741 s  compute=0.308863 s  save=0.0 s
  comm[94] put=2 get=54 on=10 amo=0 | data=32000000 B/step  cum=3008000000 B
step 95  updateFluff=0.214109 s  compute=0.30707 s  save=0.0 s
  comm[95] put=2 get=54 on=10 amo=0 | data=32000000 B/step  cum=3040000000 B
step 96  updateFluff=0.216567 s  compute=0.308086 s  save=1e-06 s
  comm[96] put=2 get=54 on=10 amo=0 | data=32000000 B/step  cum=3072000000 B
step 97  updateFluff=0.221551 s  compute=0.306822 s  save=1e-06 s
  comm[97] put=2 get=54 on=10 amo=0 | data=32000000 B/step  cum=3104000000 B
step 98  updateFluff=0.217765 s  compute=0.306772 s  save=1e-06 s
  comm[98] put=2 get=54 on=10 amo=0 | data=32000000 B/step  cum=3136000000 B
step 99  updateFluff=0.219328 s  compute=0.307169 s  save=0.0 s
  comm[99] put=2 get=54 on=10 amo=0 | data=32000000 B/step  cum=3168000000 B
step 100  updateFluff=0.220372 s  compute=0.308138 s  save=0.0 s
  comm[100] put=2 get=54 on=10 amo=0 | data=32000000 B/step  cum=3200000000 B
[mem] after run locale 0: 5971.58 MB
[mem] after run locale 1: 5956.2 MB
[mem] after run locale 2: 5956.2 MB
final field: min=1.0 max=2.0 sum=1.00518e+09
Execution time:    52.9283 s
