warning: QTHREADS: Reduced numThreadsPerLocale=20 to 16 to prevent oversubscription of the system.
warning: QTHREADS: Reduced numThreadsPerLocale=20 to 16 to prevent oversubscription of the system.
warning: QTHREADS: Reduced numThreadsPerLocale=20 to 16 to prevent oversubscription of the system.
warning: QTHREADS: Reduced numThreadsPerLocale=20 to 16 to prevent oversubscription of the system.
warning: QTHREADS: Reduced numThreadsPerLocale=20 to 16 to prevent oversubscription of the system.
[cfg] threadsPerLocale(requested)=20 numLocales=5
Initialization time: 0.627705 s
[mem] after init (u+un allocated) locale 0: 3918.72 MB
[mem] after init (u+un allocated) locale 1: 3918.65 MB
[mem] after init (u+un allocated) locale 2: 3918.65 MB
[mem] after init (u+un allocated) locale 3: 3918.65 MB
[mem] after init (u+un allocated) locale 4: 3918.65 MB
[cfg] locale 0 maxTaskPar=16
[cfg] locale 1 maxTaskPar=16
[cfg] locale 2 maxTaskPar=16
[cfg] locale 3 maxTaskPar=16
[cfg] locale 4 maxTaskPar=16
[comm] 64000000 B/step across 5 locale(s)
step 1  updateFluff=0.236911 s  compute=0.187544 s  save=0.0 s
  comm[1] put=0 get=108 on=16 amo=0 | data=64000000 B/step  cum=64000000 B
step 2  updateFluff=0.224473 s  compute=0.18697 s  save=0.0 s
  comm[2] put=4 get=108 on=20 amo=0 | data=64000000 B/step  cum=128000000 B
step 3  updateFluff=0.228157 s  compute=0.187019 s  save=0.0 s
  comm[3] put=5 get=108 on=20 amo=0 | data=64000000 B/step  cum=192000000 B
step 4  updateFluff=0.240557 s  compute=0.187662 s  save=0.0 s
  comm[4] put=4 get=108 on=20 amo=0 | data=64000000 B/step  cum=256000000 B
step 5  updateFluff=0.230028 s  compute=0.18711 s  save=0.0 s
  comm[5] put=4 get=108 on=20 amo=0 | data=64000000 B/step  cum=320000000 B
step 6  updateFluff=0.220877 s  compute=0.187481 s  save=0.0 s
  comm[6] put=5 get=108 on=20 amo=0 | data=64000000 B/step  cum=384000000 B
step 7  updateFluff=0.23304 s  compute=0.18682 s  save=0.0 s
  comm[7] put=5 get=108 on=20 amo=0 | data=64000000 B/step  cum=448000000 B
step 8  updateFluff=0.252752 s  compute=0.18672 s  save=0.0 s
  comm[8] put=5 get=108 on=20 amo=0 | data=64000000 B/step  cum=512000000 B
step 9  updateFluff=0.220568 s  compute=0.186292 s  save=0.0 s
  comm[9] put=5 get=108 on=20 amo=0 | data=64000000 B/step  cum=576000000 B
step 10  updateFluff=0.219712 s  compute=0.187302 s  save=1e-06 s
  comm[10] put=5 get=108 on=20 amo=0 | data=64000000 B/step  cum=640000000 B
step 11  updateFluff=0.226433 s  compute=0.186567 s  save=0.0 s
  comm[11] put=5 get=108 on=20 amo=0 | data=64000000 B/step  cum=704000000 B
step 12  updateFluff=0.23388 s  compute=0.187487 s  save=0.0 s
  comm[12] put=5 get=108 on=20 amo=0 | data=64000000 B/step  cum=768000000 B
step 13  updateFluff=0.21941 s  compute=0.186313 s  save=0.0 s
  comm[13] put=4 get=108 on=20 amo=0 | data=64000000 B/step  cum=832000000 B
step 14  updateFluff=0.220664 s  compute=0.187173 s  save=0.0 s
  comm[14] put=5 get=108 on=20 amo=0 | data=64000000 B/step  cum=896000000 B
step 15  updateFluff=0.225634 s  compute=0.186185 s  save=0.0 s
  comm[15] put=4 get=108 on=20 amo=0 | data=64000000 B/step  cum=960000000 B
step 16  updateFluff=0.230368 s  compute=0.18662 s  save=1e-06 s
  comm[16] put=5 get=108 on=20 amo=0 | data=64000000 B/step  cum=1024000000 B
step 17  updateFluff=0.219614 s  compute=0.187404 s  save=0.0 s
  comm[17] put=5 get=108 on=20 amo=0 | data=64000000 B/step  cum=1088000000 B
step 18  updateFluff=0.216728 s  compute=0.186418 s  save=1e-06 s
  comm[18] put=5 get=108 on=20 amo=0 | data=64000000 B/step  cum=1152000000 B
step 19  updateFluff=0.234531 s  compute=0.186269 s  save=2e-06 s
  comm[19] put=5 get=108 on=20 amo=0 | data=64000000 B/step  cum=1216000000 B
step 20  updateFluff=0.226596 s  compute=0.187599 s  save=0.0 s
  comm[20] put=5 get=108 on=20 amo=0 | data=64000000 B/step  cum=1280000000 B
step 21  updateFluff=0.224784 s  compute=0.187361 s  save=1e-06 s
  comm[21] put=5 get=108 on=20 amo=0 | data=64000000 B/step  cum=1344000000 B
step 22  updateFluff=0.234271 s  compute=0.187156 s  save=1e-06 s
  comm[22] put=5 get=108 on=20 amo=0 | data=64000000 B/step  cum=1408000000 B
step 23  updateFluff=0.219907 s  compute=0.1867 s  save=0.0 s
  comm[23] put=5 get=108 on=20 amo=0 | data=64000000 B/step  cum=1472000000 B
step 24  updateFluff=0.223344 s  compute=0.186544 s  save=0.0 s
  comm[24] put=5 get=108 on=20 amo=0 | data=64000000 B/step  cum=1536000000 B
step 25  updateFluff=0.222085 s  compute=0.186593 s  save=0.0 s
  comm[25] put=4 get=108 on=20 amo=0 | data=64000000 B/step  cum=1600000000 B
step 26  updateFluff=0.237716 s  compute=0.187078 s  save=0.0 s
  comm[26] put=4 get=108 on=20 amo=0 | data=64000000 B/step  cum=1664000000 B
step 27  updateFluff=0.217852 s  compute=0.186975 s  save=0.0 s
  comm[27] put=4 get=108 on=20 amo=0 | data=64000000 B/step  cum=1728000000 B
step 28  updateFluff=0.217749 s  compute=0.186849 s  save=0.0 s
  comm[28] put=5 get=108 on=20 amo=0 | data=64000000 B/step  cum=1792000000 B
step 29  updateFluff=0.22857 s  compute=0.186904 s  save=0.0 s
  comm[29] put=4 get=108 on=20 amo=0 | data=64000000 B/step  cum=1856000000 B
step 30  updateFluff=0.230441 s  compute=0.186541 s  save=0.0 s
  comm[30] put=4 get=108 on=20 amo=0 | data=64000000 B/step  cum=1920000000 B
step 31  updateFluff=0.225385 s  compute=0.186765 s  save=0.0 s
  comm[31] put=5 get=108 on=20 amo=0 | data=64000000 B/step  cum=1984000000 B
step 32  updateFluff=0.220215 s  compute=0.186838 s  save=0.0 s
  comm[32] put=5 get=108 on=20 amo=0 | data=64000000 B/step  cum=2048000000 B
step 33  updateFluff=0.238313 s  compute=0.186666 s  save=0.0 s
  comm[33] put=5 get=108 on=20 amo=0 | data=64000000 B/step  cum=2112000000 B
step 34  updateFluff=0.221567 s  compute=0.186951 s  save=0.0 s
  comm[34] put=5 get=108 on=20 amo=0 | data=64000000 B/step  cum=2176000000 B
step 35  updateFluff=0.226908 s  compute=0.18616 s  save=0.0 s
  comm[35] put=5 get=108 on=20 amo=0 | data=64000000 B/step  cum=2240000000 B
step 36  updateFluff=0.221633 s  compute=0.18754 s  save=0.0 s
  comm[36] put=5 get=108 on=20 amo=0 | data=64000000 B/step  cum=2304000000 B
step 37  updateFluff=0.226641 s  compute=0.186736 s  save=0.0 s
  comm[37] put=5 get=108 on=20 amo=0 | data=64000000 B/step  cum=2368000000 B
step 38  updateFluff=0.236533 s  compute=0.187088 s  save=1e-06 s
  comm[38] put=5 get=108 on=20 amo=0 | data=64000000 B/step  cum=2432000000 B
step 39  updateFluff=0.222652 s  compute=0.186749 s  save=0.0 s
  comm[39] put=5 get=108 on=20 amo=0 | data=64000000 B/step  cum=2496000000 B
step 40  updateFluff=0.218761 s  compute=0.188129 s  save=0.0 s
  comm[40] put=4 get=108 on=20 amo=0 | data=64000000 B/step  cum=2560000000 B
step 41  updateFluff=0.22056 s  compute=0.187072 s  save=0.0 s
  comm[41] put=4 get=108 on=20 amo=0 | data=64000000 B/step  cum=2624000000 B
step 42  updateFluff=0.224615 s  compute=0.187281 s  save=0.0 s
  comm[42] put=4 get=108 on=20 amo=0 | data=64000000 B/step  cum=2688000000 B
step 43  updateFluff=0.224946 s  compute=0.185791 s  save=0.0 s
  comm[43] put=5 get=108 on=20 amo=0 | data=64000000 B/step  cum=2752000000 B
step 44  updateFluff=0.219768 s  compute=0.187864 s  save=0.0 s
  comm[44] put=4 get=108 on=20 amo=0 | data=64000000 B/step  cum=2816000000 B
step 45  updateFluff=0.224661 s  compute=0.186981 s  save=0.0 s
  comm[45] put=4 get=108 on=20 amo=0 | data=64000000 B/step  cum=2880000000 B
step 46  updateFluff=0.221447 s  compute=0.187126 s  save=0.0 s
  comm[46] put=5 get=108 on=20 amo=0 | data=64000000 B/step  cum=2944000000 B
step 47  updateFluff=0.221775 s  compute=0.187558 s  save=0.0 s
  comm[47] put=5 get=108 on=20 amo=0 | data=64000000 B/step  cum=3008000000 B
step 48  updateFluff=0.22321 s  compute=0.187717 s  save=0.0 s
  comm[48] put=5 get=108 on=20 amo=0 | data=64000000 B/step  cum=3072000000 B
step 49  updateFluff=0.221008 s  compute=0.187809 s  save=0.0 s
  comm[49] put=5 get=108 on=20 amo=0 | data=64000000 B/step  cum=3136000000 B
step 50  updateFluff=0.220941 s  compute=0.18698 s  save=1e-06 s
  comm[50] put=5 get=108 on=20 amo=0 | data=64000000 B/step  cum=3200000000 B
step 51  updateFluff=0.227692 s  compute=0.186262 s  save=0.0 s
  comm[51] put=5 get=108 on=20 amo=0 | data=64000000 B/step  cum=3264000000 B
step 52  updateFluff=0.221627 s  compute=0.18721 s  save=0.0 s
  comm[52] put=5 get=108 on=20 amo=0 | data=64000000 B/step  cum=3328000000 B
step 53  updateFluff=0.224186 s  compute=0.187148 s  save=0.0 s
  comm[53] put=4 get=108 on=20 amo=0 | data=64000000 B/step  cum=3392000000 B
step 54  updateFluff=0.224669 s  compute=0.187085 s  save=0.0 s
  comm[54] put=5 get=108 on=20 amo=0 | data=64000000 B/step  cum=3456000000 B
step 55  updateFluff=0.219935 s  compute=0.187034 s  save=0.0 s
  comm[55] put=4 get=108 on=20 amo=0 | data=64000000 B/step  cum=3520000000 B
step 56  updateFluff=0.229676 s  compute=0.187392 s  save=0.0 s
  comm[56] put=5 get=108 on=20 amo=0 | data=64000000 B/step  cum=3584000000 B
step 57  updateFluff=0.233205 s  compute=0.186637 s  save=1e-06 s
  comm[57] put=5 get=108 on=20 amo=0 | data=64000000 B/step  cum=3648000000 B
step 58  updateFluff=0.22249 s  compute=0.187036 s  save=1e-06 s
  comm[58] put=5 get=108 on=20 amo=0 | data=64000000 B/step  cum=3712000000 B
step 59  updateFluff=0.232647 s  compute=0.186837 s  save=0.0 s
  comm[59] put=5 get=108 on=20 amo=0 | data=64000000 B/step  cum=3776000000 B
step 60  updateFluff=0.213687 s  compute=0.187079 s  save=0.0 s
  comm[60] put=5 get=108 on=20 amo=0 | data=64000000 B/step  cum=3840000000 B
step 61  updateFluff=0.224214 s  compute=0.187013 s  save=0.0 s
  comm[61] put=5 get=108 on=20 amo=0 | data=64000000 B/step  cum=3904000000 B
step 62  updateFluff=0.229093 s  compute=0.18684 s  save=0.0 s
  comm[62] put=5 get=108 on=20 amo=0 | data=64000000 B/step  cum=3968000000 B
step 63  updateFluff=0.216818 s  compute=0.187351 s  save=0.0 s
  comm[63] put=5 get=108 on=20 amo=0 | data=64000000 B/step  cum=4032000000 B
step 64  updateFluff=0.223959 s  compute=0.187376 s  save=0.0 s
  comm[64] put=5 get=108 on=20 amo=0 | data=64000000 B/step  cum=4096000000 B
step 65  updateFluff=0.224073 s  compute=0.186498 s  save=0.0 s
  comm[65] put=4 get=108 on=20 amo=0 | data=64000000 B/step  cum=4160000000 B
step 66  updateFluff=0.222499 s  compute=0.186472 s  save=0.0 s
  comm[66] put=4 get=108 on=20 amo=0 | data=64000000 B/step  cum=4224000000 B
step 67  updateFluff=0.227623 s  compute=0.188154 s  save=0.0 s
  comm[67] put=4 get=108 on=20 amo=0 | data=64000000 B/step  cum=4288000000 B
step 68  updateFluff=0.229587 s  compute=0.187792 s  save=1e-06 s
  comm[68] put=5 get=108 on=20 amo=0 | data=64000000 B/step  cum=4352000000 B
step 69  updateFluff=0.221425 s  compute=0.187171 s  save=0.0 s
  comm[69] put=4 get=108 on=20 amo=0 | data=64000000 B/step  cum=4416000000 B
step 70  updateFluff=0.230187 s  compute=0.187036 s  save=0.0 s
  comm[70] put=4 get=108 on=20 amo=0 | data=64000000 B/step  cum=4480000000 B
step 71  updateFluff=0.223907 s  compute=0.186938 s  save=1e-06 s
  comm[71] put=5 get=108 on=20 amo=0 | data=64000000 B/step  cum=4544000000 B
step 72  updateFluff=0.228869 s  compute=0.186801 s  save=0.0 s
  comm[72] put=5 get=108 on=20 amo=0 | data=64000000 B/step  cum=4608000000 B
step 73  updateFluff=0.221431 s  compute=0.187716 s  save=0.0 s
  comm[73] put=5 get=108 on=20 amo=0 | data=64000000 B/step  cum=4672000000 B
step 74  updateFluff=0.22145 s  compute=0.187203 s  save=0.0 s
  comm[74] put=5 get=108 on=20 amo=0 | data=64000000 B/step  cum=4736000000 B
step 75  updateFluff=0.224904 s  compute=0.18865 s  save=0.0 s
  comm[75] put=5 get=108 on=20 amo=0 | data=64000000 B/step  cum=4800000000 B
step 76  updateFluff=0.227628 s  compute=0.187861 s  save=1e-06 s
  comm[76] put=5 get=108 on=20 amo=0 | data=64000000 B/step  cum=4864000000 B
step 77  updateFluff=0.22554 s  compute=0.18641 s  save=0.0 s
  comm[77] put=5 get=108 on=20 amo=0 | data=64000000 B/step  cum=4928000000 B
step 78  updateFluff=0.225424 s  compute=0.188235 s  save=0.0 s
  comm[78] put=5 get=108 on=20 amo=0 | data=64000000 B/step  cum=4992000000 B
step 79  updateFluff=0.218347 s  compute=0.186663 s  save=1e-06 s
  comm[79] put=5 get=108 on=20 amo=0 | data=64000000 B/step  cum=5056000000 B
step 80  updateFluff=0.227904 s  compute=0.186913 s  save=0.0 s
  comm[80] put=4 get=108 on=20 amo=0 | data=64000000 B/step  cum=5120000000 B
step 81  updateFluff=0.227392 s  compute=0.18761 s  save=0.0 s
  comm[81] put=4 get=108 on=20 amo=0 | data=64000000 B/step  cum=5184000000 B
step 82  updateFluff=0.234662 s  compute=0.186963 s  save=0.0 s
  comm[82] put=4 get=108 on=20 amo=0 | data=64000000 B/step  cum=5248000000 B
step 83  updateFluff=0.22823 s  compute=0.186934 s  save=1e-06 s
  comm[83] put=5 get=108 on=20 amo=0 | data=64000000 B/step  cum=5312000000 B
step 84  updateFluff=0.225347 s  compute=0.18805 s  save=0.0 s
  comm[84] put=4 get=108 on=20 amo=0 | data=64000000 B/step  cum=5376000000 B
step 85  updateFluff=0.21871 s  compute=0.187428 s  save=0.0 s
  comm[85] put=4 get=108 on=20 amo=0 | data=64000000 B/step  cum=5440000000 B
step 86  updateFluff=0.22905 s  compute=0.188243 s  save=0.0 s
  comm[86] put=5 get=108 on=20 amo=0 | data=64000000 B/step  cum=5504000000 B
step 87  updateFluff=0.220891 s  compute=0.187201 s  save=0.0 s
  comm[87] put=5 get=108 on=20 amo=0 | data=64000000 B/step  cum=5568000000 B
step 88  updateFluff=0.229688 s  compute=0.186927 s  save=0.0 s
  comm[88] put=5 get=108 on=20 amo=0 | data=64000000 B/step  cum=5632000000 B
step 89  updateFluff=0.22606 s  compute=0.186762 s  save=1e-06 s
  comm[89] put=5 get=108 on=20 amo=0 | data=64000000 B/step  cum=5696000000 B
step 90  updateFluff=0.233574 s  compute=0.187033 s  save=0.0 s
  comm[90] put=5 get=108 on=20 amo=0 | data=64000000 B/step  cum=5760000000 B
step 91  updateFluff=0.229366 s  compute=0.187034 s  save=0.0 s
  comm[91] put=5 get=108 on=20 amo=0 | data=64000000 B/step  cum=5824000000 B
step 92  updateFluff=0.217128 s  compute=0.187234 s  save=0.0 s
  comm[92] put=5 get=108 on=20 amo=0 | data=64000000 B/step  cum=5888000000 B
step 93  updateFluff=0.220324 s  compute=0.186727 s  save=0.0 s
  comm[93] put=4 get=108 on=20 amo=0 | data=64000000 B/step  cum=5952000000 B
step 94  updateFluff=0.219498 s  compute=0.187083 s  save=0.0 s
  comm[94] put=5 get=108 on=20 amo=0 | data=64000000 B/step  cum=6016000000 B
step 95  updateFluff=0.219375 s  compute=0.186836 s  save=0.0 s
  comm[95] put=4 get=108 on=20 amo=0 | data=64000000 B/step  cum=6080000000 B
step 96  updateFluff=0.214338 s  compute=0.187335 s  save=0.0 s
  comm[96] put=5 get=108 on=20 amo=0 | data=64000000 B/step  cum=6144000000 B
step 97  updateFluff=0.233085 s  compute=0.186547 s  save=0.0 s
  comm[97] put=5 get=108 on=20 amo=0 | data=64000000 B/step  cum=6208000000 B
step 98  updateFluff=0.220453 s  compute=0.188604 s  save=1e-06 s
  comm[98] put=5 get=108 on=20 amo=0 | data=64000000 B/step  cum=6272000000 B
step 99  updateFluff=0.219828 s  compute=0.187479 s  save=0.0 s
  comm[99] put=5 get=108 on=20 amo=0 | data=64000000 B/step  cum=6336000000 B
step 100  updateFluff=0.231017 s  compute=0.187403 s  save=0.0 s
  comm[100] put=5 get=108 on=20 amo=0 | data=64000000 B/step  cum=6400000000 B
[mem] after run locale 0: 3918.72 MB
[mem] after run locale 1: 3918.65 MB
[mem] after run locale 2: 3918.65 MB
[mem] after run locale 3: 3918.65 MB
[mem] after run locale 4: 3918.65 MB
final field: min=1.0 max=2.0 sum=1.00518e+09
Execution time:    41.5151 s
