warning: QTHREADS: Reduced numThreadsPerLocale=20 to 16 to prevent oversubscription of the system.
warning: QTHREADS: Reduced numThreadsPerLocale=20 to 16 to prevent oversubscription of the system.
warning: QTHREADS: Reduced numThreadsPerLocale=20 to 16 to prevent oversubscription of the system.
warning: QTHREADS: Reduced numThreadsPerLocale=20 to 16 to prevent oversubscription of the system.
warning: QTHREADS: Reduced numThreadsPerLocale=20 to 16 to prevent oversubscription of the system.
warning: QTHREADS: Reduced numThreadsPerLocale=20 to 16 to prevent oversubscription of the system.
warning: QTHREADS: Reduced numThreadsPerLocale=20 to 16 to prevent oversubscription of the system.
[cfg] threadsPerLocale(requested)=20 numLocales=7
Initialization time: 0.549693 s
[mem] after init (u+un allocated) locale 0: 3045.48 MB
[mem] after init (u+un allocated) locale 1: 3045.42 MB
[mem] after init (u+un allocated) locale 2: 3045.42 MB
[mem] after init (u+un allocated) locale 3: 3045.42 MB
[mem] after init (u+un allocated) locale 4: 3045.42 MB
[mem] after init (u+un allocated) locale 5: 3045.42 MB
[mem] after init (u+un allocated) locale 6: 3030.1 MB
[cfg] locale 0 maxTaskPar=16
[cfg] locale 1 maxTaskPar=16
[cfg] locale 2 maxTaskPar=16
[cfg] locale 3 maxTaskPar=16
[cfg] locale 4 maxTaskPar=16
[cfg] locale 5 maxTaskPar=16
[cfg] locale 6 maxTaskPar=16
[comm] 96000000 B/step across 7 locale(s)
