warning: QTHREADS: Reduced numThreadsPerLocale=20 to 16 to prevent oversubscription of the system.
warning: QTHREADS: Reduced numThreadsPerLocale=20 to 16 to prevent oversubscription of the system.
warning: QTHREADS: Reduced numThreadsPerLocale=20 to 16 to prevent oversubscription of the system.
warning: QTHREADS: Reduced numThreadsPerLocale=20 to 16 to prevent oversubscription of the system.
warning: QTHREADS: Reduced numThreadsPerLocale=20 to 16 to prevent oversubscription of the system.
warning: QTHREADS: Reduced numThreadsPerLocale=20 to 16 to prevent oversubscription of the system.
warning: QTHREADS: Reduced numThreadsPerLocale=20 to 16 to prevent oversubscription of the system.
warning: QTHREADS: Reduced numThreadsPerLocale=20 to 16 to prevent oversubscription of the system.
warning: QTHREADS: Reduced numThreadsPerLocale=20 to 16 to prevent oversubscription of the system.
warning: QTHREADS: Reduced numThreadsPerLocale=20 to 16 to prevent oversubscription of the system.
[cfg] threadsPerLocale(requested)=20 numLocales=10
Initialization time: 0.413027 s
[mem] after init (u+un allocated) locale 0: 1962.51 MB
[mem] after init (u+un allocated) locale 1: 1962.45 MB
[mem] after init (u+un allocated) locale 2: 1962.45 MB
[mem] after init (u+un allocated) locale 3: 1962.45 MB
[mem] after init (u+un allocated) locale 4: 1962.45 MB
[mem] after init (u+un allocated) locale 5: 1962.45 MB
[mem] after init (u+un allocated) locale 6: 1962.45 MB
[mem] after init (u+un allocated) locale 7: 1962.45 MB
[mem] after init (u+un allocated) locale 8: 1962.45 MB
[mem] after init (u+un allocated) locale 9: 1962.45 MB
[cfg] locale 0 maxTaskPar=16
[cfg] locale 1 maxTaskPar=16
[cfg] locale 2 maxTaskPar=16
[cfg] locale 3 maxTaskPar=16
[cfg] locale 4 maxTaskPar=16
[cfg] locale 5 maxTaskPar=16
[cfg] locale 6 maxTaskPar=16
[cfg] locale 7 maxTaskPar=16
[cfg] locale 8 maxTaskPar=16
[cfg] locale 9 maxTaskPar=16
[comm] 80128000 B/step across 10 locale(s)
step 1  updateFluff=0.212401 s  compute=0.183401 s  save=0.0 s
  comm[1] put=0 get=558 on=60 amo=0 | data=80128000 B/step  cum=80128000 B
step 2  updateFluff=0.171877 s  compute=0.183498 s  save=0.0 s
  comm[2] put=10 get=555 on=69 amo=0 | data=80128000 B/step  cum=160256000 B
step 3  updateFluff=0.180216 s  compute=0.184912 s  save=1e-06 s
  comm[3] put=10 get=558 on=69 amo=0 | data=80128000 B/step  cum=240384000 B
step 4  updateFluff=0.165482 s  compute=0.180116 s  save=0.0 s
  comm[4] put=10 get=555 on=69 amo=0 | data=80128000 B/step  cum=320512000 B
step 5  updateFluff=0.17817 s  compute=0.184795 s  save=0.0 s
  comm[5] put=10 get=558 on=69 amo=0 | data=80128000 B/step  cum=400640000 B
step 6  updateFluff=0.174495 s  compute=0.182178 s  save=0.0 s
  comm[6] put=10 get=555 on=69 amo=0 | data=80128000 B/step  cum=480768000 B
step 7  updateFluff=0.164581 s  compute=0.181757 s  save=0.0 s
  comm[7] put=10 get=558 on=69 amo=0 | data=80128000 B/step  cum=560896000 B
step 8  updateFluff=0.178356 s  compute=0.180961 s  save=1e-06 s
  comm[8] put=10 get=555 on=69 amo=0 | data=80128000 B/step  cum=641024000 B
step 9  updateFluff=0.172597 s  compute=0.182293 s  save=0.0 s
  comm[9] put=10 get=558 on=69 amo=0 | data=80128000 B/step  cum=721152000 B
step 10  updateFluff=0.167892 s  compute=0.184755 s  save=0.0 s
  comm[10] put=10 get=555 on=69 amo=0 | data=80128000 B/step  cum=801280000 B
step 11  updateFluff=0.173053 s  compute=0.18189 s  save=0.0 s
  comm[11] put=10 get=558 on=69 amo=0 | data=80128000 B/step  cum=881408000 B
step 12  updateFluff=0.334249 s  compute=0.182823 s  save=0.0 s
  comm[12] put=10 get=555 on=69 amo=0 | data=80128000 B/step  cum=961536000 B
step 13  updateFluff=0.165446 s  compute=0.181995 s  save=0.0 s
  comm[13] put=10 get=558 on=69 amo=0 | data=80128000 B/step  cum=1041664000 B
step 14  updateFluff=0.170101 s  compute=0.18179 s  save=0.0 s
  comm[14] put=10 get=555 on=69 amo=0 | data=80128000 B/step  cum=1121792000 B
step 15  updateFluff=0.325735 s  compute=0.18167 s  save=0.0 s
  comm[15] put=10 get=558 on=69 amo=0 | data=80128000 B/step  cum=1201920000 B
step 16  updateFluff=0.17979 s  compute=0.18477 s  save=1e-06 s
  comm[16] put=10 get=555 on=69 amo=0 | data=80128000 B/step  cum=1282048000 B
step 17  updateFluff=0.185571 s  compute=0.18206 s  save=0.0 s
  comm[17] put=10 get=558 on=69 amo=0 | data=80128000 B/step  cum=1362176000 B
step 18  updateFluff=0.178904 s  compute=0.182652 s  save=1e-06 s
  comm[18] put=10 get=555 on=69 amo=0 | data=80128000 B/step  cum=1442304000 B
step 19  updateFluff=0.170931 s  compute=0.185978 s  save=1e-06 s
  comm[19] put=10 get=558 on=69 amo=0 | data=80128000 B/step  cum=1522432000 B
step 20  updateFluff=0.182368 s  compute=0.182705 s  save=0.0 s
  comm[20] put=10 get=555 on=69 amo=0 | data=80128000 B/step  cum=1602560000 B
step 21  updateFluff=0.155439 s  compute=0.181611 s  save=1e-06 s
  comm[21] put=10 get=558 on=69 amo=0 | data=80128000 B/step  cum=1682688000 B
step 22  updateFluff=0.162591 s  compute=0.181523 s  save=0.0 s
  comm[22] put=10 get=555 on=69 amo=0 | data=80128000 B/step  cum=1762816000 B
step 23  updateFluff=0.171053 s  compute=0.184412 s  save=0.0 s
  comm[23] put=10 get=558 on=69 amo=0 | data=80128000 B/step  cum=1842944000 B
step 24  updateFluff=0.16577 s  compute=0.180892 s  save=0.0 s
  comm[24] put=10 get=555 on=69 amo=0 | data=80128000 B/step  cum=1923072000 B
step 25  updateFluff=0.166721 s  compute=0.18452 s  save=1e-06 s
  comm[25] put=10 get=558 on=69 amo=0 | data=80128000 B/step  cum=2003200000 B
step 26  updateFluff=0.17665 s  compute=0.184695 s  save=1e-06 s
  comm[26] put=10 get=555 on=69 amo=0 | data=80128000 B/step  cum=2083328000 B
step 27  updateFluff=0.186284 s  compute=0.185425 s  save=0.0 s
  comm[27] put=10 get=558 on=69 amo=0 | data=80128000 B/step  cum=2163456000 B
step 28  updateFluff=0.177394 s  compute=0.184177 s  save=1e-06 s
  comm[28] put=10 get=555 on=69 amo=0 | data=80128000 B/step  cum=2243584000 B
step 29  updateFluff=0.200041 s  compute=0.184121 s  save=1e-06 s
  comm[29] put=10 get=558 on=69 amo=0 | data=80128000 B/step  cum=2323712000 B
step 30  updateFluff=0.18329 s  compute=0.181183 s  save=0.0 s
  comm[30] put=10 get=555 on=69 amo=0 | data=80128000 B/step  cum=2403840000 B
step 31  updateFluff=0.179786 s  compute=0.181426 s  save=0.0 s
  comm[31] put=10 get=558 on=69 amo=0 | data=80128000 B/step  cum=2483968000 B
step 32  updateFluff=0.184339 s  compute=0.184992 s  save=0.0 s
  comm[32] put=10 get=555 on=69 amo=0 | data=80128000 B/step  cum=2564096000 B
step 33  updateFluff=0.28757 s  compute=0.181788 s  save=0.0 s
  comm[33] put=10 get=558 on=69 amo=0 | data=80128000 B/step  cum=2644224000 B
step 34  updateFluff=0.168288 s  compute=0.183107 s  save=0.0 s
  comm[34] put=10 get=555 on=69 amo=0 | data=80128000 B/step  cum=2724352000 B
step 35  updateFluff=0.177196 s  compute=0.182221 s  save=0.0 s
  comm[35] put=10 get=558 on=69 amo=0 | data=80128000 B/step  cum=2804480000 B
step 36  updateFluff=0.214926 s  compute=0.182639 s  save=0.0 s
  comm[36] put=10 get=555 on=69 amo=0 | data=80128000 B/step  cum=2884608000 B
step 37  updateFluff=0.15681 s  compute=0.182047 s  save=0.0 s
  comm[37] put=10 get=558 on=69 amo=0 | data=80128000 B/step  cum=2964736000 B
step 38  updateFluff=0.179402 s  compute=0.182367 s  save=0.0 s
  comm[38] put=10 get=555 on=69 amo=0 | data=80128000 B/step  cum=3044864000 B
step 39  updateFluff=0.193484 s  compute=0.181556 s  save=0.0 s
  comm[39] put=10 get=558 on=69 amo=0 | data=80128000 B/step  cum=3124992000 B
step 40  updateFluff=0.184851 s  compute=0.180767 s  save=1e-06 s
  comm[40] put=10 get=555 on=69 amo=0 | data=80128000 B/step  cum=3205120000 B
step 41  updateFluff=0.177915 s  compute=0.181639 s  save=0.0 s
  comm[41] put=10 get=558 on=69 amo=0 | data=80128000 B/step  cum=3285248000 B
step 42  updateFluff=0.189316 s  compute=0.18297 s  save=0.0 s
  comm[42] put=10 get=555 on=69 amo=0 | data=80128000 B/step  cum=3365376000 B
step 43  updateFluff=0.182073 s  compute=0.182723 s  save=1e-06 s
  comm[43] put=10 get=558 on=69 amo=0 | data=80128000 B/step  cum=3445504000 B
step 44  updateFluff=0.340609 s  compute=0.182035 s  save=0.0 s
  comm[44] put=10 get=555 on=69 amo=0 | data=80128000 B/step  cum=3525632000 B
step 45  updateFluff=0.197443 s  compute=0.18168 s  save=1e-06 s
  comm[45] put=10 get=558 on=69 amo=0 | data=80128000 B/step  cum=3605760000 B
step 46  updateFluff=0.169384 s  compute=0.182106 s  save=1e-06 s
  comm[46] put=10 get=555 on=69 amo=0 | data=80128000 B/step  cum=3685888000 B
step 47  updateFluff=0.181586 s  compute=0.181344 s  save=1e-06 s
  comm[47] put=10 get=558 on=69 amo=0 | data=80128000 B/step  cum=3766016000 B
step 48  updateFluff=0.202149 s  compute=0.183145 s  save=3e-06 s
  comm[48] put=10 get=555 on=69 amo=0 | data=80128000 B/step  cum=3846144000 B
step 49  updateFluff=0.179969 s  compute=0.182314 s  save=0.0 s
  comm[49] put=10 get=558 on=69 amo=0 | data=80128000 B/step  cum=3926272000 B
step 50  updateFluff=0.166328 s  compute=0.18147 s  save=0.0 s
  comm[50] put=10 get=555 on=69 amo=0 | data=80128000 B/step  cum=4006400000 B
step 51  updateFluff=0.171393 s  compute=0.181026 s  save=0.0 s
  comm[51] put=10 get=558 on=69 amo=0 | data=80128000 B/step  cum=4086528000 B
step 52  updateFluff=0.360163 s  compute=0.18452 s  save=0.0 s
  comm[52] put=10 get=555 on=69 amo=0 | data=80128000 B/step  cum=4166656000 B
step 53  updateFluff=0.172576 s  compute=0.180828 s  save=0.0 s
  comm[53] put=10 get=558 on=69 amo=0 | data=80128000 B/step  cum=4246784000 B
step 54  updateFluff=0.166704 s  compute=0.180423 s  save=0.0 s
  comm[54] put=10 get=555 on=69 amo=0 | data=80128000 B/step  cum=4326912000 B
step 55  updateFluff=0.163312 s  compute=0.180995 s  save=0.0 s
  comm[55] put=10 get=558 on=69 amo=0 | data=80128000 B/step  cum=4407040000 B
step 56  updateFluff=0.185956 s  compute=0.181684 s  save=0.0 s
  comm[56] put=10 get=555 on=69 amo=0 | data=80128000 B/step  cum=4487168000 B
step 57  updateFluff=0.36216 s  compute=0.183754 s  save=1e-06 s
  comm[57] put=10 get=558 on=69 amo=0 | data=80128000 B/step  cum=4567296000 B
step 58  updateFluff=0.169239 s  compute=0.182581 s  save=0.0 s
  comm[58] put=10 get=555 on=69 amo=0 | data=80128000 B/step  cum=4647424000 B
step 59  updateFluff=0.189627 s  compute=0.18114 s  save=0.0 s
  comm[59] put=10 get=558 on=69 amo=0 | data=80128000 B/step  cum=4727552000 B
step 60  updateFluff=0.167105 s  compute=0.182037 s  save=0.0 s
  comm[60] put=10 get=555 on=69 amo=0 | data=80128000 B/step  cum=4807680000 B
step 61  updateFluff=0.163142 s  compute=0.182486 s  save=1e-06 s
  comm[61] put=10 get=558 on=69 amo=0 | data=80128000 B/step  cum=4887808000 B
step 62  updateFluff=0.180495 s  compute=0.180662 s  save=1e-06 s
  comm[62] put=10 get=555 on=69 amo=0 | data=80128000 B/step  cum=4967936000 B
step 63  updateFluff=0.188697 s  compute=0.182218 s  save=0.0 s
  comm[63] put=10 get=558 on=69 amo=0 | data=80128000 B/step  cum=5048064000 B
step 64  updateFluff=0.155535 s  compute=0.183658 s  save=0.0 s
  comm[64] put=10 get=555 on=69 amo=0 | data=80128000 B/step  cum=5128192000 B
step 65  updateFluff=0.153343 s  compute=0.180712 s  save=0.0 s
  comm[65] put=10 get=558 on=69 amo=0 | data=80128000 B/step  cum=5208320000 B
step 66  updateFluff=0.175564 s  compute=0.18271 s  save=1e-06 s
  comm[66] put=10 get=555 on=69 amo=0 | data=80128000 B/step  cum=5288448000 B
step 67  updateFluff=0.150822 s  compute=0.181231 s  save=0.0 s
  comm[67] put=10 get=558 on=69 amo=0 | data=80128000 B/step  cum=5368576000 B
step 68  updateFluff=0.162943 s  compute=0.184471 s  save=0.0 s
  comm[68] put=10 get=555 on=69 amo=0 | data=80128000 B/step  cum=5448704000 B
step 69  updateFluff=0.180428 s  compute=0.181072 s  save=0.0 s
  comm[69] put=10 get=558 on=69 amo=0 | data=80128000 B/step  cum=5528832000 B
step 70  updateFluff=0.168055 s  compute=0.181742 s  save=0.0 s
  comm[70] put=10 get=555 on=69 amo=0 | data=80128000 B/step  cum=5608960000 B
step 71  updateFluff=0.358048 s  compute=0.184306 s  save=0.0 s
  comm[71] put=10 get=558 on=69 amo=0 | data=80128000 B/step  cum=5689088000 B
step 72  updateFluff=0.176633 s  compute=0.18301 s  save=0.0 s
  comm[72] put=10 get=555 on=69 amo=0 | data=80128000 B/step  cum=5769216000 B
step 73  updateFluff=0.157566 s  compute=0.18165 s  save=1e-06 s
  comm[73] put=10 get=558 on=69 amo=0 | data=80128000 B/step  cum=5849344000 B
step 74  updateFluff=0.1733 s  compute=0.183664 s  save=0.0 s
  comm[74] put=10 get=555 on=69 amo=0 | data=80128000 B/step  cum=5929472000 B
step 75  updateFluff=0.159571 s  compute=0.183267 s  save=0.0 s
  comm[75] put=10 get=558 on=69 amo=0 | data=80128000 B/step  cum=6009600000 B
step 76  updateFluff=0.176471 s  compute=0.183845 s  save=1e-06 s
  comm[76] put=10 get=555 on=69 amo=0 | data=80128000 B/step  cum=6089728000 B
step 77  updateFluff=0.193608 s  compute=0.18153 s  save=0.0 s
  comm[77] put=10 get=558 on=69 amo=0 | data=80128000 B/step  cum=6169856000 B
step 78  updateFluff=0.17162 s  compute=0.181502 s  save=1e-06 s
  comm[78] put=10 get=555 on=69 amo=0 | data=80128000 B/step  cum=6249984000 B
step 79  updateFluff=0.151329 s  compute=0.181226 s  save=0.0 s
  comm[79] put=10 get=558 on=69 amo=0 | data=80128000 B/step  cum=6330112000 B
step 80  updateFluff=0.168925 s  compute=0.183037 s  save=0.0 s
  comm[80] put=10 get=555 on=69 amo=0 | data=80128000 B/step  cum=6410240000 B
step 81  updateFluff=0.155554 s  compute=0.182552 s  save=0.0 s
  comm[81] put=10 get=558 on=69 amo=0 | data=80128000 B/step  cum=6490368000 B
step 82  updateFluff=0.160872 s  compute=0.182933 s  save=1e-06 s
  comm[82] put=10 get=555 on=69 amo=0 | data=80128000 B/step  cum=6570496000 B
step 83  updateFluff=0.180865 s  compute=0.182027 s  save=1e-06 s
  comm[83] put=10 get=558 on=69 amo=0 | data=80128000 B/step  cum=6650624000 B
step 84  updateFluff=0.173139 s  compute=0.182265 s  save=0.0 s
  comm[84] put=10 get=555 on=69 amo=0 | data=80128000 B/step  cum=6730752000 B
step 85  updateFluff=0.184736 s  compute=0.179399 s  save=1e-06 s
  comm[85] put=10 get=558 on=69 amo=0 | data=80128000 B/step  cum=6810880000 B
step 86  updateFluff=0.159691 s  compute=0.181157 s  save=0.0 s
  comm[86] put=10 get=555 on=69 amo=0 | data=80128000 B/step  cum=6891008000 B
step 87  updateFluff=0.174699 s  compute=0.185571 s  save=1.1e-05 s
  comm[87] put=10 get=558 on=69 amo=0 | data=80128000 B/step  cum=6971136000 B
step 88  updateFluff=0.177024 s  compute=0.180942 s  save=0.0 s
  comm[88] put=10 get=555 on=69 amo=0 | data=80128000 B/step  cum=7051264000 B
step 89  updateFluff=0.170992 s  compute=0.182389 s  save=1e-06 s
  comm[89] put=10 get=558 on=69 amo=0 | data=80128000 B/step  cum=7131392000 B
step 90  updateFluff=0.1814 s  compute=0.182214 s  save=0.0 s
  comm[90] put=10 get=555 on=69 amo=0 | data=80128000 B/step  cum=7211520000 B
step 91  updateFluff=0.315331 s  compute=0.18204 s  save=0.0 s
  comm[91] put=10 get=558 on=69 amo=0 | data=80128000 B/step  cum=7291648000 B
step 92  updateFluff=0.16222 s  compute=0.181566 s  save=0.0 s
  comm[92] put=10 get=555 on=69 amo=0 | data=80128000 B/step  cum=7371776000 B
step 93  updateFluff=0.176839 s  compute=0.181762 s  save=0.0 s
  comm[93] put=10 get=558 on=69 amo=0 | data=80128000 B/step  cum=7451904000 B
step 94  updateFluff=0.169379 s  compute=0.18141 s  save=0.0 s
  comm[94] put=10 get=555 on=69 amo=0 | data=80128000 B/step  cum=7532032000 B
step 95  updateFluff=0.170348 s  compute=0.182163 s  save=0.0 s
  comm[95] put=10 get=558 on=69 amo=0 | data=80128000 B/step  cum=7612160000 B
step 96  updateFluff=0.180907 s  compute=0.180037 s  save=1.1e-05 s
  comm[96] put=10 get=555 on=69 amo=0 | data=80128000 B/step  cum=7692288000 B
step 97  updateFluff=0.138225 s  compute=0.180871 s  save=0.0 s
  comm[97] put=10 get=558 on=69 amo=0 | data=80128000 B/step  cum=7772416000 B
step 98  updateFluff=0.151093 s  compute=0.181659 s  save=0.0 s
  comm[98] put=10 get=555 on=69 amo=0 | data=80128000 B/step  cum=7852544000 B
step 99  updateFluff=0.194363 s  compute=0.181691 s  save=0.0 s
  comm[99] put=10 get=558 on=69 amo=0 | data=80128000 B/step  cum=7932672000 B
step 100  updateFluff=0.162138 s  compute=0.182556 s  save=0.0 s
  comm[100] put=10 get=555 on=69 amo=0 | data=80128000 B/step  cum=8012800000 B
[mem] after run locale 0: 1962.51 MB
[mem] after run locale 1: 1962.45 MB
[mem] after run locale 2: 1962.45 MB
[mem] after run locale 3: 1962.45 MB
[mem] after run locale 4: 1962.45 MB
[mem] after run locale 5: 1962.45 MB
[mem] after run locale 6: 1962.45 MB
[mem] after run locale 7: 1962.45 MB
[mem] after run locale 8: 1962.45 MB
[mem] after run locale 9: 1962.45 MB
final field: min=1.0 max=2.0 sum=1.00518e+09
Execution time:    37.4954 s
