warning: QTHREADS: Reduced numThreadsPerLocale=20 to 16 to prevent oversubscription of the system.
warning: QTHREADS: Reduced numThreadsPerLocale=20 to 16 to prevent oversubscription of the system.
[cfg] threadsPerLocale(requested)=20 numLocales=2
Initialization time: 1.33852 s
[mem] after init (u+un allocated) locale 0: 8514.68 MB
[mem] after init (u+un allocated) locale 1: 8514.62 MB
[cfg] locale 0 maxTaskPar=16
[cfg] locale 1 maxTaskPar=16
[comm] 16000000 B/step across 2 locale(s)
step 1  updateFluff=0.097741 s  compute=0.436494 s  save=0.0 s
  comm[1] put=0 get=27 on=4 amo=0 | data=16000000 B/step  cum=16000000 B
step 2  updateFluff=0.080465 s  compute=0.434874 s  save=1e-06 s
  comm[2] put=1 get=27 on=5 amo=0 | data=16000000 B/step  cum=32000000 B
step 3  updateFluff=0.089582 s  compute=0.431769 s  save=0.0 s
  comm[3] put=1 get=27 on=5 amo=0 | data=16000000 B/step  cum=48000000 B
step 4  updateFluff=0.084991 s  compute=0.434876 s  save=0.0 s
  comm[4] put=1 get=27 on=5 amo=0 | data=16000000 B/step  cum=64000000 B
step 5  updateFluff=0.080191 s  compute=0.432942 s  save=1e-06 s
  comm[5] put=1 get=27 on=5 amo=0 | data=16000000 B/step  cum=80000000 B
step 6  updateFluff=0.080636 s  compute=0.437302 s  save=0.0 s
  comm[6] put=1 get=27 on=5 amo=0 | data=16000000 B/step  cum=96000000 B
step 7  updateFluff=0.08001 s  compute=0.431724 s  save=0.0 s
  comm[7] put=1 get=27 on=5 amo=0 | data=16000000 B/step  cum=112000000 B
step 8  updateFluff=0.091514 s  compute=0.428479 s  save=1e-06 s
  comm[8] put=1 get=27 on=5 amo=0 | data=16000000 B/step  cum=128000000 B
step 9  updateFluff=0.09138 s  compute=0.43081 s  save=0.0 s
  comm[9] put=1 get=27 on=5 amo=0 | data=16000000 B/step  cum=144000000 B
step 10  updateFluff=0.081747 s  compute=0.430721 s  save=1e-06 s
  comm[10] put=1 get=27 on=5 amo=0 | data=16000000 B/step  cum=160000000 B
step 11  updateFluff=0.089392 s  compute=0.436472 s  save=0.0 s
  comm[11] put=1 get=27 on=5 amo=0 | data=16000000 B/step  cum=176000000 B
step 12  updateFluff=0.081371 s  compute=0.430297 s  save=1e-06 s
  comm[12] put=1 get=27 on=5 amo=0 | data=16000000 B/step  cum=192000000 B
step 13  updateFluff=0.085953 s  compute=0.430831 s  save=0.0 s
  comm[13] put=1 get=27 on=5 amo=0 | data=16000000 B/step  cum=208000000 B
step 14  updateFluff=0.080373 s  compute=0.430408 s  save=0.0 s
  comm[14] put=1 get=27 on=5 amo=0 | data=16000000 B/step  cum=224000000 B
step 15  updateFluff=0.089507 s  compute=0.436645 s  save=0.0 s
  comm[15] put=1 get=27 on=5 amo=0 | data=16000000 B/step  cum=240000000 B
step 16  updateFluff=0.079804 s  compute=0.435717 s  save=0.0 s
  comm[16] put=1 get=27 on=5 amo=0 | data=16000000 B/step  cum=256000000 B
step 17  updateFluff=0.080012 s  compute=0.43656 s  save=0.0 s
  comm[17] put=1 get=27 on=5 amo=0 | data=16000000 B/step  cum=272000000 B
step 18  updateFluff=0.09396 s  compute=0.431492 s  save=0.0 s
  comm[18] put=1 get=27 on=5 amo=0 | data=16000000 B/step  cum=288000000 B
step 19  updateFluff=0.079682 s  compute=0.431794 s  save=1e-06 s
  comm[19] put=1 get=27 on=5 amo=0 | data=16000000 B/step  cum=304000000 B
step 20  updateFluff=0.084019 s  compute=0.434853 s  save=0.0 s
  comm[20] put=1 get=27 on=5 amo=0 | data=16000000 B/step  cum=320000000 B
step 21  updateFluff=0.07967 s  compute=0.436218 s  save=0.0 s
  comm[21] put=1 get=27 on=5 amo=0 | data=16000000 B/step  cum=336000000 B
step 22  updateFluff=0.079884 s  compute=0.438402 s  save=0.0 s
  comm[22] put=1 get=27 on=5 amo=0 | data=16000000 B/step  cum=352000000 B
step 23  updateFluff=0.084977 s  compute=0.434605 s  save=1e-06 s
  comm[23] put=1 get=27 on=5 amo=0 | data=16000000 B/step  cum=368000000 B
step 24  updateFluff=0.087061 s  compute=0.431732 s  save=0.0 s
  comm[24] put=1 get=27 on=5 amo=0 | data=16000000 B/step  cum=384000000 B
step 25  updateFluff=0.08502 s  compute=0.43131 s  save=0.0 s
  comm[25] put=1 get=27 on=5 amo=0 | data=16000000 B/step  cum=400000000 B
step 26  updateFluff=0.079642 s  compute=0.435756 s  save=0.0 s
  comm[26] put=1 get=27 on=5 amo=0 | data=16000000 B/step  cum=416000000 B
step 27  updateFluff=0.085585 s  compute=0.437292 s  save=0.0 s
  comm[27] put=1 get=27 on=5 amo=0 | data=16000000 B/step  cum=432000000 B
step 28  updateFluff=0.08489 s  compute=0.437271 s  save=0.0 s
  comm[28] put=1 get=27 on=5 amo=0 | data=16000000 B/step  cum=448000000 B
step 29  updateFluff=0.084908 s  compute=0.434869 s  save=0.0 s
  comm[29] put=1 get=27 on=5 amo=0 | data=16000000 B/step  cum=464000000 B
step 30  updateFluff=0.088723 s  compute=0.431132 s  save=0.0 s
  comm[30] put=1 get=27 on=5 amo=0 | data=16000000 B/step  cum=480000000 B
step 31  updateFluff=0.089121 s  compute=0.431074 s  save=0.0 s
  comm[31] put=1 get=27 on=5 amo=0 | data=16000000 B/step  cum=496000000 B
step 32  updateFluff=0.08893 s  compute=0.431099 s  save=0.0 s
  comm[32] put=1 get=27 on=5 amo=0 | data=16000000 B/step  cum=512000000 B
step 33  updateFluff=0.082195 s  compute=0.438835 s  save=1e-06 s
  comm[33] put=1 get=27 on=5 amo=0 | data=16000000 B/step  cum=528000000 B
step 34  updateFluff=0.084908 s  compute=0.436242 s  save=1e-06 s
  comm[34] put=1 get=27 on=5 amo=0 | data=16000000 B/step  cum=544000000 B
step 35  updateFluff=0.08563 s  compute=0.4335 s  save=0.0 s
  comm[35] put=1 get=27 on=5 amo=0 | data=16000000 B/step  cum=560000000 B
step 36  updateFluff=0.085764 s  compute=0.436403 s  save=0.0 s
  comm[36] put=1 get=27 on=5 amo=0 | data=16000000 B/step  cum=576000000 B
step 37  updateFluff=0.085859 s  compute=0.435198 s  save=0.0 s
  comm[37] put=1 get=27 on=5 amo=0 | data=16000000 B/step  cum=592000000 B
step 38  updateFluff=0.085056 s  compute=0.431158 s  save=0.0 s
  comm[38] put=1 get=27 on=5 amo=0 | data=16000000 B/step  cum=608000000 B
step 39  updateFluff=0.088437 s  compute=0.433153 s  save=0.0 s
  comm[39] put=1 get=27 on=5 amo=0 | data=16000000 B/step  cum=624000000 B
step 40  updateFluff=0.087236 s  compute=0.433178 s  save=1e-06 s
  comm[40] put=1 get=27 on=5 amo=0 | data=16000000 B/step  cum=640000000 B
step 41  updateFluff=0.08042 s  compute=0.435115 s  save=0.0 s
  comm[41] put=1 get=27 on=5 amo=0 | data=16000000 B/step  cum=656000000 B
step 42  updateFluff=0.089205 s  compute=0.431763 s  save=0.0 s
  comm[42] put=1 get=27 on=5 amo=0 | data=16000000 B/step  cum=672000000 B
step 43  updateFluff=0.090359 s  compute=0.432134 s  save=0.0 s
  comm[43] put=1 get=27 on=5 amo=0 | data=16000000 B/step  cum=688000000 B
step 44  updateFluff=0.08149 s  compute=0.436829 s  save=1e-06 s
  comm[44] put=1 get=27 on=5 amo=0 | data=16000000 B/step  cum=704000000 B
step 45  updateFluff=0.08515 s  compute=0.430749 s  save=0.0 s
  comm[45] put=1 get=27 on=5 amo=0 | data=16000000 B/step  cum=720000000 B
step 46  updateFluff=0.08463 s  compute=0.430586 s  save=0.0 s
  comm[46] put=1 get=27 on=5 amo=0 | data=16000000 B/step  cum=736000000 B
step 47  updateFluff=0.085838 s  compute=0.430921 s  save=0.0 s
  comm[47] put=1 get=27 on=5 amo=0 | data=16000000 B/step  cum=752000000 B
step 48  updateFluff=0.085235 s  compute=0.431315 s  save=0.0 s
  comm[48] put=1 get=27 on=5 amo=0 | data=16000000 B/step  cum=768000000 B
step 49  updateFluff=0.085636 s  compute=0.440465 s  save=0.0 s
  comm[49] put=1 get=27 on=5 amo=0 | data=16000000 B/step  cum=784000000 B
step 50  updateFluff=0.085126 s  compute=0.432059 s  save=0.0 s
  comm[50] put=1 get=27 on=5 amo=0 | data=16000000 B/step  cum=800000000 B
step 51  updateFluff=0.089388 s  compute=0.435454 s  save=0.0 s
  comm[51] put=1 get=27 on=5 amo=0 | data=16000000 B/step  cum=816000000 B
step 52  updateFluff=0.085891 s  compute=0.431275 s  save=0.0 s
  comm[52] put=1 get=27 on=5 amo=0 | data=16000000 B/step  cum=832000000 B
step 53  updateFluff=0.081586 s  compute=0.432968 s  save=0.0 s
  comm[53] put=1 get=27 on=5 amo=0 | data=16000000 B/step  cum=848000000 B
step 54  updateFluff=0.084511 s  compute=0.4359 s  save=0.0 s
  comm[54] put=1 get=27 on=5 amo=0 | data=16000000 B/step  cum=864000000 B
step 55  updateFluff=0.085282 s  compute=0.435858 s  save=0.0 s
  comm[55] put=1 get=27 on=5 amo=0 | data=16000000 B/step  cum=880000000 B
step 56  updateFluff=0.087756 s  compute=0.430846 s  save=0.0 s
  comm[56] put=1 get=27 on=5 amo=0 | data=16000000 B/step  cum=896000000 B
step 57  updateFluff=0.084786 s  compute=0.435306 s  save=0.0 s
  comm[57] put=1 get=27 on=5 amo=0 | data=16000000 B/step  cum=912000000 B
step 58  updateFluff=0.089427 s  compute=0.431935 s  save=0.0 s
  comm[58] put=1 get=27 on=5 amo=0 | data=16000000 B/step  cum=928000000 B
step 59  updateFluff=0.085004 s  compute=0.436823 s  save=0.0 s
  comm[59] put=1 get=27 on=5 amo=0 | data=16000000 B/step  cum=944000000 B
step 60  updateFluff=0.089776 s  compute=0.434391 s  save=0.0 s
  comm[60] put=1 get=27 on=5 amo=0 | data=16000000 B/step  cum=960000000 B
step 61  updateFluff=0.081958 s  compute=0.44106 s  save=1e-06 s
  comm[61] put=1 get=27 on=5 amo=0 | data=16000000 B/step  cum=976000000 B
step 62  updateFluff=0.082771 s  compute=0.431601 s  save=1e-06 s
  comm[62] put=1 get=27 on=5 amo=0 | data=16000000 B/step  cum=992000000 B
step 63  updateFluff=0.084782 s  compute=0.434122 s  save=0.0 s
  comm[63] put=1 get=27 on=5 amo=0 | data=16000000 B/step  cum=1008000000 B
step 64  updateFluff=0.084898 s  compute=0.436423 s  save=0.0 s
  comm[64] put=1 get=27 on=5 amo=0 | data=16000000 B/step  cum=1024000000 B
step 65  updateFluff=0.084618 s  compute=0.432476 s  save=0.0 s
  comm[65] put=1 get=27 on=5 amo=0 | data=16000000 B/step  cum=1040000000 B
step 66  updateFluff=0.085465 s  compute=0.435089 s  save=1e-06 s
  comm[66] put=1 get=27 on=5 amo=0 | data=16000000 B/step  cum=1056000000 B
step 67  updateFluff=0.079964 s  compute=0.43841 s  save=0.0 s
  comm[67] put=1 get=27 on=5 amo=0 | data=16000000 B/step  cum=1072000000 B
step 68  updateFluff=0.079779 s  compute=0.433681 s  save=1e-06 s
  comm[68] put=1 get=27 on=5 amo=0 | data=16000000 B/step  cum=1088000000 B
step 69  updateFluff=0.085245 s  compute=0.431655 s  save=0.0 s
  comm[69] put=1 get=27 on=5 amo=0 | data=16000000 B/step  cum=1104000000 B
step 70  updateFluff=0.084466 s  compute=0.430355 s  save=0.0 s
  comm[70] put=1 get=27 on=5 amo=0 | data=16000000 B/step  cum=1120000000 B
step 71  updateFluff=0.085679 s  compute=0.431715 s  save=1e-06 s
  comm[71] put=1 get=27 on=5 amo=0 | data=16000000 B/step  cum=1136000000 B
step 72  updateFluff=0.079759 s  compute=0.430609 s  save=1e-06 s
  comm[72] put=1 get=27 on=5 amo=0 | data=16000000 B/step  cum=1152000000 B
step 73  updateFluff=0.085824 s  compute=0.43033 s  save=1e-06 s
  comm[73] put=1 get=27 on=5 amo=0 | data=16000000 B/step  cum=1168000000 B
step 74  updateFluff=0.0908 s  compute=0.434951 s  save=1e-06 s
  comm[74] put=1 get=27 on=5 amo=0 | data=16000000 B/step  cum=1184000000 B
step 75  updateFluff=0.085259 s  compute=0.43278 s  save=0.0 s
  comm[75] put=1 get=27 on=5 amo=0 | data=16000000 B/step  cum=1200000000 B
step 76  updateFluff=0.087537 s  compute=0.429138 s  save=0.0 s
  comm[76] put=1 get=27 on=5 amo=0 | data=16000000 B/step  cum=1216000000 B
step 77  updateFluff=0.084998 s  compute=0.436236 s  save=0.0 s
  comm[77] put=1 get=27 on=5 amo=0 | data=16000000 B/step  cum=1232000000 B
step 78  updateFluff=0.087069 s  compute=0.434376 s  save=0.0 s
  comm[78] put=1 get=27 on=5 amo=0 | data=16000000 B/step  cum=1248000000 B
step 79  updateFluff=0.085828 s  compute=0.432311 s  save=0.0 s
  comm[79] put=1 get=27 on=5 amo=0 | data=16000000 B/step  cum=1264000000 B
step 80  updateFluff=0.085618 s  compute=0.434251 s  save=0.0 s
  comm[80] put=1 get=27 on=5 amo=0 | data=16000000 B/step  cum=1280000000 B
step 81  updateFluff=0.088607 s  compute=0.434536 s  save=0.0 s
  comm[81] put=1 get=27 on=5 amo=0 | data=16000000 B/step  cum=1296000000 B
step 82  updateFluff=0.080129 s  compute=0.432016 s  save=0.0 s
  comm[82] put=1 get=27 on=5 amo=0 | data=16000000 B/step  cum=1312000000 B
step 83  updateFluff=0.081855 s  compute=0.432179 s  save=1e-06 s
  comm[83] put=1 get=27 on=5 amo=0 | data=16000000 B/step  cum=1328000000 B
step 84  updateFluff=0.09394 s  compute=0.433887 s  save=0.0 s
  comm[84] put=1 get=27 on=5 amo=0 | data=16000000 B/step  cum=1344000000 B
step 85  updateFluff=0.091525 s  compute=0.434487 s  save=0.0 s
  comm[85] put=1 get=27 on=5 amo=0 | data=16000000 B/step  cum=1360000000 B
step 86  updateFluff=0.084789 s  compute=0.432805 s  save=0.0 s
  comm[86] put=1 get=27 on=5 amo=0 | data=16000000 B/step  cum=1376000000 B
step 87  updateFluff=0.085174 s  compute=0.434491 s  save=0.0 s
  comm[87] put=1 get=27 on=5 amo=0 | data=16000000 B/step  cum=1392000000 B
step 88  updateFluff=0.089491 s  compute=0.433564 s  save=0.0 s
  comm[88] put=1 get=27 on=5 amo=0 | data=16000000 B/step  cum=1408000000 B
step 89  updateFluff=0.084723 s  compute=0.433642 s  save=0.0 s
  comm[89] put=1 get=27 on=5 amo=0 | data=16000000 B/step  cum=1424000000 B
step 90  updateFluff=0.085677 s  compute=0.432576 s  save=0.0 s
  comm[90] put=1 get=27 on=5 amo=0 | data=16000000 B/step  cum=1440000000 B
step 91  updateFluff=0.085333 s  compute=0.435087 s  save=1e-06 s
  comm[91] put=1 get=27 on=5 amo=0 | data=16000000 B/step  cum=1456000000 B
step 92  updateFluff=0.084712 s  compute=0.430742 s  save=1e-06 s
  comm[92] put=1 get=27 on=5 amo=0 | data=16000000 B/step  cum=1472000000 B
step 93  updateFluff=0.089755 s  compute=0.431437 s  save=1e-06 s
  comm[93] put=1 get=27 on=5 amo=0 | data=16000000 B/step  cum=1488000000 B
step 94  updateFluff=0.090026 s  compute=0.430954 s  save=0.0 s
  comm[94] put=1 get=27 on=5 amo=0 | data=16000000 B/step  cum=1504000000 B
step 95  updateFluff=0.07966 s  compute=0.432262 s  save=0.0 s
  comm[95] put=1 get=27 on=5 amo=0 | data=16000000 B/step  cum=1520000000 B
step 96  updateFluff=0.080508 s  compute=0.431743 s  save=0.0 s
  comm[96] put=1 get=27 on=5 amo=0 | data=16000000 B/step  cum=1536000000 B
step 97  updateFluff=0.084689 s  compute=0.430397 s  save=0.0 s
  comm[97] put=1 get=27 on=5 amo=0 | data=16000000 B/step  cum=1552000000 B
step 98  updateFluff=0.089165 s  compute=0.430875 s  save=0.0 s
  comm[98] put=1 get=27 on=5 amo=0 | data=16000000 B/step  cum=1568000000 B
step 99  updateFluff=0.084983 s  compute=0.432552 s  save=0.0 s
  comm[99] put=1 get=27 on=5 amo=0 | data=16000000 B/step  cum=1584000000 B
step 100  updateFluff=0.091203 s  compute=0.430714 s  save=0.0 s
  comm[100] put=1 get=27 on=5 amo=0 | data=16000000 B/step  cum=1600000000 B
[mem] after run locale 0: 8514.68 MB
[mem] after run locale 1: 8514.62 MB
final field: min=1.0 max=2.0 sum=1.00518e+09
Execution time:    51.9578 s
