warning: QTHREADS: Reduced numThreadsPerLocale=20 to 16 to prevent oversubscription of the system.
warning: QTHREADS: Reduced numThreadsPerLocale=20 to 16 to prevent oversubscription of the system.
warning: QTHREADS: Reduced numThreadsPerLocale=20 to 16 to prevent oversubscription of the system.
warning: QTHREADS: Reduced numThreadsPerLocale=20 to 16 to prevent oversubscription of the system.
warning: QTHREADS: Reduced numThreadsPerLocale=20 to 16 to prevent oversubscription of the system.
[cfg] threadsPerLocale(requested)=20 numLocales=5
Initialization time: 0.621421 s
[mem] after init (u+un allocated) locale 0: 3918.72 MB
[mem] after init (u+un allocated) locale 1: 3918.65 MB
[mem] after init (u+un allocated) locale 2: 3918.65 MB
[mem] after init (u+un allocated) locale 3: 3918.65 MB
[mem] after init (u+un allocated) locale 4: 3918.65 MB
[cfg] locale 0 maxTaskPar=16
[cfg] locale 1 maxTaskPar=16
[cfg] locale 2 maxTaskPar=16
[cfg] locale 3 maxTaskPar=16
[cfg] locale 4 maxTaskPar=16
[comm] 64000000 B/step across 5 locale(s)
step 1  updateFluff=0.251775 s  compute=0.186513 s  save=1e-06 s
  comm[1] put=0 get=108 on=16 amo=0 | data=64000000 B/step  cum=64000000 B
step 2  updateFluff=0.22117 s  compute=0.187854 s  save=0.0 s
  comm[2] put=4 get=108 on=20 amo=0 | data=64000000 B/step  cum=128000000 B
step 3  updateFluff=0.223679 s  compute=0.186397 s  save=0.0 s
  comm[3] put=5 get=108 on=20 amo=0 | data=64000000 B/step  cum=192000000 B
step 4  updateFluff=0.218015 s  compute=0.187181 s  save=0.0 s
  comm[4] put=4 get=108 on=20 amo=0 | data=64000000 B/step  cum=256000000 B
step 5  updateFluff=0.24938 s  compute=0.185711 s  save=0.0 s
  comm[5] put=4 get=108 on=20 amo=0 | data=64000000 B/step  cum=320000000 B
step 6  updateFluff=0.2297 s  compute=0.187252 s  save=0.0 s
  comm[6] put=5 get=108 on=20 amo=0 | data=64000000 B/step  cum=384000000 B
step 7  updateFluff=0.225946 s  compute=0.187059 s  save=1e-06 s
  comm[7] put=5 get=108 on=20 amo=0 | data=64000000 B/step  cum=448000000 B
step 8  updateFluff=0.217524 s  compute=0.186671 s  save=0.0 s
  comm[8] put=5 get=108 on=20 amo=0 | data=64000000 B/step  cum=512000000 B
step 9  updateFluff=0.242799 s  compute=0.187227 s  save=0.0 s
  comm[9] put=5 get=108 on=20 amo=0 | data=64000000 B/step  cum=576000000 B
step 10  updateFluff=0.217307 s  compute=0.187227 s  save=0.0 s
  comm[10] put=5 get=108 on=20 amo=0 | data=64000000 B/step  cum=640000000 B
step 11  updateFluff=0.227539 s  compute=0.187199 s  save=0.0 s
  comm[11] put=5 get=108 on=20 amo=0 | data=64000000 B/step  cum=704000000 B
step 12  updateFluff=0.228649 s  compute=0.186615 s  save=0.0 s
  comm[12] put=5 get=108 on=20 amo=0 | data=64000000 B/step  cum=768000000 B
step 13  updateFluff=0.227486 s  compute=0.186588 s  save=1e-06 s
  comm[13] put=4 get=108 on=20 amo=0 | data=64000000 B/step  cum=832000000 B
step 14  updateFluff=0.225043 s  compute=0.187329 s  save=0.0 s
  comm[14] put=5 get=108 on=20 amo=0 | data=64000000 B/step  cum=896000000 B
step 15  updateFluff=0.225301 s  compute=0.187106 s  save=0.0 s
  comm[15] put=4 get=108 on=20 amo=0 | data=64000000 B/step  cum=960000000 B
step 16  updateFluff=0.229644 s  compute=0.186464 s  save=0.0 s
  comm[16] put=5 get=108 on=20 amo=0 | data=64000000 B/step  cum=1024000000 B
step 17  updateFluff=0.216559 s  compute=0.186224 s  save=0.0 s
  comm[17] put=5 get=108 on=20 amo=0 | data=64000000 B/step  cum=1088000000 B
step 18  updateFluff=0.21777 s  compute=0.187028 s  save=0.0 s
  comm[18] put=5 get=108 on=20 amo=0 | data=64000000 B/step  cum=1152000000 B
step 19  updateFluff=0.226184 s  compute=0.186558 s  save=0.0 s
  comm[19] put=5 get=108 on=20 amo=0 | data=64000000 B/step  cum=1216000000 B
step 20  updateFluff=0.226875 s  compute=0.187256 s  save=1e-06 s
  comm[20] put=5 get=108 on=20 amo=0 | data=64000000 B/step  cum=1280000000 B
step 21  updateFluff=0.227132 s  compute=0.18623 s  save=0.0 s
  comm[21] put=5 get=108 on=20 amo=0 | data=64000000 B/step  cum=1344000000 B
step 22  updateFluff=0.226165 s  compute=0.187729 s  save=0.0 s
  comm[22] put=5 get=108 on=20 amo=0 | data=64000000 B/step  cum=1408000000 B
step 23  updateFluff=0.236665 s  compute=0.188221 s  save=0.0 s
  comm[23] put=5 get=108 on=20 amo=0 | data=64000000 B/step  cum=1472000000 B
step 24  updateFluff=0.227584 s  compute=0.188645 s  save=0.0 s
  comm[24] put=5 get=108 on=20 amo=0 | data=64000000 B/step  cum=1536000000 B
step 25  updateFluff=0.226882 s  compute=0.186804 s  save=0.0 s
  comm[25] put=4 get=108 on=20 amo=0 | data=64000000 B/step  cum=1600000000 B
step 26  updateFluff=0.221413 s  compute=0.18681 s  save=0.0 s
  comm[26] put=4 get=108 on=20 amo=0 | data=64000000 B/step  cum=1664000000 B
step 27  updateFluff=0.245441 s  compute=0.188098 s  save=0.0 s
  comm[27] put=4 get=108 on=20 amo=0 | data=64000000 B/step  cum=1728000000 B
step 28  updateFluff=0.22564 s  compute=0.188543 s  save=1e-06 s
  comm[28] put=5 get=108 on=20 amo=0 | data=64000000 B/step  cum=1792000000 B
step 29  updateFluff=0.234784 s  compute=0.187997 s  save=1e-06 s
  comm[29] put=4 get=108 on=20 amo=0 | data=64000000 B/step  cum=1856000000 B
step 30  updateFluff=0.219639 s  compute=0.187515 s  save=0.0 s
  comm[30] put=4 get=108 on=20 amo=0 | data=64000000 B/step  cum=1920000000 B
step 31  updateFluff=0.222221 s  compute=0.186977 s  save=0.0 s
  comm[31] put=5 get=108 on=20 amo=0 | data=64000000 B/step  cum=1984000000 B
step 32  updateFluff=0.233511 s  compute=0.187531 s  save=0.0 s
  comm[32] put=5 get=108 on=20 amo=0 | data=64000000 B/step  cum=2048000000 B
step 33  updateFluff=0.227814 s  compute=0.187293 s  save=0.0 s
  comm[33] put=5 get=108 on=20 amo=0 | data=64000000 B/step  cum=2112000000 B
step 34  updateFluff=0.239842 s  compute=0.186673 s  save=0.0 s
  comm[34] put=5 get=108 on=20 amo=0 | data=64000000 B/step  cum=2176000000 B
step 35  updateFluff=0.231999 s  compute=0.186361 s  save=0.0 s
  comm[35] put=5 get=108 on=20 amo=0 | data=64000000 B/step  cum=2240000000 B
step 36  updateFluff=0.21627 s  compute=0.187257 s  save=0.0 s
  comm[36] put=5 get=108 on=20 amo=0 | data=64000000 B/step  cum=2304000000 B
step 37  updateFluff=0.23008 s  compute=0.186869 s  save=0.0 s
  comm[37] put=5 get=108 on=20 amo=0 | data=64000000 B/step  cum=2368000000 B
step 38  updateFluff=0.225841 s  compute=0.187904 s  save=0.0 s
  comm[38] put=5 get=108 on=20 amo=0 | data=64000000 B/step  cum=2432000000 B
step 39  updateFluff=0.219503 s  compute=0.186794 s  save=0.0 s
  comm[39] put=5 get=108 on=20 amo=0 | data=64000000 B/step  cum=2496000000 B
step 40  updateFluff=0.22199 s  compute=0.186566 s  save=0.0 s
  comm[40] put=4 get=108 on=20 amo=0 | data=64000000 B/step  cum=2560000000 B
step 41  updateFluff=0.223586 s  compute=0.186449 s  save=0.0 s
  comm[41] put=4 get=108 on=20 amo=0 | data=64000000 B/step  cum=2624000000 B
step 42  updateFluff=0.22008 s  compute=0.187198 s  save=0.0 s
  comm[42] put=4 get=108 on=20 amo=0 | data=64000000 B/step  cum=2688000000 B
step 43  updateFluff=0.220976 s  compute=0.185971 s  save=1e-06 s
  comm[43] put=5 get=108 on=20 amo=0 | data=64000000 B/step  cum=2752000000 B
step 44  updateFluff=0.226084 s  compute=0.186786 s  save=0.0 s
  comm[44] put=4 get=108 on=20 amo=0 | data=64000000 B/step  cum=2816000000 B
step 45  updateFluff=0.22211 s  compute=0.185878 s  save=0.0 s
  comm[45] put=4 get=108 on=20 amo=0 | data=64000000 B/step  cum=2880000000 B
step 46  updateFluff=0.232222 s  compute=0.186557 s  save=0.0 s
  comm[46] put=5 get=108 on=20 amo=0 | data=64000000 B/step  cum=2944000000 B
step 47  updateFluff=0.222506 s  compute=0.187515 s  save=0.0 s
  comm[47] put=5 get=108 on=20 amo=0 | data=64000000 B/step  cum=3008000000 B
step 48  updateFluff=0.24624 s  compute=0.18626 s  save=0.0 s
  comm[48] put=5 get=108 on=20 amo=0 | data=64000000 B/step  cum=3072000000 B
step 49  updateFluff=0.219842 s  compute=0.186426 s  save=0.0 s
  comm[49] put=5 get=108 on=20 amo=0 | data=64000000 B/step  cum=3136000000 B
step 50  updateFluff=0.231998 s  compute=0.187614 s  save=0.0 s
  comm[50] put=5 get=108 on=20 amo=0 | data=64000000 B/step  cum=3200000000 B
step 51  updateFluff=0.220567 s  compute=0.186893 s  save=0.0 s
  comm[51] put=5 get=108 on=20 amo=0 | data=64000000 B/step  cum=3264000000 B
step 52  updateFluff=0.220011 s  compute=0.188124 s  save=0.0 s
  comm[52] put=5 get=108 on=20 amo=0 | data=64000000 B/step  cum=3328000000 B
step 53  updateFluff=0.227283 s  compute=0.186289 s  save=0.0 s
  comm[53] put=4 get=108 on=20 amo=0 | data=64000000 B/step  cum=3392000000 B
step 54  updateFluff=0.228288 s  compute=0.186809 s  save=0.0 s
  comm[54] put=5 get=108 on=20 amo=0 | data=64000000 B/step  cum=3456000000 B
step 55  updateFluff=0.224343 s  compute=0.187223 s  save=0.0 s
  comm[55] put=4 get=108 on=20 amo=0 | data=64000000 B/step  cum=3520000000 B
step 56  updateFluff=0.223941 s  compute=0.187522 s  save=0.0 s
  comm[56] put=5 get=108 on=20 amo=0 | data=64000000 B/step  cum=3584000000 B
step 57  updateFluff=0.222382 s  compute=0.185888 s  save=0.0 s
  comm[57] put=5 get=108 on=20 amo=0 | data=64000000 B/step  cum=3648000000 B
step 58  updateFluff=0.224477 s  compute=0.187105 s  save=0.0 s
  comm[58] put=5 get=108 on=20 amo=0 | data=64000000 B/step  cum=3712000000 B
step 59  updateFluff=0.2276 s  compute=0.186782 s  save=0.0 s
  comm[59] put=5 get=108 on=20 amo=0 | data=64000000 B/step  cum=3776000000 B
step 60  updateFluff=0.235859 s  compute=0.187149 s  save=0.0 s
  comm[60] put=5 get=108 on=20 amo=0 | data=64000000 B/step  cum=3840000000 B
step 61  updateFluff=0.220535 s  compute=0.186937 s  save=0.0 s
  comm[61] put=5 get=108 on=20 amo=0 | data=64000000 B/step  cum=3904000000 B
step 62  updateFluff=0.216813 s  compute=0.186794 s  save=0.0 s
  comm[62] put=5 get=108 on=20 amo=0 | data=64000000 B/step  cum=3968000000 B
step 63  updateFluff=0.240545 s  compute=0.186001 s  save=0.0 s
  comm[63] put=5 get=108 on=20 amo=0 | data=64000000 B/step  cum=4032000000 B
step 64  updateFluff=0.232186 s  compute=0.186682 s  save=1e-06 s
  comm[64] put=5 get=108 on=20 amo=0 | data=64000000 B/step  cum=4096000000 B
step 65  updateFluff=0.21917 s  compute=0.186818 s  save=0.0 s
  comm[65] put=4 get=108 on=20 amo=0 | data=64000000 B/step  cum=4160000000 B
step 66  updateFluff=0.223743 s  compute=0.186338 s  save=0.0 s
  comm[66] put=4 get=108 on=20 amo=0 | data=64000000 B/step  cum=4224000000 B
step 67  updateFluff=0.227048 s  compute=0.186468 s  save=0.0 s
  comm[67] put=4 get=108 on=20 amo=0 | data=64000000 B/step  cum=4288000000 B
step 68  updateFluff=0.221148 s  compute=0.188548 s  save=0.0 s
  comm[68] put=5 get=108 on=20 amo=0 | data=64000000 B/step  cum=4352000000 B
step 69  updateFluff=0.221361 s  compute=0.187621 s  save=0.0 s
  comm[69] put=4 get=108 on=20 amo=0 | data=64000000 B/step  cum=4416000000 B
step 70  updateFluff=0.224804 s  compute=0.187046 s  save=0.0 s
  comm[70] put=4 get=108 on=20 amo=0 | data=64000000 B/step  cum=4480000000 B
step 71  updateFluff=0.216672 s  compute=0.186255 s  save=0.0 s
  comm[71] put=5 get=108 on=20 amo=0 | data=64000000 B/step  cum=4544000000 B
step 72  updateFluff=0.221465 s  compute=0.187562 s  save=0.0 s
  comm[72] put=5 get=108 on=20 amo=0 | data=64000000 B/step  cum=4608000000 B
step 73  updateFluff=0.222247 s  compute=0.18762 s  save=0.0 s
  comm[73] put=5 get=108 on=20 amo=0 | data=64000000 B/step  cum=4672000000 B
step 74  updateFluff=0.222699 s  compute=0.188182 s  save=0.0 s
  comm[74] put=5 get=108 on=20 amo=0 | data=64000000 B/step  cum=4736000000 B
step 75  updateFluff=0.221353 s  compute=0.188068 s  save=0.0 s
  comm[75] put=5 get=108 on=20 amo=0 | data=64000000 B/step  cum=4800000000 B
step 76  updateFluff=0.222529 s  compute=0.185964 s  save=0.0 s
  comm[76] put=5 get=108 on=20 amo=0 | data=64000000 B/step  cum=4864000000 B
step 77  updateFluff=0.226559 s  compute=0.186225 s  save=1e-06 s
  comm[77] put=5 get=108 on=20 amo=0 | data=64000000 B/step  cum=4928000000 B
step 78  updateFluff=0.214268 s  compute=0.186124 s  save=0.0 s
  comm[78] put=5 get=108 on=20 amo=0 | data=64000000 B/step  cum=4992000000 B
step 79  updateFluff=0.215782 s  compute=0.187037 s  save=0.0 s
  comm[79] put=5 get=108 on=20 amo=0 | data=64000000 B/step  cum=5056000000 B
step 80  updateFluff=0.220724 s  compute=0.186921 s  save=0.0 s
  comm[80] put=4 get=108 on=20 amo=0 | data=64000000 B/step  cum=5120000000 B
step 81  updateFluff=0.225054 s  compute=0.187281 s  save=1e-06 s
  comm[81] put=4 get=108 on=20 amo=0 | data=64000000 B/step  cum=5184000000 B
step 82  updateFluff=0.222935 s  compute=0.186947 s  save=0.0 s
  comm[82] put=4 get=108 on=20 amo=0 | data=64000000 B/step  cum=5248000000 B
step 83  updateFluff=0.22005 s  compute=0.187641 s  save=0.0 s
  comm[83] put=5 get=108 on=20 amo=0 | data=64000000 B/step  cum=5312000000 B
step 84  updateFluff=0.215007 s  compute=0.187818 s  save=0.0 s
  comm[84] put=4 get=108 on=20 amo=0 | data=64000000 B/step  cum=5376000000 B
step 85  updateFluff=0.229776 s  compute=0.18665 s  save=0.0 s
  comm[85] put=4 get=108 on=20 amo=0 | data=64000000 B/step  cum=5440000000 B
step 86  updateFluff=0.221505 s  compute=0.186766 s  save=0.0 s
  comm[86] put=5 get=108 on=20 amo=0 | data=64000000 B/step  cum=5504000000 B
step 87  updateFluff=0.227211 s  compute=0.187749 s  save=0.0 s
  comm[87] put=5 get=108 on=20 amo=0 | data=64000000 B/step  cum=5568000000 B
step 88  updateFluff=0.229271 s  compute=0.18682 s  save=0.0 s
  comm[88] put=5 get=108 on=20 amo=0 | data=64000000 B/step  cum=5632000000 B
step 89  updateFluff=0.224006 s  compute=0.186977 s  save=0.0 s
  comm[89] put=5 get=108 on=20 amo=0 | data=64000000 B/step  cum=5696000000 B
step 90  updateFluff=0.228921 s  compute=0.187242 s  save=1e-06 s
  comm[90] put=5 get=108 on=20 amo=0 | data=64000000 B/step  cum=5760000000 B
step 91  updateFluff=0.237911 s  compute=0.186524 s  save=0.0 s
  comm[91] put=5 get=108 on=20 amo=0 | data=64000000 B/step  cum=5824000000 B
step 92  updateFluff=0.225279 s  compute=0.188213 s  save=0.0 s
  comm[92] put=5 get=108 on=20 amo=0 | data=64000000 B/step  cum=5888000000 B
step 93  updateFluff=0.222098 s  compute=0.186945 s  save=0.0 s
  comm[93] put=4 get=108 on=20 amo=0 | data=64000000 B/step  cum=5952000000 B
step 94  updateFluff=0.226248 s  compute=0.187125 s  save=1e-06 s
  comm[94] put=5 get=108 on=20 amo=0 | data=64000000 B/step  cum=6016000000 B
step 95  updateFluff=0.226911 s  compute=0.186537 s  save=0.0 s
  comm[95] put=4 get=108 on=20 amo=0 | data=64000000 B/step  cum=6080000000 B
step 96  updateFluff=0.230531 s  compute=0.187149 s  save=0.0 s
  comm[96] put=5 get=108 on=20 amo=0 | data=64000000 B/step  cum=6144000000 B
step 97  updateFluff=0.232668 s  compute=0.186597 s  save=0.0 s
  comm[97] put=5 get=108 on=20 amo=0 | data=64000000 B/step  cum=6208000000 B
step 98  updateFluff=0.234862 s  compute=0.187278 s  save=0.0 s
  comm[98] put=5 get=108 on=20 amo=0 | data=64000000 B/step  cum=6272000000 B
step 99  updateFluff=0.224498 s  compute=0.187204 s  save=0.0 s
  comm[99] put=5 get=108 on=20 amo=0 | data=64000000 B/step  cum=6336000000 B
step 100  updateFluff=0.221478 s  compute=0.187932 s  save=0.0 s
  comm[100] put=5 get=108 on=20 amo=0 | data=64000000 B/step  cum=6400000000 B
[mem] after run locale 0: 3918.72 MB
[mem] after run locale 1: 3918.65 MB
[mem] after run locale 2: 3918.65 MB
[mem] after run locale 3: 3918.65 MB
[mem] after run locale 4: 3918.65 MB
final field: min=1.0 max=2.0 sum=1.00518e+09
Execution time:    41.576 s
