warning: QTHREADS: Reduced numThreadsPerLocale=20 to 16 to prevent oversubscription of the system.
warning: QTHREADS: Reduced numThreadsPerLocale=20 to 16 to prevent oversubscription of the system.
warning: QTHREADS: Reduced numThreadsPerLocale=20 to 16 to prevent oversubscription of the system.
warning: QTHREADS: Reduced numThreadsPerLocale=20 to 16 to prevent oversubscription of the system.
warning: QTHREADS: Reduced numThreadsPerLocale=20 to 16 to prevent oversubscription of the system.
warning: QTHREADS: Reduced numThreadsPerLocale=20 to 16 to prevent oversubscription of the system.
warning: QTHREADS: Reduced numThreadsPerLocale=20 to 16 to prevent oversubscription of the system.
[cfg] threadsPerLocale(requested)=20 numLocales=7
Initialization time: 0.484975 s
[mem] after init (u+un allocated) locale 0: 3045.48 MB
[mem] after init (u+un allocated) locale 1: 3045.42 MB
[mem] after init (u+un allocated) locale 2: 3045.42 MB
[mem] after init (u+un allocated) locale 3: 3045.42 MB
[mem] after init (u+un allocated) locale 4: 3045.42 MB
[mem] after init (u+un allocated) locale 5: 3045.42 MB
[mem] after init (u+un allocated) locale 6: 3030.1 MB
[cfg] locale 0 maxTaskPar=16
[cfg] locale 1 maxTaskPar=16
[cfg] locale 2 maxTaskPar=16
[cfg] locale 3 maxTaskPar=16
[cfg] locale 4 maxTaskPar=16
[cfg] locale 5 maxTaskPar=16
[cfg] locale 6 maxTaskPar=16
[comm] 96000000 B/step across 7 locale(s)
step 1  updateFluff=0.234549 s  compute=0.134892 s  save=1e-06 s
  comm[1] put=0 get=162 on=24 amo=0 | data=96000000 B/step  cum=96000000 B
step 2  updateFluff=0.22108 s  compute=0.133947 s  save=1e-06 s
  comm[2] put=7 get=162 on=30 amo=0 | data=96000000 B/step  cum=192000000 B
step 3  updateFluff=0.221252 s  compute=0.134232 s  save=0.0 s
  comm[3] put=7 get=162 on=30 amo=0 | data=96000000 B/step  cum=288000000 B
step 4  updateFluff=0.222679 s  compute=0.134778 s  save=0.0 s
  comm[4] put=7 get=162 on=30 amo=0 | data=96000000 B/step  cum=384000000 B
step 5  updateFluff=0.268333 s  compute=0.134438 s  save=0.0 s
  comm[5] put=7 get=162 on=30 amo=0 | data=96000000 B/step  cum=480000000 B
step 6  updateFluff=0.271036 s  compute=0.134373 s  save=0.0 s
  comm[6] put=7 get=162 on=30 amo=0 | data=96000000 B/step  cum=576000000 B
step 7  updateFluff=0.223921 s  compute=0.134672 s  save=0.0 s
  comm[7] put=7 get=162 on=30 amo=0 | data=96000000 B/step  cum=672000000 B
step 8  updateFluff=0.220403 s  compute=0.134234 s  save=0.0 s
  comm[8] put=7 get=162 on=30 amo=0 | data=96000000 B/step  cum=768000000 B
step 9  updateFluff=0.220913 s  compute=0.134246 s  save=0.0 s
  comm[9] put=7 get=162 on=30 amo=0 | data=96000000 B/step  cum=864000000 B
step 10  updateFluff=0.221615 s  compute=0.134864 s  save=0.0 s
  comm[10] put=7 get=162 on=30 amo=0 | data=96000000 B/step  cum=960000000 B
step 11  updateFluff=0.221484 s  compute=0.134504 s  save=0.0 s
  comm[11] put=7 get=162 on=30 amo=0 | data=96000000 B/step  cum=1056000000 B
step 12  updateFluff=0.225178 s  compute=0.13416 s  save=0.0 s
  comm[12] put=7 get=162 on=30 amo=0 | data=96000000 B/step  cum=1152000000 B
step 13  updateFluff=0.226873 s  compute=0.133935 s  save=0.0 s
  comm[13] put=7 get=162 on=30 amo=0 | data=96000000 B/step  cum=1248000000 B
step 14  updateFluff=0.264559 s  compute=0.134796 s  save=0.0 s
  comm[14] put=7 get=162 on=30 amo=0 | data=96000000 B/step  cum=1344000000 B
step 15  updateFluff=0.290284 s  compute=0.134261 s  save=0.0 s
  comm[15] put=7 get=162 on=30 amo=0 | data=96000000 B/step  cum=1440000000 B
step 16  updateFluff=0.22222 s  compute=0.134348 s  save=0.0 s
  comm[16] put=7 get=162 on=30 amo=0 | data=96000000 B/step  cum=1536000000 B
step 17  updateFluff=0.224812 s  compute=0.134105 s  save=0.0 s
  comm[17] put=7 get=162 on=30 amo=0 | data=96000000 B/step  cum=1632000000 B
step 18  updateFluff=0.217928 s  compute=0.134575 s  save=0.0 s
  comm[18] put=7 get=162 on=30 amo=0 | data=96000000 B/step  cum=1728000000 B
step 19  updateFluff=0.218104 s  compute=0.134564 s  save=0.0 s
  comm[19] put=7 get=162 on=30 amo=0 | data=96000000 B/step  cum=1824000000 B
step 20  updateFluff=0.220118 s  compute=0.134218 s  save=0.0 s
  comm[20] put=7 get=162 on=30 amo=0 | data=96000000 B/step  cum=1920000000 B
step 21  updateFluff=0.245248 s  compute=0.134258 s  save=0.0 s
  comm[21] put=7 get=162 on=30 amo=0 | data=96000000 B/step  cum=2016000000 B
step 22  updateFluff=0.256068 s  compute=0.134167 s  save=0.0 s
  comm[22] put=7 get=162 on=30 amo=0 | data=96000000 B/step  cum=2112000000 B
step 23  updateFluff=0.230368 s  compute=0.134541 s  save=0.0 s
  comm[23] put=7 get=162 on=30 amo=0 | data=96000000 B/step  cum=2208000000 B
step 24  updateFluff=0.222768 s  compute=0.134438 s  save=0.0 s
  comm[24] put=7 get=162 on=30 amo=0 | data=96000000 B/step  cum=2304000000 B
step 25  updateFluff=0.239293 s  compute=0.134385 s  save=0.0 s
  comm[25] put=7 get=162 on=30 amo=0 | data=96000000 B/step  cum=2400000000 B
step 26  updateFluff=0.230654 s  compute=0.134789 s  save=1e-06 s
  comm[26] put=7 get=162 on=30 amo=0 | data=96000000 B/step  cum=2496000000 B
step 27  updateFluff=0.231681 s  compute=0.133887 s  save=0.0 s
  comm[27] put=7 get=162 on=30 amo=0 | data=96000000 B/step  cum=2592000000 B
step 28  updateFluff=0.284471 s  compute=0.134294 s  save=0.0 s
  comm[28] put=7 get=162 on=30 amo=0 | data=96000000 B/step  cum=2688000000 B
step 29  updateFluff=0.230304 s  compute=0.134301 s  save=0.0 s
  comm[29] put=7 get=162 on=30 amo=0 | data=96000000 B/step  cum=2784000000 B
step 30  updateFluff=0.230904 s  compute=0.134007 s  save=1e-06 s
  comm[30] put=7 get=162 on=30 amo=0 | data=96000000 B/step  cum=2880000000 B
step 31  updateFluff=0.222983 s  compute=0.134251 s  save=2e-06 s
  comm[31] put=7 get=162 on=30 amo=0 | data=96000000 B/step  cum=2976000000 B
step 32  updateFluff=0.22362 s  compute=0.134415 s  save=0.0 s
  comm[32] put=7 get=162 on=30 amo=0 | data=96000000 B/step  cum=3072000000 B
step 33  updateFluff=0.22058 s  compute=0.134037 s  save=0.0 s
  comm[33] put=7 get=162 on=30 amo=0 | data=96000000 B/step  cum=3168000000 B
step 34  updateFluff=0.221456 s  compute=0.134668 s  save=0.0 s
  comm[34] put=7 get=162 on=30 amo=0 | data=96000000 B/step  cum=3264000000 B
step 35  updateFluff=0.221925 s  compute=0.134691 s  save=0.0 s
  comm[35] put=7 get=162 on=30 amo=0 | data=96000000 B/step  cum=3360000000 B
step 36  updateFluff=0.219675 s  compute=0.135129 s  save=0.0 s
  comm[36] put=7 get=162 on=30 amo=0 | data=96000000 B/step  cum=3456000000 B
step 37  updateFluff=0.233567 s  compute=0.133885 s  save=0.0 s
  comm[37] put=7 get=162 on=30 amo=0 | data=96000000 B/step  cum=3552000000 B
step 38  updateFluff=0.267779 s  compute=0.135089 s  save=0.0 s
  comm[38] put=7 get=162 on=30 amo=0 | data=96000000 B/step  cum=3648000000 B
step 39  updateFluff=0.284251 s  compute=0.1355 s  save=0.0 s
  comm[39] put=7 get=162 on=30 amo=0 | data=96000000 B/step  cum=3744000000 B
step 40  updateFluff=0.234395 s  compute=0.134136 s  save=0.0 s
  comm[40] put=7 get=162 on=30 amo=0 | data=96000000 B/step  cum=3840000000 B
step 41  updateFluff=0.284918 s  compute=0.134198 s  save=0.0 s
  comm[41] put=7 get=162 on=30 amo=0 | data=96000000 B/step  cum=3936000000 B
step 42  updateFluff=0.223133 s  compute=0.134886 s  save=0.0 s
  comm[42] put=7 get=162 on=30 amo=0 | data=96000000 B/step  cum=4032000000 B
step 43  updateFluff=0.240728 s  compute=0.134182 s  save=0.0 s
  comm[43] put=7 get=162 on=30 amo=0 | data=96000000 B/step  cum=4128000000 B
step 44  updateFluff=0.215847 s  compute=0.134647 s  save=0.0 s
  comm[44] put=7 get=162 on=30 amo=0 | data=96000000 B/step  cum=4224000000 B
step 45  updateFluff=0.22657 s  compute=0.133982 s  save=0.0 s
  comm[45] put=7 get=162 on=30 amo=0 | data=96000000 B/step  cum=4320000000 B
step 46  updateFluff=0.220451 s  compute=0.134885 s  save=0.0 s
  comm[46] put=7 get=162 on=30 amo=0 | data=96000000 B/step  cum=4416000000 B
step 47  updateFluff=0.222252 s  compute=0.134233 s  save=1e-06 s
  comm[47] put=7 get=162 on=30 amo=0 | data=96000000 B/step  cum=4512000000 B
step 48  updateFluff=0.240771 s  compute=0.134824 s  save=0.0 s
  comm[48] put=7 get=162 on=30 amo=0 | data=96000000 B/step  cum=4608000000 B
step 49  updateFluff=0.221244 s  compute=0.134183 s  save=0.0 s
  comm[49] put=7 get=162 on=30 amo=0 | data=96000000 B/step  cum=4704000000 B
step 50  updateFluff=0.260155 s  compute=0.135258 s  save=0.0 s
  comm[50] put=7 get=162 on=30 amo=0 | data=96000000 B/step  cum=4800000000 B
step 51  updateFluff=0.236638 s  compute=0.134598 s  save=0.0 s
  comm[51] put=7 get=162 on=30 amo=0 | data=96000000 B/step  cum=4896000000 B
step 52  updateFluff=0.228667 s  compute=0.13496 s  save=0.0 s
  comm[52] put=7 get=162 on=30 amo=0 | data=96000000 B/step  cum=4992000000 B
step 53  updateFluff=0.23395 s  compute=0.134486 s  save=0.0 s
  comm[53] put=7 get=162 on=30 amo=0 | data=96000000 B/step  cum=5088000000 B
step 54  updateFluff=0.237336 s  compute=0.134623 s  save=0.0 s
  comm[54] put=7 get=162 on=30 amo=0 | data=96000000 B/step  cum=5184000000 B
step 55  updateFluff=0.24038 s  compute=0.134157 s  save=0.0 s
  comm[55] put=7 get=162 on=30 amo=0 | data=96000000 B/step  cum=5280000000 B
step 56  updateFluff=0.254097 s  compute=0.13438 s  save=0.0 s
  comm[56] put=7 get=162 on=30 amo=0 | data=96000000 B/step  cum=5376000000 B
step 57  updateFluff=0.223424 s  compute=0.134097 s  save=1e-06 s
  comm[57] put=7 get=162 on=30 amo=0 | data=96000000 B/step  cum=5472000000 B
step 58  updateFluff=0.217349 s  compute=0.135498 s  save=0.0 s
  comm[58] put=7 get=162 on=30 amo=0 | data=96000000 B/step  cum=5568000000 B
step 59  updateFluff=0.227075 s  compute=0.133824 s  save=0.0 s
  comm[59] put=7 get=162 on=30 amo=0 | data=96000000 B/step  cum=5664000000 B
step 60  updateFluff=0.245341 s  compute=0.135547 s  save=0.0 s
  comm[60] put=7 get=162 on=30 amo=0 | data=96000000 B/step  cum=5760000000 B
step 61  updateFluff=0.28791 s  compute=0.13441 s  save=0.0 s
  comm[61] put=7 get=162 on=30 amo=0 | data=96000000 B/step  cum=5856000000 B
step 62  updateFluff=0.229005 s  compute=0.134581 s  save=0.0 s
  comm[62] put=7 get=162 on=30 amo=0 | data=96000000 B/step  cum=5952000000 B
step 63  updateFluff=0.239051 s  compute=0.135616 s  save=0.0 s
  comm[63] put=7 get=162 on=30 amo=0 | data=96000000 B/step  cum=6048000000 B
step 64  updateFluff=0.246102 s  compute=0.13468 s  save=0.0 s
  comm[64] put=7 get=162 on=30 amo=0 | data=96000000 B/step  cum=6144000000 B
step 65  updateFluff=0.24289 s  compute=0.133705 s  save=0.0 s
  comm[65] put=7 get=162 on=30 amo=0 | data=96000000 B/step  cum=6240000000 B
step 66  updateFluff=0.221853 s  compute=0.135324 s  save=0.0 s
  comm[66] put=7 get=162 on=30 amo=0 | data=96000000 B/step  cum=6336000000 B
step 67  updateFluff=0.219897 s  compute=0.133969 s  save=0.0 s
  comm[67] put=7 get=162 on=30 amo=0 | data=96000000 B/step  cum=6432000000 B
step 68  updateFluff=0.22389 s  compute=0.13491 s  save=0.0 s
  comm[68] put=7 get=162 on=30 amo=0 | data=96000000 B/step  cum=6528000000 B
step 69  updateFluff=0.230674 s  compute=0.1339 s  save=0.0 s
  comm[69] put=7 get=162 on=30 amo=0 | data=96000000 B/step  cum=6624000000 B
step 70  updateFluff=0.226964 s  compute=0.134794 s  save=0.0 s
  comm[70] put=7 get=162 on=30 amo=0 | data=96000000 B/step  cum=6720000000 B
step 71  updateFluff=0.237512 s  compute=0.134158 s  save=0.0 s
  comm[71] put=7 get=162 on=30 amo=0 | data=96000000 B/step  cum=6816000000 B
step 72  updateFluff=0.225069 s  compute=0.134202 s  save=0.0 s
  comm[72] put=7 get=162 on=30 amo=0 | data=96000000 B/step  cum=6912000000 B
step 73  updateFluff=0.22196 s  compute=0.133755 s  save=0.0 s
  comm[73] put=7 get=162 on=30 amo=0 | data=96000000 B/step  cum=7008000000 B
step 74  updateFluff=0.218466 s  compute=0.135085 s  save=1e-06 s
  comm[74] put=7 get=162 on=30 amo=0 | data=96000000 B/step  cum=7104000000 B
step 75  updateFluff=0.227712 s  compute=0.134524 s  save=0.0 s
  comm[75] put=7 get=162 on=30 amo=0 | data=96000000 B/step  cum=7200000000 B
step 76  updateFluff=0.236354 s  compute=0.134372 s  save=0.0 s
  comm[76] put=7 get=162 on=30 amo=0 | data=96000000 B/step  cum=7296000000 B
step 77  updateFluff=0.215778 s  compute=0.134096 s  save=0.0 s
  comm[77] put=7 get=162 on=30 amo=0 | data=96000000 B/step  cum=7392000000 B
step 78  updateFluff=0.223261 s  compute=0.134586 s  save=0.0 s
  comm[78] put=7 get=162 on=30 amo=0 | data=96000000 B/step  cum=7488000000 B
step 79  updateFluff=0.219437 s  compute=0.134507 s  save=0.0 s
  comm[79] put=7 get=162 on=30 amo=0 | data=96000000 B/step  cum=7584000000 B
step 80  updateFluff=0.226917 s  compute=0.134101 s  save=0.0 s
  comm[80] put=7 get=162 on=30 amo=0 | data=96000000 B/step  cum=7680000000 B
step 81  updateFluff=0.276193 s  compute=0.134225 s  save=0.0 s
  comm[81] put=7 get=162 on=30 amo=0 | data=96000000 B/step  cum=7776000000 B
step 82  updateFluff=0.221197 s  compute=0.135074 s  save=0.0 s
  comm[82] put=7 get=162 on=30 amo=0 | data=96000000 B/step  cum=7872000000 B
step 83  updateFluff=0.238664 s  compute=0.134012 s  save=0.0 s
  comm[83] put=7 get=162 on=30 amo=0 | data=96000000 B/step  cum=7968000000 B
step 84  updateFluff=0.230565 s  compute=0.134333 s  save=0.0 s
  comm[84] put=7 get=162 on=30 amo=0 | data=96000000 B/step  cum=8064000000 B
step 85  updateFluff=0.283186 s  compute=0.133979 s  save=1e-06 s
  comm[85] put=7 get=162 on=30 amo=0 | data=96000000 B/step  cum=8160000000 B
step 86  updateFluff=0.228955 s  compute=0.134571 s  save=0.0 s
  comm[86] put=7 get=162 on=30 amo=0 | data=96000000 B/step  cum=8256000000 B
step 87  updateFluff=0.224695 s  compute=0.134296 s  save=1e-06 s
  comm[87] put=7 get=162 on=30 amo=0 | data=96000000 B/step  cum=8352000000 B
step 88  updateFluff=0.224463 s  compute=0.134627 s  save=0.0 s
  comm[88] put=7 get=162 on=30 amo=0 | data=96000000 B/step  cum=8448000000 B
step 89  updateFluff=0.219392 s  compute=0.134162 s  save=0.0 s
  comm[89] put=7 get=162 on=30 amo=0 | data=96000000 B/step  cum=8544000000 B
step 90  updateFluff=0.218804 s  compute=0.135321 s  save=0.0 s
  comm[90] put=7 get=162 on=30 amo=0 | data=96000000 B/step  cum=8640000000 B
step 91  updateFluff=0.2302 s  compute=0.134492 s  save=0.0 s
  comm[91] put=7 get=162 on=30 amo=0 | data=96000000 B/step  cum=8736000000 B
step 92  updateFluff=0.225581 s  compute=0.134372 s  save=0.0 s
  comm[92] put=7 get=162 on=30 amo=0 | data=96000000 B/step  cum=8832000000 B
step 93  updateFluff=0.225142 s  compute=0.135415 s  save=1e-06 s
  comm[93] put=7 get=162 on=30 amo=0 | data=96000000 B/step  cum=8928000000 B
step 94  updateFluff=0.230117 s  compute=0.13488 s  save=1e-06 s
  comm[94] put=7 get=162 on=30 amo=0 | data=96000000 B/step  cum=9024000000 B
step 95  updateFluff=0.21949 s  compute=0.133836 s  save=0.0 s
  comm[95] put=7 get=162 on=30 amo=0 | data=96000000 B/step  cum=9120000000 B
step 96  updateFluff=0.219314 s  compute=0.134504 s  save=0.0 s
  comm[96] put=7 get=162 on=30 amo=0 | data=96000000 B/step  cum=9216000000 B
step 97  updateFluff=0.235329 s  compute=0.133926 s  save=0.0 s
  comm[97] put=7 get=162 on=30 amo=0 | data=96000000 B/step  cum=9312000000 B
step 98  updateFluff=0.230446 s  compute=0.134551 s  save=0.0 s
  comm[98] put=7 get=162 on=30 amo=0 | data=96000000 B/step  cum=9408000000 B
step 99  updateFluff=0.230502 s  compute=0.134342 s  save=1e-06 s
  comm[99] put=7 get=162 on=30 amo=0 | data=96000000 B/step  cum=9504000000 B
step 100  updateFluff=0.216914 s  compute=0.135022 s  save=0.0 s
  comm[100] put=7 get=162 on=30 amo=0 | data=96000000 B/step  cum=9600000000 B
[mem] after run locale 0: 3045.48 MB
[mem] after run locale 1: 3045.42 MB
[mem] after run locale 2: 3045.42 MB
[mem] after run locale 3: 3045.42 MB
[mem] after run locale 4: 3045.42 MB
[mem] after run locale 5: 3045.42 MB
[mem] after run locale 6: 3030.1 MB
final field: min=1.0 max=2.0 sum=1.00518e+09
Execution time:    37.2027 s
