warning: QTHREADS: Reduced numThreadsPerLocale=20 to 16 to prevent oversubscription of the system.
warning: QTHREADS: Reduced numThreadsPerLocale=20 to 16 to prevent oversubscription of the system.
warning: QTHREADS: Reduced numThreadsPerLocale=20 to 16 to prevent oversubscription of the system.
warning: QTHREADS: Reduced numThreadsPerLocale=20 to 16 to prevent oversubscription of the system.
warning: QTHREADS: Reduced numThreadsPerLocale=20 to 16 to prevent oversubscription of the system.
warning: QTHREADS: Reduced numThreadsPerLocale=20 to 16 to prevent oversubscription of the system.
warning: QTHREADS: Reduced numThreadsPerLocale=20 to 16 to prevent oversubscription of the system.
warning: QTHREADS: Reduced numThreadsPerLocale=20 to 16 to prevent oversubscription of the system.
warning: QTHREADS: Reduced numThreadsPerLocale=20 to 16 to prevent oversubscription of the system.
warning: QTHREADS: Reduced numThreadsPerLocale=20 to 16 to prevent oversubscription of the system.
[cfg] threadsPerLocale(requested)=20 numLocales=10
Initialization time: 0.408597 s
[mem] after init (u+un allocated) locale 0: 1962.51 MB
[mem] after init (u+un allocated) locale 1: 1962.45 MB
[mem] after init (u+un allocated) locale 2: 1962.45 MB
[mem] after init (u+un allocated) locale 3: 1962.45 MB
[mem] after init (u+un allocated) locale 4: 1962.45 MB
[mem] after init (u+un allocated) locale 5: 1962.45 MB
[mem] after init (u+un allocated) locale 6: 1962.45 MB
[mem] after init (u+un allocated) locale 7: 1962.45 MB
[mem] after init (u+un allocated) locale 8: 1962.45 MB
[mem] after init (u+un allocated) locale 9: 1962.45 MB
[cfg] locale 0 maxTaskPar=16
[cfg] locale 1 maxTaskPar=16
[cfg] locale 2 maxTaskPar=16
[cfg] locale 3 maxTaskPar=16
[cfg] locale 4 maxTaskPar=16
[cfg] locale 5 maxTaskPar=16
[cfg] locale 6 maxTaskPar=16
[cfg] locale 7 maxTaskPar=16
[cfg] locale 8 maxTaskPar=16
[cfg] locale 9 maxTaskPar=16
[comm] 80128000 B/step across 10 locale(s)
step 1  updateFluff=0.169051 s  compute=0.181862 s  save=0.0 s
  comm[1] put=0 get=556 on=60 amo=0 | data=80128000 B/step  cum=80128000 B
step 2  updateFluff=0.155469 s  compute=0.180737 s  save=0.0 s
  comm[2] put=10 get=555 on=69 amo=0 | data=80128000 B/step  cum=160256000 B
step 3  updateFluff=0.185757 s  compute=0.18218 s  save=0.0 s
  comm[3] put=10 get=556 on=69 amo=0 | data=80128000 B/step  cum=240384000 B
step 4  updateFluff=0.180816 s  compute=0.184868 s  save=0.0 s
  comm[4] put=10 get=555 on=69 amo=0 | data=80128000 B/step  cum=320512000 B
step 5  updateFluff=0.179079 s  compute=0.184615 s  save=0.0 s
  comm[5] put=10 get=556 on=69 amo=0 | data=80128000 B/step  cum=400640000 B
step 6  updateFluff=0.204114 s  compute=0.182846 s  save=1e-06 s
  comm[6] put=10 get=555 on=69 amo=0 | data=80128000 B/step  cum=480768000 B
step 7  updateFluff=0.178969 s  compute=0.180521 s  save=1e-06 s
  comm[7] put=10 get=556 on=69 amo=0 | data=80128000 B/step  cum=560896000 B
step 8  updateFluff=0.169562 s  compute=0.180483 s  save=1e-06 s
  comm[8] put=10 get=555 on=69 amo=0 | data=80128000 B/step  cum=641024000 B
step 9  updateFluff=0.178884 s  compute=0.181039 s  save=0.0 s
  comm[9] put=10 get=556 on=69 amo=0 | data=80128000 B/step  cum=721152000 B
step 10  updateFluff=0.169884 s  compute=0.178579 s  save=0.0 s
  comm[10] put=10 get=555 on=69 amo=0 | data=80128000 B/step  cum=801280000 B
step 11  updateFluff=0.178043 s  compute=0.181733 s  save=0.0 s
  comm[11] put=10 get=556 on=69 amo=0 | data=80128000 B/step  cum=881408000 B
step 12  updateFluff=0.577843 s  compute=0.182849 s  save=0.0 s
  comm[12] put=10 get=555 on=69 amo=0 | data=80128000 B/step  cum=961536000 B
step 13  updateFluff=0.171437 s  compute=0.184285 s  save=1e-06 s
  comm[13] put=10 get=556 on=69 amo=0 | data=80128000 B/step  cum=1041664000 B
step 14  updateFluff=0.155922 s  compute=0.183922 s  save=0.0 s
  comm[14] put=10 get=555 on=69 amo=0 | data=80128000 B/step  cum=1121792000 B
step 15  updateFluff=0.171615 s  compute=0.183388 s  save=0.0 s
  comm[15] put=10 get=556 on=69 amo=0 | data=80128000 B/step  cum=1201920000 B
step 16  updateFluff=0.174674 s  compute=0.185353 s  save=0.0 s
  comm[16] put=10 get=555 on=69 amo=0 | data=80128000 B/step  cum=1282048000 B
step 17  updateFluff=0.184761 s  compute=0.181057 s  save=0.0 s
  comm[17] put=10 get=556 on=69 amo=0 | data=80128000 B/step  cum=1362176000 B
step 18  updateFluff=0.17741 s  compute=0.181684 s  save=0.0 s
  comm[18] put=10 get=555 on=69 amo=0 | data=80128000 B/step  cum=1442304000 B
step 19  updateFluff=0.189152 s  compute=0.184032 s  save=0.0 s
  comm[19] put=10 get=556 on=69 amo=0 | data=80128000 B/step  cum=1522432000 B
step 20  updateFluff=0.187441 s  compute=0.184545 s  save=0.0 s
  comm[20] put=10 get=555 on=69 amo=0 | data=80128000 B/step  cum=1602560000 B
step 21  updateFluff=0.174238 s  compute=0.183993 s  save=0.0 s
  comm[21] put=10 get=556 on=69 amo=0 | data=80128000 B/step  cum=1682688000 B
step 22  updateFluff=0.158653 s  compute=0.181531 s  save=0.0 s
  comm[22] put=10 get=555 on=69 amo=0 | data=80128000 B/step  cum=1762816000 B
step 23  updateFluff=0.171596 s  compute=0.182656 s  save=0.0 s
  comm[23] put=10 get=556 on=69 amo=0 | data=80128000 B/step  cum=1842944000 B
step 24  updateFluff=0.15515 s  compute=0.182304 s  save=1e-06 s
  comm[24] put=10 get=555 on=69 amo=0 | data=80128000 B/step  cum=1923072000 B
step 25  updateFluff=0.176368 s  compute=0.183235 s  save=0.0 s
  comm[25] put=10 get=556 on=69 amo=0 | data=80128000 B/step  cum=2003200000 B
step 26  updateFluff=0.160445 s  compute=0.183074 s  save=0.0 s
  comm[26] put=10 get=555 on=69 amo=0 | data=80128000 B/step  cum=2083328000 B
step 27  updateFluff=0.158411 s  compute=0.1837 s  save=0.0 s
  comm[27] put=10 get=556 on=69 amo=0 | data=80128000 B/step  cum=2163456000 B
step 28  updateFluff=0.170717 s  compute=0.184504 s  save=0.0 s
  comm[28] put=10 get=555 on=69 amo=0 | data=80128000 B/step  cum=2243584000 B
step 29  updateFluff=0.15561 s  compute=0.181454 s  save=0.0 s
  comm[29] put=10 get=556 on=69 amo=0 | data=80128000 B/step  cum=2323712000 B
step 30  updateFluff=0.182001 s  compute=0.184478 s  save=0.0 s
  comm[30] put=10 get=555 on=69 amo=0 | data=80128000 B/step  cum=2403840000 B
step 31  updateFluff=0.185641 s  compute=0.182158 s  save=0.0 s
  comm[31] put=10 get=556 on=69 amo=0 | data=80128000 B/step  cum=2483968000 B
step 32  updateFluff=0.159609 s  compute=0.182502 s  save=0.0 s
  comm[32] put=10 get=555 on=69 amo=0 | data=80128000 B/step  cum=2564096000 B
step 33  updateFluff=0.146613 s  compute=0.181001 s  save=0.0 s
  comm[33] put=10 get=556 on=69 amo=0 | data=80128000 B/step  cum=2644224000 B
step 34  updateFluff=0.1855 s  compute=0.18144 s  save=0.0 s
  comm[34] put=10 get=555 on=69 amo=0 | data=80128000 B/step  cum=2724352000 B
step 35  updateFluff=0.171342 s  compute=0.183062 s  save=0.0 s
  comm[35] put=10 get=556 on=69 amo=0 | data=80128000 B/step  cum=2804480000 B
step 36  updateFluff=0.166679 s  compute=0.181094 s  save=0.0 s
  comm[36] put=10 get=555 on=69 amo=0 | data=80128000 B/step  cum=2884608000 B
step 37  updateFluff=0.169768 s  compute=0.181248 s  save=0.0 s
  comm[37] put=10 get=556 on=69 amo=0 | data=80128000 B/step  cum=2964736000 B
step 38  updateFluff=0.167855 s  compute=0.181991 s  save=0.0 s
  comm[38] put=10 get=555 on=69 amo=0 | data=80128000 B/step  cum=3044864000 B
step 39  updateFluff=0.148383 s  compute=0.1825 s  save=0.0 s
  comm[39] put=10 get=556 on=69 amo=0 | data=80128000 B/step  cum=3124992000 B
step 40  updateFluff=0.151321 s  compute=0.183927 s  save=0.0 s
  comm[40] put=10 get=555 on=69 amo=0 | data=80128000 B/step  cum=3205120000 B
step 41  updateFluff=0.143168 s  compute=0.182684 s  save=1e-06 s
  comm[41] put=10 get=556 on=69 amo=0 | data=80128000 B/step  cum=3285248000 B
step 42  updateFluff=0.1974 s  compute=0.180791 s  save=0.0 s
  comm[42] put=10 get=555 on=69 amo=0 | data=80128000 B/step  cum=3365376000 B
step 43  updateFluff=0.184343 s  compute=0.182807 s  save=0.0 s
  comm[43] put=10 get=556 on=69 amo=0 | data=80128000 B/step  cum=3445504000 B
step 44  updateFluff=0.168494 s  compute=0.183993 s  save=0.0 s
  comm[44] put=10 get=555 on=69 amo=0 | data=80128000 B/step  cum=3525632000 B
step 45  updateFluff=0.149908 s  compute=0.18146 s  save=0.0 s
  comm[45] put=10 get=556 on=69 amo=0 | data=80128000 B/step  cum=3605760000 B
step 46  updateFluff=0.178631 s  compute=0.181358 s  save=0.0 s
  comm[46] put=10 get=555 on=69 amo=0 | data=80128000 B/step  cum=3685888000 B
step 47  updateFluff=0.186709 s  compute=0.181663 s  save=1e-06 s
  comm[47] put=10 get=556 on=69 amo=0 | data=80128000 B/step  cum=3766016000 B
step 48  updateFluff=0.174779 s  compute=0.180724 s  save=0.0 s
  comm[48] put=10 get=555 on=69 amo=0 | data=80128000 B/step  cum=3846144000 B
step 49  updateFluff=0.163005 s  compute=0.184061 s  save=0.0 s
  comm[49] put=10 get=556 on=69 amo=0 | data=80128000 B/step  cum=3926272000 B
step 50  updateFluff=0.180892 s  compute=0.181885 s  save=0.0 s
  comm[50] put=10 get=555 on=69 amo=0 | data=80128000 B/step  cum=4006400000 B
step 51  updateFluff=0.179495 s  compute=0.180076 s  save=1e-06 s
  comm[51] put=10 get=556 on=69 amo=0 | data=80128000 B/step  cum=4086528000 B
step 52  updateFluff=0.166997 s  compute=0.180944 s  save=0.0 s
  comm[52] put=10 get=555 on=69 amo=0 | data=80128000 B/step  cum=4166656000 B
step 53  updateFluff=0.168606 s  compute=0.181082 s  save=0.0 s
  comm[53] put=10 get=556 on=69 amo=0 | data=80128000 B/step  cum=4246784000 B
step 54  updateFluff=0.192633 s  compute=0.18337 s  save=1e-06 s
  comm[54] put=10 get=555 on=69 amo=0 | data=80128000 B/step  cum=4326912000 B
step 55  updateFluff=0.183485 s  compute=0.182235 s  save=0.0 s
  comm[55] put=10 get=556 on=69 amo=0 | data=80128000 B/step  cum=4407040000 B
step 56  updateFluff=0.172347 s  compute=0.1817 s  save=0.0 s
  comm[56] put=10 get=555 on=69 amo=0 | data=80128000 B/step  cum=4487168000 B
step 57  updateFluff=0.180601 s  compute=0.180427 s  save=1e-06 s
  comm[57] put=10 get=556 on=69 amo=0 | data=80128000 B/step  cum=4567296000 B
step 58  updateFluff=0.187452 s  compute=0.185012 s  save=0.0 s
  comm[58] put=10 get=555 on=69 amo=0 | data=80128000 B/step  cum=4647424000 B
step 59  updateFluff=0.173847 s  compute=0.185142 s  save=0.0 s
  comm[59] put=10 get=556 on=69 amo=0 | data=80128000 B/step  cum=4727552000 B
step 60  updateFluff=0.173517 s  compute=0.183353 s  save=0.0 s
  comm[60] put=10 get=555 on=69 amo=0 | data=80128000 B/step  cum=4807680000 B
step 61  updateFluff=0.149406 s  compute=0.181718 s  save=0.0 s
  comm[61] put=10 get=556 on=69 amo=0 | data=80128000 B/step  cum=4887808000 B
step 62  updateFluff=0.17514 s  compute=0.18197 s  save=0.0 s
  comm[62] put=10 get=555 on=69 amo=0 | data=80128000 B/step  cum=4967936000 B
step 63  updateFluff=0.191815 s  compute=0.182518 s  save=1e-06 s
  comm[63] put=10 get=556 on=69 amo=0 | data=80128000 B/step  cum=5048064000 B
step 64  updateFluff=0.16402 s  compute=0.182685 s  save=0.0 s
  comm[64] put=10 get=555 on=69 amo=0 | data=80128000 B/step  cum=5128192000 B
step 65  updateFluff=0.177779 s  compute=0.180818 s  save=0.0 s
  comm[65] put=10 get=556 on=69 amo=0 | data=80128000 B/step  cum=5208320000 B
step 66  updateFluff=0.18528 s  compute=0.184519 s  save=0.0 s
  comm[66] put=10 get=555 on=69 amo=0 | data=80128000 B/step  cum=5288448000 B
step 67  updateFluff=0.165747 s  compute=0.183319 s  save=1.2e-05 s
  comm[67] put=10 get=556 on=69 amo=0 | data=80128000 B/step  cum=5368576000 B
step 68  updateFluff=0.379469 s  compute=0.183411 s  save=1.3e-05 s
  comm[68] put=10 get=555 on=69 amo=0 | data=80128000 B/step  cum=5448704000 B
step 69  updateFluff=0.164075 s  compute=0.181658 s  save=0.0 s
  comm[69] put=10 get=556 on=69 amo=0 | data=80128000 B/step  cum=5528832000 B
step 70  updateFluff=0.291206 s  compute=0.18295 s  save=0.0 s
  comm[70] put=10 get=555 on=69 amo=0 | data=80128000 B/step  cum=5608960000 B
step 71  updateFluff=0.158679 s  compute=0.181423 s  save=0.0 s
  comm[71] put=10 get=556 on=69 amo=0 | data=80128000 B/step  cum=5689088000 B
step 72  updateFluff=0.159994 s  compute=0.178584 s  save=0.0 s
  comm[72] put=10 get=555 on=69 amo=0 | data=80128000 B/step  cum=5769216000 B
step 73  updateFluff=0.178658 s  compute=0.184012 s  save=1e-06 s
  comm[73] put=10 get=556 on=69 amo=0 | data=80128000 B/step  cum=5849344000 B
step 74  updateFluff=0.17395 s  compute=0.181938 s  save=0.0 s
  comm[74] put=10 get=555 on=69 amo=0 | data=80128000 B/step  cum=5929472000 B
step 75  updateFluff=0.17657 s  compute=0.184309 s  save=0.0 s
  comm[75] put=10 get=556 on=69 amo=0 | data=80128000 B/step  cum=6009600000 B
step 76  updateFluff=0.156451 s  compute=0.180879 s  save=0.0 s
  comm[76] put=10 get=555 on=69 amo=0 | data=80128000 B/step  cum=6089728000 B
step 77  updateFluff=0.207212 s  compute=0.182354 s  save=0.0 s
  comm[77] put=10 get=556 on=69 amo=0 | data=80128000 B/step  cum=6169856000 B
step 78  updateFluff=0.162799 s  compute=0.182904 s  save=1e-06 s
  comm[78] put=10 get=555 on=69 amo=0 | data=80128000 B/step  cum=6249984000 B
step 79  updateFluff=0.160839 s  compute=0.181913 s  save=0.0 s
  comm[79] put=10 get=556 on=69 amo=0 | data=80128000 B/step  cum=6330112000 B
step 80  updateFluff=0.149306 s  compute=0.180271 s  save=0.0 s
  comm[80] put=10 get=555 on=69 amo=0 | data=80128000 B/step  cum=6410240000 B
step 81  updateFluff=0.185212 s  compute=0.181368 s  save=0.0 s
  comm[81] put=10 get=556 on=69 amo=0 | data=80128000 B/step  cum=6490368000 B
step 82  updateFluff=0.144859 s  compute=0.181598 s  save=0.0 s
  comm[82] put=10 get=555 on=69 amo=0 | data=80128000 B/step  cum=6570496000 B
step 83  updateFluff=0.172382 s  compute=0.182799 s  save=0.0 s
  comm[83] put=10 get=556 on=69 amo=0 | data=80128000 B/step  cum=6650624000 B
step 84  updateFluff=0.167691 s  compute=0.182695 s  save=0.0 s
  comm[84] put=10 get=555 on=69 amo=0 | data=80128000 B/step  cum=6730752000 B
step 85  updateFluff=0.182765 s  compute=0.18104 s  save=0.0 s
  comm[85] put=10 get=556 on=69 amo=0 | data=80128000 B/step  cum=6810880000 B
step 86  updateFluff=0.177293 s  compute=0.185053 s  save=0.0 s
  comm[86] put=10 get=555 on=69 amo=0 | data=80128000 B/step  cum=6891008000 B
step 87  updateFluff=0.192757 s  compute=0.18232 s  save=0.0 s
  comm[87] put=10 get=556 on=69 amo=0 | data=80128000 B/step  cum=6971136000 B
step 88  updateFluff=0.175192 s  compute=0.18505 s  save=0.0 s
  comm[88] put=10 get=555 on=69 amo=0 | data=80128000 B/step  cum=7051264000 B
step 89  updateFluff=0.165583 s  compute=0.183052 s  save=1e-06 s
  comm[89] put=10 get=556 on=69 amo=0 | data=80128000 B/step  cum=7131392000 B
step 90  updateFluff=0.178273 s  compute=0.185262 s  save=0.0 s
  comm[90] put=10 get=555 on=69 amo=0 | data=80128000 B/step  cum=7211520000 B
step 91  updateFluff=0.163456 s  compute=0.184786 s  save=0.0 s
  comm[91] put=10 get=556 on=69 amo=0 | data=80128000 B/step  cum=7291648000 B
step 92  updateFluff=0.188456 s  compute=0.182928 s  save=0.0 s
  comm[92] put=10 get=555 on=69 amo=0 | data=80128000 B/step  cum=7371776000 B
step 93  updateFluff=0.165019 s  compute=0.182155 s  save=0.0 s
  comm[93] put=10 get=556 on=69 amo=0 | data=80128000 B/step  cum=7451904000 B
step 94  updateFluff=0.173001 s  compute=0.182141 s  save=0.0 s
  comm[94] put=10 get=555 on=69 amo=0 | data=80128000 B/step  cum=7532032000 B
step 95  updateFluff=0.200086 s  compute=0.18154 s  save=0.0 s
  comm[95] put=10 get=556 on=69 amo=0 | data=80128000 B/step  cum=7612160000 B
step 96  updateFluff=0.17394 s  compute=0.182475 s  save=0.0 s
  comm[96] put=10 get=555 on=69 amo=0 | data=80128000 B/step  cum=7692288000 B
step 97  updateFluff=0.173925 s  compute=0.181161 s  save=0.0 s
  comm[97] put=10 get=556 on=69 amo=0 | data=80128000 B/step  cum=7772416000 B
step 98  updateFluff=0.193168 s  compute=0.182612 s  save=0.0 s
  comm[98] put=10 get=555 on=69 amo=0 | data=80128000 B/step  cum=7852544000 B
step 99  updateFluff=0.163159 s  compute=0.181403 s  save=0.0 s
  comm[99] put=10 get=556 on=69 amo=0 | data=80128000 B/step  cum=7932672000 B
step 100  updateFluff=0.171016 s  compute=0.184004 s  save=0.0 s
  comm[100] put=10 get=555 on=69 amo=0 | data=80128000 B/step  cum=8012800000 B
[mem] after run locale 0: 1962.51 MB
[mem] after run locale 1: 1962.45 MB
[mem] after run locale 2: 1962.45 MB
[mem] after run locale 3: 1962.45 MB
[mem] after run locale 4: 1962.45 MB
[mem] after run locale 5: 1962.45 MB
[mem] after run locale 6: 1962.45 MB
[mem] after run locale 7: 1962.45 MB
[mem] after run locale 8: 1962.45 MB
[mem] after run locale 9: 1962.45 MB
final field: min=1.0 max=2.0 sum=1.00518e+09
Execution time:    36.794 s
