warning: QTHREADS: Reduced numThreadsPerLocale=20 to 16 to prevent oversubscription of the system.
warning: QTHREADS: Reduced numThreadsPerLocale=20 to 16 to prevent oversubscription of the system.
warning: QTHREADS: Reduced numThreadsPerLocale=20 to 16 to prevent oversubscription of the system.
warning: QTHREADS: Reduced numThreadsPerLocale=20 to 16 to prevent oversubscription of the system.
warning: QTHREADS: Reduced numThreadsPerLocale=20 to 16 to prevent oversubscription of the system.
warning: QTHREADS: Reduced numThreadsPerLocale=20 to 16 to prevent oversubscription of the system.
warning: QTHREADS: Reduced numThreadsPerLocale=20 to 16 to prevent oversubscription of the system.
warning: QTHREADS: Reduced numThreadsPerLocale=20 to 16 to prevent oversubscription of the system.
warning: QTHREADS: Reduced numThreadsPerLocale=20 to 16 to prevent oversubscription of the system.
warning: QTHREADS: Reduced numThreadsPerLocale=20 to 16 to prevent oversubscription of the system.
[cfg] threadsPerLocale(requested)=20 numLocales=10
Initialization time: 0.418011 s
[mem] after init (u+un allocated) locale 0: 1962.51 MB
[mem] after init (u+un allocated) locale 1: 1962.45 MB
[mem] after init (u+un allocated) locale 2: 1962.45 MB
[mem] after init (u+un allocated) locale 3: 1962.45 MB
[mem] after init (u+un allocated) locale 4: 1962.45 MB
[mem] after init (u+un allocated) locale 5: 1962.45 MB
[mem] after init (u+un allocated) locale 6: 1962.45 MB
[mem] after init (u+un allocated) locale 7: 1962.45 MB
[mem] after init (u+un allocated) locale 8: 1962.45 MB
[mem] after init (u+un allocated) locale 9: 1962.45 MB
[cfg] locale 0 maxTaskPar=16
[cfg] locale 1 maxTaskPar=16
[cfg] locale 2 maxTaskPar=16
[cfg] locale 3 maxTaskPar=16
[cfg] locale 4 maxTaskPar=16
[cfg] locale 5 maxTaskPar=16
[cfg] locale 6 maxTaskPar=16
[cfg] locale 7 maxTaskPar=16
[cfg] locale 8 maxTaskPar=16
[cfg] locale 9 maxTaskPar=16
[comm] 80128000 B/step across 10 locale(s)
step 1  updateFluff=0.186139 s  compute=0.180949 s  save=0.0 s
  comm[1] put=0 get=556 on=60 amo=0 | data=80128000 B/step  cum=80128000 B
step 2  updateFluff=0.156793 s  compute=0.182033 s  save=0.0 s
  comm[2] put=10 get=555 on=69 amo=0 | data=80128000 B/step  cum=160256000 B
step 3  updateFluff=0.196139 s  compute=0.184126 s  save=0.0 s
  comm[3] put=10 get=556 on=69 amo=0 | data=80128000 B/step  cum=240384000 B
step 4  updateFluff=0.193775 s  compute=0.180446 s  save=1.3e-05 s
  comm[4] put=10 get=555 on=69 amo=0 | data=80128000 B/step  cum=320512000 B
step 5  updateFluff=0.163832 s  compute=0.181456 s  save=0.0 s
  comm[5] put=10 get=556 on=69 amo=0 | data=80128000 B/step  cum=400640000 B
step 6  updateFluff=0.172159 s  compute=0.182068 s  save=0.0 s
  comm[6] put=10 get=555 on=69 amo=0 | data=80128000 B/step  cum=480768000 B
step 7  updateFluff=0.167868 s  compute=0.183859 s  save=0.0 s
  comm[7] put=10 get=556 on=69 amo=0 | data=80128000 B/step  cum=560896000 B
step 8  updateFluff=0.17096 s  compute=0.181382 s  save=1e-06 s
  comm[8] put=10 get=555 on=69 amo=0 | data=80128000 B/step  cum=641024000 B
step 9  updateFluff=0.379718 s  compute=0.180981 s  save=0.0 s
  comm[9] put=10 get=556 on=69 amo=0 | data=80128000 B/step  cum=721152000 B
step 10  updateFluff=0.178223 s  compute=0.181014 s  save=1e-06 s
  comm[10] put=10 get=555 on=69 amo=0 | data=80128000 B/step  cum=801280000 B
step 11  updateFluff=0.154195 s  compute=0.180915 s  save=1e-06 s
  comm[11] put=10 get=556 on=69 amo=0 | data=80128000 B/step  cum=881408000 B
step 12  updateFluff=0.167185 s  compute=0.185326 s  save=0.0 s
  comm[12] put=10 get=555 on=69 amo=0 | data=80128000 B/step  cum=961536000 B
step 13  updateFluff=0.158595 s  compute=0.183383 s  save=0.0 s
  comm[13] put=10 get=556 on=69 amo=0 | data=80128000 B/step  cum=1041664000 B
step 14  updateFluff=0.165832 s  compute=0.183316 s  save=0.0 s
  comm[14] put=10 get=555 on=69 amo=0 | data=80128000 B/step  cum=1121792000 B
step 15  updateFluff=0.161697 s  compute=0.181954 s  save=0.0 s
  comm[15] put=10 get=556 on=69 amo=0 | data=80128000 B/step  cum=1201920000 B
step 16  updateFluff=0.181456 s  compute=0.182175 s  save=0.0 s
  comm[16] put=10 get=555 on=69 amo=0 | data=80128000 B/step  cum=1282048000 B
step 17  updateFluff=0.393087 s  compute=0.181801 s  save=0.0 s
  comm[17] put=10 get=556 on=69 amo=0 | data=80128000 B/step  cum=1362176000 B
step 18  updateFluff=0.179679 s  compute=0.181858 s  save=0.0 s
  comm[18] put=10 get=555 on=69 amo=0 | data=80128000 B/step  cum=1442304000 B
step 19  updateFluff=0.162045 s  compute=0.182363 s  save=0.0 s
  comm[19] put=10 get=556 on=69 amo=0 | data=80128000 B/step  cum=1522432000 B
step 20  updateFluff=0.160382 s  compute=0.182498 s  save=1e-06 s
  comm[20] put=10 get=555 on=69 amo=0 | data=80128000 B/step  cum=1602560000 B
step 21  updateFluff=0.16597 s  compute=0.182646 s  save=1e-06 s
  comm[21] put=10 get=556 on=69 amo=0 | data=80128000 B/step  cum=1682688000 B
step 22  updateFluff=0.178762 s  compute=0.181252 s  save=0.0 s
  comm[22] put=10 get=555 on=69 amo=0 | data=80128000 B/step  cum=1762816000 B
step 23  updateFluff=0.172981 s  compute=0.181106 s  save=0.0 s
  comm[23] put=10 get=556 on=69 amo=0 | data=80128000 B/step  cum=1842944000 B
step 24  updateFluff=0.181561 s  compute=0.184642 s  save=0.0 s
  comm[24] put=10 get=555 on=69 amo=0 | data=80128000 B/step  cum=1923072000 B
step 25  updateFluff=0.165889 s  compute=0.183073 s  save=0.0 s
  comm[25] put=10 get=556 on=69 amo=0 | data=80128000 B/step  cum=2003200000 B
step 26  updateFluff=0.321415 s  compute=0.181258 s  save=0.0 s
  comm[26] put=10 get=555 on=69 amo=0 | data=80128000 B/step  cum=2083328000 B
step 27  updateFluff=0.180599 s  compute=0.18181 s  save=0.0 s
  comm[27] put=10 get=556 on=69 amo=0 | data=80128000 B/step  cum=2163456000 B
step 28  updateFluff=0.197877 s  compute=0.184491 s  save=0.0 s
  comm[28] put=10 get=555 on=69 amo=0 | data=80128000 B/step  cum=2243584000 B
step 29  updateFluff=0.147431 s  compute=0.182375 s  save=0.0 s
  comm[29] put=10 get=556 on=69 amo=0 | data=80128000 B/step  cum=2323712000 B
step 30  updateFluff=0.177205 s  compute=0.181208 s  save=0.0 s
  comm[30] put=10 get=555 on=69 amo=0 | data=80128000 B/step  cum=2403840000 B
step 31  updateFluff=0.16385 s  compute=0.182568 s  save=1e-06 s
  comm[31] put=10 get=556 on=69 amo=0 | data=80128000 B/step  cum=2483968000 B
step 32  updateFluff=0.153757 s  compute=0.180977 s  save=0.0 s
  comm[32] put=10 get=555 on=69 amo=0 | data=80128000 B/step  cum=2564096000 B
step 33  updateFluff=0.181863 s  compute=0.183484 s  save=0.0 s
  comm[33] put=10 get=556 on=69 amo=0 | data=80128000 B/step  cum=2644224000 B
step 34  updateFluff=0.175114 s  compute=0.183053 s  save=0.0 s
  comm[34] put=10 get=555 on=69 amo=0 | data=80128000 B/step  cum=2724352000 B
step 35  updateFluff=0.158454 s  compute=0.183071 s  save=0.0 s
  comm[35] put=10 get=556 on=69 amo=0 | data=80128000 B/step  cum=2804480000 B
step 36  updateFluff=0.168756 s  compute=0.182944 s  save=1e-06 s
  comm[36] put=10 get=555 on=69 amo=0 | data=80128000 B/step  cum=2884608000 B
step 37  updateFluff=0.159688 s  compute=0.18212 s  save=0.0 s
  comm[37] put=10 get=556 on=69 amo=0 | data=80128000 B/step  cum=2964736000 B
step 38  updateFluff=0.167792 s  compute=0.181528 s  save=0.0 s
  comm[38] put=10 get=555 on=69 amo=0 | data=80128000 B/step  cum=3044864000 B
step 39  updateFluff=0.166158 s  compute=0.181051 s  save=0.0 s
  comm[39] put=10 get=556 on=69 amo=0 | data=80128000 B/step  cum=3124992000 B
step 40  updateFluff=0.162918 s  compute=0.181093 s  save=0.0 s
  comm[40] put=10 get=555 on=69 amo=0 | data=80128000 B/step  cum=3205120000 B
step 41  updateFluff=0.153539 s  compute=0.183713 s  save=0.0 s
  comm[41] put=10 get=556 on=69 amo=0 | data=80128000 B/step  cum=3285248000 B
step 42  updateFluff=0.182651 s  compute=0.182204 s  save=0.0 s
  comm[42] put=10 get=555 on=69 amo=0 | data=80128000 B/step  cum=3365376000 B
step 43  updateFluff=0.174183 s  compute=0.181922 s  save=0.0 s
  comm[43] put=10 get=556 on=69 amo=0 | data=80128000 B/step  cum=3445504000 B
step 44  updateFluff=0.181272 s  compute=0.184233 s  save=0.0 s
  comm[44] put=10 get=555 on=69 amo=0 | data=80128000 B/step  cum=3525632000 B
step 45  updateFluff=0.174557 s  compute=0.183607 s  save=0.0 s
  comm[45] put=10 get=556 on=69 amo=0 | data=80128000 B/step  cum=3605760000 B
step 46  updateFluff=0.175819 s  compute=0.183355 s  save=0.0 s
  comm[46] put=10 get=555 on=69 amo=0 | data=80128000 B/step  cum=3685888000 B
step 47  updateFluff=0.178048 s  compute=0.181796 s  save=0.0 s
  comm[47] put=10 get=556 on=69 amo=0 | data=80128000 B/step  cum=3766016000 B
step 48  updateFluff=0.173346 s  compute=0.181378 s  save=0.0 s
  comm[48] put=10 get=555 on=69 amo=0 | data=80128000 B/step  cum=3846144000 B
step 49  updateFluff=0.165629 s  compute=0.182281 s  save=0.0 s
  comm[49] put=10 get=556 on=69 amo=0 | data=80128000 B/step  cum=3926272000 B
step 50  updateFluff=0.173562 s  compute=0.181975 s  save=0.0 s
  comm[50] put=10 get=555 on=69 amo=0 | data=80128000 B/step  cum=4006400000 B
step 51  updateFluff=0.158524 s  compute=0.179794 s  save=1.2e-05 s
  comm[51] put=10 get=556 on=69 amo=0 | data=80128000 B/step  cum=4086528000 B
step 52  updateFluff=0.182767 s  compute=0.182903 s  save=1.3e-05 s
  comm[52] put=10 get=555 on=69 amo=0 | data=80128000 B/step  cum=4166656000 B
step 53  updateFluff=0.18262 s  compute=0.184437 s  save=0.0 s
  comm[53] put=10 get=556 on=69 amo=0 | data=80128000 B/step  cum=4246784000 B
step 54  updateFluff=0.168296 s  compute=0.182666 s  save=0.0 s
  comm[54] put=10 get=555 on=69 amo=0 | data=80128000 B/step  cum=4326912000 B
step 55  updateFluff=0.160916 s  compute=0.183104 s  save=0.0 s
  comm[55] put=10 get=556 on=69 amo=0 | data=80128000 B/step  cum=4407040000 B
step 56  updateFluff=0.165283 s  compute=0.182621 s  save=0.0 s
  comm[56] put=10 get=555 on=69 amo=0 | data=80128000 B/step  cum=4487168000 B
step 57  updateFluff=0.171571 s  compute=0.180634 s  save=0.0 s
  comm[57] put=10 get=556 on=69 amo=0 | data=80128000 B/step  cum=4567296000 B
step 58  updateFluff=0.17329 s  compute=0.182196 s  save=1e-06 s
  comm[58] put=10 get=555 on=69 amo=0 | data=80128000 B/step  cum=4647424000 B
step 59  updateFluff=0.20208 s  compute=0.182444 s  save=1e-06 s
  comm[59] put=10 get=556 on=69 amo=0 | data=80128000 B/step  cum=4727552000 B
step 60  updateFluff=0.164971 s  compute=0.18188 s  save=0.0 s
  comm[60] put=10 get=555 on=69 amo=0 | data=80128000 B/step  cum=4807680000 B
step 61  updateFluff=0.389202 s  compute=0.183299 s  save=0.0 s
  comm[61] put=10 get=556 on=69 amo=0 | data=80128000 B/step  cum=4887808000 B
step 62  updateFluff=0.165812 s  compute=0.181673 s  save=0.0 s
  comm[62] put=10 get=555 on=69 amo=0 | data=80128000 B/step  cum=4967936000 B
step 63  updateFluff=0.156669 s  compute=0.182201 s  save=0.0 s
  comm[63] put=10 get=556 on=69 amo=0 | data=80128000 B/step  cum=5048064000 B
step 64  updateFluff=0.173073 s  compute=0.181624 s  save=0.0 s
  comm[64] put=10 get=555 on=69 amo=0 | data=80128000 B/step  cum=5128192000 B
step 65  updateFluff=0.186277 s  compute=0.181838 s  save=0.0 s
  comm[65] put=10 get=556 on=69 amo=0 | data=80128000 B/step  cum=5208320000 B
step 66  updateFluff=0.182146 s  compute=0.181602 s  save=0.0 s
  comm[66] put=10 get=555 on=69 amo=0 | data=80128000 B/step  cum=5288448000 B
step 67  updateFluff=0.203321 s  compute=0.183386 s  save=0.0 s
  comm[67] put=10 get=556 on=69 amo=0 | data=80128000 B/step  cum=5368576000 B
step 68  updateFluff=0.187352 s  compute=0.181512 s  save=0.0 s
  comm[68] put=10 get=555 on=69 amo=0 | data=80128000 B/step  cum=5448704000 B
step 69  updateFluff=0.170009 s  compute=0.18305 s  save=0.0 s
  comm[69] put=10 get=556 on=69 amo=0 | data=80128000 B/step  cum=5528832000 B
step 70  updateFluff=0.178617 s  compute=0.181864 s  save=0.0 s
  comm[70] put=10 get=555 on=69 amo=0 | data=80128000 B/step  cum=5608960000 B
step 71  updateFluff=0.168804 s  compute=0.182212 s  save=0.0 s
  comm[71] put=10 get=556 on=69 amo=0 | data=80128000 B/step  cum=5689088000 B
step 72  updateFluff=0.165085 s  compute=0.185251 s  save=0.0 s
  comm[72] put=10 get=555 on=69 amo=0 | data=80128000 B/step  cum=5769216000 B
step 73  updateFluff=0.161913 s  compute=0.182988 s  save=0.0 s
  comm[73] put=10 get=556 on=69 amo=0 | data=80128000 B/step  cum=5849344000 B
step 74  updateFluff=0.172131 s  compute=0.182516 s  save=0.0 s
  comm[74] put=10 get=555 on=69 amo=0 | data=80128000 B/step  cum=5929472000 B
step 75  updateFluff=0.15729 s  compute=0.181859 s  save=0.0 s
  comm[75] put=10 get=556 on=69 amo=0 | data=80128000 B/step  cum=6009600000 B
step 76  updateFluff=0.166107 s  compute=0.182637 s  save=0.0 s
  comm[76] put=10 get=555 on=69 amo=0 | data=80128000 B/step  cum=6089728000 B
step 77  updateFluff=0.177753 s  compute=0.184032 s  save=0.0 s
  comm[77] put=10 get=556 on=69 amo=0 | data=80128000 B/step  cum=6169856000 B
step 78  updateFluff=0.153859 s  compute=0.180481 s  save=0.0 s
  comm[78] put=10 get=555 on=69 amo=0 | data=80128000 B/step  cum=6249984000 B
step 79  updateFluff=0.182386 s  compute=0.184184 s  save=1.3e-05 s
  comm[79] put=10 get=556 on=69 amo=0 | data=80128000 B/step  cum=6330112000 B
step 80  updateFluff=0.173047 s  compute=0.182339 s  save=0.0 s
  comm[80] put=10 get=555 on=69 amo=0 | data=80128000 B/step  cum=6410240000 B
step 81  updateFluff=0.326818 s  compute=0.180615 s  save=0.0 s
  comm[81] put=10 get=556 on=69 amo=0 | data=80128000 B/step  cum=6490368000 B
step 82  updateFluff=0.187643 s  compute=0.183179 s  save=0.0 s
  comm[82] put=10 get=555 on=69 amo=0 | data=80128000 B/step  cum=6570496000 B
step 83  updateFluff=0.159045 s  compute=0.182691 s  save=0.0 s
  comm[83] put=10 get=556 on=69 amo=0 | data=80128000 B/step  cum=6650624000 B
step 84  updateFluff=0.151873 s  compute=0.182213 s  save=0.0 s
  comm[84] put=10 get=555 on=69 amo=0 | data=80128000 B/step  cum=6730752000 B
step 85  updateFluff=0.155755 s  compute=0.181762 s  save=0.0 s
  comm[85] put=10 get=556 on=69 amo=0 | data=80128000 B/step  cum=6810880000 B
step 86  updateFluff=0.171492 s  compute=0.181607 s  save=0.0 s
  comm[86] put=10 get=555 on=69 amo=0 | data=80128000 B/step  cum=6891008000 B
step 87  updateFluff=0.178392 s  compute=0.184929 s  save=1e-06 s
  comm[87] put=10 get=556 on=69 amo=0 | data=80128000 B/step  cum=6971136000 B
step 88  updateFluff=0.166745 s  compute=0.182153 s  save=0.0 s
  comm[88] put=10 get=555 on=69 amo=0 | data=80128000 B/step  cum=7051264000 B
step 89  updateFluff=0.169664 s  compute=0.180525 s  save=0.0 s
  comm[89] put=10 get=556 on=69 amo=0 | data=80128000 B/step  cum=7131392000 B
step 90  updateFluff=0.157345 s  compute=0.181114 s  save=0.0 s
  comm[90] put=10 get=555 on=69 amo=0 | data=80128000 B/step  cum=7211520000 B
step 91  updateFluff=0.177509 s  compute=0.181067 s  save=0.0 s
  comm[91] put=10 get=556 on=69 amo=0 | data=80128000 B/step  cum=7291648000 B
step 92  updateFluff=0.160086 s  compute=0.182167 s  save=0.0 s
  comm[92] put=10 get=555 on=69 amo=0 | data=80128000 B/step  cum=7371776000 B
step 93  updateFluff=0.178712 s  compute=0.182364 s  save=0.0 s
  comm[93] put=10 get=556 on=69 amo=0 | data=80128000 B/step  cum=7451904000 B
step 94  updateFluff=0.17037 s  compute=0.182134 s  save=0.0 s
  comm[94] put=10 get=555 on=69 amo=0 | data=80128000 B/step  cum=7532032000 B
step 95  updateFluff=0.166448 s  compute=0.182649 s  save=1e-06 s
  comm[95] put=10 get=556 on=69 amo=0 | data=80128000 B/step  cum=7612160000 B
step 96  updateFluff=0.352015 s  compute=0.183122 s  save=0.0 s
  comm[96] put=10 get=555 on=69 amo=0 | data=80128000 B/step  cum=7692288000 B
step 97  updateFluff=0.183281 s  compute=0.182685 s  save=0.0 s
  comm[97] put=10 get=556 on=69 amo=0 | data=80128000 B/step  cum=7772416000 B
step 98  updateFluff=0.166762 s  compute=0.182848 s  save=0.0 s
  comm[98] put=10 get=555 on=69 amo=0 | data=80128000 B/step  cum=7852544000 B
step 99  updateFluff=0.164565 s  compute=0.180115 s  save=0.0 s
  comm[99] put=10 get=556 on=69 amo=0 | data=80128000 B/step  cum=7932672000 B
step 100  updateFluff=0.17953 s  compute=0.180789 s  save=0.0 s
  comm[100] put=10 get=555 on=69 amo=0 | data=80128000 B/step  cum=8012800000 B
[mem] after run locale 0: 1962.51 MB
[mem] after run locale 1: 1962.45 MB
[mem] after run locale 2: 1962.45 MB
[mem] after run locale 3: 1962.45 MB
[mem] after run locale 4: 1962.45 MB
[mem] after run locale 5: 1962.45 MB
[mem] after run locale 6: 1962.45 MB
[mem] after run locale 7: 1962.45 MB
[mem] after run locale 8: 1962.45 MB
[mem] after run locale 9: 1962.45 MB
final field: min=1.0 max=2.0 sum=1.00518e+09
Execution time:    37.0289 s
