warning: QTHREADS: Reduced numThreadsPerLocale=20 to 16 to prevent oversubscription of the system.
warning: QTHREADS: Reduced numThreadsPerLocale=20 to 16 to prevent oversubscription of the system.
warning: QTHREADS: Reduced numThreadsPerLocale=20 to 16 to prevent oversubscription of the system.
warning: QTHREADS: Reduced numThreadsPerLocale=20 to 16 to prevent oversubscription of the system.
warning: QTHREADS: Reduced numThreadsPerLocale=20 to 16 to prevent oversubscription of the system.
warning: QTHREADS: Reduced numThreadsPerLocale=20 to 16 to prevent oversubscription of the system.
warning: QTHREADS: Reduced numThreadsPerLocale=20 to 16 to prevent oversubscription of the system.
[cfg] threadsPerLocale(requested)=20 numLocales=7
Initialization time: 0.482592 s
[mem] after init (u+un allocated) locale 0: 3045.48 MB
[mem] after init (u+un allocated) locale 1: 3045.42 MB
[mem] after init (u+un allocated) locale 2: 3045.42 MB
[mem] after init (u+un allocated) locale 3: 3045.42 MB
[mem] after init (u+un allocated) locale 4: 3045.42 MB
[mem] after init (u+un allocated) locale 5: 3045.42 MB
[mem] after init (u+un allocated) locale 6: 3030.1 MB
[cfg] locale 0 maxTaskPar=16
[cfg] locale 1 maxTaskPar=16
[cfg] locale 2 maxTaskPar=16
[cfg] locale 3 maxTaskPar=16
[cfg] locale 4 maxTaskPar=16
[cfg] locale 5 maxTaskPar=16
[cfg] locale 6 maxTaskPar=16
[comm] 96000000 B/step across 7 locale(s)
step 1  updateFluff=0.251589 s  compute=0.133653 s  save=0.0 s
  comm[1] put=0 get=162 on=24 amo=0 | data=96000000 B/step  cum=96000000 B
step 2  updateFluff=0.224624 s  compute=0.135211 s  save=1e-06 s
  comm[2] put=7 get=162 on=30 amo=0 | data=96000000 B/step  cum=192000000 B
step 3  updateFluff=0.277097 s  compute=0.134564 s  save=0.0 s
  comm[3] put=7 get=162 on=30 amo=0 | data=96000000 B/step  cum=288000000 B
step 4  updateFluff=0.226847 s  compute=0.134149 s  save=0.0 s
  comm[4] put=7 get=162 on=30 amo=0 | data=96000000 B/step  cum=384000000 B
step 5  updateFluff=0.22967 s  compute=0.134918 s  save=0.0 s
  comm[5] put=7 get=162 on=30 amo=0 | data=96000000 B/step  cum=480000000 B
step 6  updateFluff=0.287611 s  compute=0.13479 s  save=0.0 s
  comm[6] put=7 get=162 on=30 amo=0 | data=96000000 B/step  cum=576000000 B
step 7  updateFluff=0.225216 s  compute=0.13449 s  save=0.0 s
  comm[7] put=7 get=162 on=30 amo=0 | data=96000000 B/step  cum=672000000 B
step 8  updateFluff=0.23126 s  compute=0.134212 s  save=0.0 s
  comm[8] put=7 get=162 on=30 amo=0 | data=96000000 B/step  cum=768000000 B
step 9  updateFluff=0.22733 s  compute=0.133673 s  save=0.0 s
  comm[9] put=7 get=162 on=30 amo=0 | data=96000000 B/step  cum=864000000 B
step 10  updateFluff=0.229436 s  compute=0.134353 s  save=0.0 s
  comm[10] put=7 get=162 on=30 amo=0 | data=96000000 B/step  cum=960000000 B
step 11  updateFluff=0.220076 s  compute=0.133696 s  save=0.0 s
  comm[11] put=7 get=162 on=30 amo=0 | data=96000000 B/step  cum=1056000000 B
step 12  updateFluff=0.244707 s  compute=0.134391 s  save=1e-06 s
  comm[12] put=7 get=162 on=30 amo=0 | data=96000000 B/step  cum=1152000000 B
step 13  updateFluff=0.22417 s  compute=0.134122 s  save=1e-06 s
  comm[13] put=7 get=162 on=30 amo=0 | data=96000000 B/step  cum=1248000000 B
step 14  updateFluff=0.283958 s  compute=0.134235 s  save=0.0 s
  comm[14] put=7 get=162 on=30 amo=0 | data=96000000 B/step  cum=1344000000 B
step 15  updateFluff=0.286237 s  compute=0.135079 s  save=0.0 s
  comm[15] put=7 get=162 on=30 amo=0 | data=96000000 B/step  cum=1440000000 B
step 16  updateFluff=0.230831 s  compute=0.134423 s  save=0.0 s
  comm[16] put=7 get=162 on=30 amo=0 | data=96000000 B/step  cum=1536000000 B
step 17  updateFluff=0.222207 s  compute=0.134244 s  save=0.0 s
  comm[17] put=7 get=162 on=30 amo=0 | data=96000000 B/step  cum=1632000000 B
step 18  updateFluff=0.221472 s  compute=0.134126 s  save=0.0 s
  comm[18] put=7 get=162 on=30 amo=0 | data=96000000 B/step  cum=1728000000 B
step 19  updateFluff=0.285761 s  compute=0.134155 s  save=0.0 s
  comm[19] put=7 get=162 on=30 amo=0 | data=96000000 B/step  cum=1824000000 B
step 20  updateFluff=0.224795 s  compute=0.134553 s  save=0.0 s
  comm[20] put=7 get=162 on=30 amo=0 | data=96000000 B/step  cum=1920000000 B
step 21  updateFluff=0.219073 s  compute=0.134557 s  save=1e-06 s
  comm[21] put=7 get=162 on=30 amo=0 | data=96000000 B/step  cum=2016000000 B
step 22  updateFluff=0.221874 s  compute=0.134625 s  save=1e-06 s
  comm[22] put=7 get=162 on=30 amo=0 | data=96000000 B/step  cum=2112000000 B
step 23  updateFluff=0.232484 s  compute=0.13472 s  save=0.0 s
  comm[23] put=7 get=162 on=30 amo=0 | data=96000000 B/step  cum=2208000000 B
step 24  updateFluff=0.219199 s  compute=0.134119 s  save=0.0 s
  comm[24] put=7 get=162 on=30 amo=0 | data=96000000 B/step  cum=2304000000 B
step 25  updateFluff=0.218104 s  compute=0.134351 s  save=1e-06 s
  comm[25] put=7 get=162 on=30 amo=0 | data=96000000 B/step  cum=2400000000 B
step 26  updateFluff=0.238601 s  compute=0.13526 s  save=1e-06 s
  comm[26] put=7 get=162 on=30 amo=0 | data=96000000 B/step  cum=2496000000 B
step 27  updateFluff=0.229756 s  compute=0.134151 s  save=1e-06 s
  comm[27] put=7 get=162 on=30 amo=0 | data=96000000 B/step  cum=2592000000 B
step 28  updateFluff=0.225519 s  compute=0.135266 s  save=0.0 s
  comm[28] put=7 get=162 on=30 amo=0 | data=96000000 B/step  cum=2688000000 B
step 29  updateFluff=0.277609 s  compute=0.134178 s  save=1e-06 s
  comm[29] put=7 get=162 on=30 amo=0 | data=96000000 B/step  cum=2784000000 B
step 30  updateFluff=0.228693 s  compute=0.13449 s  save=0.0 s
  comm[30] put=7 get=162 on=30 amo=0 | data=96000000 B/step  cum=2880000000 B
step 31  updateFluff=0.220919 s  compute=0.134412 s  save=0.0 s
  comm[31] put=7 get=162 on=30 amo=0 | data=96000000 B/step  cum=2976000000 B
step 32  updateFluff=0.220355 s  compute=0.135329 s  save=0.0 s
  comm[32] put=7 get=162 on=30 amo=0 | data=96000000 B/step  cum=3072000000 B
step 33  updateFluff=0.228466 s  compute=0.134197 s  save=0.0 s
  comm[33] put=7 get=162 on=30 amo=0 | data=96000000 B/step  cum=3168000000 B
step 34  updateFluff=0.278798 s  compute=0.13465 s  save=0.0 s
  comm[34] put=7 get=162 on=30 amo=0 | data=96000000 B/step  cum=3264000000 B
step 35  updateFluff=0.220409 s  compute=0.133762 s  save=0.0 s
  comm[35] put=7 get=162 on=30 amo=0 | data=96000000 B/step  cum=3360000000 B
step 36  updateFluff=0.234918 s  compute=0.135112 s  save=0.0 s
  comm[36] put=7 get=162 on=30 amo=0 | data=96000000 B/step  cum=3456000000 B
step 37  updateFluff=0.233329 s  compute=0.135042 s  save=1e-06 s
  comm[37] put=7 get=162 on=30 amo=0 | data=96000000 B/step  cum=3552000000 B
step 38  updateFluff=0.224699 s  compute=0.134262 s  save=1e-06 s
  comm[38] put=7 get=162 on=30 amo=0 | data=96000000 B/step  cum=3648000000 B
step 39  updateFluff=0.229772 s  compute=0.134286 s  save=0.0 s
  comm[39] put=7 get=162 on=30 amo=0 | data=96000000 B/step  cum=3744000000 B
step 40  updateFluff=0.220386 s  compute=0.135541 s  save=1e-06 s
  comm[40] put=7 get=162 on=30 amo=0 | data=96000000 B/step  cum=3840000000 B
step 41  updateFluff=0.247677 s  compute=0.133953 s  save=0.0 s
  comm[41] put=7 get=162 on=30 amo=0 | data=96000000 B/step  cum=3936000000 B
step 42  updateFluff=0.225798 s  compute=0.135914 s  save=0.0 s
  comm[42] put=7 get=162 on=30 amo=0 | data=96000000 B/step  cum=4032000000 B
step 43  updateFluff=0.223134 s  compute=0.134887 s  save=0.0 s
  comm[43] put=7 get=162 on=30 amo=0 | data=96000000 B/step  cum=4128000000 B
step 44  updateFluff=0.228148 s  compute=0.134807 s  save=0.0 s
  comm[44] put=7 get=162 on=30 amo=0 | data=96000000 B/step  cum=4224000000 B
step 45  updateFluff=0.219556 s  compute=0.134309 s  save=0.0 s
  comm[45] put=7 get=162 on=30 amo=0 | data=96000000 B/step  cum=4320000000 B
step 46  updateFluff=0.222448 s  compute=0.135022 s  save=0.0 s
  comm[46] put=7 get=162 on=30 amo=0 | data=96000000 B/step  cum=4416000000 B
step 47  updateFluff=0.232467 s  compute=0.133741 s  save=0.0 s
  comm[47] put=7 get=162 on=30 amo=0 | data=96000000 B/step  cum=4512000000 B
step 48  updateFluff=0.22329 s  compute=0.134066 s  save=0.0 s
  comm[48] put=7 get=162 on=30 amo=0 | data=96000000 B/step  cum=4608000000 B
step 49  updateFluff=0.230987 s  compute=0.133847 s  save=0.0 s
  comm[49] put=7 get=162 on=30 amo=0 | data=96000000 B/step  cum=4704000000 B
step 50  updateFluff=0.229739 s  compute=0.134389 s  save=0.0 s
  comm[50] put=7 get=162 on=30 amo=0 | data=96000000 B/step  cum=4800000000 B
step 51  updateFluff=0.294249 s  compute=0.134333 s  save=0.0 s
  comm[51] put=7 get=162 on=30 amo=0 | data=96000000 B/step  cum=4896000000 B
step 52  updateFluff=0.221104 s  compute=0.134291 s  save=1e-06 s
  comm[52] put=7 get=162 on=30 amo=0 | data=96000000 B/step  cum=4992000000 B
step 53  updateFluff=0.233715 s  compute=0.134173 s  save=1e-06 s
  comm[53] put=7 get=162 on=30 amo=0 | data=96000000 B/step  cum=5088000000 B
step 54  updateFluff=0.225957 s  compute=0.134139 s  save=0.0 s
  comm[54] put=7 get=162 on=30 amo=0 | data=96000000 B/step  cum=5184000000 B
step 55  updateFluff=0.221256 s  compute=0.133686 s  save=0.0 s
  comm[55] put=7 get=162 on=30 amo=0 | data=96000000 B/step  cum=5280000000 B
step 56  updateFluff=0.221106 s  compute=0.134597 s  save=0.0 s
  comm[56] put=7 get=162 on=30 amo=0 | data=96000000 B/step  cum=5376000000 B
step 57  updateFluff=0.225821 s  compute=0.134058 s  save=1e-06 s
  comm[57] put=7 get=162 on=30 amo=0 | data=96000000 B/step  cum=5472000000 B
step 58  updateFluff=0.232063 s  compute=0.134241 s  save=0.0 s
  comm[58] put=7 get=162 on=30 amo=0 | data=96000000 B/step  cum=5568000000 B
step 59  updateFluff=0.226848 s  compute=0.133832 s  save=0.0 s
  comm[59] put=7 get=162 on=30 amo=0 | data=96000000 B/step  cum=5664000000 B
step 60  updateFluff=0.230214 s  compute=0.13452 s  save=0.0 s
  comm[60] put=7 get=162 on=30 amo=0 | data=96000000 B/step  cum=5760000000 B
step 61  updateFluff=0.224009 s  compute=0.134204 s  save=1e-06 s
  comm[61] put=7 get=162 on=30 amo=0 | data=96000000 B/step  cum=5856000000 B
step 62  updateFluff=0.226648 s  compute=0.134699 s  save=0.0 s
  comm[62] put=7 get=162 on=30 amo=0 | data=96000000 B/step  cum=5952000000 B
step 63  updateFluff=0.224017 s  compute=0.134414 s  save=0.0 s
  comm[63] put=7 get=162 on=30 amo=0 | data=96000000 B/step  cum=6048000000 B
step 64  updateFluff=0.233179 s  compute=0.134837 s  save=1e-06 s
  comm[64] put=7 get=162 on=30 amo=0 | data=96000000 B/step  cum=6144000000 B
step 65  updateFluff=0.22453 s  compute=0.133747 s  save=0.0 s
  comm[65] put=7 get=162 on=30 amo=0 | data=96000000 B/step  cum=6240000000 B
step 66  updateFluff=0.219697 s  compute=0.134816 s  save=0.0 s
  comm[66] put=7 get=162 on=30 amo=0 | data=96000000 B/step  cum=6336000000 B
step 67  updateFluff=0.22759 s  compute=0.134576 s  save=1e-06 s
  comm[67] put=7 get=162 on=30 amo=0 | data=96000000 B/step  cum=6432000000 B
step 68  updateFluff=0.230436 s  compute=0.134083 s  save=0.0 s
  comm[68] put=7 get=162 on=30 amo=0 | data=96000000 B/step  cum=6528000000 B
step 69  updateFluff=0.226109 s  compute=0.134467 s  save=0.0 s
  comm[69] put=7 get=162 on=30 amo=0 | data=96000000 B/step  cum=6624000000 B
step 70  updateFluff=0.220645 s  compute=0.13484 s  save=0.0 s
  comm[70] put=7 get=162 on=30 amo=0 | data=96000000 B/step  cum=6720000000 B
step 71  updateFluff=0.221216 s  compute=0.134533 s  save=0.0 s
  comm[71] put=7 get=162 on=30 amo=0 | data=96000000 B/step  cum=6816000000 B
step 72  updateFluff=0.220693 s  compute=0.134831 s  save=0.0 s
  comm[72] put=7 get=162 on=30 amo=0 | data=96000000 B/step  cum=6912000000 B
step 73  updateFluff=0.215123 s  compute=0.13393 s  save=0.0 s
  comm[73] put=7 get=162 on=30 amo=0 | data=96000000 B/step  cum=7008000000 B
step 74  updateFluff=0.234855 s  compute=0.134924 s  save=0.0 s
  comm[74] put=7 get=162 on=30 amo=0 | data=96000000 B/step  cum=7104000000 B
step 75  updateFluff=0.224759 s  compute=0.134012 s  save=0.0 s
  comm[75] put=7 get=162 on=30 amo=0 | data=96000000 B/step  cum=7200000000 B
step 76  updateFluff=0.226947 s  compute=0.134221 s  save=0.0 s
  comm[76] put=7 get=162 on=30 amo=0 | data=96000000 B/step  cum=7296000000 B
step 77  updateFluff=0.288759 s  compute=0.134772 s  save=0.0 s
  comm[77] put=7 get=162 on=30 amo=0 | data=96000000 B/step  cum=7392000000 B
step 78  updateFluff=0.225759 s  compute=0.134595 s  save=0.0 s
  comm[78] put=7 get=162 on=30 amo=0 | data=96000000 B/step  cum=7488000000 B
step 79  updateFluff=0.223502 s  compute=0.13412 s  save=1e-06 s
  comm[79] put=7 get=162 on=30 amo=0 | data=96000000 B/step  cum=7584000000 B
step 80  updateFluff=0.229348 s  compute=0.135363 s  save=0.0 s
  comm[80] put=7 get=162 on=30 amo=0 | data=96000000 B/step  cum=7680000000 B
step 81  updateFluff=0.229159 s  compute=0.133895 s  save=0.0 s
  comm[81] put=7 get=162 on=30 amo=0 | data=96000000 B/step  cum=7776000000 B
step 82  updateFluff=0.219774 s  compute=0.13392 s  save=0.0 s
  comm[82] put=7 get=162 on=30 amo=0 | data=96000000 B/step  cum=7872000000 B
step 83  updateFluff=0.223992 s  compute=0.133892 s  save=0.0 s
  comm[83] put=7 get=162 on=30 amo=0 | data=96000000 B/step  cum=7968000000 B
step 84  updateFluff=0.222685 s  compute=0.134164 s  save=0.0 s
  comm[84] put=7 get=162 on=30 amo=0 | data=96000000 B/step  cum=8064000000 B
step 85  updateFluff=0.22859 s  compute=0.134091 s  save=0.0 s
  comm[85] put=7 get=162 on=30 amo=0 | data=96000000 B/step  cum=8160000000 B
step 86  updateFluff=0.235345 s  compute=0.134444 s  save=0.0 s
  comm[86] put=7 get=162 on=30 amo=0 | data=96000000 B/step  cum=8256000000 B
step 87  updateFluff=0.220854 s  compute=0.133715 s  save=0.0 s
  comm[87] put=7 get=162 on=30 amo=0 | data=96000000 B/step  cum=8352000000 B
step 88  updateFluff=0.224513 s  compute=0.134594 s  save=0.0 s
  comm[88] put=7 get=162 on=30 amo=0 | data=96000000 B/step  cum=8448000000 B
step 89  updateFluff=0.224834 s  compute=0.134382 s  save=0.0 s
  comm[89] put=7 get=162 on=30 amo=0 | data=96000000 B/step  cum=8544000000 B
step 90  updateFluff=0.226957 s  compute=0.133922 s  save=1e-06 s
  comm[90] put=7 get=162 on=30 amo=0 | data=96000000 B/step  cum=8640000000 B
step 91  updateFluff=0.227361 s  compute=0.134108 s  save=0.0 s
  comm[91] put=7 get=162 on=30 amo=0 | data=96000000 B/step  cum=8736000000 B
step 92  updateFluff=0.219646 s  compute=0.13462 s  save=0.0 s
  comm[92] put=7 get=162 on=30 amo=0 | data=96000000 B/step  cum=8832000000 B
step 93  updateFluff=0.220241 s  compute=0.134852 s  save=0.0 s
  comm[93] put=7 get=162 on=30 amo=0 | data=96000000 B/step  cum=8928000000 B
step 94  updateFluff=0.221735 s  compute=0.134271 s  save=0.0 s
  comm[94] put=7 get=162 on=30 amo=0 | data=96000000 B/step  cum=9024000000 B
step 95  updateFluff=0.224676 s  compute=0.134647 s  save=1e-06 s
  comm[95] put=7 get=162 on=30 amo=0 | data=96000000 B/step  cum=9120000000 B
step 96  updateFluff=0.224574 s  compute=0.134661 s  save=0.0 s
  comm[96] put=7 get=162 on=30 amo=0 | data=96000000 B/step  cum=9216000000 B
step 97  updateFluff=0.217848 s  compute=0.134093 s  save=0.0 s
  comm[97] put=7 get=162 on=30 amo=0 | data=96000000 B/step  cum=9312000000 B
step 98  updateFluff=0.220343 s  compute=0.135223 s  save=0.0 s
  comm[98] put=7 get=162 on=30 amo=0 | data=96000000 B/step  cum=9408000000 B
step 99  updateFluff=0.222292 s  compute=0.13444 s  save=0.0 s
  comm[99] put=7 get=162 on=30 amo=0 | data=96000000 B/step  cum=9504000000 B
step 100  updateFluff=0.22081 s  compute=0.13434 s  save=0.0 s
  comm[100] put=7 get=162 on=30 amo=0 | data=96000000 B/step  cum=9600000000 B
[mem] after run locale 0: 3045.48 MB
[mem] after run locale 1: 3045.42 MB
[mem] after run locale 2: 3045.42 MB
[mem] after run locale 3: 3045.42 MB
[mem] after run locale 4: 3045.42 MB
[mem] after run locale 5: 3045.42 MB
[mem] after run locale 6: 3030.1 MB
final field: min=1.0 max=2.0 sum=1.00518e+09
Execution time:    36.974 s
