warning: QTHREADS: Reduced numThreadsPerLocale=20 to 16 to prevent oversubscription of the system.
warning: QTHREADS: Reduced numThreadsPerLocale=20 to 16 to prevent oversubscription of the system.
warning: QTHREADS: Reduced numThreadsPerLocale=20 to 16 to prevent oversubscription of the system.
[cfg] threadsPerLocale(requested)=20 numLocales=3
Initialization time: 0.96016 s
[mem] after init (u+un allocated) locale 0: 5971.58 MB
[mem] after init (u+un allocated) locale 1: 5956.2 MB
[mem] after init (u+un allocated) locale 2: 5956.2 MB
[cfg] locale 0 maxTaskPar=16
[cfg] locale 1 maxTaskPar=16
[cfg] locale 2 maxTaskPar=16
[comm] 32000000 B/step across 3 locale(s)
step 1  updateFluff=0.235885 s  compute=0.306873 s  save=4e-06 s
  comm[1] put=0 get=54 on=8 amo=0 | data=32000000 B/step  cum=32000000 B
step 2  updateFluff=0.217074 s  compute=0.307649 s  save=0.0 s
  comm[2] put=2 get=54 on=10 amo=0 | data=32000000 B/step  cum=64000000 B
step 3  updateFluff=0.2143 s  compute=0.307883 s  save=0.0 s
  comm[3] put=2 get=54 on=10 amo=0 | data=32000000 B/step  cum=96000000 B
step 4  updateFluff=0.216355 s  compute=0.309243 s  save=0.0 s
  comm[4] put=2 get=54 on=10 amo=0 | data=32000000 B/step  cum=128000000 B
step 5  updateFluff=0.235325 s  compute=0.304981 s  save=0.0 s
  comm[5] put=2 get=54 on=10 amo=0 | data=32000000 B/step  cum=160000000 B
step 6  updateFluff=0.217507 s  compute=0.308478 s  save=0.0 s
  comm[6] put=2 get=54 on=10 amo=0 | data=32000000 B/step  cum=192000000 B
step 7  updateFluff=0.236591 s  compute=0.306438 s  save=1e-06 s
  comm[7] put=2 get=54 on=10 amo=0 | data=32000000 B/step  cum=224000000 B
step 8  updateFluff=0.236355 s  compute=0.306205 s  save=0.0 s
  comm[8] put=2 get=54 on=10 amo=0 | data=32000000 B/step  cum=256000000 B
step 9  updateFluff=0.220058 s  compute=0.306888 s  save=0.0 s
  comm[9] put=2 get=54 on=10 amo=0 | data=32000000 B/step  cum=288000000 B
step 10  updateFluff=0.236926 s  compute=0.308018 s  save=0.0 s
  comm[10] put=2 get=54 on=10 amo=0 | data=32000000 B/step  cum=320000000 B
step 11  updateFluff=0.221822 s  compute=0.310359 s  save=0.0 s
  comm[11] put=2 get=54 on=10 amo=0 | data=32000000 B/step  cum=352000000 B
step 12  updateFluff=0.218914 s  compute=0.309027 s  save=0.0 s
  comm[12] put=2 get=54 on=10 amo=0 | data=32000000 B/step  cum=384000000 B
step 13  updateFluff=0.218603 s  compute=0.309204 s  save=0.0 s
  comm[13] put=2 get=54 on=10 amo=0 | data=32000000 B/step  cum=416000000 B
step 14  updateFluff=0.217434 s  compute=0.307661 s  save=0.0 s
  comm[14] put=2 get=54 on=10 amo=0 | data=32000000 B/step  cum=448000000 B
step 15  updateFluff=0.217417 s  compute=0.307557 s  save=0.0 s
  comm[15] put=2 get=54 on=10 amo=0 | data=32000000 B/step  cum=480000000 B
step 16  updateFluff=0.218634 s  compute=0.308349 s  save=0.0 s
  comm[16] put=2 get=54 on=10 amo=0 | data=32000000 B/step  cum=512000000 B
step 17  updateFluff=0.217269 s  compute=0.307881 s  save=0.0 s
  comm[17] put=2 get=54 on=10 amo=0 | data=32000000 B/step  cum=544000000 B
step 18  updateFluff=0.227033 s  compute=0.307852 s  save=1e-06 s
  comm[18] put=2 get=54 on=10 amo=0 | data=32000000 B/step  cum=576000000 B
step 19  updateFluff=0.209027 s  compute=0.308045 s  save=2e-06 s
  comm[19] put=2 get=54 on=10 amo=0 | data=32000000 B/step  cum=608000000 B
step 20  updateFluff=0.215715 s  compute=0.307944 s  save=1e-06 s
  comm[20] put=2 get=54 on=10 amo=0 | data=32000000 B/step  cum=640000000 B
step 21  updateFluff=0.218438 s  compute=0.30698 s  save=0.0 s
  comm[21] put=2 get=54 on=10 amo=0 | data=32000000 B/step  cum=672000000 B
step 22  updateFluff=0.208046 s  compute=0.306009 s  save=1e-06 s
  comm[22] put=2 get=54 on=10 amo=0 | data=32000000 B/step  cum=704000000 B
step 23  updateFluff=0.217126 s  compute=0.307996 s  save=0.0 s
  comm[23] put=2 get=54 on=10 amo=0 | data=32000000 B/step  cum=736000000 B
step 24  updateFluff=0.220598 s  compute=0.307451 s  save=0.0 s
  comm[24] put=2 get=54 on=10 amo=0 | data=32000000 B/step  cum=768000000 B
step 25  updateFluff=0.218694 s  compute=0.307944 s  save=0.0 s
  comm[25] put=2 get=54 on=10 amo=0 | data=32000000 B/step  cum=800000000 B
step 26  updateFluff=0.226632 s  compute=0.308087 s  save=0.0 s
  comm[26] put=2 get=54 on=10 amo=0 | data=32000000 B/step  cum=832000000 B
step 27  updateFluff=0.221828 s  compute=0.309089 s  save=0.0 s
  comm[27] put=2 get=54 on=10 amo=0 | data=32000000 B/step  cum=864000000 B
step 28  updateFluff=0.220827 s  compute=0.308411 s  save=0.0 s
  comm[28] put=2 get=54 on=10 amo=0 | data=32000000 B/step  cum=896000000 B
step 29  updateFluff=0.217534 s  compute=0.306776 s  save=0.0 s
  comm[29] put=2 get=54 on=10 amo=0 | data=32000000 B/step  cum=928000000 B
step 30  updateFluff=0.215498 s  compute=0.30792 s  save=0.0 s
  comm[30] put=2 get=54 on=10 amo=0 | data=32000000 B/step  cum=960000000 B
step 31  updateFluff=0.21264 s  compute=0.308057 s  save=0.0 s
  comm[31] put=2 get=54 on=10 amo=0 | data=32000000 B/step  cum=992000000 B
step 32  updateFluff=0.21743 s  compute=0.307599 s  save=0.0 s
  comm[32] put=2 get=54 on=10 amo=0 | data=32000000 B/step  cum=1024000000 B
step 33  updateFluff=0.221207 s  compute=0.308161 s  save=1e-06 s
  comm[33] put=2 get=54 on=10 amo=0 | data=32000000 B/step  cum=1056000000 B
step 34  updateFluff=0.215836 s  compute=0.307508 s  save=0.0 s
  comm[34] put=2 get=54 on=10 amo=0 | data=32000000 B/step  cum=1088000000 B
step 35  updateFluff=0.220076 s  compute=0.307558 s  save=0.0 s
  comm[35] put=2 get=54 on=10 amo=0 | data=32000000 B/step  cum=1120000000 B
step 36  updateFluff=0.216194 s  compute=0.307914 s  save=0.0 s
  comm[36] put=2 get=54 on=10 amo=0 | data=32000000 B/step  cum=1152000000 B
step 37  updateFluff=0.220175 s  compute=0.307528 s  save=0.0 s
  comm[37] put=2 get=54 on=10 amo=0 | data=32000000 B/step  cum=1184000000 B
step 38  updateFluff=0.219075 s  compute=0.308186 s  save=0.0 s
  comm[38] put=2 get=54 on=10 amo=0 | data=32000000 B/step  cum=1216000000 B
step 39  updateFluff=0.217831 s  compute=0.306626 s  save=0.0 s
  comm[39] put=2 get=54 on=10 amo=0 | data=32000000 B/step  cum=1248000000 B
step 40  updateFluff=0.218143 s  compute=0.309378 s  save=0.0 s
  comm[40] put=2 get=54 on=10 amo=0 | data=32000000 B/step  cum=1280000000 B
step 41  updateFluff=0.225939 s  compute=0.307774 s  save=0.0 s
  comm[41] put=2 get=54 on=10 amo=0 | data=32000000 B/step  cum=1312000000 B
step 42  updateFluff=0.206765 s  compute=0.308781 s  save=0.0 s
  comm[42] put=2 get=54 on=10 amo=0 | data=32000000 B/step  cum=1344000000 B
step 43  updateFluff=0.208871 s  compute=0.308486 s  save=0.0 s
  comm[43] put=2 get=54 on=10 amo=0 | data=32000000 B/step  cum=1376000000 B
step 44  updateFluff=0.21947 s  compute=0.309617 s  save=0.0 s
  comm[44] put=2 get=54 on=10 amo=0 | data=32000000 B/step  cum=1408000000 B
step 45  updateFluff=0.226456 s  compute=0.30789 s  save=0.0 s
  comm[45] put=2 get=54 on=10 amo=0 | data=32000000 B/step  cum=1440000000 B
step 46  updateFluff=0.220972 s  compute=0.311313 s  save=0.0 s
  comm[46] put=2 get=54 on=10 amo=0 | data=32000000 B/step  cum=1472000000 B
step 47  updateFluff=0.215845 s  compute=0.309228 s  save=0.0 s
  comm[47] put=2 get=54 on=10 amo=0 | data=32000000 B/step  cum=1504000000 B
step 48  updateFluff=0.218737 s  compute=0.309608 s  save=1e-06 s
  comm[48] put=2 get=54 on=10 amo=0 | data=32000000 B/step  cum=1536000000 B
step 49  updateFluff=0.217906 s  compute=0.305123 s  save=0.0 s
  comm[49] put=2 get=54 on=10 amo=0 | data=32000000 B/step  cum=1568000000 B
step 50  updateFluff=0.228819 s  compute=0.307946 s  save=0.0 s
  comm[50] put=2 get=54 on=10 amo=0 | data=32000000 B/step  cum=1600000000 B
step 51  updateFluff=0.21662 s  compute=0.306422 s  save=1e-06 s
  comm[51] put=2 get=54 on=10 amo=0 | data=32000000 B/step  cum=1632000000 B
step 52  updateFluff=0.217911 s  compute=0.307245 s  save=0.0 s
  comm[52] put=2 get=54 on=10 amo=0 | data=32000000 B/step  cum=1664000000 B
step 53  updateFluff=0.217515 s  compute=0.307543 s  save=0.0 s
  comm[53] put=2 get=54 on=10 amo=0 | data=32000000 B/step  cum=1696000000 B
step 54  updateFluff=0.216564 s  compute=0.309268 s  save=0.0 s
  comm[54] put=2 get=54 on=10 amo=0 | data=32000000 B/step  cum=1728000000 B
step 55  updateFluff=0.218897 s  compute=0.308278 s  save=0.0 s
  comm[55] put=2 get=54 on=10 amo=0 | data=32000000 B/step  cum=1760000000 B
step 56  updateFluff=0.217377 s  compute=0.307912 s  save=0.0 s
  comm[56] put=2 get=54 on=10 amo=0 | data=32000000 B/step  cum=1792000000 B
step 57  updateFluff=0.222314 s  compute=0.307893 s  save=0.0 s
  comm[57] put=2 get=54 on=10 amo=0 | data=32000000 B/step  cum=1824000000 B
step 58  updateFluff=0.225335 s  compute=0.306996 s  save=0.0 s
  comm[58] put=2 get=54 on=10 amo=0 | data=32000000 B/step  cum=1856000000 B
step 59  updateFluff=0.216336 s  compute=0.307478 s  save=0.0 s
  comm[59] put=2 get=54 on=10 amo=0 | data=32000000 B/step  cum=1888000000 B
step 60  updateFluff=0.217066 s  compute=0.308067 s  save=0.0 s
  comm[60] put=2 get=54 on=10 amo=0 | data=32000000 B/step  cum=1920000000 B
step 61  updateFluff=0.215964 s  compute=0.308922 s  save=0.0 s
  comm[61] put=2 get=54 on=10 amo=0 | data=32000000 B/step  cum=1952000000 B
step 62  updateFluff=0.214106 s  compute=0.308656 s  save=0.0 s
  comm[62] put=2 get=54 on=10 amo=0 | data=32000000 B/step  cum=1984000000 B
step 63  updateFluff=0.217446 s  compute=0.305421 s  save=0.0 s
  comm[63] put=2 get=54 on=10 amo=0 | data=32000000 B/step  cum=2016000000 B
step 64  updateFluff=0.215403 s  compute=0.308602 s  save=0.0 s
  comm[64] put=2 get=54 on=10 amo=0 | data=32000000 B/step  cum=2048000000 B
step 65  updateFluff=0.204448 s  compute=0.30748 s  save=0.0 s
  comm[65] put=2 get=54 on=10 amo=0 | data=32000000 B/step  cum=2080000000 B
step 66  updateFluff=0.220506 s  compute=0.306293 s  save=0.0 s
  comm[66] put=2 get=54 on=10 amo=0 | data=32000000 B/step  cum=2112000000 B
step 67  updateFluff=0.220528 s  compute=0.306551 s  save=0.0 s
  comm[67] put=2 get=54 on=10 amo=0 | data=32000000 B/step  cum=2144000000 B
step 68  updateFluff=0.236917 s  compute=0.307966 s  save=0.0 s
  comm[68] put=2 get=54 on=10 amo=0 | data=32000000 B/step  cum=2176000000 B
step 69  updateFluff=0.213097 s  compute=0.308662 s  save=0.0 s
  comm[69] put=2 get=54 on=10 amo=0 | data=32000000 B/step  cum=2208000000 B
step 70  updateFluff=0.214421 s  compute=0.308225 s  save=0.0 s
  comm[70] put=2 get=54 on=10 amo=0 | data=32000000 B/step  cum=2240000000 B
step 71  updateFluff=0.216287 s  compute=0.308881 s  save=0.0 s
  comm[71] put=2 get=54 on=10 amo=0 | data=32000000 B/step  cum=2272000000 B
step 72  updateFluff=0.21674 s  compute=0.308275 s  save=0.0 s
  comm[72] put=2 get=54 on=10 amo=0 | data=32000000 B/step  cum=2304000000 B
step 73  updateFluff=0.216512 s  compute=0.306767 s  save=0.0 s
  comm[73] put=2 get=54 on=10 amo=0 | data=32000000 B/step  cum=2336000000 B
step 74  updateFluff=0.219021 s  compute=0.307366 s  save=0.0 s
  comm[74] put=2 get=54 on=10 amo=0 | data=32000000 B/step  cum=2368000000 B
step 75  updateFluff=0.218922 s  compute=0.310293 s  save=0.0 s
  comm[75] put=2 get=54 on=10 amo=0 | data=32000000 B/step  cum=2400000000 B
step 76  updateFluff=0.213798 s  compute=0.305803 s  save=0.0 s
  comm[76] put=2 get=54 on=10 amo=0 | data=32000000 B/step  cum=2432000000 B
step 77  updateFluff=0.218035 s  compute=0.307762 s  save=0.0 s
  comm[77] put=2 get=54 on=10 amo=0 | data=32000000 B/step  cum=2464000000 B
step 78  updateFluff=0.21618 s  compute=0.307407 s  save=0.0 s
  comm[78] put=2 get=54 on=10 amo=0 | data=32000000 B/step  cum=2496000000 B
step 79  updateFluff=0.217889 s  compute=0.307021 s  save=0.0 s
  comm[79] put=2 get=54 on=10 amo=0 | data=32000000 B/step  cum=2528000000 B
step 80  updateFluff=0.220827 s  compute=0.307872 s  save=0.0 s
  comm[80] put=2 get=54 on=10 amo=0 | data=32000000 B/step  cum=2560000000 B
step 81  updateFluff=0.228564 s  compute=0.308223 s  save=0.0 s
  comm[81] put=2 get=54 on=10 amo=0 | data=32000000 B/step  cum=2592000000 B
step 82  updateFluff=0.217505 s  compute=0.307896 s  save=0.0 s
  comm[82] put=2 get=54 on=10 amo=0 | data=32000000 B/step  cum=2624000000 B
step 83  updateFluff=0.211609 s  compute=0.307724 s  save=0.0 s
  comm[83] put=2 get=54 on=10 amo=0 | data=32000000 B/step  cum=2656000000 B
step 84  updateFluff=0.222696 s  compute=0.307114 s  save=0.0 s
  comm[84] put=2 get=54 on=10 amo=0 | data=32000000 B/step  cum=2688000000 B
step 85  updateFluff=0.217238 s  compute=0.307171 s  save=0.0 s
  comm[85] put=2 get=54 on=10 amo=0 | data=32000000 B/step  cum=2720000000 B
step 86  updateFluff=0.218885 s  compute=0.308444 s  save=0.0 s
  comm[86] put=2 get=54 on=10 amo=0 | data=32000000 B/step  cum=2752000000 B
step 87  updateFluff=0.224317 s  compute=0.307432 s  save=0.0 s
  comm[87] put=2 get=54 on=10 amo=0 | data=32000000 B/step  cum=2784000000 B
step 88  updateFluff=0.217708 s  compute=0.308392 s  save=1e-06 s
  comm[88] put=2 get=54 on=10 amo=0 | data=32000000 B/step  cum=2816000000 B
step 89  updateFluff=0.222014 s  compute=0.30656 s  save=0.0 s
  comm[89] put=2 get=54 on=10 amo=0 | data=32000000 B/step  cum=2848000000 B
step 90  updateFluff=0.214082 s  compute=0.30891 s  save=1e-06 s
  comm[90] put=2 get=54 on=10 amo=0 | data=32000000 B/step  cum=2880000000 B
step 91  updateFluff=0.218443 s  compute=0.30743 s  save=1e-06 s
  comm[91] put=2 get=54 on=10 amo=0 | data=32000000 B/step  cum=2912000000 B
step 92  updateFluff=0.216804 s  compute=0.307301 s  save=0.0 s
  comm[92] put=2 get=54 on=10 amo=0 | data=32000000 B/step  cum=2944000000 B
step 93  updateFluff=0.217426 s  compute=0.307324 s  save=0.0 s
  comm[93] put=2 get=54 on=10 amo=0 | data=32000000 B/step  cum=2976000000 B
step 94  updateFluff=0.219767 s  compute=0.307454 s  save=0.0 s
  comm[94] put=2 get=54 on=10 amo=0 | data=32000000 B/step  cum=3008000000 B
step 95  updateFluff=0.211816 s  compute=0.308543 s  save=0.0 s
  comm[95] put=2 get=54 on=10 amo=0 | data=32000000 B/step  cum=3040000000 B
step 96  updateFluff=0.217315 s  compute=0.309052 s  save=0.0 s
  comm[96] put=2 get=54 on=10 amo=0 | data=32000000 B/step  cum=3072000000 B
step 97  updateFluff=0.222592 s  compute=0.307848 s  save=1e-06 s
  comm[97] put=2 get=54 on=10 amo=0 | data=32000000 B/step  cum=3104000000 B
step 98  updateFluff=0.23716 s  compute=0.309148 s  save=0.0 s
  comm[98] put=2 get=54 on=10 amo=0 | data=32000000 B/step  cum=3136000000 B
step 99  updateFluff=0.224527 s  compute=0.308023 s  save=0.0 s
  comm[99] put=2 get=54 on=10 amo=0 | data=32000000 B/step  cum=3168000000 B
step 100  updateFluff=0.222568 s  compute=0.308613 s  save=0.0 s
  comm[100] put=2 get=54 on=10 amo=0 | data=32000000 B/step  cum=3200000000 B
[mem] after run locale 0: 5971.58 MB
[mem] after run locale 1: 5956.2 MB
[mem] after run locale 2: 5956.2 MB
final field: min=1.0 max=2.0 sum=1.00518e+09
Execution time:    52.8616 s
