warning: QTHREADS: Reduced numThreadsPerLocale=20 to 16 to prevent oversubscription of the system.
warning: QTHREADS: Reduced numThreadsPerLocale=20 to 16 to prevent oversubscription of the system.
warning: QTHREADS: Reduced numThreadsPerLocale=20 to 16 to prevent oversubscription of the system.
warning: QTHREADS: Reduced numThreadsPerLocale=20 to 16 to prevent oversubscription of the system.
[cfg] threadsPerLocale(requested)=20 numLocales=4
Initialization time: 0.729108 s
[mem] after init (u+un allocated) locale 0: 4265.08 MB
[mem] after init (u+un allocated) locale 1: 4265.02 MB
[mem] after init (u+un allocated) locale 2: 4265.02 MB
[mem] after init (u+un allocated) locale 3: 4265.02 MB
[cfg] locale 0 maxTaskPar=16
[cfg] locale 1 maxTaskPar=16
[cfg] locale 2 maxTaskPar=16
[cfg] locale 3 maxTaskPar=16
[comm] 32032000 B/step across 4 locale(s)
step 1  updateFluff=0.125227 s  compute=0.232799 s  save=0.0 s
  comm[1] put=0 get=159 on=18 amo=0 | data=32032000 B/step  cum=32032000 B
step 2  updateFluff=0.167354 s  compute=0.230964 s  save=0.0 s
  comm[2] put=3 get=159 on=21 amo=0 | data=32032000 B/step  cum=64064000 B
step 3  updateFluff=0.093817 s  compute=0.232441 s  save=0.0 s
  comm[3] put=3 get=159 on=21 amo=0 | data=32032000 B/step  cum=96096000 B
step 4  updateFluff=0.131068 s  compute=0.230855 s  save=0.0 s
  comm[4] put=3 get=159 on=21 amo=0 | data=32032000 B/step  cum=128128000 B
step 5  updateFluff=0.144804 s  compute=0.232736 s  save=1e-06 s
  comm[5] put=3 get=159 on=21 amo=0 | data=32032000 B/step  cum=160160000 B
step 6  updateFluff=0.146315 s  compute=0.230894 s  save=0.0 s
  comm[6] put=3 get=159 on=21 amo=0 | data=32032000 B/step  cum=192192000 B
step 7  updateFluff=0.145828 s  compute=0.230943 s  save=0.0 s
  comm[7] put=3 get=159 on=21 amo=0 | data=32032000 B/step  cum=224224000 B
step 8  updateFluff=0.140561 s  compute=0.230676 s  save=0.0 s
  comm[8] put=3 get=159 on=21 amo=0 | data=32032000 B/step  cum=256256000 B
step 9  updateFluff=0.1317 s  compute=0.231043 s  save=0.0 s
  comm[9] put=3 get=159 on=21 amo=0 | data=32032000 B/step  cum=288288000 B
step 10  updateFluff=0.101666 s  compute=0.230993 s  save=0.0 s
  comm[10] put=3 get=159 on=21 amo=0 | data=32032000 B/step  cum=320320000 B
step 11  updateFluff=0.083591 s  compute=0.233114 s  save=0.0 s
  comm[11] put=3 get=159 on=21 amo=0 | data=32032000 B/step  cum=352352000 B
step 12  updateFluff=0.145731 s  compute=0.23321 s  save=0.0 s
  comm[12] put=3 get=159 on=21 amo=0 | data=32032000 B/step  cum=384384000 B
step 13  updateFluff=0.119367 s  compute=0.233563 s  save=0.0 s
  comm[13] put=3 get=159 on=21 amo=0 | data=32032000 B/step  cum=416416000 B
step 14  updateFluff=0.140907 s  compute=0.230563 s  save=0.0 s
  comm[14] put=3 get=159 on=21 amo=0 | data=32032000 B/step  cum=448448000 B
step 15  updateFluff=0.145626 s  compute=0.231686 s  save=0.0 s
  comm[15] put=3 get=159 on=21 amo=0 | data=32032000 B/step  cum=480480000 B
step 16  updateFluff=0.146649 s  compute=0.231266 s  save=1e-06 s
  comm[16] put=3 get=159 on=21 amo=0 | data=32032000 B/step  cum=512512000 B
step 17  updateFluff=0.130372 s  compute=0.232654 s  save=0.0 s
  comm[17] put=3 get=159 on=21 amo=0 | data=32032000 B/step  cum=544544000 B
step 18  updateFluff=0.145887 s  compute=0.232206 s  save=0.0 s
  comm[18] put=3 get=159 on=21 amo=0 | data=32032000 B/step  cum=576576000 B
step 19  updateFluff=0.148394 s  compute=0.231343 s  save=0.0 s
  comm[19] put=3 get=159 on=21 amo=0 | data=32032000 B/step  cum=608608000 B
step 20  updateFluff=0.125106 s  compute=0.231075 s  save=0.0 s
  comm[20] put=3 get=159 on=21 amo=0 | data=32032000 B/step  cum=640640000 B
step 21  updateFluff=0.14421 s  compute=0.23245 s  save=0.0 s
  comm[21] put=3 get=159 on=21 amo=0 | data=32032000 B/step  cum=672672000 B
step 22  updateFluff=0.13567 s  compute=0.232119 s  save=0.0 s
  comm[22] put=3 get=159 on=21 amo=0 | data=32032000 B/step  cum=704704000 B
step 23  updateFluff=0.090394 s  compute=0.231694 s  save=1e-06 s
  comm[23] put=3 get=159 on=21 amo=0 | data=32032000 B/step  cum=736736000 B
step 24  updateFluff=0.110851 s  compute=0.232474 s  save=0.0 s
  comm[24] put=3 get=159 on=21 amo=0 | data=32032000 B/step  cum=768768000 B
step 25  updateFluff=0.11325 s  compute=0.232006 s  save=0.0 s
  comm[25] put=3 get=159 on=21 amo=0 | data=32032000 B/step  cum=800800000 B
step 26  updateFluff=0.132566 s  compute=0.231229 s  save=0.0 s
  comm[26] put=3 get=159 on=21 amo=0 | data=32032000 B/step  cum=832832000 B
step 27  updateFluff=0.135338 s  compute=0.231645 s  save=0.0 s
  comm[27] put=3 get=159 on=21 amo=0 | data=32032000 B/step  cum=864864000 B
step 28  updateFluff=0.146129 s  compute=0.231489 s  save=0.0 s
  comm[28] put=3 get=159 on=21 amo=0 | data=32032000 B/step  cum=896896000 B
step 29  updateFluff=0.153155 s  compute=0.232421 s  save=0.0 s
  comm[29] put=3 get=159 on=21 amo=0 | data=32032000 B/step  cum=928928000 B
step 30  updateFluff=0.091511 s  compute=0.231997 s  save=0.0 s
  comm[30] put=3 get=159 on=21 amo=0 | data=32032000 B/step  cum=960960000 B
step 31  updateFluff=0.145835 s  compute=0.23124 s  save=0.0 s
  comm[31] put=3 get=159 on=21 amo=0 | data=32032000 B/step  cum=992992000 B
step 32  updateFluff=0.161329 s  compute=0.233585 s  save=0.0 s
  comm[32] put=3 get=159 on=21 amo=0 | data=32032000 B/step  cum=1025024000 B
step 33  updateFluff=0.148406 s  compute=0.232435 s  save=1e-06 s
  comm[33] put=3 get=159 on=21 amo=0 | data=32032000 B/step  cum=1057056000 B
step 34  updateFluff=0.154121 s  compute=0.23185 s  save=0.0 s
  comm[34] put=3 get=159 on=21 amo=0 | data=32032000 B/step  cum=1089088000 B
step 35  updateFluff=0.099172 s  compute=0.231046 s  save=0.0 s
  comm[35] put=3 get=159 on=21 amo=0 | data=32032000 B/step  cum=1121120000 B
step 36  updateFluff=0.146901 s  compute=0.231379 s  save=0.0 s
  comm[36] put=3 get=159 on=21 amo=0 | data=32032000 B/step  cum=1153152000 B
step 37  updateFluff=0.151937 s  compute=0.23085 s  save=0.0 s
  comm[37] put=3 get=159 on=21 amo=0 | data=32032000 B/step  cum=1185184000 B
step 38  updateFluff=0.14518 s  compute=0.232077 s  save=0.0 s
  comm[38] put=3 get=159 on=21 amo=0 | data=32032000 B/step  cum=1217216000 B
step 39  updateFluff=0.138828 s  compute=0.230826 s  save=0.0 s
  comm[39] put=3 get=159 on=21 amo=0 | data=32032000 B/step  cum=1249248000 B
step 40  updateFluff=0.118655 s  compute=0.233345 s  save=1e-06 s
  comm[40] put=3 get=159 on=21 amo=0 | data=32032000 B/step  cum=1281280000 B
step 41  updateFluff=0.145081 s  compute=0.23101 s  save=0.0 s
  comm[41] put=3 get=159 on=21 amo=0 | data=32032000 B/step  cum=1313312000 B
step 42  updateFluff=0.159761 s  compute=0.232869 s  save=1e-06 s
  comm[42] put=3 get=159 on=21 amo=0 | data=32032000 B/step  cum=1345344000 B
step 43  updateFluff=0.145334 s  compute=0.230965 s  save=0.0 s
  comm[43] put=3 get=159 on=21 amo=0 | data=32032000 B/step  cum=1377376000 B
step 44  updateFluff=0.144928 s  compute=0.230466 s  save=0.0 s
  comm[44] put=3 get=159 on=21 amo=0 | data=32032000 B/step  cum=1409408000 B
step 45  updateFluff=0.148948 s  compute=0.23091 s  save=0.0 s
  comm[45] put=3 get=159 on=21 amo=0 | data=32032000 B/step  cum=1441440000 B
step 46  updateFluff=0.137901 s  compute=0.231207 s  save=0.0 s
  comm[46] put=3 get=159 on=21 amo=0 | data=32032000 B/step  cum=1473472000 B
step 47  updateFluff=0.148045 s  compute=0.231724 s  save=0.0 s
  comm[47] put=3 get=159 on=21 amo=0 | data=32032000 B/step  cum=1505504000 B
step 48  updateFluff=0.135276 s  compute=0.232295 s  save=0.0 s
  comm[48] put=3 get=159 on=21 amo=0 | data=32032000 B/step  cum=1537536000 B
step 49  updateFluff=0.145927 s  compute=0.233433 s  save=1e-06 s
  comm[49] put=3 get=159 on=21 amo=0 | data=32032000 B/step  cum=1569568000 B
step 50  updateFluff=0.127661 s  compute=0.231212 s  save=1e-06 s
  comm[50] put=3 get=159 on=21 amo=0 | data=32032000 B/step  cum=1601600000 B
step 51  updateFluff=0.150961 s  compute=0.231641 s  save=0.0 s
  comm[51] put=3 get=159 on=21 amo=0 | data=32032000 B/step  cum=1633632000 B
step 52  updateFluff=0.149972 s  compute=0.230898 s  save=0.0 s
  comm[52] put=3 get=159 on=21 amo=0 | data=32032000 B/step  cum=1665664000 B
step 53  updateFluff=0.146491 s  compute=0.231212 s  save=0.0 s
  comm[53] put=3 get=159 on=21 amo=0 | data=32032000 B/step  cum=1697696000 B
step 54  updateFluff=0.14289 s  compute=0.23042 s  save=0.0 s
  comm[54] put=3 get=159 on=21 amo=0 | data=32032000 B/step  cum=1729728000 B
step 55  updateFluff=0.119329 s  compute=0.230433 s  save=0.0 s
  comm[55] put=3 get=159 on=21 amo=0 | data=32032000 B/step  cum=1761760000 B
step 56  updateFluff=0.116222 s  compute=0.230758 s  save=0.0 s
  comm[56] put=3 get=159 on=21 amo=0 | data=32032000 B/step  cum=1793792000 B
step 57  updateFluff=0.096454 s  compute=0.23199 s  save=0.0 s
  comm[57] put=3 get=159 on=21 amo=0 | data=32032000 B/step  cum=1825824000 B
step 58  updateFluff=0.119993 s  compute=0.232387 s  save=0.0 s
  comm[58] put=3 get=159 on=21 amo=0 | data=32032000 B/step  cum=1857856000 B
step 59  updateFluff=0.138071 s  compute=0.230995 s  save=1e-06 s
  comm[59] put=3 get=159 on=21 amo=0 | data=32032000 B/step  cum=1889888000 B
step 60  updateFluff=0.118769 s  compute=0.231119 s  save=0.0 s
  comm[60] put=3 get=159 on=21 amo=0 | data=32032000 B/step  cum=1921920000 B
step 61  updateFluff=0.135313 s  compute=0.23197 s  save=0.0 s
  comm[61] put=3 get=159 on=21 amo=0 | data=32032000 B/step  cum=1953952000 B
step 62  updateFluff=0.144908 s  compute=0.23175 s  save=0.0 s
  comm[62] put=3 get=159 on=21 amo=0 | data=32032000 B/step  cum=1985984000 B
step 63  updateFluff=0.145376 s  compute=0.232824 s  save=0.0 s
  comm[63] put=3 get=159 on=21 amo=0 | data=32032000 B/step  cum=2018016000 B
step 64  updateFluff=0.145385 s  compute=0.230939 s  save=0.0 s
  comm[64] put=3 get=159 on=21 amo=0 | data=32032000 B/step  cum=2050048000 B
step 65  updateFluff=0.098986 s  compute=0.231111 s  save=0.0 s
  comm[65] put=3 get=159 on=21 amo=0 | data=32032000 B/step  cum=2082080000 B
step 66  updateFluff=0.154947 s  compute=0.232034 s  save=0.0 s
  comm[66] put=3 get=159 on=21 amo=0 | data=32032000 B/step  cum=2114112000 B
step 67  updateFluff=0.163249 s  compute=0.232516 s  save=1e-06 s
  comm[67] put=3 get=159 on=21 amo=0 | data=32032000 B/step  cum=2146144000 B
step 68  updateFluff=0.150786 s  compute=0.23236 s  save=0.0 s
  comm[68] put=3 get=159 on=21 amo=0 | data=32032000 B/step  cum=2178176000 B
step 69  updateFluff=0.145962 s  compute=0.231077 s  save=0.0 s
  comm[69] put=3 get=159 on=21 amo=0 | data=32032000 B/step  cum=2210208000 B
step 70  updateFluff=0.129675 s  compute=0.231437 s  save=0.0 s
  comm[70] put=3 get=159 on=21 amo=0 | data=32032000 B/step  cum=2242240000 B
step 71  updateFluff=0.140313 s  compute=0.231274 s  save=0.0 s
  comm[71] put=3 get=159 on=21 amo=0 | data=32032000 B/step  cum=2274272000 B
step 72  updateFluff=0.144014 s  compute=0.230819 s  save=0.0 s
  comm[72] put=3 get=159 on=21 amo=0 | data=32032000 B/step  cum=2306304000 B
step 73  updateFluff=0.111445 s  compute=0.23103 s  save=0.0 s
  comm[73] put=3 get=159 on=21 amo=0 | data=32032000 B/step  cum=2338336000 B
step 74  updateFluff=0.100496 s  compute=0.234222 s  save=0.0 s
  comm[74] put=3 get=159 on=21 amo=0 | data=32032000 B/step  cum=2370368000 B
step 75  updateFluff=0.144975 s  compute=0.232162 s  save=0.0 s
  comm[75] put=3 get=159 on=21 amo=0 | data=32032000 B/step  cum=2402400000 B
step 76  updateFluff=0.10124 s  compute=0.231905 s  save=0.0 s
  comm[76] put=3 get=159 on=21 amo=0 | data=32032000 B/step  cum=2434432000 B
step 77  updateFluff=0.097637 s  compute=0.23098 s  save=0.0 s
  comm[77] put=3 get=159 on=21 amo=0 | data=32032000 B/step  cum=2466464000 B
step 78  updateFluff=0.126265 s  compute=0.231374 s  save=0.0 s
  comm[78] put=3 get=159 on=21 amo=0 | data=32032000 B/step  cum=2498496000 B
step 79  updateFluff=0.136931 s  compute=0.230864 s  save=0.0 s
  comm[79] put=3 get=159 on=21 amo=0 | data=32032000 B/step  cum=2530528000 B
step 80  updateFluff=0.097785 s  compute=0.231389 s  save=0.0 s
  comm[80] put=3 get=159 on=21 amo=0 | data=32032000 B/step  cum=2562560000 B
step 81  updateFluff=0.132641 s  compute=0.231445 s  save=0.0 s
  comm[81] put=3 get=159 on=21 amo=0 | data=32032000 B/step  cum=2594592000 B
step 82  updateFluff=0.08775 s  compute=0.231459 s  save=0.0 s
  comm[82] put=3 get=159 on=21 amo=0 | data=32032000 B/step  cum=2626624000 B
step 83  updateFluff=0.133959 s  compute=0.23207 s  save=0.0 s
  comm[83] put=3 get=159 on=21 amo=0 | data=32032000 B/step  cum=2658656000 B
step 84  updateFluff=0.139373 s  compute=0.229821 s  save=0.0 s
  comm[84] put=3 get=159 on=21 amo=0 | data=32032000 B/step  cum=2690688000 B
step 85  updateFluff=0.094294 s  compute=0.231259 s  save=0.0 s
  comm[85] put=3 get=159 on=21 amo=0 | data=32032000 B/step  cum=2722720000 B
step 86  updateFluff=0.137669 s  compute=0.230943 s  save=1e-06 s
  comm[86] put=3 get=159 on=21 amo=0 | data=32032000 B/step  cum=2754752000 B
step 87  updateFluff=0.14402 s  compute=0.231849 s  save=0.0 s
  comm[87] put=3 get=159 on=21 amo=0 | data=32032000 B/step  cum=2786784000 B
step 88  updateFluff=0.100928 s  compute=0.23255 s  save=0.0 s
  comm[88] put=3 get=159 on=21 amo=0 | data=32032000 B/step  cum=2818816000 B
step 89  updateFluff=0.097899 s  compute=0.231672 s  save=0.0 s
  comm[89] put=3 get=159 on=21 amo=0 | data=32032000 B/step  cum=2850848000 B
step 90  updateFluff=0.13996 s  compute=0.230509 s  save=0.0 s
  comm[90] put=3 get=159 on=21 amo=0 | data=32032000 B/step  cum=2882880000 B
step 91  updateFluff=0.09488 s  compute=0.232425 s  save=0.0 s
  comm[91] put=3 get=159 on=21 amo=0 | data=32032000 B/step  cum=2914912000 B
step 92  updateFluff=0.136784 s  compute=0.231751 s  save=0.0 s
  comm[92] put=3 get=159 on=21 amo=0 | data=32032000 B/step  cum=2946944000 B
step 93  updateFluff=0.141996 s  compute=0.23224 s  save=1e-06 s
  comm[93] put=3 get=159 on=21 amo=0 | data=32032000 B/step  cum=2978976000 B
step 94  updateFluff=0.138664 s  compute=0.233187 s  save=0.0 s
  comm[94] put=3 get=159 on=21 amo=0 | data=32032000 B/step  cum=3011008000 B
step 95  updateFluff=0.142062 s  compute=0.230952 s  save=0.0 s
  comm[95] put=3 get=159 on=21 amo=0 | data=32032000 B/step  cum=3043040000 B
step 96  updateFluff=0.138958 s  compute=0.232124 s  save=0.0 s
  comm[96] put=3 get=159 on=21 amo=0 | data=32032000 B/step  cum=3075072000 B
step 97  updateFluff=0.1392 s  compute=0.233494 s  save=0.0 s
  comm[97] put=3 get=159 on=21 amo=0 | data=32032000 B/step  cum=3107104000 B
step 98  updateFluff=0.140183 s  compute=0.230995 s  save=1e-06 s
  comm[98] put=3 get=159 on=21 amo=0 | data=32032000 B/step  cum=3139136000 B
step 99  updateFluff=0.120725 s  compute=0.23193 s  save=1e-06 s
  comm[99] put=3 get=159 on=21 amo=0 | data=32032000 B/step  cum=3171168000 B
step 100  updateFluff=0.126305 s  compute=0.231811 s  save=0.0 s
  comm[100] put=3 get=159 on=21 amo=0 | data=32032000 B/step  cum=3203200000 B
[mem] after run locale 0: 4265.08 MB
[mem] after run locale 1: 4265.02 MB
[mem] after run locale 2: 4265.02 MB
[mem] after run locale 3: 4265.02 MB
final field: min=1.0 max=2.0 sum=1.00518e+09
Execution time:    36.5728 s
