warning: QTHREADS: Reduced numThreadsPerLocale=20 to 16 to prevent oversubscription of the system.
warning: QTHREADS: Reduced numThreadsPerLocale=20 to 16 to prevent oversubscription of the system.
warning: QTHREADS: Reduced numThreadsPerLocale=20 to 16 to prevent oversubscription of the system.
warning: QTHREADS: Reduced numThreadsPerLocale=20 to 16 to prevent oversubscription of the system.
warning: QTHREADS: Reduced numThreadsPerLocale=20 to 16 to prevent oversubscription of the system.
warning: QTHREADS: Reduced numThreadsPerLocale=20 to 16 to prevent oversubscription of the system.
warning: QTHREADS: Reduced numThreadsPerLocale=20 to 16 to prevent oversubscription of the system.
warning: QTHREADS: Reduced numThreadsPerLocale=20 to 16 to prevent oversubscription of the system.
warning: QTHREADS: Reduced numThreadsPerLocale=20 to 16 to prevent oversubscription of the system.
[cfg] threadsPerLocale(requested)=20 numLocales=9
Initialization time: 0.429477 s
[mem] after init (u+un allocated) locale 0: 2001.43 MB
[mem] after init (u+un allocated) locale 1: 1996.23 MB
[mem] after init (u+un allocated) locale 2: 1996.23 MB
[mem] after init (u+un allocated) locale 3: 1996.23 MB
[mem] after init (u+un allocated) locale 4: 1990.29 MB
[mem] after init (u+un allocated) locale 5: 1990.29 MB
[mem] after init (u+un allocated) locale 6: 1996.23 MB
[mem] after init (u+un allocated) locale 7: 1990.29 MB
[mem] after init (u+un allocated) locale 8: 1990.29 MB
[cfg] locale 0 maxTaskPar=16
[cfg] locale 1 maxTaskPar=16
[cfg] locale 2 maxTaskPar=16
[cfg] locale 3 maxTaskPar=16
[cfg] locale 4 maxTaskPar=16
[cfg] locale 5 maxTaskPar=16
[cfg] locale 6 maxTaskPar=16
[cfg] locale 7 maxTaskPar=16
[cfg] locale 8 maxTaskPar=16
[comm] 64128000 B/step across 9 locale(s)
step 1  updateFluff=0.160039 s  compute=0.198108 s  save=0.0 s
  comm[1] put=0 get=531 on=56 amo=0 | data=64128000 B/step  cum=64128000 B
step 2  updateFluff=0.143893 s  compute=0.19825 s  save=0.0 s
  comm[2] put=9 get=528 on=64 amo=0 | data=64128000 B/step  cum=128256000 B
step 3  updateFluff=0.179538 s  compute=0.197615 s  save=0.0 s
  comm[3] put=9 get=531 on=64 amo=0 | data=64128000 B/step  cum=192384000 B
step 4  updateFluff=0.160863 s  compute=0.197291 s  save=0.0 s
  comm[4] put=9 get=528 on=64 amo=0 | data=64128000 B/step  cum=256512000 B
step 5  updateFluff=0.157738 s  compute=0.197208 s  save=0.0 s
  comm[5] put=9 get=531 on=64 amo=0 | data=64128000 B/step  cum=320640000 B
step 6  updateFluff=0.161108 s  compute=0.19778 s  save=0.0 s
  comm[6] put=9 get=528 on=64 amo=0 | data=64128000 B/step  cum=384768000 B
step 7  updateFluff=0.180063 s  compute=0.198947 s  save=0.0 s
  comm[7] put=9 get=531 on=64 amo=0 | data=64128000 B/step  cum=448896000 B
step 8  updateFluff=0.15527 s  compute=0.198074 s  save=0.0 s
  comm[8] put=9 get=528 on=64 amo=0 | data=64128000 B/step  cum=513024000 B
step 9  updateFluff=0.144413 s  compute=0.197647 s  save=0.0 s
  comm[9] put=9 get=531 on=64 amo=0 | data=64128000 B/step  cum=577152000 B
step 10  updateFluff=0.158162 s  compute=0.197643 s  save=0.0 s
  comm[10] put=9 get=528 on=64 amo=0 | data=64128000 B/step  cum=641280000 B
step 11  updateFluff=0.154401 s  compute=0.19705 s  save=0.0 s
  comm[11] put=9 get=531 on=64 amo=0 | data=64128000 B/step  cum=705408000 B
step 12  updateFluff=0.149352 s  compute=0.197739 s  save=2e-06 s
  comm[12] put=9 get=528 on=64 amo=0 | data=64128000 B/step  cum=769536000 B
step 13  updateFluff=0.161379 s  compute=0.198175 s  save=0.0 s
  comm[13] put=9 get=531 on=64 amo=0 | data=64128000 B/step  cum=833664000 B
step 14  updateFluff=0.160014 s  compute=0.199382 s  save=0.0 s
  comm[14] put=9 get=528 on=64 amo=0 | data=64128000 B/step  cum=897792000 B
step 15  updateFluff=0.157666 s  compute=0.197749 s  save=0.0 s
  comm[15] put=9 get=531 on=64 amo=0 | data=64128000 B/step  cum=961920000 B
step 16  updateFluff=0.166515 s  compute=0.1994 s  save=0.0 s
  comm[16] put=9 get=528 on=64 amo=0 | data=64128000 B/step  cum=1026048000 B
step 17  updateFluff=0.147496 s  compute=0.198665 s  save=0.0 s
  comm[17] put=9 get=531 on=64 amo=0 | data=64128000 B/step  cum=1090176000 B
step 18  updateFluff=0.160394 s  compute=0.197123 s  save=0.0 s
  comm[18] put=9 get=528 on=64 amo=0 | data=64128000 B/step  cum=1154304000 B
step 19  updateFluff=0.171983 s  compute=0.196906 s  save=0.0 s
  comm[19] put=9 get=531 on=64 amo=0 | data=64128000 B/step  cum=1218432000 B
step 20  updateFluff=0.147888 s  compute=0.197859 s  save=0.0 s
  comm[20] put=9 get=528 on=64 amo=0 | data=64128000 B/step  cum=1282560000 B
step 21  updateFluff=0.163924 s  compute=0.196791 s  save=0.0 s
  comm[21] put=9 get=531 on=64 amo=0 | data=64128000 B/step  cum=1346688000 B
step 22  updateFluff=0.181834 s  compute=0.19816 s  save=0.0 s
  comm[22] put=9 get=528 on=64 amo=0 | data=64128000 B/step  cum=1410816000 B
step 23  updateFluff=0.159155 s  compute=0.197924 s  save=0.0 s
  comm[23] put=9 get=531 on=64 amo=0 | data=64128000 B/step  cum=1474944000 B
step 24  updateFluff=0.152012 s  compute=0.195123 s  save=0.0 s
  comm[24] put=9 get=528 on=64 amo=0 | data=64128000 B/step  cum=1539072000 B
step 25  updateFluff=0.156425 s  compute=0.197713 s  save=1e-06 s
  comm[25] put=9 get=531 on=64 amo=0 | data=64128000 B/step  cum=1603200000 B
step 26  updateFluff=0.155848 s  compute=0.197399 s  save=0.0 s
  comm[26] put=9 get=528 on=64 amo=0 | data=64128000 B/step  cum=1667328000 B
step 27  updateFluff=0.177367 s  compute=0.198408 s  save=0.0 s
  comm[27] put=9 get=531 on=64 amo=0 | data=64128000 B/step  cum=1731456000 B
step 28  updateFluff=0.163692 s  compute=0.200523 s  save=0.0 s
  comm[28] put=9 get=528 on=64 amo=0 | data=64128000 B/step  cum=1795584000 B
step 29  updateFluff=0.175274 s  compute=0.198391 s  save=1e-06 s
  comm[29] put=9 get=531 on=64 amo=0 | data=64128000 B/step  cum=1859712000 B
step 30  updateFluff=0.173663 s  compute=0.200793 s  save=0.0 s
  comm[30] put=9 get=528 on=64 amo=0 | data=64128000 B/step  cum=1923840000 B
step 31  updateFluff=0.162161 s  compute=0.19862 s  save=0.0 s
  comm[31] put=9 get=531 on=64 amo=0 | data=64128000 B/step  cum=1987968000 B
step 32  updateFluff=0.142794 s  compute=0.19682 s  save=0.0 s
  comm[32] put=9 get=528 on=64 amo=0 | data=64128000 B/step  cum=2052096000 B
step 33  updateFluff=0.16006 s  compute=0.198844 s  save=0.0 s
  comm[33] put=9 get=531 on=64 amo=0 | data=64128000 B/step  cum=2116224000 B
step 34  updateFluff=0.176647 s  compute=0.197581 s  save=0.0 s
  comm[34] put=9 get=528 on=64 amo=0 | data=64128000 B/step  cum=2180352000 B
step 35  updateFluff=0.148536 s  compute=0.198963 s  save=1e-06 s
  comm[35] put=9 get=531 on=64 amo=0 | data=64128000 B/step  cum=2244480000 B
step 36  updateFluff=0.148868 s  compute=0.198227 s  save=0.0 s
  comm[36] put=9 get=528 on=64 amo=0 | data=64128000 B/step  cum=2308608000 B
step 37  updateFluff=0.161403 s  compute=0.197799 s  save=0.0 s
  comm[37] put=9 get=531 on=64 amo=0 | data=64128000 B/step  cum=2372736000 B
step 38  updateFluff=0.159786 s  compute=0.195451 s  save=1e-06 s
  comm[38] put=9 get=528 on=64 amo=0 | data=64128000 B/step  cum=2436864000 B
step 39  updateFluff=0.162677 s  compute=0.201055 s  save=0.0 s
  comm[39] put=9 get=531 on=64 amo=0 | data=64128000 B/step  cum=2500992000 B
step 40  updateFluff=0.185561 s  compute=0.199758 s  save=0.0 s
  comm[40] put=9 get=528 on=64 amo=0 | data=64128000 B/step  cum=2565120000 B
step 41  updateFluff=0.146182 s  compute=0.196717 s  save=0.0 s
  comm[41] put=9 get=531 on=64 amo=0 | data=64128000 B/step  cum=2629248000 B
step 42  updateFluff=0.145483 s  compute=0.199046 s  save=0.0 s
  comm[42] put=9 get=528 on=64 amo=0 | data=64128000 B/step  cum=2693376000 B
step 43  updateFluff=0.162794 s  compute=0.197107 s  save=0.0 s
  comm[43] put=9 get=531 on=64 amo=0 | data=64128000 B/step  cum=2757504000 B
step 44  updateFluff=0.166433 s  compute=0.19893 s  save=0.0 s
  comm[44] put=9 get=528 on=64 amo=0 | data=64128000 B/step  cum=2821632000 B
step 45  updateFluff=0.168417 s  compute=0.200897 s  save=1e-06 s
  comm[45] put=9 get=531 on=64 amo=0 | data=64128000 B/step  cum=2885760000 B
step 46  updateFluff=0.154284 s  compute=0.199707 s  save=0.0 s
  comm[46] put=9 get=528 on=64 amo=0 | data=64128000 B/step  cum=2949888000 B
step 47  updateFluff=0.183522 s  compute=0.19722 s  save=0.0 s
  comm[47] put=9 get=531 on=64 amo=0 | data=64128000 B/step  cum=3014016000 B
step 48  updateFluff=0.349384 s  compute=0.194975 s  save=0.0 s
  comm[48] put=9 get=528 on=64 amo=0 | data=64128000 B/step  cum=3078144000 B
step 49  updateFluff=0.179474 s  compute=0.196162 s  save=1e-06 s
  comm[49] put=9 get=531 on=64 amo=0 | data=64128000 B/step  cum=3142272000 B
step 50  updateFluff=0.197269 s  compute=0.198007 s  save=0.0 s
  comm[50] put=9 get=528 on=64 amo=0 | data=64128000 B/step  cum=3206400000 B
step 51  updateFluff=0.164087 s  compute=0.198685 s  save=0.0 s
  comm[51] put=9 get=531 on=64 amo=0 | data=64128000 B/step  cum=3270528000 B
step 52  updateFluff=0.180771 s  compute=0.196694 s  save=0.0 s
  comm[52] put=9 get=528 on=64 amo=0 | data=64128000 B/step  cum=3334656000 B
step 53  updateFluff=0.163994 s  compute=0.197216 s  save=0.0 s
  comm[53] put=9 get=531 on=64 amo=0 | data=64128000 B/step  cum=3398784000 B
step 54  updateFluff=0.183072 s  compute=0.197561 s  save=1e-06 s
  comm[54] put=9 get=528 on=64 amo=0 | data=64128000 B/step  cum=3462912000 B
step 55  updateFluff=0.155593 s  compute=0.198147 s  save=0.0 s
  comm[55] put=9 get=531 on=64 amo=0 | data=64128000 B/step  cum=3527040000 B
step 56  updateFluff=0.145436 s  compute=0.197597 s  save=1e-06 s
  comm[56] put=9 get=528 on=64 amo=0 | data=64128000 B/step  cum=3591168000 B
step 57  updateFluff=0.151012 s  compute=0.197317 s  save=1e-06 s
  comm[57] put=9 get=531 on=64 amo=0 | data=64128000 B/step  cum=3655296000 B
step 58  updateFluff=0.175566 s  compute=0.193082 s  save=0.0 s
  comm[58] put=9 get=528 on=64 amo=0 | data=64128000 B/step  cum=3719424000 B
step 59  updateFluff=0.165528 s  compute=0.198049 s  save=0.0 s
  comm[59] put=9 get=531 on=64 amo=0 | data=64128000 B/step  cum=3783552000 B
step 60  updateFluff=0.161465 s  compute=0.194757 s  save=0.0 s
  comm[60] put=9 get=528 on=64 amo=0 | data=64128000 B/step  cum=3847680000 B
step 61  updateFluff=0.164344 s  compute=0.193734 s  save=1e-06 s
  comm[61] put=9 get=531 on=64 amo=0 | data=64128000 B/step  cum=3911808000 B
step 62  updateFluff=0.153824 s  compute=0.198047 s  save=0.0 s
  comm[62] put=9 get=528 on=64 amo=0 | data=64128000 B/step  cum=3975936000 B
step 63  updateFluff=0.152291 s  compute=0.199084 s  save=0.0 s
  comm[63] put=9 get=531 on=64 amo=0 | data=64128000 B/step  cum=4040064000 B
step 64  updateFluff=0.163438 s  compute=0.199898 s  save=0.0 s
  comm[64] put=9 get=528 on=64 amo=0 | data=64128000 B/step  cum=4104192000 B
step 65  updateFluff=0.156146 s  compute=0.198139 s  save=0.0 s
  comm[65] put=9 get=531 on=64 amo=0 | data=64128000 B/step  cum=4168320000 B
step 66  updateFluff=0.16277 s  compute=0.19645 s  save=0.0 s
  comm[66] put=9 get=528 on=64 amo=0 | data=64128000 B/step  cum=4232448000 B
step 67  updateFluff=0.170119 s  compute=0.19773 s  save=1e-06 s
  comm[67] put=9 get=531 on=64 amo=0 | data=64128000 B/step  cum=4296576000 B
step 68  updateFluff=0.16235 s  compute=0.197827 s  save=0.0 s
  comm[68] put=9 get=528 on=64 amo=0 | data=64128000 B/step  cum=4360704000 B
step 69  updateFluff=0.16379 s  compute=0.200116 s  save=1e-06 s
  comm[69] put=9 get=531 on=64 amo=0 | data=64128000 B/step  cum=4424832000 B
step 70  updateFluff=0.139223 s  compute=0.195943 s  save=1e-06 s
  comm[70] put=9 get=528 on=64 amo=0 | data=64128000 B/step  cum=4488960000 B
step 71  updateFluff=0.15812 s  compute=0.199325 s  save=0.0 s
  comm[71] put=9 get=531 on=64 amo=0 | data=64128000 B/step  cum=4553088000 B
step 72  updateFluff=0.1517 s  compute=0.197079 s  save=0.0 s
  comm[72] put=9 get=528 on=64 amo=0 | data=64128000 B/step  cum=4617216000 B
step 73  updateFluff=0.158354 s  compute=0.198313 s  save=0.0 s
  comm[73] put=9 get=531 on=64 amo=0 | data=64128000 B/step  cum=4681344000 B
step 74  updateFluff=0.15042 s  compute=0.19795 s  save=0.0 s
  comm[74] put=9 get=528 on=64 amo=0 | data=64128000 B/step  cum=4745472000 B
step 75  updateFluff=0.176195 s  compute=0.19888 s  save=0.0 s
  comm[75] put=9 get=531 on=64 amo=0 | data=64128000 B/step  cum=4809600000 B
step 76  updateFluff=0.147295 s  compute=0.197305 s  save=0.0 s
  comm[76] put=9 get=528 on=64 amo=0 | data=64128000 B/step  cum=4873728000 B
step 77  updateFluff=0.167995 s  compute=0.195229 s  save=0.0 s
  comm[77] put=9 get=531 on=64 amo=0 | data=64128000 B/step  cum=4937856000 B
step 78  updateFluff=0.156982 s  compute=0.19795 s  save=0.0 s
  comm[78] put=9 get=528 on=64 amo=0 | data=64128000 B/step  cum=5001984000 B
step 79  updateFluff=0.176763 s  compute=0.195393 s  save=0.0 s
  comm[79] put=9 get=531 on=64 amo=0 | data=64128000 B/step  cum=5066112000 B
step 80  updateFluff=0.160412 s  compute=0.196796 s  save=0.0 s
  comm[80] put=9 get=528 on=64 amo=0 | data=64128000 B/step  cum=5130240000 B
step 81  updateFluff=0.180733 s  compute=0.197274 s  save=0.0 s
  comm[81] put=9 get=531 on=64 amo=0 | data=64128000 B/step  cum=5194368000 B
step 82  updateFluff=0.16218 s  compute=0.194013 s  save=0.0 s
  comm[82] put=9 get=528 on=64 amo=0 | data=64128000 B/step  cum=5258496000 B
step 83  updateFluff=0.188173 s  compute=0.198268 s  save=0.0 s
  comm[83] put=9 get=531 on=64 amo=0 | data=64128000 B/step  cum=5322624000 B
step 84  updateFluff=0.15361 s  compute=0.197979 s  save=0.0 s
  comm[84] put=9 get=528 on=64 amo=0 | data=64128000 B/step  cum=5386752000 B
step 85  updateFluff=0.168235 s  compute=0.199421 s  save=1e-06 s
  comm[85] put=9 get=531 on=64 amo=0 | data=64128000 B/step  cum=5450880000 B
step 86  updateFluff=0.163191 s  compute=0.196182 s  save=0.0 s
  comm[86] put=9 get=528 on=64 amo=0 | data=64128000 B/step  cum=5515008000 B
step 87  updateFluff=0.144158 s  compute=0.198819 s  save=0.0 s
  comm[87] put=9 get=531 on=64 amo=0 | data=64128000 B/step  cum=5579136000 B
step 88  updateFluff=0.13363 s  compute=0.19779 s  save=1e-06 s
  comm[88] put=9 get=528 on=64 amo=0 | data=64128000 B/step  cum=5643264000 B
step 89  updateFluff=0.156969 s  compute=0.198476 s  save=0.0 s
  comm[89] put=9 get=531 on=64 amo=0 | data=64128000 B/step  cum=5707392000 B
step 90  updateFluff=0.158485 s  compute=0.199022 s  save=1e-06 s
  comm[90] put=9 get=528 on=64 amo=0 | data=64128000 B/step  cum=5771520000 B
step 91  updateFluff=0.174624 s  compute=0.196836 s  save=0.0 s
  comm[91] put=9 get=531 on=64 amo=0 | data=64128000 B/step  cum=5835648000 B
step 92  updateFluff=0.154463 s  compute=0.200896 s  save=1e-06 s
  comm[92] put=9 get=528 on=64 amo=0 | data=64128000 B/step  cum=5899776000 B
step 93  updateFluff=0.154876 s  compute=0.201473 s  save=0.0 s
  comm[93] put=9 get=531 on=64 amo=0 | data=64128000 B/step  cum=5963904000 B
step 94  updateFluff=0.145152 s  compute=0.199989 s  save=0.0 s
  comm[94] put=9 get=528 on=64 amo=0 | data=64128000 B/step  cum=6028032000 B
step 95  updateFluff=0.157736 s  compute=0.201482 s  save=0.0 s
  comm[95] put=9 get=531 on=64 amo=0 | data=64128000 B/step  cum=6092160000 B
step 96  updateFluff=0.162076 s  compute=0.2003 s  save=0.0 s
  comm[96] put=9 get=528 on=64 amo=0 | data=64128000 B/step  cum=6156288000 B
step 97  updateFluff=0.153657 s  compute=0.197676 s  save=0.0 s
  comm[97] put=9 get=531 on=64 amo=0 | data=64128000 B/step  cum=6220416000 B
step 98  updateFluff=0.165493 s  compute=0.197942 s  save=0.0 s
  comm[98] put=9 get=528 on=64 amo=0 | data=64128000 B/step  cum=6284544000 B
step 99  updateFluff=0.171354 s  compute=0.199297 s  save=0.0 s
  comm[99] put=9 get=531 on=64 amo=0 | data=64128000 B/step  cum=6348672000 B
step 100  updateFluff=0.159896 s  compute=0.1947 s  save=1e-06 s
  comm[100] put=9 get=528 on=64 amo=0 | data=64128000 B/step  cum=6412800000 B
[mem] after run locale 0: 2001.43 MB
[mem] after run locale 1: 1996.23 MB
[mem] after run locale 2: 1996.23 MB
[mem] after run locale 3: 1996.23 MB
[mem] after run locale 4: 1990.29 MB
[mem] after run locale 5: 1990.29 MB
[mem] after run locale 6: 1996.23 MB
[mem] after run locale 7: 1990.29 MB
[mem] after run locale 8: 1990.29 MB
final field: min=1.0 max=2.0 sum=1.00518e+09
Execution time:    36.6748 s
