warning: QTHREADS: Reduced numThreadsPerLocale=20 to 16 to prevent oversubscription of the system.
warning: QTHREADS: Reduced numThreadsPerLocale=20 to 16 to prevent oversubscription of the system.
warning: QTHREADS: Reduced numThreadsPerLocale=20 to 16 to prevent oversubscription of the system.
warning: QTHREADS: Reduced numThreadsPerLocale=20 to 16 to prevent oversubscription of the system.
warning: QTHREADS: Reduced numThreadsPerLocale=20 to 16 to prevent oversubscription of the system.
warning: QTHREADS: Reduced numThreadsPerLocale=20 to 16 to prevent oversubscription of the system.
warning: QTHREADS: Reduced numThreadsPerLocale=20 to 16 to prevent oversubscription of the system.
warning: QTHREADS: Reduced numThreadsPerLocale=20 to 16 to prevent oversubscription of the system.
warning: QTHREADS: Reduced numThreadsPerLocale=20 to 16 to prevent oversubscription of the system.
[cfg] threadsPerLocale(requested)=20 numLocales=9
Initialization time: 0.12904 s
[mem] after init (u+un allocated) locale 0: 287.702 MB
[mem] after init (u+un allocated) locale 1: 287.639 MB
[mem] after init (u+un allocated) locale 2: 286.344 MB
[mem] after init (u+un allocated) locale 3: 287.639 MB
[mem] after init (u+un allocated) locale 4: 287.639 MB
[mem] after init (u+un allocated) locale 5: 286.344 MB
[mem] after init (u+un allocated) locale 6: 286.344 MB
[mem] after init (u+un allocated) locale 7: 286.344 MB
[mem] after init (u+un allocated) locale 8: 284.645 MB
[cfg] locale 0 maxTaskPar=16
[cfg] locale 1 maxTaskPar=16
[cfg] locale 2 maxTaskPar=16
[cfg] locale 3 maxTaskPar=16
[cfg] locale 4 maxTaskPar=16
[cfg] locale 5 maxTaskPar=16
[cfg] locale 6 maxTaskPar=16
[cfg] locale 7 maxTaskPar=16
[cfg] locale 8 maxTaskPar=16
[comm] 16064000 B/step across 9 locale(s)
step 1  updateFluff=0.057836 s  compute=0.018752 s  save=0.0 s
  comm[1] put=0 get=531 on=56 amo=0 | data=16064000 B/step  cum=16064000 B
step 2  updateFluff=0.053051 s  compute=0.019169 s  save=1e-06 s
  comm[2] put=9 get=528 on=64 amo=0 | data=16064000 B/step  cum=32128000 B
step 3  updateFluff=0.050237 s  compute=0.019194 s  save=0.0 s
  comm[3] put=9 get=531 on=64 amo=0 | data=16064000 B/step  cum=48192000 B
step 4  updateFluff=0.053299 s  compute=0.019001 s  save=0.0 s
  comm[4] put=9 get=528 on=64 amo=0 | data=16064000 B/step  cum=64256000 B
step 5  updateFluff=0.055731 s  compute=0.019001 s  save=1e-06 s
  comm[5] put=9 get=531 on=64 amo=0 | data=16064000 B/step  cum=80320000 B
step 6  updateFluff=0.049942 s  compute=0.019002 s  save=0.0 s
  comm[6] put=9 get=528 on=64 amo=0 | data=16064000 B/step  cum=96384000 B
step 7  updateFluff=0.049096 s  compute=0.019184 s  save=0.0 s
  comm[7] put=9 get=531 on=64 amo=0 | data=16064000 B/step  cum=112448000 B
step 8  updateFluff=0.050291 s  compute=0.019406 s  save=0.0 s
  comm[8] put=9 get=528 on=64 amo=0 | data=16064000 B/step  cum=128512000 B
step 9  updateFluff=0.050935 s  compute=0.019112 s  save=0.0 s
  comm[9] put=9 get=531 on=64 amo=0 | data=16064000 B/step  cum=144576000 B
step 10  updateFluff=0.050199 s  compute=0.019403 s  save=0.0 s
  comm[10] put=9 get=528 on=64 amo=0 | data=16064000 B/step  cum=160640000 B
step 11  updateFluff=0.048689 s  compute=0.019253 s  save=0.0 s
  comm[11] put=9 get=531 on=64 amo=0 | data=16064000 B/step  cum=176704000 B
step 12  updateFluff=0.049908 s  compute=0.018007 s  save=0.0 s
  comm[12] put=9 get=528 on=64 amo=0 | data=16064000 B/step  cum=192768000 B
step 13  updateFluff=0.054897 s  compute=0.019208 s  save=0.0 s
  comm[13] put=9 get=531 on=64 amo=0 | data=16064000 B/step  cum=208832000 B
step 14  updateFluff=0.050921 s  compute=0.019306 s  save=0.0 s
  comm[14] put=9 get=528 on=64 amo=0 | data=16064000 B/step  cum=224896000 B
step 15  updateFluff=0.052328 s  compute=0.019079 s  save=0.0 s
  comm[15] put=9 get=531 on=64 amo=0 | data=16064000 B/step  cum=240960000 B
step 16  updateFluff=0.045612 s  compute=0.018452 s  save=0.0 s
  comm[16] put=9 get=528 on=64 amo=0 | data=16064000 B/step  cum=257024000 B
step 17  updateFluff=0.054483 s  compute=0.018838 s  save=0.0 s
  comm[17] put=9 get=531 on=64 amo=0 | data=16064000 B/step  cum=273088000 B
step 18  updateFluff=0.052836 s  compute=0.018909 s  save=0.0 s
  comm[18] put=9 get=528 on=64 amo=0 | data=16064000 B/step  cum=289152000 B
step 19  updateFluff=0.056067 s  compute=0.019564 s  save=0.0 s
  comm[19] put=9 get=531 on=64 amo=0 | data=16064000 B/step  cum=305216000 B
step 20  updateFluff=0.050826 s  compute=0.019031 s  save=0.0 s
  comm[20] put=9 get=528 on=64 amo=0 | data=16064000 B/step  cum=321280000 B
step 21  updateFluff=0.051826 s  compute=0.018719 s  save=0.0 s
  comm[21] put=9 get=531 on=64 amo=0 | data=16064000 B/step  cum=337344000 B
step 22  updateFluff=0.047599 s  compute=0.019067 s  save=0.0 s
  comm[22] put=9 get=528 on=64 amo=0 | data=16064000 B/step  cum=353408000 B
step 23  updateFluff=0.04747 s  compute=0.018877 s  save=0.0 s
  comm[23] put=9 get=531 on=64 amo=0 | data=16064000 B/step  cum=369472000 B
step 24  updateFluff=0.054489 s  compute=0.019525 s  save=0.0 s
  comm[24] put=9 get=528 on=64 amo=0 | data=16064000 B/step  cum=385536000 B
step 25  updateFluff=0.051994 s  compute=0.017899 s  save=0.0 s
  comm[25] put=9 get=531 on=64 amo=0 | data=16064000 B/step  cum=401600000 B
step 26  updateFluff=0.055608 s  compute=0.019506 s  save=0.0 s
  comm[26] put=9 get=528 on=64 amo=0 | data=16064000 B/step  cum=417664000 B
step 27  updateFluff=0.052776 s  compute=0.019111 s  save=0.0 s
  comm[27] put=9 get=531 on=64 amo=0 | data=16064000 B/step  cum=433728000 B
step 28  updateFluff=0.057553 s  compute=0.019178 s  save=1e-06 s
  comm[28] put=9 get=528 on=64 amo=0 | data=16064000 B/step  cum=449792000 B
step 29  updateFluff=0.05081 s  compute=0.019534 s  save=0.0 s
  comm[29] put=9 get=531 on=64 amo=0 | data=16064000 B/step  cum=465856000 B
step 30  updateFluff=0.051254 s  compute=0.018874 s  save=0.0 s
  comm[30] put=9 get=528 on=64 amo=0 | data=16064000 B/step  cum=481920000 B
step 31  updateFluff=0.048318 s  compute=0.019849 s  save=0.0 s
  comm[31] put=9 get=531 on=64 amo=0 | data=16064000 B/step  cum=497984000 B
step 32  updateFluff=0.055888 s  compute=0.019008 s  save=0.0 s
  comm[32] put=9 get=528 on=64 amo=0 | data=16064000 B/step  cum=514048000 B
step 33  updateFluff=0.057471 s  compute=0.019214 s  save=0.0 s
  comm[33] put=9 get=531 on=64 amo=0 | data=16064000 B/step  cum=530112000 B
step 34  updateFluff=0.050536 s  compute=0.019239 s  save=0.0 s
  comm[34] put=9 get=528 on=64 amo=0 | data=16064000 B/step  cum=546176000 B
step 35  updateFluff=0.049732 s  compute=0.019534 s  save=0.0 s
  comm[35] put=9 get=531 on=64 amo=0 | data=16064000 B/step  cum=562240000 B
step 36  updateFluff=0.054792 s  compute=0.019401 s  save=0.0 s
  comm[36] put=9 get=528 on=64 amo=0 | data=16064000 B/step  cum=578304000 B
step 37  updateFluff=0.055725 s  compute=0.019452 s  save=0.0 s
  comm[37] put=9 get=531 on=64 amo=0 | data=16064000 B/step  cum=594368000 B
step 38  updateFluff=0.050775 s  compute=0.018786 s  save=0.0 s
  comm[38] put=9 get=528 on=64 amo=0 | data=16064000 B/step  cum=610432000 B
step 39  updateFluff=0.048084 s  compute=0.02041 s  save=1e-06 s
  comm[39] put=9 get=531 on=64 amo=0 | data=16064000 B/step  cum=626496000 B
step 40  updateFluff=0.050972 s  compute=0.019361 s  save=0.0 s
  comm[40] put=9 get=528 on=64 amo=0 | data=16064000 B/step  cum=642560000 B
step 41  updateFluff=0.045274 s  compute=0.019099 s  save=0.0 s
  comm[41] put=9 get=531 on=64 amo=0 | data=16064000 B/step  cum=658624000 B
step 42  updateFluff=0.052467 s  compute=0.019238 s  save=1e-06 s
  comm[42] put=9 get=528 on=64 amo=0 | data=16064000 B/step  cum=674688000 B
step 43  updateFluff=0.05205 s  compute=0.019231 s  save=0.0 s
  comm[43] put=9 get=531 on=64 amo=0 | data=16064000 B/step  cum=690752000 B
step 44  updateFluff=0.050025 s  compute=0.019341 s  save=1e-06 s
  comm[44] put=9 get=528 on=64 amo=0 | data=16064000 B/step  cum=706816000 B
step 45  updateFluff=0.052139 s  compute=0.019757 s  save=0.0 s
  comm[45] put=9 get=531 on=64 amo=0 | data=16064000 B/step  cum=722880000 B
step 46  updateFluff=0.052969 s  compute=0.02033 s  save=0.0 s
  comm[46] put=9 get=528 on=64 amo=0 | data=16064000 B/step  cum=738944000 B
step 47  updateFluff=0.057646 s  compute=0.019284 s  save=0.0 s
  comm[47] put=9 get=531 on=64 amo=0 | data=16064000 B/step  cum=755008000 B
step 48  updateFluff=0.052122 s  compute=0.02028 s  save=0.0 s
  comm[48] put=9 get=528 on=64 amo=0 | data=16064000 B/step  cum=771072000 B
step 49  updateFluff=0.045254 s  compute=0.019768 s  save=0.0 s
  comm[49] put=9 get=531 on=64 amo=0 | data=16064000 B/step  cum=787136000 B
step 50  updateFluff=0.047857 s  compute=0.018956 s  save=0.0 s
  comm[50] put=9 get=528 on=64 amo=0 | data=16064000 B/step  cum=803200000 B
step 51  updateFluff=0.05757 s  compute=0.019403 s  save=1e-06 s
  comm[51] put=9 get=531 on=64 amo=0 | data=16064000 B/step  cum=819264000 B
step 52  updateFluff=0.0532 s  compute=0.018829 s  save=0.0 s
  comm[52] put=9 get=528 on=64 amo=0 | data=16064000 B/step  cum=835328000 B
step 53  updateFluff=0.051805 s  compute=0.01879 s  save=1e-06 s
  comm[53] put=9 get=531 on=64 amo=0 | data=16064000 B/step  cum=851392000 B
step 54  updateFluff=0.054153 s  compute=0.018806 s  save=1e-06 s
  comm[54] put=9 get=528 on=64 amo=0 | data=16064000 B/step  cum=867456000 B
step 55  updateFluff=0.055972 s  compute=0.019324 s  save=1e-06 s
  comm[55] put=9 get=531 on=64 amo=0 | data=16064000 B/step  cum=883520000 B
step 56  updateFluff=0.050707 s  compute=0.019415 s  save=0.0 s
  comm[56] put=9 get=528 on=64 amo=0 | data=16064000 B/step  cum=899584000 B
step 57  updateFluff=0.045672 s  compute=0.01935 s  save=0.0 s
  comm[57] put=9 get=531 on=64 amo=0 | data=16064000 B/step  cum=915648000 B
step 58  updateFluff=0.051023 s  compute=0.019476 s  save=0.0 s
  comm[58] put=9 get=528 on=64 amo=0 | data=16064000 B/step  cum=931712000 B
step 59  updateFluff=0.053475 s  compute=0.019279 s  save=0.0 s
  comm[59] put=9 get=531 on=64 amo=0 | data=16064000 B/step  cum=947776000 B
step 60  updateFluff=0.053677 s  compute=0.018916 s  save=0.0 s
  comm[60] put=9 get=528 on=64 amo=0 | data=16064000 B/step  cum=963840000 B
step 61  updateFluff=0.055472 s  compute=0.01999 s  save=0.0 s
  comm[61] put=9 get=531 on=64 amo=0 | data=16064000 B/step  cum=979904000 B
step 62  updateFluff=0.049815 s  compute=0.019891 s  save=0.0 s
  comm[62] put=9 get=528 on=64 amo=0 | data=16064000 B/step  cum=995968000 B
step 63  updateFluff=0.046674 s  compute=0.019335 s  save=0.0 s
  comm[63] put=9 get=531 on=64 amo=0 | data=16064000 B/step  cum=1012032000 B
step 64  updateFluff=0.05297 s  compute=0.018826 s  save=0.0 s
  comm[64] put=9 get=528 on=64 amo=0 | data=16064000 B/step  cum=1028096000 B
step 65  updateFluff=0.05095 s  compute=0.019463 s  save=0.0 s
  comm[65] put=9 get=531 on=64 amo=0 | data=16064000 B/step  cum=1044160000 B
step 66  updateFluff=0.045521 s  compute=0.019289 s  save=0.0 s
  comm[66] put=9 get=528 on=64 amo=0 | data=16064000 B/step  cum=1060224000 B
step 67  updateFluff=0.053787 s  compute=0.019193 s  save=0.0 s
  comm[67] put=9 get=531 on=64 amo=0 | data=16064000 B/step  cum=1076288000 B
step 68  updateFluff=0.049743 s  compute=0.019052 s  save=0.0 s
  comm[68] put=9 get=528 on=64 amo=0 | data=16064000 B/step  cum=1092352000 B
step 69  updateFluff=0.055767 s  compute=0.020164 s  save=0.0 s
  comm[69] put=9 get=531 on=64 amo=0 | data=16064000 B/step  cum=1108416000 B
step 70  updateFluff=0.055499 s  compute=0.019977 s  save=0.0 s
  comm[70] put=9 get=528 on=64 amo=0 | data=16064000 B/step  cum=1124480000 B
step 71  updateFluff=0.049941 s  compute=0.020103 s  save=0.0 s
  comm[71] put=9 get=531 on=64 amo=0 | data=16064000 B/step  cum=1140544000 B
step 72  updateFluff=0.049505 s  compute=0.020307 s  save=0.0 s
  comm[72] put=9 get=528 on=64 amo=0 | data=16064000 B/step  cum=1156608000 B
step 73  updateFluff=0.054721 s  compute=0.018943 s  save=0.0 s
  comm[73] put=9 get=531 on=64 amo=0 | data=16064000 B/step  cum=1172672000 B
step 74  updateFluff=0.057414 s  compute=0.0189 s  save=0.0 s
  comm[74] put=9 get=528 on=64 amo=0 | data=16064000 B/step  cum=1188736000 B
step 75  updateFluff=0.055717 s  compute=0.020225 s  save=1e-06 s
  comm[75] put=9 get=531 on=64 amo=0 | data=16064000 B/step  cum=1204800000 B
step 76  updateFluff=0.046677 s  compute=0.018983 s  save=0.0 s
  comm[76] put=9 get=528 on=64 amo=0 | data=16064000 B/step  cum=1220864000 B
step 77  updateFluff=0.05087 s  compute=0.019972 s  save=1e-06 s
  comm[77] put=9 get=531 on=64 amo=0 | data=16064000 B/step  cum=1236928000 B
step 78  updateFluff=0.046189 s  compute=0.018986 s  save=0.0 s
  comm[78] put=9 get=528 on=64 amo=0 | data=16064000 B/step  cum=1252992000 B
step 79  updateFluff=0.051422 s  compute=0.019151 s  save=0.0 s
  comm[79] put=9 get=531 on=64 amo=0 | data=16064000 B/step  cum=1269056000 B
step 80  updateFluff=0.052081 s  compute=0.019024 s  save=0.0 s
  comm[80] put=9 get=528 on=64 amo=0 | data=16064000 B/step  cum=1285120000 B
step 81  updateFluff=0.050551 s  compute=0.019147 s  save=0.0 s
  comm[81] put=9 get=531 on=64 amo=0 | data=16064000 B/step  cum=1301184000 B
step 82  updateFluff=0.055097 s  compute=0.018869 s  save=0.0 s
  comm[82] put=9 get=528 on=64 amo=0 | data=16064000 B/step  cum=1317248000 B
step 83  updateFluff=0.056296 s  compute=0.019443 s  save=1e-06 s
  comm[83] put=9 get=531 on=64 amo=0 | data=16064000 B/step  cum=1333312000 B
step 84  updateFluff=0.058208 s  compute=0.019229 s  save=0.0 s
  comm[84] put=9 get=528 on=64 amo=0 | data=16064000 B/step  cum=1349376000 B
step 85  updateFluff=0.050814 s  compute=0.019301 s  save=0.0 s
  comm[85] put=9 get=531 on=64 amo=0 | data=16064000 B/step  cum=1365440000 B
step 86  updateFluff=0.052532 s  compute=0.019379 s  save=0.0 s
  comm[86] put=9 get=528 on=64 amo=0 | data=16064000 B/step  cum=1381504000 B
step 87  updateFluff=0.049134 s  compute=0.01931 s  save=0.0 s
  comm[87] put=9 get=531 on=64 amo=0 | data=16064000 B/step  cum=1397568000 B
step 88  updateFluff=0.052574 s  compute=0.019049 s  save=0.0 s
  comm[88] put=9 get=528 on=64 amo=0 | data=16064000 B/step  cum=1413632000 B
step 89  updateFluff=0.05879 s  compute=0.019483 s  save=0.0 s
  comm[89] put=9 get=531 on=64 amo=0 | data=16064000 B/step  cum=1429696000 B
step 90  updateFluff=0.04619 s  compute=0.019598 s  save=0.0 s
  comm[90] put=9 get=528 on=64 amo=0 | data=16064000 B/step  cum=1445760000 B
step 91  updateFluff=0.051631 s  compute=0.019408 s  save=0.0 s
  comm[91] put=9 get=531 on=64 amo=0 | data=16064000 B/step  cum=1461824000 B
step 92  updateFluff=0.04953 s  compute=0.019412 s  save=0.0 s
  comm[92] put=9 get=528 on=64 amo=0 | data=16064000 B/step  cum=1477888000 B
step 93  updateFluff=0.053254 s  compute=0.019409 s  save=1e-06 s
  comm[93] put=9 get=531 on=64 amo=0 | data=16064000 B/step  cum=1493952000 B
step 94  updateFluff=0.050562 s  compute=0.019123 s  save=0.0 s
  comm[94] put=9 get=528 on=64 amo=0 | data=16064000 B/step  cum=1510016000 B
step 95  updateFluff=0.05356 s  compute=0.019511 s  save=0.0 s
  comm[95] put=9 get=531 on=64 amo=0 | data=16064000 B/step  cum=1526080000 B
step 96  updateFluff=0.056266 s  compute=0.019261 s  save=0.0 s
  comm[96] put=9 get=528 on=64 amo=0 | data=16064000 B/step  cum=1542144000 B
step 97  updateFluff=0.049298 s  compute=0.019566 s  save=0.0 s
  comm[97] put=9 get=531 on=64 amo=0 | data=16064000 B/step  cum=1558208000 B
step 98  updateFluff=0.049934 s  compute=0.018585 s  save=0.0 s
  comm[98] put=9 get=528 on=64 amo=0 | data=16064000 B/step  cum=1574272000 B
step 99  updateFluff=0.05467 s  compute=0.019617 s  save=0.0 s
  comm[99] put=9 get=531 on=64 amo=0 | data=16064000 B/step  cum=1590336000 B
step 100  updateFluff=0.048836 s  compute=0.019497 s  save=0.0 s
  comm[100] put=9 get=528 on=64 amo=0 | data=16064000 B/step  cum=1606400000 B
[mem] after run locale 0: 287.702 MB
[mem] after run locale 1: 287.639 MB
[mem] after run locale 2: 286.344 MB
[mem] after run locale 3: 287.639 MB
[mem] after run locale 4: 287.639 MB
[mem] after run locale 5: 286.344 MB
[mem] after run locale 6: 286.344 MB
[mem] after run locale 7: 286.344 MB
[mem] after run locale 8: 284.645 MB
final field: min=1.0 max=2.0 sum=1.26284e+08
Execution time:    7.58775 s
