[cfg] threadsPerLocale(requested)=20 numLocales=9
warning: QTHREADS: Reduced numThreadsPerLocale=20 to 16 to prevent oversubscription of the system.
warning: QTHREADS: Reduced numThreadsPerLocale=20 to 16 to prevent oversubscription of the system.
warning: QTHREADS: Reduced numThreadsPerLocale=20 to 16 to prevent oversubscription of the system.
warning: QTHREADS: Reduced numThreadsPerLocale=20 to 16 to prevent oversubscription of the system.
warning: QTHREADS: Reduced numThreadsPerLocale=20 to 16 to prevent oversubscription of the system.
warning: QTHREADS: Reduced numThreadsPerLocale=20 to 16 to prevent oversubscription of the system.
warning: QTHREADS: Reduced numThreadsPerLocale=20 to 16 to prevent oversubscription of the system.
warning: QTHREADS: Reduced numThreadsPerLocale=20 to 16 to prevent oversubscription of the system.
warning: QTHREADS: Reduced numThreadsPerLocale=20 to 16 to prevent oversubscription of the system.
Initialization time: 0.298814 s
[cfg] locale 0 maxTaskPar=16
[cfg] locale 1 maxTaskPar=16
[cfg] locale 2 maxTaskPar=16
[cfg] locale 3 maxTaskPar=16
[cfg] locale 4 maxTaskPar=16
[cfg] locale 5 maxTaskPar=16
[cfg] locale 6 maxTaskPar=16
[cfg] locale 7 maxTaskPar=16
[cfg] locale 8 maxTaskPar=16
step 1  updateFluff=0.194819 s  compute=0.001832 s  save=0.0 s
step 2  updateFluff=0.198501 s  compute=0.001756 s  save=0.0 s
step 3  updateFluff=0.196431 s  compute=0.001813 s  save=0.0 s
step 4  updateFluff=0.196104 s  compute=0.001971 s  save=0.0 s
step 5  updateFluff=0.196325 s  compute=0.001875 s  save=0.0 s
step 6  updateFluff=0.197134 s  compute=0.001812 s  save=0.0 s
step 7  updateFluff=0.196859 s  compute=0.001819 s  save=0.0 s
step 8  updateFluff=0.19858 s  compute=0.001956 s  save=0.0 s
step 9  updateFluff=0.198349 s  compute=0.001948 s  save=0.0 s
step 10  updateFluff=0.197368 s  compute=0.001729 s  save=0.0 s
step 11  updateFluff=0.197366 s  compute=0.001752 s  save=0.0 s
step 12  updateFluff=0.197279 s  compute=0.001887 s  save=0.0 s
step 13  updateFluff=0.196824 s  compute=0.001869 s  save=0.0 s
step 14  updateFluff=0.196389 s  compute=0.001888 s  save=0.0 s
step 15  updateFluff=0.19642 s  compute=0.001842 s  save=0.0 s
step 16  updateFluff=0.19606 s  compute=0.0019 s  save=0.0 s
step 17  updateFluff=0.19661 s  compute=0.00182 s  save=0.0 s
step 18  updateFluff=0.19753 s  compute=0.001822 s  save=0.0 s
step 19  updateFluff=0.196668 s  compute=0.001894 s  save=0.0 s
step 20  updateFluff=0.196742 s  compute=0.001878 s  save=0.0 s
step 21  updateFluff=0.197413 s  compute=0.001824 s  save=0.0 s
step 22  updateFluff=0.196416 s  compute=0.001816 s  save=0.0 s
step 23  updateFluff=0.19659 s  compute=0.001817 s  save=0.0 s
step 24  updateFluff=0.196966 s  compute=0.001873 s  save=0.0 s
step 25  updateFluff=0.197978 s  compute=0.001889 s  save=0.0 s
step 26  updateFluff=0.19813 s  compute=0.001876 s  save=0.0 s
step 27  updateFluff=0.197535 s  compute=0.001853 s  save=1e-06 s
step 28  updateFluff=0.196392 s  compute=0.001862 s  save=0.0 s
step 29  updateFluff=0.197641 s  compute=0.001877 s  save=0.0 s
step 30  updateFluff=0.197096 s  compute=0.00183 s  save=0.0 s
step 31  updateFluff=0.196626 s  compute=0.001896 s  save=0.0 s
step 32  updateFluff=0.197356 s  compute=0.001905 s  save=0.0 s
step 33  updateFluff=0.197046 s  compute=0.001873 s  save=0.0 s
step 34  updateFluff=0.19685 s  compute=0.001749 s  save=0.0 s
step 35  updateFluff=0.197158 s  compute=0.001859 s  save=0.0 s
step 36  updateFluff=0.197065 s  compute=0.001869 s  save=0.0 s
step 37  updateFluff=0.197507 s  compute=0.001965 s  save=1e-06 s
step 38  updateFluff=0.196067 s  compute=0.001869 s  save=0.0 s
step 39  updateFluff=0.197045 s  compute=0.001757 s  save=0.0 s
step 40  updateFluff=0.196688 s  compute=0.001903 s  save=0.0 s
step 41  updateFluff=0.197709 s  compute=0.001901 s  save=0.0 s
step 42  updateFluff=0.197042 s  compute=0.001888 s  save=0.0 s
step 43  updateFluff=0.198184 s  compute=0.001894 s  save=0.0 s
step 44  updateFluff=0.196579 s  compute=0.001872 s  save=0.0 s
step 45  updateFluff=0.196384 s  compute=0.001973 s  save=0.0 s
step 46  updateFluff=0.197002 s  compute=0.001817 s  save=0.0 s
step 47  updateFluff=0.196931 s  compute=0.001871 s  save=0.0 s
step 48  updateFluff=0.196849 s  compute=0.00183 s  save=0.0 s
step 49  updateFluff=0.198306 s  compute=0.001744 s  save=0.0 s
step 50  updateFluff=0.196993 s  compute=0.001748 s  save=0.0 s
step 51  updateFluff=0.196897 s  compute=0.001924 s  save=0.0 s
step 52  updateFluff=0.196768 s  compute=0.001888 s  save=0.0 s
step 53  updateFluff=0.196988 s  compute=0.00197 s  save=0.0 s
step 54  updateFluff=0.196359 s  compute=0.001932 s  save=1e-06 s
step 55  updateFluff=0.196069 s  compute=0.001828 s  save=0.0 s
step 56  updateFluff=0.196704 s  compute=0.001884 s  save=0.0 s
step 57  updateFluff=0.197044 s  compute=0.00186 s  save=0.0 s
step 58  updateFluff=0.196812 s  compute=0.00183 s  save=0.0 s
step 59  updateFluff=0.19684 s  compute=0.00182 s  save=0.0 s
step 60  updateFluff=0.198118 s  compute=0.001869 s  save=0.0 s
step 61  updateFluff=0.196778 s  compute=0.001908 s  save=1e-06 s
step 62  updateFluff=0.196791 s  compute=0.001837 s  save=0.0 s
step 63  updateFluff=0.197156 s  compute=0.001867 s  save=0.0 s
step 64  updateFluff=0.196694 s  compute=0.00186 s  save=0.0 s
step 65  updateFluff=0.196353 s  compute=0.001809 s  save=0.0 s
step 66  updateFluff=0.19772 s  compute=0.001821 s  save=0.0 s
step 67  updateFluff=0.197118 s  compute=0.001741 s  save=0.0 s
step 68  updateFluff=0.198016 s  compute=0.001756 s  save=0.0 s
step 69  updateFluff=0.197597 s  compute=0.00186 s  save=0.0 s
step 70  updateFluff=0.198289 s  compute=0.001744 s  save=0.0 s
step 71  updateFluff=0.19697 s  compute=0.001754 s  save=0.0 s
step 72  updateFluff=0.196345 s  compute=0.00187 s  save=0.0 s
step 73  updateFluff=0.196281 s  compute=0.001893 s  save=0.0 s
step 74  updateFluff=0.19699 s  compute=0.001871 s  save=0.0 s
step 75  updateFluff=0.196429 s  compute=0.001828 s  save=0.0 s
step 76  updateFluff=0.198385 s  compute=0.001828 s  save=0.0 s
step 77  updateFluff=0.196822 s  compute=0.001872 s  save=0.0 s
step 78  updateFluff=0.197863 s  compute=0.00189 s  save=0.0 s
step 79  updateFluff=0.198543 s  compute=0.001893 s  save=0.0 s
step 80  updateFluff=0.196846 s  compute=0.001813 s  save=0.0 s
step 81  updateFluff=0.196546 s  compute=0.001823 s  save=0.0 s
step 82  updateFluff=0.196173 s  compute=0.001813 s  save=0.0 s
step 83  updateFluff=0.198426 s  compute=0.001885 s  save=0.0 s
step 84  updateFluff=0.19624 s  compute=0.001885 s  save=0.0 s
step 85  updateFluff=0.196661 s  compute=0.001873 s  save=0.0 s
step 86  updateFluff=0.195854 s  compute=0.001869 s  save=0.0 s
step 87  updateFluff=0.19754 s  compute=0.001813 s  save=0.0 s
step 88  updateFluff=0.195989 s  compute=0.001892 s  save=0.0 s
step 89  updateFluff=0.19862 s  compute=0.00186 s  save=0.0 s
step 90  updateFluff=0.196857 s  compute=0.001883 s  save=0.0 s
step 91  updateFluff=0.203761 s  compute=0.001738 s  save=0.0 s
step 92  updateFluff=0.19746 s  compute=0.00189 s  save=0.0 s
step 93  updateFluff=0.196837 s  compute=0.001727 s  save=0.0 s
step 94  updateFluff=0.196563 s  compute=0.001883 s  save=0.0 s
step 95  updateFluff=0.197031 s  compute=0.001896 s  save=0.0 s
step 96  updateFluff=0.195867 s  compute=0.001877 s  save=0.0 s
step 97  updateFluff=0.197117 s  compute=0.001889 s  save=0.0 s
step 98  updateFluff=0.19731 s  compute=0.001826 s  save=0.0 s
step 99  updateFluff=0.197135 s  compute=0.001867 s  save=0.0 s
step 100  updateFluff=0.197231 s  compute=0.001808 s  save=0.026935 s
final field: min=1.0 max=2.0 sum=1.04808e+06
Execution time:    20.063 s
