warning: QTHREADS: Reduced numThreadsPerLocale=20 to 16 to prevent oversubscription of the system.
warning: QTHREADS: Reduced numThreadsPerLocale=20 to 16 to prevent oversubscription of the system.
warning: QTHREADS: Reduced numThreadsPerLocale=20 to 16 to prevent oversubscription of the system.
warning: QTHREADS: Reduced numThreadsPerLocale=20 to 16 to prevent oversubscription of the system.
warning: QTHREADS: Reduced numThreadsPerLocale=20 to 16 to prevent oversubscription of the system.
warning: QTHREADS: Reduced numThreadsPerLocale=20 to 16 to prevent oversubscription of the system.
warning: QTHREADS: Reduced numThreadsPerLocale=20 to 16 to prevent oversubscription of the system.
warning: QTHREADS: Reduced numThreadsPerLocale=20 to 16 to prevent oversubscription of the system.
warning: QTHREADS: Reduced numThreadsPerLocale=20 to 16 to prevent oversubscription of the system.
[cfg] threadsPerLocale(requested)=20 numLocales=9
Initialization time: 0.417657 s
[mem] after init (u+un allocated) locale 0: 2001.43 MB
[mem] after init (u+un allocated) locale 1: 1996.23 MB
[mem] after init (u+un allocated) locale 2: 1996.23 MB
[mem] after init (u+un allocated) locale 3: 1996.23 MB
[mem] after init (u+un allocated) locale 4: 1990.29 MB
[mem] after init (u+un allocated) locale 5: 1990.29 MB
[mem] after init (u+un allocated) locale 6: 1996.23 MB
[mem] after init (u+un allocated) locale 7: 1990.29 MB
[mem] after init (u+un allocated) locale 8: 1990.29 MB
[cfg] locale 0 maxTaskPar=16
[cfg] locale 1 maxTaskPar=16
[cfg] locale 2 maxTaskPar=16
[cfg] locale 3 maxTaskPar=16
[cfg] locale 4 maxTaskPar=16
[cfg] locale 5 maxTaskPar=16
[cfg] locale 6 maxTaskPar=16
[cfg] locale 7 maxTaskPar=16
[cfg] locale 8 maxTaskPar=16
[comm] 64128000 B/step across 9 locale(s)
step 1  updateFluff=0.182202 s  compute=0.197169 s  save=0.0 s
  comm[1] put=0 get=530 on=56 amo=0 | data=64128000 B/step  cum=64128000 B
step 2  updateFluff=0.171491 s  compute=0.198006 s  save=0.0 s
  comm[2] put=9 get=528 on=64 amo=0 | data=64128000 B/step  cum=128256000 B
step 3  updateFluff=0.170835 s  compute=0.201685 s  save=0.0 s
  comm[3] put=9 get=530 on=64 amo=0 | data=64128000 B/step  cum=192384000 B
step 4  updateFluff=0.171223 s  compute=0.1985 s  save=0.0 s
  comm[4] put=9 get=528 on=64 amo=0 | data=64128000 B/step  cum=256512000 B
step 5  updateFluff=0.167979 s  compute=0.197842 s  save=0.0 s
  comm[5] put=9 get=530 on=64 amo=0 | data=64128000 B/step  cum=320640000 B
step 6  updateFluff=0.173457 s  compute=0.19515 s  save=0.0 s
  comm[6] put=9 get=528 on=64 amo=0 | data=64128000 B/step  cum=384768000 B
step 7  updateFluff=0.16386 s  compute=0.196852 s  save=1e-06 s
  comm[7] put=9 get=530 on=64 amo=0 | data=64128000 B/step  cum=448896000 B
step 8  updateFluff=0.162623 s  compute=0.1967 s  save=0.0 s
  comm[8] put=9 get=528 on=64 amo=0 | data=64128000 B/step  cum=513024000 B
step 9  updateFluff=0.162747 s  compute=0.194124 s  save=0.0 s
  comm[9] put=9 get=530 on=64 amo=0 | data=64128000 B/step  cum=577152000 B
step 10  updateFluff=0.159581 s  compute=0.198397 s  save=0.0 s
  comm[10] put=9 get=528 on=64 amo=0 | data=64128000 B/step  cum=641280000 B
step 11  updateFluff=0.163275 s  compute=0.199266 s  save=0.0 s
  comm[11] put=9 get=530 on=64 amo=0 | data=64128000 B/step  cum=705408000 B
step 12  updateFluff=0.147691 s  compute=0.198609 s  save=0.0 s
  comm[12] put=9 get=528 on=64 amo=0 | data=64128000 B/step  cum=769536000 B
step 13  updateFluff=0.154513 s  compute=0.199327 s  save=1e-06 s
  comm[13] put=9 get=530 on=64 amo=0 | data=64128000 B/step  cum=833664000 B
step 14  updateFluff=0.156266 s  compute=0.201442 s  save=0.0 s
  comm[14] put=9 get=528 on=64 amo=0 | data=64128000 B/step  cum=897792000 B
step 15  updateFluff=0.166643 s  compute=0.200314 s  save=1e-06 s
  comm[15] put=9 get=530 on=64 amo=0 | data=64128000 B/step  cum=961920000 B
step 16  updateFluff=0.150796 s  compute=0.200117 s  save=0.0 s
  comm[16] put=9 get=528 on=64 amo=0 | data=64128000 B/step  cum=1026048000 B
step 17  updateFluff=0.185249 s  compute=0.19731 s  save=0.0 s
  comm[17] put=9 get=530 on=64 amo=0 | data=64128000 B/step  cum=1090176000 B
step 18  updateFluff=0.176065 s  compute=0.199382 s  save=1e-06 s
  comm[18] put=9 get=528 on=64 amo=0 | data=64128000 B/step  cum=1154304000 B
step 19  updateFluff=0.155901 s  compute=0.200833 s  save=0.0 s
  comm[19] put=9 get=530 on=64 amo=0 | data=64128000 B/step  cum=1218432000 B
step 20  updateFluff=0.167303 s  compute=0.197366 s  save=0.0 s
  comm[20] put=9 get=528 on=64 amo=0 | data=64128000 B/step  cum=1282560000 B
step 21  updateFluff=0.149145 s  compute=0.197156 s  save=0.0 s
  comm[21] put=9 get=530 on=64 amo=0 | data=64128000 B/step  cum=1346688000 B
step 22  updateFluff=0.161991 s  compute=0.196575 s  save=0.0 s
  comm[22] put=9 get=528 on=64 amo=0 | data=64128000 B/step  cum=1410816000 B
step 23  updateFluff=0.167981 s  compute=0.198149 s  save=1e-06 s
  comm[23] put=9 get=530 on=64 amo=0 | data=64128000 B/step  cum=1474944000 B
step 24  updateFluff=0.149194 s  compute=0.198035 s  save=0.0 s
  comm[24] put=9 get=528 on=64 amo=0 | data=64128000 B/step  cum=1539072000 B
step 25  updateFluff=0.159267 s  compute=0.198104 s  save=0.0 s
  comm[25] put=9 get=530 on=64 amo=0 | data=64128000 B/step  cum=1603200000 B
step 26  updateFluff=0.159369 s  compute=0.197362 s  save=0.0 s
  comm[26] put=9 get=528 on=64 amo=0 | data=64128000 B/step  cum=1667328000 B
step 27  updateFluff=0.168995 s  compute=0.197239 s  save=0.0 s
  comm[27] put=9 get=530 on=64 amo=0 | data=64128000 B/step  cum=1731456000 B
step 28  updateFluff=0.284314 s  compute=0.196483 s  save=0.0 s
  comm[28] put=9 get=528 on=64 amo=0 | data=64128000 B/step  cum=1795584000 B
step 29  updateFluff=0.168186 s  compute=0.199283 s  save=0.0 s
  comm[29] put=9 get=530 on=64 amo=0 | data=64128000 B/step  cum=1859712000 B
step 30  updateFluff=0.16233 s  compute=0.200554 s  save=0.0 s
  comm[30] put=9 get=528 on=64 amo=0 | data=64128000 B/step  cum=1923840000 B
step 31  updateFluff=0.155713 s  compute=0.197648 s  save=0.0 s
  comm[31] put=9 get=530 on=64 amo=0 | data=64128000 B/step  cum=1987968000 B
step 32  updateFluff=0.170796 s  compute=0.198447 s  save=0.0 s
  comm[32] put=9 get=528 on=64 amo=0 | data=64128000 B/step  cum=2052096000 B
step 33  updateFluff=0.166698 s  compute=0.197754 s  save=0.0 s
  comm[33] put=9 get=530 on=64 amo=0 | data=64128000 B/step  cum=2116224000 B
step 34  updateFluff=0.172599 s  compute=0.200909 s  save=0.0 s
  comm[34] put=9 get=528 on=64 amo=0 | data=64128000 B/step  cum=2180352000 B
step 35  updateFluff=0.143456 s  compute=0.19619 s  save=0.0 s
  comm[35] put=9 get=530 on=64 amo=0 | data=64128000 B/step  cum=2244480000 B
step 36  updateFluff=0.164656 s  compute=0.196216 s  save=0.0 s
  comm[36] put=9 get=528 on=64 amo=0 | data=64128000 B/step  cum=2308608000 B
step 37  updateFluff=0.176571 s  compute=0.197546 s  save=1e-06 s
  comm[37] put=9 get=530 on=64 amo=0 | data=64128000 B/step  cum=2372736000 B
step 38  updateFluff=0.163674 s  compute=0.199442 s  save=0.0 s
  comm[38] put=9 get=528 on=64 amo=0 | data=64128000 B/step  cum=2436864000 B
step 39  updateFluff=0.156815 s  compute=0.198342 s  save=0.0 s
  comm[39] put=9 get=530 on=64 amo=0 | data=64128000 B/step  cum=2500992000 B
step 40  updateFluff=0.175854 s  compute=0.200106 s  save=0.0 s
  comm[40] put=9 get=528 on=64 amo=0 | data=64128000 B/step  cum=2565120000 B
step 41  updateFluff=0.182146 s  compute=0.198755 s  save=0.0 s
  comm[41] put=9 get=530 on=64 amo=0 | data=64128000 B/step  cum=2629248000 B
step 42  updateFluff=0.172518 s  compute=0.198699 s  save=0.0 s
  comm[42] put=9 get=528 on=64 amo=0 | data=64128000 B/step  cum=2693376000 B
step 43  updateFluff=0.179308 s  compute=0.200224 s  save=0.0 s
  comm[43] put=9 get=530 on=64 amo=0 | data=64128000 B/step  cum=2757504000 B
step 44  updateFluff=0.155263 s  compute=0.200189 s  save=0.0 s
  comm[44] put=9 get=528 on=64 amo=0 | data=64128000 B/step  cum=2821632000 B
step 45  updateFluff=0.175654 s  compute=0.199219 s  save=0.0 s
  comm[45] put=9 get=530 on=64 amo=0 | data=64128000 B/step  cum=2885760000 B
step 46  updateFluff=0.314077 s  compute=0.200002 s  save=1e-06 s
  comm[46] put=9 get=528 on=64 amo=0 | data=64128000 B/step  cum=2949888000 B
step 47  updateFluff=0.166444 s  compute=0.199715 s  save=0.0 s
  comm[47] put=9 get=530 on=64 amo=0 | data=64128000 B/step  cum=3014016000 B
step 48  updateFluff=0.170729 s  compute=0.199875 s  save=0.0 s
  comm[48] put=9 get=528 on=64 amo=0 | data=64128000 B/step  cum=3078144000 B
step 49  updateFluff=0.158342 s  compute=0.201303 s  save=1e-06 s
  comm[49] put=9 get=530 on=64 amo=0 | data=64128000 B/step  cum=3142272000 B
step 50  updateFluff=0.17382 s  compute=0.192516 s  save=1e-06 s
  comm[50] put=9 get=528 on=64 amo=0 | data=64128000 B/step  cum=3206400000 B
step 51  updateFluff=0.150235 s  compute=0.198779 s  save=1e-06 s
  comm[51] put=9 get=530 on=64 amo=0 | data=64128000 B/step  cum=3270528000 B
step 52  updateFluff=0.160837 s  compute=0.195614 s  save=0.0 s
  comm[52] put=9 get=528 on=64 amo=0 | data=64128000 B/step  cum=3334656000 B
step 53  updateFluff=0.147297 s  compute=0.196714 s  save=0.0 s
  comm[53] put=9 get=530 on=64 amo=0 | data=64128000 B/step  cum=3398784000 B
step 54  updateFluff=0.164402 s  compute=0.198019 s  save=0.0 s
  comm[54] put=9 get=528 on=64 amo=0 | data=64128000 B/step  cum=3462912000 B
step 55  updateFluff=0.17912 s  compute=0.198482 s  save=0.0 s
  comm[55] put=9 get=530 on=64 amo=0 | data=64128000 B/step  cum=3527040000 B
step 56  updateFluff=0.161345 s  compute=0.196362 s  save=0.0 s
  comm[56] put=9 get=528 on=64 amo=0 | data=64128000 B/step  cum=3591168000 B
step 57  updateFluff=0.169152 s  compute=0.197501 s  save=1e-06 s
  comm[57] put=9 get=530 on=64 amo=0 | data=64128000 B/step  cum=3655296000 B
step 58  updateFluff=0.151751 s  compute=0.197271 s  save=0.0 s
  comm[58] put=9 get=528 on=64 amo=0 | data=64128000 B/step  cum=3719424000 B
step 59  updateFluff=0.142154 s  compute=0.195935 s  save=0.0 s
  comm[59] put=9 get=530 on=64 amo=0 | data=64128000 B/step  cum=3783552000 B
step 60  updateFluff=0.145539 s  compute=0.198096 s  save=0.0 s
  comm[60] put=9 get=528 on=64 amo=0 | data=64128000 B/step  cum=3847680000 B
step 61  updateFluff=0.163756 s  compute=0.197568 s  save=0.0 s
  comm[61] put=9 get=530 on=64 amo=0 | data=64128000 B/step  cum=3911808000 B
step 62  updateFluff=0.171332 s  compute=0.197058 s  save=0.0 s
  comm[62] put=9 get=528 on=64 amo=0 | data=64128000 B/step  cum=3975936000 B
step 63  updateFluff=0.155156 s  compute=0.197877 s  save=0.0 s
  comm[63] put=9 get=530 on=64 amo=0 | data=64128000 B/step  cum=4040064000 B
step 64  updateFluff=0.168129 s  compute=0.196838 s  save=0.0 s
  comm[64] put=9 get=528 on=64 amo=0 | data=64128000 B/step  cum=4104192000 B
step 65  updateFluff=0.161405 s  compute=0.196825 s  save=0.0 s
  comm[65] put=9 get=530 on=64 amo=0 | data=64128000 B/step  cum=4168320000 B
step 66  updateFluff=0.149432 s  compute=0.19835 s  save=0.0 s
  comm[66] put=9 get=528 on=64 amo=0 | data=64128000 B/step  cum=4232448000 B
step 67  updateFluff=0.168158 s  compute=0.198827 s  save=0.0 s
  comm[67] put=9 get=530 on=64 amo=0 | data=64128000 B/step  cum=4296576000 B
step 68  updateFluff=0.160917 s  compute=0.197145 s  save=0.0 s
  comm[68] put=9 get=528 on=64 amo=0 | data=64128000 B/step  cum=4360704000 B
step 69  updateFluff=0.170851 s  compute=0.193718 s  save=0.0 s
  comm[69] put=9 get=530 on=64 amo=0 | data=64128000 B/step  cum=4424832000 B
step 70  updateFluff=0.168719 s  compute=0.196222 s  save=1e-06 s
  comm[70] put=9 get=528 on=64 amo=0 | data=64128000 B/step  cum=4488960000 B
step 71  updateFluff=0.142153 s  compute=0.199714 s  save=0.0 s
  comm[71] put=9 get=530 on=64 amo=0 | data=64128000 B/step  cum=4553088000 B
step 72  updateFluff=0.165158 s  compute=0.197211 s  save=0.0 s
  comm[72] put=9 get=528 on=64 amo=0 | data=64128000 B/step  cum=4617216000 B
step 73  updateFluff=0.162081 s  compute=0.196846 s  save=0.0 s
  comm[73] put=9 get=530 on=64 amo=0 | data=64128000 B/step  cum=4681344000 B
step 74  updateFluff=0.175684 s  compute=0.197786 s  save=0.0 s
  comm[74] put=9 get=528 on=64 amo=0 | data=64128000 B/step  cum=4745472000 B
step 75  updateFluff=0.180483 s  compute=0.1997 s  save=1e-06 s
  comm[75] put=9 get=530 on=64 amo=0 | data=64128000 B/step  cum=4809600000 B
step 76  updateFluff=0.149375 s  compute=0.199116 s  save=0.0 s
  comm[76] put=9 get=528 on=64 amo=0 | data=64128000 B/step  cum=4873728000 B
step 77  updateFluff=0.167125 s  compute=0.197459 s  save=0.0 s
  comm[77] put=9 get=530 on=64 amo=0 | data=64128000 B/step  cum=4937856000 B
step 78  updateFluff=0.160564 s  compute=0.197596 s  save=0.0 s
  comm[78] put=9 get=528 on=64 amo=0 | data=64128000 B/step  cum=5001984000 B
step 79  updateFluff=0.160683 s  compute=0.19896 s  save=1e-06 s
  comm[79] put=9 get=530 on=64 amo=0 | data=64128000 B/step  cum=5066112000 B
step 80  updateFluff=0.14879 s  compute=0.19638 s  save=0.0 s
  comm[80] put=9 get=528 on=64 amo=0 | data=64128000 B/step  cum=5130240000 B
step 81  updateFluff=0.140732 s  compute=0.19668 s  save=0.0 s
  comm[81] put=9 get=530 on=64 amo=0 | data=64128000 B/step  cum=5194368000 B
step 82  updateFluff=0.156014 s  compute=0.197609 s  save=0.0 s
  comm[82] put=9 get=528 on=64 amo=0 | data=64128000 B/step  cum=5258496000 B
step 83  updateFluff=0.153659 s  compute=0.200678 s  save=0.0 s
  comm[83] put=9 get=530 on=64 amo=0 | data=64128000 B/step  cum=5322624000 B
step 84  updateFluff=0.150569 s  compute=0.199153 s  save=0.0 s
  comm[84] put=9 get=528 on=64 amo=0 | data=64128000 B/step  cum=5386752000 B
step 85  updateFluff=0.144413 s  compute=0.198657 s  save=0.0 s
  comm[85] put=9 get=530 on=64 amo=0 | data=64128000 B/step  cum=5450880000 B
step 86  updateFluff=0.165022 s  compute=0.196993 s  save=0.0 s
  comm[86] put=9 get=528 on=64 amo=0 | data=64128000 B/step  cum=5515008000 B
step 87  updateFluff=0.155902 s  compute=0.200845 s  save=0.0 s
  comm[87] put=9 get=530 on=64 amo=0 | data=64128000 B/step  cum=5579136000 B
step 88  updateFluff=0.158273 s  compute=0.196361 s  save=1e-06 s
  comm[88] put=9 get=528 on=64 amo=0 | data=64128000 B/step  cum=5643264000 B
step 89  updateFluff=0.157355 s  compute=0.197277 s  save=0.0 s
  comm[89] put=9 get=530 on=64 amo=0 | data=64128000 B/step  cum=5707392000 B
step 90  updateFluff=0.170758 s  compute=0.196671 s  save=0.0 s
  comm[90] put=9 get=528 on=64 amo=0 | data=64128000 B/step  cum=5771520000 B
step 91  updateFluff=0.160082 s  compute=0.197062 s  save=0.0 s
  comm[91] put=9 get=530 on=64 amo=0 | data=64128000 B/step  cum=5835648000 B
step 92  updateFluff=0.159853 s  compute=0.197433 s  save=0.0 s
  comm[92] put=9 get=528 on=64 amo=0 | data=64128000 B/step  cum=5899776000 B
step 93  updateFluff=0.153059 s  compute=0.198966 s  save=0.0 s
  comm[93] put=9 get=530 on=64 amo=0 | data=64128000 B/step  cum=5963904000 B
step 94  updateFluff=0.136408 s  compute=0.200766 s  save=0.0 s
  comm[94] put=9 get=528 on=64 amo=0 | data=64128000 B/step  cum=6028032000 B
step 95  updateFluff=0.165963 s  compute=0.200741 s  save=0.0 s
  comm[95] put=9 get=530 on=64 amo=0 | data=64128000 B/step  cum=6092160000 B
step 96  updateFluff=0.166218 s  compute=0.197551 s  save=0.0 s
  comm[96] put=9 get=528 on=64 amo=0 | data=64128000 B/step  cum=6156288000 B
step 97  updateFluff=0.153791 s  compute=0.200782 s  save=0.0 s
  comm[97] put=9 get=530 on=64 amo=0 | data=64128000 B/step  cum=6220416000 B
step 98  updateFluff=0.147277 s  compute=0.1985 s  save=0.0 s
  comm[98] put=9 get=528 on=64 amo=0 | data=64128000 B/step  cum=6284544000 B
step 99  updateFluff=0.1624 s  compute=0.200503 s  save=0.0 s
  comm[99] put=9 get=530 on=64 amo=0 | data=64128000 B/step  cum=6348672000 B
step 100  updateFluff=0.15602 s  compute=0.200694 s  save=0.0 s
  comm[100] put=9 get=528 on=64 amo=0 | data=64128000 B/step  cum=6412800000 B
[mem] after run locale 0: 2001.43 MB
[mem] after run locale 1: 1996.23 MB
[mem] after run locale 2: 1996.23 MB
[mem] after run locale 3: 1996.23 MB
[mem] after run locale 4: 1990.29 MB
[mem] after run locale 5: 1990.29 MB
[mem] after run locale 6: 1996.23 MB
[mem] after run locale 7: 1990.29 MB
[mem] after run locale 8: 1990.29 MB
final field: min=1.0 max=2.0 sum=1.00518e+09
Execution time:    36.8188 s
