warning: QTHREADS: Reduced numThreadsPerLocale=20 to 16 to prevent oversubscription of the system.
warning: QTHREADS: Reduced numThreadsPerLocale=20 to 16 to prevent oversubscription of the system.
warning: QTHREADS: Reduced numThreadsPerLocale=20 to 16 to prevent oversubscription of the system.
warning: QTHREADS: Reduced numThreadsPerLocale=20 to 16 to prevent oversubscription of the system.
[cfg] threadsPerLocale(requested)=20 numLocales=4
Initialization time: 0.728852 s
[mem] after init (u+un allocated) locale 0: 4265.08 MB
[mem] after init (u+un allocated) locale 1: 4265.02 MB
[mem] after init (u+un allocated) locale 2: 4265.02 MB
[mem] after init (u+un allocated) locale 3: 4265.02 MB
[cfg] locale 0 maxTaskPar=16
[cfg] locale 1 maxTaskPar=16
[cfg] locale 2 maxTaskPar=16
[cfg] locale 3 maxTaskPar=16
[comm] 32032000 B/step across 4 locale(s)
step 1  updateFluff=0.113388 s  compute=0.231203 s  save=1e-06 s
  comm[1] put=0 get=159 on=18 amo=0 | data=32032000 B/step  cum=32032000 B
step 2  updateFluff=0.14364 s  compute=0.230735 s  save=0.0 s
  comm[2] put=3 get=159 on=21 amo=0 | data=32032000 B/step  cum=64064000 B
step 3  updateFluff=0.160629 s  compute=0.230088 s  save=0.0 s
  comm[3] put=3 get=159 on=21 amo=0 | data=32032000 B/step  cum=96096000 B
step 4  updateFluff=0.142491 s  compute=0.231169 s  save=0.0 s
  comm[4] put=3 get=159 on=21 amo=0 | data=32032000 B/step  cum=128128000 B
step 5  updateFluff=0.098157 s  compute=0.230388 s  save=0.0 s
  comm[5] put=3 get=159 on=21 amo=0 | data=32032000 B/step  cum=160160000 B
step 6  updateFluff=0.159059 s  compute=0.232028 s  save=0.0 s
  comm[6] put=3 get=159 on=21 amo=0 | data=32032000 B/step  cum=192192000 B
step 7  updateFluff=0.103694 s  compute=0.232861 s  save=0.0 s
  comm[7] put=3 get=159 on=21 amo=0 | data=32032000 B/step  cum=224224000 B
step 8  updateFluff=0.151506 s  compute=0.229627 s  save=0.0 s
  comm[8] put=3 get=159 on=21 amo=0 | data=32032000 B/step  cum=256256000 B
step 9  updateFluff=0.105106 s  compute=0.229433 s  save=0.0 s
  comm[9] put=3 get=159 on=21 amo=0 | data=32032000 B/step  cum=288288000 B
step 10  updateFluff=0.160405 s  compute=0.230941 s  save=0.0 s
  comm[10] put=3 get=159 on=21 amo=0 | data=32032000 B/step  cum=320320000 B
step 11  updateFluff=0.116341 s  compute=0.231312 s  save=0.0 s
  comm[11] put=3 get=159 on=21 amo=0 | data=32032000 B/step  cum=352352000 B
step 12  updateFluff=0.138075 s  compute=0.23134 s  save=0.0 s
  comm[12] put=3 get=159 on=21 amo=0 | data=32032000 B/step  cum=384384000 B
step 13  updateFluff=0.118685 s  compute=0.230967 s  save=0.0 s
  comm[13] put=3 get=159 on=21 amo=0 | data=32032000 B/step  cum=416416000 B
step 14  updateFluff=0.148957 s  compute=0.231362 s  save=1e-06 s
  comm[14] put=3 get=159 on=21 amo=0 | data=32032000 B/step  cum=448448000 B
step 15  updateFluff=0.103046 s  compute=0.231549 s  save=0.0 s
  comm[15] put=3 get=159 on=21 amo=0 | data=32032000 B/step  cum=480480000 B
step 16  updateFluff=0.145665 s  compute=0.230402 s  save=1e-06 s
  comm[16] put=3 get=159 on=21 amo=0 | data=32032000 B/step  cum=512512000 B
step 17  updateFluff=0.130925 s  compute=0.231502 s  save=0.0 s
  comm[17] put=3 get=159 on=21 amo=0 | data=32032000 B/step  cum=544544000 B
step 18  updateFluff=0.137351 s  compute=0.232306 s  save=0.0 s
  comm[18] put=3 get=159 on=21 amo=0 | data=32032000 B/step  cum=576576000 B
step 19  updateFluff=0.146095 s  compute=0.230863 s  save=0.0 s
  comm[19] put=3 get=159 on=21 amo=0 | data=32032000 B/step  cum=608608000 B
step 20  updateFluff=0.153512 s  compute=0.230655 s  save=0.0 s
  comm[20] put=3 get=159 on=21 amo=0 | data=32032000 B/step  cum=640640000 B
step 21  updateFluff=0.140912 s  compute=0.231828 s  save=1e-06 s
  comm[21] put=3 get=159 on=21 amo=0 | data=32032000 B/step  cum=672672000 B
step 22  updateFluff=0.142017 s  compute=0.23117 s  save=0.0 s
  comm[22] put=3 get=159 on=21 amo=0 | data=32032000 B/step  cum=704704000 B
step 23  updateFluff=0.148547 s  compute=0.233062 s  save=0.0 s
  comm[23] put=3 get=159 on=21 amo=0 | data=32032000 B/step  cum=736736000 B
step 24  updateFluff=0.137071 s  compute=0.230159 s  save=0.0 s
  comm[24] put=3 get=159 on=21 amo=0 | data=32032000 B/step  cum=768768000 B
step 25  updateFluff=0.142284 s  compute=0.231487 s  save=0.0 s
  comm[25] put=3 get=159 on=21 amo=0 | data=32032000 B/step  cum=800800000 B
step 26  updateFluff=0.136929 s  compute=0.231731 s  save=0.0 s
  comm[26] put=3 get=159 on=21 amo=0 | data=32032000 B/step  cum=832832000 B
step 27  updateFluff=0.14533 s  compute=0.233977 s  save=0.0 s
  comm[27] put=3 get=159 on=21 amo=0 | data=32032000 B/step  cum=864864000 B
step 28  updateFluff=0.093438 s  compute=0.232494 s  save=0.0 s
  comm[28] put=3 get=159 on=21 amo=0 | data=32032000 B/step  cum=896896000 B
step 29  updateFluff=0.138638 s  compute=0.232229 s  save=0.0 s
  comm[29] put=3 get=159 on=21 amo=0 | data=32032000 B/step  cum=928928000 B
step 30  updateFluff=0.137595 s  compute=0.234009 s  save=0.0 s
  comm[30] put=3 get=159 on=21 amo=0 | data=32032000 B/step  cum=960960000 B
step 31  updateFluff=0.115355 s  compute=0.231461 s  save=1e-06 s
  comm[31] put=3 get=159 on=21 amo=0 | data=32032000 B/step  cum=992992000 B
step 32  updateFluff=0.113133 s  compute=0.233929 s  save=0.0 s
  comm[32] put=3 get=159 on=21 amo=0 | data=32032000 B/step  cum=1025024000 B
step 33  updateFluff=0.132718 s  compute=0.232263 s  save=0.0 s
  comm[33] put=3 get=159 on=21 amo=0 | data=32032000 B/step  cum=1057056000 B
step 34  updateFluff=0.124793 s  compute=0.232098 s  save=1e-06 s
  comm[34] put=3 get=159 on=21 amo=0 | data=32032000 B/step  cum=1089088000 B
step 35  updateFluff=0.098239 s  compute=0.233456 s  save=0.0 s
  comm[35] put=3 get=159 on=21 amo=0 | data=32032000 B/step  cum=1121120000 B
step 36  updateFluff=0.140133 s  compute=0.232636 s  save=1e-06 s
  comm[36] put=3 get=159 on=21 amo=0 | data=32032000 B/step  cum=1153152000 B
step 37  updateFluff=0.085164 s  compute=0.231185 s  save=0.0 s
  comm[37] put=3 get=159 on=21 amo=0 | data=32032000 B/step  cum=1185184000 B
step 38  updateFluff=0.140223 s  compute=0.231356 s  save=0.0 s
  comm[38] put=3 get=159 on=21 amo=0 | data=32032000 B/step  cum=1217216000 B
step 39  updateFluff=0.151604 s  compute=0.231524 s  save=0.0 s
  comm[39] put=3 get=159 on=21 amo=0 | data=32032000 B/step  cum=1249248000 B
step 40  updateFluff=0.092344 s  compute=0.232156 s  save=0.0 s
  comm[40] put=3 get=159 on=21 amo=0 | data=32032000 B/step  cum=1281280000 B
step 41  updateFluff=0.160433 s  compute=0.233861 s  save=1e-06 s
  comm[41] put=3 get=159 on=21 amo=0 | data=32032000 B/step  cum=1313312000 B
step 42  updateFluff=0.136245 s  compute=0.233164 s  save=0.0 s
  comm[42] put=3 get=159 on=21 amo=0 | data=32032000 B/step  cum=1345344000 B
step 43  updateFluff=0.099067 s  compute=0.233407 s  save=0.0 s
  comm[43] put=3 get=159 on=21 amo=0 | data=32032000 B/step  cum=1377376000 B
step 44  updateFluff=0.118352 s  compute=0.231146 s  save=0.0 s
  comm[44] put=3 get=159 on=21 amo=0 | data=32032000 B/step  cum=1409408000 B
step 45  updateFluff=0.145643 s  compute=0.230997 s  save=0.0 s
  comm[45] put=3 get=159 on=21 amo=0 | data=32032000 B/step  cum=1441440000 B
step 46  updateFluff=0.141214 s  compute=0.230885 s  save=1e-06 s
  comm[46] put=3 get=159 on=21 amo=0 | data=32032000 B/step  cum=1473472000 B
step 47  updateFluff=0.136361 s  compute=0.233532 s  save=0.0 s
  comm[47] put=3 get=159 on=21 amo=0 | data=32032000 B/step  cum=1505504000 B
step 48  updateFluff=0.138378 s  compute=0.23101 s  save=0.0 s
  comm[48] put=3 get=159 on=21 amo=0 | data=32032000 B/step  cum=1537536000 B
step 49  updateFluff=0.144839 s  compute=0.231543 s  save=0.0 s
  comm[49] put=3 get=159 on=21 amo=0 | data=32032000 B/step  cum=1569568000 B
step 50  updateFluff=0.100119 s  compute=0.231635 s  save=0.0 s
  comm[50] put=3 get=159 on=21 amo=0 | data=32032000 B/step  cum=1601600000 B
step 51  updateFluff=0.12429 s  compute=0.232712 s  save=0.0 s
  comm[51] put=3 get=159 on=21 amo=0 | data=32032000 B/step  cum=1633632000 B
step 52  updateFluff=0.16196 s  compute=0.232883 s  save=0.0 s
  comm[52] put=3 get=159 on=21 amo=0 | data=32032000 B/step  cum=1665664000 B
step 53  updateFluff=0.138461 s  compute=0.231335 s  save=1e-06 s
  comm[53] put=3 get=159 on=21 amo=0 | data=32032000 B/step  cum=1697696000 B
step 54  updateFluff=0.128932 s  compute=0.23128 s  save=0.0 s
  comm[54] put=3 get=159 on=21 amo=0 | data=32032000 B/step  cum=1729728000 B
step 55  updateFluff=0.145038 s  compute=0.231479 s  save=0.0 s
  comm[55] put=3 get=159 on=21 amo=0 | data=32032000 B/step  cum=1761760000 B
step 56  updateFluff=0.144044 s  compute=0.231137 s  save=0.0 s
  comm[56] put=3 get=159 on=21 amo=0 | data=32032000 B/step  cum=1793792000 B
step 57  updateFluff=0.130768 s  compute=0.23329 s  save=0.0 s
  comm[57] put=3 get=159 on=21 amo=0 | data=32032000 B/step  cum=1825824000 B
step 58  updateFluff=0.1272 s  compute=0.231348 s  save=0.0 s
  comm[58] put=3 get=159 on=21 amo=0 | data=32032000 B/step  cum=1857856000 B
step 59  updateFluff=0.119045 s  compute=0.232025 s  save=0.0 s
  comm[59] put=3 get=159 on=21 amo=0 | data=32032000 B/step  cum=1889888000 B
step 60  updateFluff=0.175597 s  compute=0.233051 s  save=0.0 s
  comm[60] put=3 get=159 on=21 amo=0 | data=32032000 B/step  cum=1921920000 B
step 61  updateFluff=0.137286 s  compute=0.233529 s  save=0.0 s
  comm[61] put=3 get=159 on=21 amo=0 | data=32032000 B/step  cum=1953952000 B
step 62  updateFluff=0.119506 s  compute=0.231585 s  save=0.0 s
  comm[62] put=3 get=159 on=21 amo=0 | data=32032000 B/step  cum=1985984000 B
step 63  updateFluff=0.145937 s  compute=0.232829 s  save=1e-06 s
  comm[63] put=3 get=159 on=21 amo=0 | data=32032000 B/step  cum=2018016000 B
step 64  updateFluff=0.150456 s  compute=0.230899 s  save=0.0 s
  comm[64] put=3 get=159 on=21 amo=0 | data=32032000 B/step  cum=2050048000 B
step 65  updateFluff=0.133204 s  compute=0.234148 s  save=1e-06 s
  comm[65] put=3 get=159 on=21 amo=0 | data=32032000 B/step  cum=2082080000 B
step 66  updateFluff=0.145367 s  compute=0.232627 s  save=0.0 s
  comm[66] put=3 get=159 on=21 amo=0 | data=32032000 B/step  cum=2114112000 B
step 67  updateFluff=0.136127 s  compute=0.23177 s  save=0.0 s
  comm[67] put=3 get=159 on=21 amo=0 | data=32032000 B/step  cum=2146144000 B
step 68  updateFluff=0.147638 s  compute=0.23042 s  save=0.0 s
  comm[68] put=3 get=159 on=21 amo=0 | data=32032000 B/step  cum=2178176000 B
step 69  updateFluff=0.144591 s  compute=0.231154 s  save=0.0 s
  comm[69] put=3 get=159 on=21 amo=0 | data=32032000 B/step  cum=2210208000 B
step 70  updateFluff=0.152373 s  compute=0.230913 s  save=0.0 s
  comm[70] put=3 get=159 on=21 amo=0 | data=32032000 B/step  cum=2242240000 B
step 71  updateFluff=0.146372 s  compute=0.231845 s  save=0.0 s
  comm[71] put=3 get=159 on=21 amo=0 | data=32032000 B/step  cum=2274272000 B
step 72  updateFluff=0.142223 s  compute=0.231555 s  save=1e-06 s
  comm[72] put=3 get=159 on=21 amo=0 | data=32032000 B/step  cum=2306304000 B
step 73  updateFluff=0.14416 s  compute=0.23179 s  save=0.0 s
  comm[73] put=3 get=159 on=21 amo=0 | data=32032000 B/step  cum=2338336000 B
step 74  updateFluff=0.155921 s  compute=0.23054 s  save=0.0 s
  comm[74] put=3 get=159 on=21 amo=0 | data=32032000 B/step  cum=2370368000 B
step 75  updateFluff=0.092441 s  compute=0.231343 s  save=0.0 s
  comm[75] put=3 get=159 on=21 amo=0 | data=32032000 B/step  cum=2402400000 B
step 76  updateFluff=0.134758 s  compute=0.230903 s  save=0.0 s
  comm[76] put=3 get=159 on=21 amo=0 | data=32032000 B/step  cum=2434432000 B
step 77  updateFluff=0.145661 s  compute=0.231622 s  save=0.0 s
  comm[77] put=3 get=159 on=21 amo=0 | data=32032000 B/step  cum=2466464000 B
step 78  updateFluff=0.145395 s  compute=0.231813 s  save=0.0 s
  comm[78] put=3 get=159 on=21 amo=0 | data=32032000 B/step  cum=2498496000 B
step 79  updateFluff=0.155682 s  compute=0.232429 s  save=0.0 s
  comm[79] put=3 get=159 on=21 amo=0 | data=32032000 B/step  cum=2530528000 B
step 80  updateFluff=0.100993 s  compute=0.232074 s  save=0.0 s
  comm[80] put=3 get=159 on=21 amo=0 | data=32032000 B/step  cum=2562560000 B
step 81  updateFluff=0.150859 s  compute=0.232142 s  save=0.0 s
  comm[81] put=3 get=159 on=21 amo=0 | data=32032000 B/step  cum=2594592000 B
step 82  updateFluff=0.120331 s  compute=0.2311 s  save=0.0 s
  comm[82] put=3 get=159 on=21 amo=0 | data=32032000 B/step  cum=2626624000 B
step 83  updateFluff=0.105839 s  compute=0.233218 s  save=0.0 s
  comm[83] put=3 get=159 on=21 amo=0 | data=32032000 B/step  cum=2658656000 B
step 84  updateFluff=0.106511 s  compute=0.233659 s  save=0.0 s
  comm[84] put=3 get=159 on=21 amo=0 | data=32032000 B/step  cum=2690688000 B
step 85  updateFluff=0.096219 s  compute=0.233052 s  save=0.0 s
  comm[85] put=3 get=159 on=21 amo=0 | data=32032000 B/step  cum=2722720000 B
step 86  updateFluff=0.138884 s  compute=0.231123 s  save=1e-06 s
  comm[86] put=3 get=159 on=21 amo=0 | data=32032000 B/step  cum=2754752000 B
step 87  updateFluff=0.144485 s  compute=0.232072 s  save=0.0 s
  comm[87] put=3 get=159 on=21 amo=0 | data=32032000 B/step  cum=2786784000 B
step 88  updateFluff=0.145662 s  compute=0.233014 s  save=0.0 s
  comm[88] put=3 get=159 on=21 amo=0 | data=32032000 B/step  cum=2818816000 B
step 89  updateFluff=0.146305 s  compute=0.233515 s  save=0.0 s
  comm[89] put=3 get=159 on=21 amo=0 | data=32032000 B/step  cum=2850848000 B
step 90  updateFluff=0.142981 s  compute=0.230769 s  save=0.0 s
  comm[90] put=3 get=159 on=21 amo=0 | data=32032000 B/step  cum=2882880000 B
step 91  updateFluff=0.130332 s  compute=0.231373 s  save=0.0 s
  comm[91] put=3 get=159 on=21 amo=0 | data=32032000 B/step  cum=2914912000 B
step 92  updateFluff=0.093225 s  compute=0.232905 s  save=0.0 s
  comm[92] put=3 get=159 on=21 amo=0 | data=32032000 B/step  cum=2946944000 B
step 93  updateFluff=0.151934 s  compute=0.231107 s  save=0.0 s
  comm[93] put=3 get=159 on=21 amo=0 | data=32032000 B/step  cum=2978976000 B
step 94  updateFluff=0.143615 s  compute=0.230842 s  save=0.0 s
  comm[94] put=3 get=159 on=21 amo=0 | data=32032000 B/step  cum=3011008000 B
step 95  updateFluff=0.15455 s  compute=0.232079 s  save=0.0 s
  comm[95] put=3 get=159 on=21 amo=0 | data=32032000 B/step  cum=3043040000 B
step 96  updateFluff=0.138742 s  compute=0.233484 s  save=1e-06 s
  comm[96] put=3 get=159 on=21 amo=0 | data=32032000 B/step  cum=3075072000 B
step 97  updateFluff=0.143827 s  compute=0.231534 s  save=0.0 s
  comm[97] put=3 get=159 on=21 amo=0 | data=32032000 B/step  cum=3107104000 B
step 98  updateFluff=0.13146 s  compute=0.232034 s  save=0.0 s
  comm[98] put=3 get=159 on=21 amo=0 | data=32032000 B/step  cum=3139136000 B
step 99  updateFluff=0.140225 s  compute=0.230681 s  save=0.0 s
  comm[99] put=3 get=159 on=21 amo=0 | data=32032000 B/step  cum=3171168000 B
step 100  updateFluff=0.138983 s  compute=0.232185 s  save=0.0 s
  comm[100] put=3 get=159 on=21 amo=0 | data=32032000 B/step  cum=3203200000 B
[mem] after run locale 0: 4265.08 MB
[mem] after run locale 1: 4265.02 MB
[mem] after run locale 2: 4265.02 MB
[mem] after run locale 3: 4265.02 MB
final field: min=1.0 max=2.0 sum=1.00518e+09
Execution time:    36.776 s
