warning: QTHREADS: Reduced numThreadsPerLocale=20 to 16 to prevent oversubscription of the system.
warning: QTHREADS: Reduced numThreadsPerLocale=20 to 16 to prevent oversubscription of the system.
warning: QTHREADS: Reduced numThreadsPerLocale=20 to 16 to prevent oversubscription of the system.
warning: QTHREADS: Reduced numThreadsPerLocale=20 to 16 to prevent oversubscription of the system.
warning: QTHREADS: Reduced numThreadsPerLocale=20 to 16 to prevent oversubscription of the system.
warning: QTHREADS: Reduced numThreadsPerLocale=20 to 16 to prevent oversubscription of the system.
warning: QTHREADS: Reduced numThreadsPerLocale=20 to 16 to prevent oversubscription of the system.
warning: QTHREADS: Reduced numThreadsPerLocale=20 to 16 to prevent oversubscription of the system.
warning: QTHREADS: Reduced numThreadsPerLocale=20 to 16 to prevent oversubscription of the system.
[cfg] threadsPerLocale(requested)=20 numLocales=9
Initialization time: 0.419495 s
[mem] after init (u+un allocated) locale 0: 2001.43 MB
[mem] after init (u+un allocated) locale 1: 1996.23 MB
[mem] after init (u+un allocated) locale 2: 1996.23 MB
[mem] after init (u+un allocated) locale 3: 1996.23 MB
[mem] after init (u+un allocated) locale 4: 1990.29 MB
[mem] after init (u+un allocated) locale 5: 1990.29 MB
[mem] after init (u+un allocated) locale 6: 1996.23 MB
[mem] after init (u+un allocated) locale 7: 1990.29 MB
[mem] after init (u+un allocated) locale 8: 1990.29 MB
[cfg] locale 0 maxTaskPar=16
[cfg] locale 1 maxTaskPar=16
[cfg] locale 2 maxTaskPar=16
[cfg] locale 3 maxTaskPar=16
[cfg] locale 4 maxTaskPar=16
[cfg] locale 5 maxTaskPar=16
[cfg] locale 6 maxTaskPar=16
[cfg] locale 7 maxTaskPar=16
[cfg] locale 8 maxTaskPar=16
[comm] 64128000 B/step across 9 locale(s)
step 1  updateFluff=0.156599 s  compute=0.197098 s  save=0.0 s
  comm[1] put=0 get=531 on=56 amo=0 | data=64128000 B/step  cum=64128000 B
step 2  updateFluff=0.164825 s  compute=0.194615 s  save=0.0 s
  comm[2] put=9 get=528 on=64 amo=0 | data=64128000 B/step  cum=128256000 B
step 3  updateFluff=0.134411 s  compute=0.199161 s  save=0.0 s
  comm[3] put=9 get=531 on=64 amo=0 | data=64128000 B/step  cum=192384000 B
step 4  updateFluff=0.172479 s  compute=0.197279 s  save=0.0 s
  comm[4] put=9 get=528 on=64 amo=0 | data=64128000 B/step  cum=256512000 B
step 5  updateFluff=0.166039 s  compute=0.197187 s  save=0.0 s
  comm[5] put=9 get=531 on=64 amo=0 | data=64128000 B/step  cum=320640000 B
step 6  updateFluff=0.169367 s  compute=0.197016 s  save=0.0 s
  comm[6] put=9 get=528 on=64 amo=0 | data=64128000 B/step  cum=384768000 B
step 7  updateFluff=0.151853 s  compute=0.19847 s  save=1e-06 s
  comm[7] put=9 get=531 on=64 amo=0 | data=64128000 B/step  cum=448896000 B
step 8  updateFluff=0.149494 s  compute=0.198751 s  save=0.0 s
  comm[8] put=9 get=528 on=64 amo=0 | data=64128000 B/step  cum=513024000 B
step 9  updateFluff=0.17196 s  compute=0.197258 s  save=1e-06 s
  comm[9] put=9 get=531 on=64 amo=0 | data=64128000 B/step  cum=577152000 B
step 10  updateFluff=0.185662 s  compute=0.196686 s  save=0.0 s
  comm[10] put=9 get=528 on=64 amo=0 | data=64128000 B/step  cum=641280000 B
step 11  updateFluff=0.155763 s  compute=0.199145 s  save=0.0 s
  comm[11] put=9 get=531 on=64 amo=0 | data=64128000 B/step  cum=705408000 B
step 12  updateFluff=0.171069 s  compute=0.197837 s  save=0.0 s
  comm[12] put=9 get=528 on=64 amo=0 | data=64128000 B/step  cum=769536000 B
step 13  updateFluff=0.163025 s  compute=0.196965 s  save=0.0 s
  comm[13] put=9 get=531 on=64 amo=0 | data=64128000 B/step  cum=833664000 B
step 14  updateFluff=0.166942 s  compute=0.197865 s  save=0.0 s
  comm[14] put=9 get=528 on=64 amo=0 | data=64128000 B/step  cum=897792000 B
step 15  updateFluff=0.171847 s  compute=0.197137 s  save=0.0 s
  comm[15] put=9 get=531 on=64 amo=0 | data=64128000 B/step  cum=961920000 B
step 16  updateFluff=0.145577 s  compute=0.197511 s  save=0.0 s
  comm[16] put=9 get=528 on=64 amo=0 | data=64128000 B/step  cum=1026048000 B
step 17  updateFluff=0.143707 s  compute=0.196984 s  save=0.0 s
  comm[17] put=9 get=531 on=64 amo=0 | data=64128000 B/step  cum=1090176000 B
step 18  updateFluff=0.18328 s  compute=0.197859 s  save=0.0 s
  comm[18] put=9 get=528 on=64 amo=0 | data=64128000 B/step  cum=1154304000 B
step 19  updateFluff=0.154004 s  compute=0.200286 s  save=0.0 s
  comm[19] put=9 get=531 on=64 amo=0 | data=64128000 B/step  cum=1218432000 B
step 20  updateFluff=0.165716 s  compute=0.198389 s  save=0.0 s
  comm[20] put=9 get=528 on=64 amo=0 | data=64128000 B/step  cum=1282560000 B
step 21  updateFluff=0.166535 s  compute=0.197539 s  save=0.0 s
  comm[21] put=9 get=531 on=64 amo=0 | data=64128000 B/step  cum=1346688000 B
step 22  updateFluff=0.149867 s  compute=0.197363 s  save=0.0 s
  comm[22] put=9 get=528 on=64 amo=0 | data=64128000 B/step  cum=1410816000 B
step 23  updateFluff=0.181697 s  compute=0.200753 s  save=0.0 s
  comm[23] put=9 get=531 on=64 amo=0 | data=64128000 B/step  cum=1474944000 B
step 24  updateFluff=0.152545 s  compute=0.196934 s  save=0.0 s
  comm[24] put=9 get=528 on=64 amo=0 | data=64128000 B/step  cum=1539072000 B
step 25  updateFluff=0.171508 s  compute=0.198638 s  save=0.0 s
  comm[25] put=9 get=531 on=64 amo=0 | data=64128000 B/step  cum=1603200000 B
step 26  updateFluff=0.17642 s  compute=0.197729 s  save=0.0 s
  comm[26] put=9 get=528 on=64 amo=0 | data=64128000 B/step  cum=1667328000 B
step 27  updateFluff=0.165146 s  compute=0.196808 s  save=0.0 s
  comm[27] put=9 get=531 on=64 amo=0 | data=64128000 B/step  cum=1731456000 B
step 28  updateFluff=0.156794 s  compute=0.194304 s  save=0.0 s
  comm[28] put=9 get=528 on=64 amo=0 | data=64128000 B/step  cum=1795584000 B
step 29  updateFluff=0.166991 s  compute=0.197477 s  save=0.0 s
  comm[29] put=9 get=531 on=64 amo=0 | data=64128000 B/step  cum=1859712000 B
step 30  updateFluff=0.148497 s  compute=0.198547 s  save=1e-06 s
  comm[30] put=9 get=528 on=64 amo=0 | data=64128000 B/step  cum=1923840000 B
step 31  updateFluff=0.171053 s  compute=0.198663 s  save=0.0 s
  comm[31] put=9 get=531 on=64 amo=0 | data=64128000 B/step  cum=1987968000 B
step 32  updateFluff=0.144003 s  compute=0.195006 s  save=0.0 s
  comm[32] put=9 get=528 on=64 amo=0 | data=64128000 B/step  cum=2052096000 B
step 33  updateFluff=0.176558 s  compute=0.198856 s  save=0.0 s
  comm[33] put=9 get=531 on=64 amo=0 | data=64128000 B/step  cum=2116224000 B
step 34  updateFluff=0.140749 s  compute=0.196912 s  save=0.0 s
  comm[34] put=9 get=528 on=64 amo=0 | data=64128000 B/step  cum=2180352000 B
step 35  updateFluff=0.163736 s  compute=0.196353 s  save=0.0 s
  comm[35] put=9 get=531 on=64 amo=0 | data=64128000 B/step  cum=2244480000 B
step 36  updateFluff=0.175042 s  compute=0.199749 s  save=0.0 s
  comm[36] put=9 get=528 on=64 amo=0 | data=64128000 B/step  cum=2308608000 B
step 37  updateFluff=0.185869 s  compute=0.201885 s  save=0.0 s
  comm[37] put=9 get=531 on=64 amo=0 | data=64128000 B/step  cum=2372736000 B
step 38  updateFluff=0.162357 s  compute=0.19852 s  save=0.0 s
  comm[38] put=9 get=528 on=64 amo=0 | data=64128000 B/step  cum=2436864000 B
step 39  updateFluff=0.157442 s  compute=0.200455 s  save=0.0 s
  comm[39] put=9 get=531 on=64 amo=0 | data=64128000 B/step  cum=2500992000 B
step 40  updateFluff=0.15368 s  compute=0.198927 s  save=0.0 s
  comm[40] put=9 get=528 on=64 amo=0 | data=64128000 B/step  cum=2565120000 B
step 41  updateFluff=0.161012 s  compute=0.199518 s  save=0.0 s
  comm[41] put=9 get=531 on=64 amo=0 | data=64128000 B/step  cum=2629248000 B
step 42  updateFluff=0.156443 s  compute=0.199098 s  save=0.0 s
  comm[42] put=9 get=528 on=64 amo=0 | data=64128000 B/step  cum=2693376000 B
step 43  updateFluff=0.163673 s  compute=0.197067 s  save=0.0 s
  comm[43] put=9 get=531 on=64 amo=0 | data=64128000 B/step  cum=2757504000 B
step 44  updateFluff=0.177455 s  compute=0.197621 s  save=0.0 s
  comm[44] put=9 get=528 on=64 amo=0 | data=64128000 B/step  cum=2821632000 B
step 45  updateFluff=0.16522 s  compute=0.19761 s  save=1e-06 s
  comm[45] put=9 get=531 on=64 amo=0 | data=64128000 B/step  cum=2885760000 B
step 46  updateFluff=0.184769 s  compute=0.198306 s  save=0.0 s
  comm[46] put=9 get=528 on=64 amo=0 | data=64128000 B/step  cum=2949888000 B
step 47  updateFluff=0.168576 s  compute=0.19636 s  save=0.0 s
  comm[47] put=9 get=531 on=64 amo=0 | data=64128000 B/step  cum=3014016000 B
step 48  updateFluff=0.163343 s  compute=0.199391 s  save=0.0 s
  comm[48] put=9 get=528 on=64 amo=0 | data=64128000 B/step  cum=3078144000 B
step 49  updateFluff=0.151432 s  compute=0.19597 s  save=0.0 s
  comm[49] put=9 get=531 on=64 amo=0 | data=64128000 B/step  cum=3142272000 B
step 50  updateFluff=0.154144 s  compute=0.197503 s  save=1e-06 s
  comm[50] put=9 get=528 on=64 amo=0 | data=64128000 B/step  cum=3206400000 B
step 51  updateFluff=0.160959 s  compute=0.195872 s  save=0.0 s
  comm[51] put=9 get=531 on=64 amo=0 | data=64128000 B/step  cum=3270528000 B
step 52  updateFluff=0.161997 s  compute=0.197242 s  save=0.0 s
  comm[52] put=9 get=528 on=64 amo=0 | data=64128000 B/step  cum=3334656000 B
step 53  updateFluff=0.150932 s  compute=0.195544 s  save=1e-06 s
  comm[53] put=9 get=531 on=64 amo=0 | data=64128000 B/step  cum=3398784000 B
step 54  updateFluff=0.166339 s  compute=0.197185 s  save=0.0 s
  comm[54] put=9 get=528 on=64 amo=0 | data=64128000 B/step  cum=3462912000 B
step 55  updateFluff=0.163546 s  compute=0.196974 s  save=1e-06 s
  comm[55] put=9 get=531 on=64 amo=0 | data=64128000 B/step  cum=3527040000 B
step 56  updateFluff=0.167708 s  compute=0.19622 s  save=0.0 s
  comm[56] put=9 get=528 on=64 amo=0 | data=64128000 B/step  cum=3591168000 B
step 57  updateFluff=0.160853 s  compute=0.196061 s  save=0.0 s
  comm[57] put=9 get=531 on=64 amo=0 | data=64128000 B/step  cum=3655296000 B
step 58  updateFluff=0.308056 s  compute=0.198071 s  save=0.0 s
  comm[58] put=9 get=528 on=64 amo=0 | data=64128000 B/step  cum=3719424000 B
step 59  updateFluff=0.175872 s  compute=0.197628 s  save=0.0 s
  comm[59] put=9 get=531 on=64 amo=0 | data=64128000 B/step  cum=3783552000 B
step 60  updateFluff=0.164547 s  compute=0.198865 s  save=0.0 s
  comm[60] put=9 get=528 on=64 amo=0 | data=64128000 B/step  cum=3847680000 B
step 61  updateFluff=0.136945 s  compute=0.198004 s  save=0.0 s
  comm[61] put=9 get=531 on=64 amo=0 | data=64128000 B/step  cum=3911808000 B
step 62  updateFluff=0.163627 s  compute=0.196508 s  save=0.0 s
  comm[62] put=9 get=528 on=64 amo=0 | data=64128000 B/step  cum=3975936000 B
step 63  updateFluff=0.157477 s  compute=0.198185 s  save=0.0 s
  comm[63] put=9 get=531 on=64 amo=0 | data=64128000 B/step  cum=4040064000 B
step 64  updateFluff=0.170385 s  compute=0.197461 s  save=0.0 s
  comm[64] put=9 get=528 on=64 amo=0 | data=64128000 B/step  cum=4104192000 B
step 65  updateFluff=0.149929 s  compute=0.19776 s  save=0.0 s
  comm[65] put=9 get=531 on=64 amo=0 | data=64128000 B/step  cum=4168320000 B
step 66  updateFluff=0.158073 s  compute=0.19658 s  save=0.0 s
  comm[66] put=9 get=528 on=64 amo=0 | data=64128000 B/step  cum=4232448000 B
step 67  updateFluff=0.16114 s  compute=0.198454 s  save=0.0 s
  comm[67] put=9 get=531 on=64 amo=0 | data=64128000 B/step  cum=4296576000 B
step 68  updateFluff=0.179004 s  compute=0.198079 s  save=0.0 s
  comm[68] put=9 get=528 on=64 amo=0 | data=64128000 B/step  cum=4360704000 B
step 69  updateFluff=0.170883 s  compute=0.197472 s  save=0.0 s
  comm[69] put=9 get=531 on=64 amo=0 | data=64128000 B/step  cum=4424832000 B
step 70  updateFluff=0.172335 s  compute=0.198974 s  save=0.0 s
  comm[70] put=9 get=528 on=64 amo=0 | data=64128000 B/step  cum=4488960000 B
step 71  updateFluff=0.163062 s  compute=0.197659 s  save=0.0 s
  comm[71] put=9 get=531 on=64 amo=0 | data=64128000 B/step  cum=4553088000 B
step 72  updateFluff=0.165305 s  compute=0.196146 s  save=0.0 s
  comm[72] put=9 get=528 on=64 amo=0 | data=64128000 B/step  cum=4617216000 B
step 73  updateFluff=0.163165 s  compute=0.200937 s  save=0.0 s
  comm[73] put=9 get=531 on=64 amo=0 | data=64128000 B/step  cum=4681344000 B
step 74  updateFluff=0.179366 s  compute=0.19728 s  save=0.0 s
  comm[74] put=9 get=528 on=64 amo=0 | data=64128000 B/step  cum=4745472000 B
step 75  updateFluff=0.165291 s  compute=0.196779 s  save=0.0 s
  comm[75] put=9 get=531 on=64 amo=0 | data=64128000 B/step  cum=4809600000 B
step 76  updateFluff=0.16065 s  compute=0.196937 s  save=0.0 s
  comm[76] put=9 get=528 on=64 amo=0 | data=64128000 B/step  cum=4873728000 B
step 77  updateFluff=0.145222 s  compute=0.198455 s  save=0.0 s
  comm[77] put=9 get=531 on=64 amo=0 | data=64128000 B/step  cum=4937856000 B
step 78  updateFluff=0.156306 s  compute=0.197532 s  save=1e-06 s
  comm[78] put=9 get=528 on=64 amo=0 | data=64128000 B/step  cum=5001984000 B
step 79  updateFluff=0.179441 s  compute=0.198068 s  save=0.0 s
  comm[79] put=9 get=531 on=64 amo=0 | data=64128000 B/step  cum=5066112000 B
step 80  updateFluff=0.159839 s  compute=0.199449 s  save=0.0 s
  comm[80] put=9 get=528 on=64 amo=0 | data=64128000 B/step  cum=5130240000 B
step 81  updateFluff=0.165838 s  compute=0.198649 s  save=0.0 s
  comm[81] put=9 get=531 on=64 amo=0 | data=64128000 B/step  cum=5194368000 B
step 82  updateFluff=0.16039 s  compute=0.197556 s  save=0.0 s
  comm[82] put=9 get=528 on=64 amo=0 | data=64128000 B/step  cum=5258496000 B
step 83  updateFluff=0.146628 s  compute=0.198318 s  save=0.0 s
  comm[83] put=9 get=531 on=64 amo=0 | data=64128000 B/step  cum=5322624000 B
step 84  updateFluff=0.161605 s  compute=0.199 s  save=0.0 s
  comm[84] put=9 get=528 on=64 amo=0 | data=64128000 B/step  cum=5386752000 B
step 85  updateFluff=0.161377 s  compute=0.197231 s  save=0.0 s
  comm[85] put=9 get=531 on=64 amo=0 | data=64128000 B/step  cum=5450880000 B
step 86  updateFluff=0.161322 s  compute=0.196949 s  save=0.0 s
  comm[86] put=9 get=528 on=64 amo=0 | data=64128000 B/step  cum=5515008000 B
step 87  updateFluff=0.167434 s  compute=0.196114 s  save=0.0 s
  comm[87] put=9 get=531 on=64 amo=0 | data=64128000 B/step  cum=5579136000 B
step 88  updateFluff=0.140987 s  compute=0.19623 s  save=0.0 s
  comm[88] put=9 get=528 on=64 amo=0 | data=64128000 B/step  cum=5643264000 B
step 89  updateFluff=0.153451 s  compute=0.201534 s  save=0.0 s
  comm[89] put=9 get=531 on=64 amo=0 | data=64128000 B/step  cum=5707392000 B
step 90  updateFluff=0.15801 s  compute=0.195305 s  save=0.0 s
  comm[90] put=9 get=528 on=64 amo=0 | data=64128000 B/step  cum=5771520000 B
step 91  updateFluff=0.154714 s  compute=0.194291 s  save=0.0 s
  comm[91] put=9 get=531 on=64 amo=0 | data=64128000 B/step  cum=5835648000 B
step 92  updateFluff=0.164015 s  compute=0.194831 s  save=0.0 s
  comm[92] put=9 get=528 on=64 amo=0 | data=64128000 B/step  cum=5899776000 B
step 93  updateFluff=0.162441 s  compute=0.197887 s  save=0.0 s
  comm[93] put=9 get=531 on=64 amo=0 | data=64128000 B/step  cum=5963904000 B
step 94  updateFluff=0.158408 s  compute=0.197785 s  save=0.0 s
  comm[94] put=9 get=528 on=64 amo=0 | data=64128000 B/step  cum=6028032000 B
step 95  updateFluff=0.155429 s  compute=0.198407 s  save=0.0 s
  comm[95] put=9 get=531 on=64 amo=0 | data=64128000 B/step  cum=6092160000 B
step 96  updateFluff=0.146341 s  compute=0.197715 s  save=0.0 s
  comm[96] put=9 get=528 on=64 amo=0 | data=64128000 B/step  cum=6156288000 B
step 97  updateFluff=0.149643 s  compute=0.200479 s  save=0.0 s
  comm[97] put=9 get=531 on=64 amo=0 | data=64128000 B/step  cum=6220416000 B
step 98  updateFluff=0.160062 s  compute=0.197449 s  save=0.0 s
  comm[98] put=9 get=528 on=64 amo=0 | data=64128000 B/step  cum=6284544000 B
step 99  updateFluff=0.170505 s  compute=0.197224 s  save=0.0 s
  comm[99] put=9 get=531 on=64 amo=0 | data=64128000 B/step  cum=6348672000 B
step 100  updateFluff=0.171876 s  compute=0.196993 s  save=0.0 s
  comm[100] put=9 get=528 on=64 amo=0 | data=64128000 B/step  cum=6412800000 B
[mem] after run locale 0: 2001.43 MB
[mem] after run locale 1: 1996.23 MB
[mem] after run locale 2: 1996.23 MB
[mem] after run locale 3: 1996.23 MB
[mem] after run locale 4: 1990.29 MB
[mem] after run locale 5: 1990.29 MB
[mem] after run locale 6: 1996.23 MB
[mem] after run locale 7: 1990.29 MB
[mem] after run locale 8: 1990.29 MB
final field: min=1.0 max=2.0 sum=1.00518e+09
Execution time:    36.6626 s
