warning: QTHREADS: Reduced numThreadsPerLocale=20 to 16 to prevent oversubscription of the system.
warning: QTHREADS: Reduced numThreadsPerLocale=20 to 16 to prevent oversubscription of the system.
warning: QTHREADS: Reduced numThreadsPerLocale=20 to 16 to prevent oversubscription of the system.
warning: QTHREADS: Reduced numThreadsPerLocale=20 to 16 to prevent oversubscription of the system.
warning: QTHREADS: Reduced numThreadsPerLocale=20 to 16 to prevent oversubscription of the system.
warning: QTHREADS: Reduced numThreadsPerLocale=20 to 16 to prevent oversubscription of the system.
warning: QTHREADS: Reduced numThreadsPerLocale=20 to 16 to prevent oversubscription of the system.
warning: QTHREADS: Reduced numThreadsPerLocale=20 to 16 to prevent oversubscription of the system.
[cfg] threadsPerLocale(requested)=20 numLocales=8
Initialization time: 0.520904 s
[mem] after init (u+un allocated) locale 0: 2136.45 MB
[mem] after init (u+un allocated) locale 1: 2136.38 MB
[mem] after init (u+un allocated) locale 2: 2136.38 MB
[mem] after init (u+un allocated) locale 3: 2136.38 MB
[mem] after init (u+un allocated) locale 4: 2136.38 MB
[mem] after init (u+un allocated) locale 5: 2136.38 MB
[mem] after init (u+un allocated) locale 6: 2136.38 MB
[mem] after init (u+un allocated) locale 7: 2136.38 MB
[cfg] locale 0 maxTaskPar=16
[cfg] locale 1 maxTaskPar=16
[cfg] locale 2 maxTaskPar=16
[cfg] locale 3 maxTaskPar=16
[cfg] locale 4 maxTaskPar=16
[cfg] locale 5 maxTaskPar=16
[cfg] locale 6 maxTaskPar=16
[cfg] locale 7 maxTaskPar=16
[comm] 48096064 B/step across 8 locale(s)
step 1  updateFluff=0.211059 s  compute=0.219376 s  save=0.0 s
  comm[1] put=0 get=737 on=70 amo=0 | data=48096064 B/step  cum=48096064 B
step 2  updateFluff=0.191207 s  compute=0.221867 s  save=0.0 s
  comm[2] put=8 get=737 on=77 amo=0 | data=48096064 B/step  cum=96192128 B
step 3  updateFluff=0.203014 s  compute=0.221966 s  save=0.0 s
  comm[3] put=8 get=737 on=77 amo=0 | data=48096064 B/step  cum=144288192 B
step 4  updateFluff=0.192784 s  compute=0.221791 s  save=0.0 s
  comm[4] put=8 get=737 on=77 amo=0 | data=48096064 B/step  cum=192384256 B
step 5  updateFluff=0.192941 s  compute=0.22087 s  save=0.0 s
  comm[5] put=8 get=737 on=77 amo=0 | data=48096064 B/step  cum=240480320 B
step 6  updateFluff=0.186967 s  compute=0.221435 s  save=0.0 s
  comm[6] put=8 get=737 on=77 amo=0 | data=48096064 B/step  cum=288576384 B
step 7  updateFluff=0.221389 s  compute=0.218838 s  save=0.0 s
  comm[7] put=8 get=737 on=77 amo=0 | data=48096064 B/step  cum=336672448 B
step 8  updateFluff=0.212899 s  compute=0.218595 s  save=0.0 s
  comm[8] put=8 get=737 on=77 amo=0 | data=48096064 B/step  cum=384768512 B
step 9  updateFluff=0.192439 s  compute=0.220668 s  save=1e-06 s
  comm[9] put=8 get=737 on=77 amo=0 | data=48096064 B/step  cum=432864576 B
step 10  updateFluff=0.19535 s  compute=0.221613 s  save=1e-06 s
  comm[10] put=8 get=737 on=77 amo=0 | data=48096064 B/step  cum=480960640 B
step 11  updateFluff=0.188598 s  compute=0.224701 s  save=0.0 s
  comm[11] put=8 get=737 on=77 amo=0 | data=48096064 B/step  cum=529056704 B
step 12  updateFluff=0.198028 s  compute=0.220846 s  save=0.0 s
  comm[12] put=8 get=737 on=77 amo=0 | data=48096064 B/step  cum=577152768 B
step 13  updateFluff=0.192076 s  compute=0.219523 s  save=0.0 s
  comm[13] put=8 get=737 on=77 amo=0 | data=48096064 B/step  cum=625248832 B
step 14  updateFluff=0.192895 s  compute=0.219817 s  save=1e-06 s
  comm[14] put=8 get=737 on=77 amo=0 | data=48096064 B/step  cum=673344896 B
step 15  updateFluff=0.204737 s  compute=0.219338 s  save=1e-06 s
  comm[15] put=8 get=737 on=77 amo=0 | data=48096064 B/step  cum=721440960 B
step 16  updateFluff=0.178204 s  compute=0.219598 s  save=0.0 s
  comm[16] put=8 get=737 on=77 amo=0 | data=48096064 B/step  cum=769537024 B
step 17  updateFluff=0.186636 s  compute=0.218387 s  save=0.0 s
  comm[17] put=8 get=737 on=77 amo=0 | data=48096064 B/step  cum=817633088 B
step 18  updateFluff=0.220296 s  compute=0.221931 s  save=0.0 s
  comm[18] put=8 get=737 on=77 amo=0 | data=48096064 B/step  cum=865729152 B
step 19  updateFluff=0.187418 s  compute=0.220522 s  save=0.0 s
  comm[19] put=8 get=737 on=77 amo=0 | data=48096064 B/step  cum=913825216 B
step 20  updateFluff=0.196115 s  compute=0.220895 s  save=0.0 s
  comm[20] put=8 get=737 on=77 amo=0 | data=48096064 B/step  cum=961921280 B
step 21  updateFluff=0.187828 s  compute=0.220711 s  save=1e-06 s
  comm[21] put=8 get=737 on=77 amo=0 | data=48096064 B/step  cum=1010017344 B
step 22  updateFluff=0.22411 s  compute=0.219051 s  save=1e-06 s
  comm[22] put=8 get=737 on=77 amo=0 | data=48096064 B/step  cum=1058113408 B
step 23  updateFluff=0.190546 s  compute=0.219114 s  save=0.0 s
  comm[23] put=8 get=737 on=77 amo=0 | data=48096064 B/step  cum=1106209472 B
step 24  updateFluff=0.206416 s  compute=0.222504 s  save=0.0 s
  comm[24] put=8 get=737 on=77 amo=0 | data=48096064 B/step  cum=1154305536 B
step 25  updateFluff=0.194741 s  compute=0.219499 s  save=0.0 s
  comm[25] put=8 get=737 on=77 amo=0 | data=48096064 B/step  cum=1202401600 B
step 26  updateFluff=0.203746 s  compute=0.22026 s  save=0.0 s
  comm[26] put=8 get=737 on=77 amo=0 | data=48096064 B/step  cum=1250497664 B
step 27  updateFluff=0.199772 s  compute=0.218671 s  save=1e-06 s
  comm[27] put=8 get=737 on=77 amo=0 | data=48096064 B/step  cum=1298593728 B
step 28  updateFluff=0.177848 s  compute=0.219344 s  save=0.0 s
  comm[28] put=8 get=737 on=77 amo=0 | data=48096064 B/step  cum=1346689792 B
step 29  updateFluff=0.183285 s  compute=0.220092 s  save=0.0 s
  comm[29] put=8 get=737 on=77 amo=0 | data=48096064 B/step  cum=1394785856 B
step 30  updateFluff=0.205127 s  compute=0.219882 s  save=1e-06 s
  comm[30] put=8 get=737 on=77 amo=0 | data=48096064 B/step  cum=1442881920 B
step 31  updateFluff=0.215923 s  compute=0.220091 s  save=0.0 s
  comm[31] put=8 get=737 on=77 amo=0 | data=48096064 B/step  cum=1490977984 B
step 32  updateFluff=0.194335 s  compute=0.222418 s  save=0.0 s
  comm[32] put=8 get=737 on=77 amo=0 | data=48096064 B/step  cum=1539074048 B
step 33  updateFluff=0.195031 s  compute=0.219933 s  save=0.0 s
  comm[33] put=8 get=737 on=77 amo=0 | data=48096064 B/step  cum=1587170112 B
step 34  updateFluff=0.235501 s  compute=0.219922 s  save=0.0 s
  comm[34] put=8 get=737 on=77 amo=0 | data=48096064 B/step  cum=1635266176 B
step 35  updateFluff=0.198437 s  compute=0.220394 s  save=0.0 s
  comm[35] put=8 get=737 on=77 amo=0 | data=48096064 B/step  cum=1683362240 B
step 36  updateFluff=0.383981 s  compute=0.221078 s  save=0.0 s
  comm[36] put=8 get=737 on=77 amo=0 | data=48096064 B/step  cum=1731458304 B
step 37  updateFluff=0.203177 s  compute=0.219022 s  save=1e-06 s
  comm[37] put=8 get=737 on=77 amo=0 | data=48096064 B/step  cum=1779554368 B
step 38  updateFluff=0.193578 s  compute=0.222268 s  save=0.0 s
  comm[38] put=8 get=737 on=77 amo=0 | data=48096064 B/step  cum=1827650432 B
step 39  updateFluff=0.203931 s  compute=0.22281 s  save=0.0 s
  comm[39] put=8 get=737 on=77 amo=0 | data=48096064 B/step  cum=1875746496 B
step 40  updateFluff=0.196089 s  compute=0.215897 s  save=0.0 s
  comm[40] put=8 get=737 on=77 amo=0 | data=48096064 B/step  cum=1923842560 B
step 41  updateFluff=0.1978 s  compute=0.220005 s  save=0.0 s
  comm[41] put=8 get=737 on=77 amo=0 | data=48096064 B/step  cum=1971938624 B
step 42  updateFluff=0.192398 s  compute=0.219988 s  save=1e-06 s
  comm[42] put=8 get=737 on=77 amo=0 | data=48096064 B/step  cum=2020034688 B
step 43  updateFluff=0.181639 s  compute=0.220004 s  save=0.0 s
  comm[43] put=8 get=737 on=77 amo=0 | data=48096064 B/step  cum=2068130752 B
step 44  updateFluff=0.199056 s  compute=0.218735 s  save=0.0 s
  comm[44] put=8 get=737 on=77 amo=0 | data=48096064 B/step  cum=2116226816 B
step 45  updateFluff=0.204346 s  compute=0.22039 s  save=0.0 s
  comm[45] put=8 get=737 on=77 amo=0 | data=48096064 B/step  cum=2164322880 B
step 46  updateFluff=0.204552 s  compute=0.219975 s  save=0.0 s
  comm[46] put=8 get=737 on=77 amo=0 | data=48096064 B/step  cum=2212418944 B
step 47  updateFluff=0.197902 s  compute=0.219543 s  save=1e-06 s
  comm[47] put=8 get=737 on=77 amo=0 | data=48096064 B/step  cum=2260515008 B
step 48  updateFluff=0.223664 s  compute=0.22262 s  save=0.0 s
  comm[48] put=8 get=737 on=77 amo=0 | data=48096064 B/step  cum=2308611072 B
step 49  updateFluff=0.188151 s  compute=0.221161 s  save=1e-06 s
  comm[49] put=8 get=737 on=77 amo=0 | data=48096064 B/step  cum=2356707136 B
step 50  updateFluff=0.199642 s  compute=0.219414 s  save=0.0 s
  comm[50] put=8 get=737 on=77 amo=0 | data=48096064 B/step  cum=2404803200 B
step 51  updateFluff=0.203996 s  compute=0.220051 s  save=0.0 s
  comm[51] put=8 get=737 on=77 amo=0 | data=48096064 B/step  cum=2452899264 B
step 52  updateFluff=0.191413 s  compute=0.219479 s  save=0.0 s
  comm[52] put=8 get=737 on=77 amo=0 | data=48096064 B/step  cum=2500995328 B
step 53  updateFluff=0.189584 s  compute=0.220258 s  save=0.0 s
  comm[53] put=8 get=737 on=77 amo=0 | data=48096064 B/step  cum=2549091392 B
step 54  updateFluff=0.217072 s  compute=0.221769 s  save=0.0 s
  comm[54] put=8 get=737 on=77 amo=0 | data=48096064 B/step  cum=2597187456 B
step 55  updateFluff=0.178081 s  compute=0.221723 s  save=0.0 s
  comm[55] put=8 get=737 on=77 amo=0 | data=48096064 B/step  cum=2645283520 B
step 56  updateFluff=0.177333 s  compute=0.219694 s  save=0.0 s
  comm[56] put=8 get=737 on=77 amo=0 | data=48096064 B/step  cum=2693379584 B
step 57  updateFluff=0.194381 s  compute=0.219292 s  save=0.0 s
  comm[57] put=8 get=737 on=77 amo=0 | data=48096064 B/step  cum=2741475648 B
step 58  updateFluff=0.185133 s  compute=0.220475 s  save=0.0 s
  comm[58] put=8 get=737 on=77 amo=0 | data=48096064 B/step  cum=2789571712 B
step 59  updateFluff=0.20223 s  compute=0.218697 s  save=0.0 s
  comm[59] put=8 get=737 on=77 amo=0 | data=48096064 B/step  cum=2837667776 B
step 60  updateFluff=0.192036 s  compute=0.217294 s  save=0.0 s
  comm[60] put=8 get=737 on=77 amo=0 | data=48096064 B/step  cum=2885763840 B
step 61  updateFluff=0.201165 s  compute=0.21937 s  save=0.0 s
  comm[61] put=8 get=737 on=77 amo=0 | data=48096064 B/step  cum=2933859904 B
step 62  updateFluff=0.18426 s  compute=0.22096 s  save=0.0 s
  comm[62] put=8 get=737 on=77 amo=0 | data=48096064 B/step  cum=2981955968 B
step 63  updateFluff=0.191967 s  compute=0.220741 s  save=0.0 s
  comm[63] put=8 get=737 on=77 amo=0 | data=48096064 B/step  cum=3030052032 B
step 64  updateFluff=0.225947 s  compute=0.222019 s  save=0.0 s
  comm[64] put=8 get=737 on=77 amo=0 | data=48096064 B/step  cum=3078148096 B
step 65  updateFluff=0.202365 s  compute=0.221856 s  save=0.0 s
  comm[65] put=8 get=737 on=77 amo=0 | data=48096064 B/step  cum=3126244160 B
step 66  updateFluff=0.192895 s  compute=0.220667 s  save=0.0 s
  comm[66] put=8 get=737 on=77 amo=0 | data=48096064 B/step  cum=3174340224 B
step 67  updateFluff=0.19944 s  compute=0.222114 s  save=0.0 s
  comm[67] put=8 get=737 on=77 amo=0 | data=48096064 B/step  cum=3222436288 B
step 68  updateFluff=0.193767 s  compute=0.221439 s  save=0.0 s
  comm[68] put=8 get=737 on=77 amo=0 | data=48096064 B/step  cum=3270532352 B
step 69  updateFluff=0.2044 s  compute=0.221346 s  save=0.0 s
  comm[69] put=8 get=737 on=77 amo=0 | data=48096064 B/step  cum=3318628416 B
step 70  updateFluff=0.185606 s  compute=0.222557 s  save=0.0 s
  comm[70] put=8 get=737 on=77 amo=0 | data=48096064 B/step  cum=3366724480 B
step 71  updateFluff=0.192113 s  compute=0.222051 s  save=1e-06 s
  comm[71] put=8 get=737 on=77 amo=0 | data=48096064 B/step  cum=3414820544 B
step 72  updateFluff=0.204303 s  compute=0.221095 s  save=1e-06 s
  comm[72] put=8 get=737 on=77 amo=0 | data=48096064 B/step  cum=3462916608 B
step 73  updateFluff=0.210103 s  compute=0.220298 s  save=0.0 s
  comm[73] put=8 get=737 on=77 amo=0 | data=48096064 B/step  cum=3511012672 B
step 74  updateFluff=0.19087 s  compute=0.219658 s  save=0.0 s
  comm[74] put=8 get=737 on=77 amo=0 | data=48096064 B/step  cum=3559108736 B
step 75  updateFluff=0.18744 s  compute=0.219806 s  save=0.0 s
  comm[75] put=8 get=737 on=77 amo=0 | data=48096064 B/step  cum=3607204800 B
step 76  updateFluff=0.210133 s  compute=0.218946 s  save=0.0 s
  comm[76] put=8 get=737 on=77 amo=0 | data=48096064 B/step  cum=3655300864 B
step 77  updateFluff=0.206887 s  compute=0.219379 s  save=0.0 s
  comm[77] put=8 get=737 on=77 amo=0 | data=48096064 B/step  cum=3703396928 B
step 78  updateFluff=0.195499 s  compute=0.221253 s  save=0.0 s
  comm[78] put=8 get=737 on=77 amo=0 | data=48096064 B/step  cum=3751492992 B
step 79  updateFluff=0.178611 s  compute=0.219474 s  save=0.0 s
  comm[79] put=8 get=737 on=77 amo=0 | data=48096064 B/step  cum=3799589056 B
step 80  updateFluff=0.183462 s  compute=0.216899 s  save=0.0 s
  comm[80] put=8 get=737 on=77 amo=0 | data=48096064 B/step  cum=3847685120 B
step 81  updateFluff=0.189474 s  compute=0.221341 s  save=0.0 s
  comm[81] put=8 get=737 on=77 amo=0 | data=48096064 B/step  cum=3895781184 B
step 82  updateFluff=0.206964 s  compute=0.219381 s  save=0.0 s
  comm[82] put=8 get=737 on=77 amo=0 | data=48096064 B/step  cum=3943877248 B
step 83  updateFluff=0.203467 s  compute=0.220808 s  save=0.0 s
  comm[83] put=8 get=737 on=77 amo=0 | data=48096064 B/step  cum=3991973312 B
step 84  updateFluff=0.20996 s  compute=0.219945 s  save=0.0 s
  comm[84] put=8 get=737 on=77 amo=0 | data=48096064 B/step  cum=4040069376 B
step 85  updateFluff=0.207099 s  compute=0.221117 s  save=0.0 s
  comm[85] put=8 get=737 on=77 amo=0 | data=48096064 B/step  cum=4088165440 B
step 86  updateFluff=0.202927 s  compute=0.219023 s  save=0.0 s
  comm[86] put=8 get=737 on=77 amo=0 | data=48096064 B/step  cum=4136261504 B
step 87  updateFluff=0.183932 s  compute=0.22023 s  save=0.0 s
  comm[87] put=8 get=737 on=77 amo=0 | data=48096064 B/step  cum=4184357568 B
step 88  updateFluff=0.198124 s  compute=0.221669 s  save=0.0 s
  comm[88] put=8 get=737 on=77 amo=0 | data=48096064 B/step  cum=4232453632 B
step 89  updateFluff=0.189123 s  compute=0.221761 s  save=0.0 s
  comm[89] put=8 get=737 on=77 amo=0 | data=48096064 B/step  cum=4280549696 B
step 90  updateFluff=0.202325 s  compute=0.221807 s  save=0.0 s
  comm[90] put=8 get=737 on=77 amo=0 | data=48096064 B/step  cum=4328645760 B
step 91  updateFluff=0.213602 s  compute=0.222956 s  save=0.0 s
  comm[91] put=8 get=737 on=77 amo=0 | data=48096064 B/step  cum=4376741824 B
step 92  updateFluff=0.190435 s  compute=0.219657 s  save=1e-06 s
  comm[92] put=8 get=737 on=77 amo=0 | data=48096064 B/step  cum=4424837888 B
step 93  updateFluff=0.185956 s  compute=0.219855 s  save=0.0 s
  comm[93] put=8 get=737 on=77 amo=0 | data=48096064 B/step  cum=4472933952 B
step 94  updateFluff=0.188887 s  compute=0.221712 s  save=0.0 s
  comm[94] put=8 get=737 on=77 amo=0 | data=48096064 B/step  cum=4521030016 B
step 95  updateFluff=0.179163 s  compute=0.220542 s  save=1e-06 s
  comm[95] put=8 get=737 on=77 amo=0 | data=48096064 B/step  cum=4569126080 B
step 96  updateFluff=0.194029 s  compute=0.220736 s  save=1e-06 s
  comm[96] put=8 get=737 on=77 amo=0 | data=48096064 B/step  cum=4617222144 B
step 97  updateFluff=0.193947 s  compute=0.220555 s  save=0.0 s
  comm[97] put=8 get=737 on=77 amo=0 | data=48096064 B/step  cum=4665318208 B
step 98  updateFluff=0.177641 s  compute=0.216882 s  save=0.0 s
  comm[98] put=8 get=737 on=77 amo=0 | data=48096064 B/step  cum=4713414272 B
step 99  updateFluff=0.194005 s  compute=0.219796 s  save=0.0 s
  comm[99] put=8 get=737 on=77 amo=0 | data=48096064 B/step  cum=4761510336 B
step 100  updateFluff=0.201287 s  compute=0.218264 s  save=0.0 s
  comm[100] put=8 get=737 on=77 amo=0 | data=48096064 B/step  cum=4809606400 B
[mem] after run locale 0: 2136.45 MB
[mem] after run locale 1: 2136.38 MB
[mem] after run locale 2: 2136.38 MB
[mem] after run locale 3: 2136.38 MB
[mem] after run locale 4: 2136.38 MB
[mem] after run locale 5: 2136.38 MB
[mem] after run locale 6: 2136.38 MB
[mem] after run locale 7: 2136.38 MB
final field: min=1.0 max=2.0 sum=1.00518e+09
Execution time:    42.4193 s
