warning: QTHREADS: Reduced numThreadsPerLocale=20 to 16 to prevent oversubscription of the system.
warning: QTHREADS: Reduced numThreadsPerLocale=20 to 16 to prevent oversubscription of the system.
warning: QTHREADS: Reduced numThreadsPerLocale=20 to 16 to prevent oversubscription of the system.
warning: QTHREADS: Reduced numThreadsPerLocale=20 to 16 to prevent oversubscription of the system.
warning: QTHREADS: Reduced numThreadsPerLocale=20 to 16 to prevent oversubscription of the system.
warning: QTHREADS: Reduced numThreadsPerLocale=20 to 16 to prevent oversubscription of the system.
[cfg] threadsPerLocale(requested)=20 numLocales=6
Initialization time: 0.52279 s
[mem] after init (u+un allocated) locale 0: 2990.99 MB
[mem] after init (u+un allocated) locale 1: 2990.93 MB
[mem] after init (u+un allocated) locale 2: 2983.25 MB
[mem] after init (u+un allocated) locale 3: 2983.25 MB
[mem] after init (u+un allocated) locale 4: 2983.25 MB
[mem] after init (u+un allocated) locale 5: 2983.25 MB
[cfg] locale 0 maxTaskPar=16
[cfg] locale 1 maxTaskPar=16
[cfg] locale 2 maxTaskPar=16
[cfg] locale 3 maxTaskPar=16
[cfg] locale 4 maxTaskPar=16
[cfg] locale 5 maxTaskPar=16
[comm] 48064000 B/step across 6 locale(s)
step 1  updateFluff=0.186761 s  compute=0.156454 s  save=0.0 s
  comm[1] put=0 get=291 on=32 amo=0 | data=48064000 B/step  cum=48064000 B
step 2  updateFluff=0.186078 s  compute=0.155884 s  save=0.0 s
  comm[2] put=5 get=291 on=37 amo=0 | data=48064000 B/step  cum=96128000 B
step 3  updateFluff=0.182061 s  compute=0.156597 s  save=0.0 s
  comm[3] put=5 get=291 on=37 amo=0 | data=48064000 B/step  cum=144192000 B
step 4  updateFluff=0.170648 s  compute=0.155657 s  save=1e-06 s
  comm[4] put=5 get=291 on=37 amo=0 | data=48064000 B/step  cum=192256000 B
step 5  updateFluff=0.15961 s  compute=0.156412 s  save=0.0 s
  comm[5] put=5 get=291 on=37 amo=0 | data=48064000 B/step  cum=240320000 B
step 6  updateFluff=0.165598 s  compute=0.1553 s  save=0.0 s
  comm[6] put=5 get=291 on=37 amo=0 | data=48064000 B/step  cum=288384000 B
step 7  updateFluff=0.149958 s  compute=0.15588 s  save=0.0 s
  comm[7] put=5 get=291 on=37 amo=0 | data=48064000 B/step  cum=336448000 B
step 8  updateFluff=0.19078 s  compute=0.155585 s  save=0.0 s
  comm[8] put=5 get=291 on=37 amo=0 | data=48064000 B/step  cum=384512000 B
step 9  updateFluff=0.151149 s  compute=0.156689 s  save=0.0 s
  comm[9] put=5 get=291 on=37 amo=0 | data=48064000 B/step  cum=432576000 B
step 10  updateFluff=0.166232 s  compute=0.154667 s  save=0.0 s
  comm[10] put=5 get=291 on=37 amo=0 | data=48064000 B/step  cum=480640000 B
step 11  updateFluff=0.169759 s  compute=0.155803 s  save=0.0 s
  comm[11] put=5 get=291 on=37 amo=0 | data=48064000 B/step  cum=528704000 B
step 12  updateFluff=0.164523 s  compute=0.155615 s  save=1e-06 s
  comm[12] put=5 get=291 on=37 amo=0 | data=48064000 B/step  cum=576768000 B
step 13  updateFluff=0.160789 s  compute=0.156631 s  save=0.0 s
  comm[13] put=5 get=291 on=37 amo=0 | data=48064000 B/step  cum=624832000 B
step 14  updateFluff=0.152115 s  compute=0.155336 s  save=0.0 s
  comm[14] put=5 get=291 on=37 amo=0 | data=48064000 B/step  cum=672896000 B
step 15  updateFluff=0.162257 s  compute=0.156481 s  save=0.0 s
  comm[15] put=5 get=291 on=37 amo=0 | data=48064000 B/step  cum=720960000 B
step 16  updateFluff=0.138147 s  compute=0.156358 s  save=0.0 s
  comm[16] put=5 get=291 on=37 amo=0 | data=48064000 B/step  cum=769024000 B
step 17  updateFluff=0.161889 s  compute=0.154639 s  save=0.0 s
  comm[17] put=5 get=291 on=37 amo=0 | data=48064000 B/step  cum=817088000 B
step 18  updateFluff=0.183116 s  compute=0.154754 s  save=1e-06 s
  comm[18] put=5 get=291 on=37 amo=0 | data=48064000 B/step  cum=865152000 B
step 19  updateFluff=0.148654 s  compute=0.156407 s  save=0.0 s
  comm[19] put=5 get=291 on=37 amo=0 | data=48064000 B/step  cum=913216000 B
step 20  updateFluff=0.145693 s  compute=0.155916 s  save=0.0 s
  comm[20] put=5 get=291 on=37 amo=0 | data=48064000 B/step  cum=961280000 B
step 21  updateFluff=0.197425 s  compute=0.154954 s  save=0.0 s
  comm[21] put=5 get=291 on=37 amo=0 | data=48064000 B/step  cum=1009344000 B
step 22  updateFluff=0.149905 s  compute=0.154725 s  save=0.0 s
  comm[22] put=5 get=291 on=37 amo=0 | data=48064000 B/step  cum=1057408000 B
step 23  updateFluff=0.141363 s  compute=0.155804 s  save=0.0 s
  comm[23] put=5 get=291 on=37 amo=0 | data=48064000 B/step  cum=1105472000 B
step 24  updateFluff=0.139383 s  compute=0.155269 s  save=0.0 s
  comm[24] put=5 get=291 on=37 amo=0 | data=48064000 B/step  cum=1153536000 B
step 25  updateFluff=0.178934 s  compute=0.155919 s  save=0.0 s
  comm[25] put=5 get=291 on=37 amo=0 | data=48064000 B/step  cum=1201600000 B
step 26  updateFluff=0.140649 s  compute=0.155932 s  save=1e-06 s
  comm[26] put=5 get=291 on=37 amo=0 | data=48064000 B/step  cum=1249664000 B
step 27  updateFluff=0.144665 s  compute=0.155114 s  save=0.0 s
  comm[27] put=5 get=291 on=37 amo=0 | data=48064000 B/step  cum=1297728000 B
step 28  updateFluff=0.189496 s  compute=0.154508 s  save=1e-06 s
  comm[28] put=5 get=291 on=37 amo=0 | data=48064000 B/step  cum=1345792000 B
step 29  updateFluff=0.156433 s  compute=0.156555 s  save=0.0 s
  comm[29] put=5 get=291 on=37 amo=0 | data=48064000 B/step  cum=1393856000 B
step 30  updateFluff=0.187945 s  compute=0.155054 s  save=0.0 s
  comm[30] put=5 get=291 on=37 amo=0 | data=48064000 B/step  cum=1441920000 B
step 31  updateFluff=0.180039 s  compute=0.156651 s  save=0.0 s
  comm[31] put=5 get=291 on=37 amo=0 | data=48064000 B/step  cum=1489984000 B
step 32  updateFluff=0.172849 s  compute=0.15574 s  save=0.0 s
  comm[32] put=5 get=291 on=37 amo=0 | data=48064000 B/step  cum=1538048000 B
step 33  updateFluff=0.150647 s  compute=0.155127 s  save=0.0 s
  comm[33] put=5 get=291 on=37 amo=0 | data=48064000 B/step  cum=1586112000 B
step 34  updateFluff=0.146223 s  compute=0.154658 s  save=0.0 s
  comm[34] put=5 get=291 on=37 amo=0 | data=48064000 B/step  cum=1634176000 B
step 35  updateFluff=0.188523 s  compute=0.155079 s  save=0.0 s
  comm[35] put=5 get=291 on=37 amo=0 | data=48064000 B/step  cum=1682240000 B
step 36  updateFluff=0.167087 s  compute=0.155658 s  save=0.0 s
  comm[36] put=5 get=291 on=37 amo=0 | data=48064000 B/step  cum=1730304000 B
step 37  updateFluff=0.172395 s  compute=0.155827 s  save=0.0 s
  comm[37] put=5 get=291 on=37 amo=0 | data=48064000 B/step  cum=1778368000 B
step 38  updateFluff=0.175479 s  compute=0.156157 s  save=1e-06 s
  comm[38] put=5 get=291 on=37 amo=0 | data=48064000 B/step  cum=1826432000 B
step 39  updateFluff=0.161035 s  compute=0.156252 s  save=0.0 s
  comm[39] put=5 get=291 on=37 amo=0 | data=48064000 B/step  cum=1874496000 B
step 40  updateFluff=0.189878 s  compute=0.15488 s  save=0.0 s
  comm[40] put=5 get=291 on=37 amo=0 | data=48064000 B/step  cum=1922560000 B
step 41  updateFluff=0.15491 s  compute=0.155268 s  save=0.0 s
  comm[41] put=5 get=291 on=37 amo=0 | data=48064000 B/step  cum=1970624000 B
step 42  updateFluff=0.169348 s  compute=0.155265 s  save=0.0 s
  comm[42] put=5 get=291 on=37 amo=0 | data=48064000 B/step  cum=2018688000 B
step 43  updateFluff=0.144041 s  compute=0.155733 s  save=1e-06 s
  comm[43] put=5 get=291 on=37 amo=0 | data=48064000 B/step  cum=2066752000 B
step 44  updateFluff=0.184068 s  compute=0.155253 s  save=0.0 s
  comm[44] put=5 get=291 on=37 amo=0 | data=48064000 B/step  cum=2114816000 B
step 45  updateFluff=0.139063 s  compute=0.155897 s  save=0.0 s
  comm[45] put=5 get=291 on=37 amo=0 | data=48064000 B/step  cum=2162880000 B
step 46  updateFluff=0.164603 s  compute=0.154558 s  save=0.0 s
  comm[46] put=5 get=291 on=37 amo=0 | data=48064000 B/step  cum=2210944000 B
step 47  updateFluff=0.169401 s  compute=0.155052 s  save=0.0 s
  comm[47] put=5 get=291 on=37 amo=0 | data=48064000 B/step  cum=2259008000 B
step 48  updateFluff=0.1408 s  compute=0.155123 s  save=0.0 s
  comm[48] put=5 get=291 on=37 amo=0 | data=48064000 B/step  cum=2307072000 B
step 49  updateFluff=0.153834 s  compute=0.1551 s  save=0.0 s
  comm[49] put=5 get=291 on=37 amo=0 | data=48064000 B/step  cum=2355136000 B
step 50  updateFluff=0.173533 s  compute=0.15576 s  save=0.0 s
  comm[50] put=5 get=291 on=37 amo=0 | data=48064000 B/step  cum=2403200000 B
step 51  updateFluff=0.177581 s  compute=0.155138 s  save=0.0 s
  comm[51] put=5 get=291 on=37 amo=0 | data=48064000 B/step  cum=2451264000 B
step 52  updateFluff=0.140764 s  compute=0.154647 s  save=0.0 s
  comm[52] put=5 get=291 on=37 amo=0 | data=48064000 B/step  cum=2499328000 B
step 53  updateFluff=0.168673 s  compute=0.155127 s  save=0.0 s
  comm[53] put=5 get=291 on=37 amo=0 | data=48064000 B/step  cum=2547392000 B
step 54  updateFluff=0.174446 s  compute=0.15601 s  save=0.0 s
  comm[54] put=5 get=291 on=37 amo=0 | data=48064000 B/step  cum=2595456000 B
step 55  updateFluff=0.178666 s  compute=0.155084 s  save=0.0 s
  comm[55] put=5 get=291 on=37 amo=0 | data=48064000 B/step  cum=2643520000 B
step 56  updateFluff=0.16205 s  compute=0.155598 s  save=0.0 s
  comm[56] put=5 get=291 on=37 amo=0 | data=48064000 B/step  cum=2691584000 B
step 57  updateFluff=0.169902 s  compute=0.156384 s  save=0.0 s
  comm[57] put=5 get=291 on=37 amo=0 | data=48064000 B/step  cum=2739648000 B
step 58  updateFluff=0.184509 s  compute=0.155788 s  save=0.0 s
  comm[58] put=5 get=291 on=37 amo=0 | data=48064000 B/step  cum=2787712000 B
step 59  updateFluff=0.190329 s  compute=0.154474 s  save=0.0 s
  comm[59] put=5 get=291 on=37 amo=0 | data=48064000 B/step  cum=2835776000 B
step 60  updateFluff=0.170487 s  compute=0.155334 s  save=0.0 s
  comm[60] put=5 get=291 on=37 amo=0 | data=48064000 B/step  cum=2883840000 B
step 61  updateFluff=0.142215 s  compute=0.156091 s  save=0.0 s
  comm[61] put=5 get=291 on=37 amo=0 | data=48064000 B/step  cum=2931904000 B
step 62  updateFluff=0.152761 s  compute=0.15474 s  save=0.0 s
  comm[62] put=5 get=291 on=37 amo=0 | data=48064000 B/step  cum=2979968000 B
step 63  updateFluff=0.176647 s  compute=0.155834 s  save=0.0 s
  comm[63] put=5 get=291 on=37 amo=0 | data=48064000 B/step  cum=3028032000 B
step 64  updateFluff=0.156057 s  compute=0.154942 s  save=0.0 s
  comm[64] put=5 get=291 on=37 amo=0 | data=48064000 B/step  cum=3076096000 B
step 65  updateFluff=0.153353 s  compute=0.154856 s  save=0.0 s
  comm[65] put=5 get=291 on=37 amo=0 | data=48064000 B/step  cum=3124160000 B
step 66  updateFluff=0.163337 s  compute=0.156244 s  save=0.0 s
  comm[66] put=5 get=291 on=37 amo=0 | data=48064000 B/step  cum=3172224000 B
step 67  updateFluff=0.150383 s  compute=0.156173 s  save=0.0 s
  comm[67] put=5 get=291 on=37 amo=0 | data=48064000 B/step  cum=3220288000 B
step 68  updateFluff=0.157385 s  compute=0.156407 s  save=0.0 s
  comm[68] put=5 get=291 on=37 amo=0 | data=48064000 B/step  cum=3268352000 B
step 69  updateFluff=0.172215 s  compute=0.155741 s  save=0.0 s
  comm[69] put=5 get=291 on=37 amo=0 | data=48064000 B/step  cum=3316416000 B
step 70  updateFluff=0.189259 s  compute=0.155874 s  save=0.0 s
  comm[70] put=5 get=291 on=37 amo=0 | data=48064000 B/step  cum=3364480000 B
step 71  updateFluff=0.144087 s  compute=0.155678 s  save=1e-06 s
  comm[71] put=5 get=291 on=37 amo=0 | data=48064000 B/step  cum=3412544000 B
step 72  updateFluff=0.179817 s  compute=0.154749 s  save=0.0 s
  comm[72] put=5 get=291 on=37 amo=0 | data=48064000 B/step  cum=3460608000 B
step 73  updateFluff=0.181022 s  compute=0.155457 s  save=0.0 s
  comm[73] put=5 get=291 on=37 amo=0 | data=48064000 B/step  cum=3508672000 B
step 74  updateFluff=0.167303 s  compute=0.156489 s  save=0.0 s
  comm[74] put=5 get=291 on=37 amo=0 | data=48064000 B/step  cum=3556736000 B
step 75  updateFluff=0.151371 s  compute=0.155874 s  save=0.0 s
  comm[75] put=5 get=291 on=37 amo=0 | data=48064000 B/step  cum=3604800000 B
step 76  updateFluff=0.154774 s  compute=0.154526 s  save=0.0 s
  comm[76] put=5 get=291 on=37 amo=0 | data=48064000 B/step  cum=3652864000 B
step 77  updateFluff=0.157261 s  compute=0.156521 s  save=0.0 s
  comm[77] put=5 get=291 on=37 amo=0 | data=48064000 B/step  cum=3700928000 B
step 78  updateFluff=0.142188 s  compute=0.155149 s  save=0.0 s
  comm[78] put=5 get=291 on=37 amo=0 | data=48064000 B/step  cum=3748992000 B
step 79  updateFluff=0.152832 s  compute=0.155482 s  save=0.0 s
  comm[79] put=5 get=291 on=37 amo=0 | data=48064000 B/step  cum=3797056000 B
step 80  updateFluff=0.161794 s  compute=0.156351 s  save=0.0 s
  comm[80] put=5 get=291 on=37 amo=0 | data=48064000 B/step  cum=3845120000 B
step 81  updateFluff=0.156606 s  compute=0.155445 s  save=0.0 s
  comm[81] put=5 get=291 on=37 amo=0 | data=48064000 B/step  cum=3893184000 B
step 82  updateFluff=0.184306 s  compute=0.155441 s  save=0.0 s
  comm[82] put=5 get=291 on=37 amo=0 | data=48064000 B/step  cum=3941248000 B
step 83  updateFluff=0.178379 s  compute=0.155611 s  save=0.0 s
  comm[83] put=5 get=291 on=37 amo=0 | data=48064000 B/step  cum=3989312000 B
step 84  updateFluff=0.192267 s  compute=0.156569 s  save=0.0 s
  comm[84] put=5 get=291 on=37 amo=0 | data=48064000 B/step  cum=4037376000 B
step 85  updateFluff=0.166453 s  compute=0.155856 s  save=0.0 s
  comm[85] put=5 get=291 on=37 amo=0 | data=48064000 B/step  cum=4085440000 B
step 86  updateFluff=0.177339 s  compute=0.15418 s  save=0.0 s
  comm[86] put=5 get=291 on=37 amo=0 | data=48064000 B/step  cum=4133504000 B
step 87  updateFluff=0.170446 s  compute=0.156248 s  save=0.0 s
  comm[87] put=5 get=291 on=37 amo=0 | data=48064000 B/step  cum=4181568000 B
step 88  updateFluff=0.16353 s  compute=0.154833 s  save=1e-06 s
  comm[88] put=5 get=291 on=37 amo=0 | data=48064000 B/step  cum=4229632000 B
step 89  updateFluff=0.179284 s  compute=0.156478 s  save=0.0 s
  comm[89] put=5 get=291 on=37 amo=0 | data=48064000 B/step  cum=4277696000 B
step 90  updateFluff=0.185547 s  compute=0.155834 s  save=0.0 s
  comm[90] put=5 get=291 on=37 amo=0 | data=48064000 B/step  cum=4325760000 B
step 91  updateFluff=0.175971 s  compute=0.155946 s  save=0.0 s
  comm[91] put=5 get=291 on=37 amo=0 | data=48064000 B/step  cum=4373824000 B
step 92  updateFluff=0.141255 s  compute=0.154956 s  save=0.0 s
  comm[92] put=5 get=291 on=37 amo=0 | data=48064000 B/step  cum=4421888000 B
step 93  updateFluff=0.15246 s  compute=0.155442 s  save=0.0 s
  comm[93] put=5 get=291 on=37 amo=0 | data=48064000 B/step  cum=4469952000 B
step 94  updateFluff=0.153075 s  compute=0.155541 s  save=1e-06 s
  comm[94] put=5 get=291 on=37 amo=0 | data=48064000 B/step  cum=4518016000 B
step 95  updateFluff=0.148876 s  compute=0.155604 s  save=0.0 s
  comm[95] put=5 get=291 on=37 amo=0 | data=48064000 B/step  cum=4566080000 B
step 96  updateFluff=0.162298 s  compute=0.155057 s  save=0.0 s
  comm[96] put=5 get=291 on=37 amo=0 | data=48064000 B/step  cum=4614144000 B
step 97  updateFluff=0.183022 s  compute=0.15627 s  save=0.0 s
  comm[97] put=5 get=291 on=37 amo=0 | data=48064000 B/step  cum=4662208000 B
step 98  updateFluff=0.169153 s  compute=0.154857 s  save=0.0 s
  comm[98] put=5 get=291 on=37 amo=0 | data=48064000 B/step  cum=4710272000 B
step 99  updateFluff=0.182356 s  compute=0.155693 s  save=1e-06 s
  comm[99] put=5 get=291 on=37 amo=0 | data=48064000 B/step  cum=4758336000 B
step 100  updateFluff=0.171979 s  compute=0.155111 s  save=0.0 s
  comm[100] put=5 get=291 on=37 amo=0 | data=48064000 B/step  cum=4806400000 B
[mem] after run locale 0: 2990.99 MB
[mem] after run locale 1: 2990.93 MB
[mem] after run locale 2: 2983.25 MB
[mem] after run locale 3: 2983.25 MB
[mem] after run locale 4: 2983.25 MB
[mem] after run locale 5: 2983.25 MB
final field: min=1.0 max=2.0 sum=1.00518e+09
Execution time:    32.4297 s
