warning: QTHREADS: Reduced numThreadsPerLocale=20 to 16 to prevent oversubscription of the system.
warning: QTHREADS: Reduced numThreadsPerLocale=20 to 16 to prevent oversubscription of the system.
warning: QTHREADS: Reduced numThreadsPerLocale=20 to 16 to prevent oversubscription of the system.
warning: QTHREADS: Reduced numThreadsPerLocale=20 to 16 to prevent oversubscription of the system.
warning: QTHREADS: Reduced numThreadsPerLocale=20 to 16 to prevent oversubscription of the system.
[cfg] threadsPerLocale(requested)=20 numLocales=5
Initialization time: 0.621371 s
[mem] after init (u+un allocated) locale 0: 3918.72 MB
[mem] after init (u+un allocated) locale 1: 3918.65 MB
[mem] after init (u+un allocated) locale 2: 3918.65 MB
[mem] after init (u+un allocated) locale 3: 3918.65 MB
[mem] after init (u+un allocated) locale 4: 3918.65 MB
[cfg] locale 0 maxTaskPar=16
[cfg] locale 1 maxTaskPar=16
[cfg] locale 2 maxTaskPar=16
[cfg] locale 3 maxTaskPar=16
[cfg] locale 4 maxTaskPar=16
[comm] 64000000 B/step across 5 locale(s)
step 1  updateFluff=0.246572 s  compute=0.187473 s  save=0.0 s
  comm[1] put=0 get=108 on=16 amo=0 | data=64000000 B/step  cum=64000000 B
step 2  updateFluff=0.220978 s  compute=0.18732 s  save=1e-06 s
  comm[2] put=4 get=108 on=20 amo=0 | data=64000000 B/step  cum=128000000 B
step 3  updateFluff=0.234281 s  compute=0.187436 s  save=0.0 s
  comm[3] put=5 get=108 on=20 amo=0 | data=64000000 B/step  cum=192000000 B
step 4  updateFluff=0.22771 s  compute=0.186773 s  save=0.0 s
  comm[4] put=4 get=108 on=20 amo=0 | data=64000000 B/step  cum=256000000 B
step 5  updateFluff=0.220268 s  compute=0.188092 s  save=0.0 s
  comm[5] put=4 get=108 on=20 amo=0 | data=64000000 B/step  cum=320000000 B
step 6  updateFluff=0.226136 s  compute=0.188133 s  save=1e-06 s
  comm[6] put=5 get=108 on=20 amo=0 | data=64000000 B/step  cum=384000000 B
step 7  updateFluff=0.220486 s  compute=0.187722 s  save=1e-06 s
  comm[7] put=5 get=108 on=20 amo=0 | data=64000000 B/step  cum=448000000 B
step 8  updateFluff=0.227106 s  compute=0.186221 s  save=0.0 s
  comm[8] put=5 get=108 on=20 amo=0 | data=64000000 B/step  cum=512000000 B
step 9  updateFluff=0.227011 s  compute=0.186952 s  save=0.0 s
  comm[9] put=5 get=108 on=20 amo=0 | data=64000000 B/step  cum=576000000 B
step 10  updateFluff=0.228719 s  compute=0.189131 s  save=1e-06 s
  comm[10] put=5 get=108 on=20 amo=0 | data=64000000 B/step  cum=640000000 B
step 11  updateFluff=0.217517 s  compute=0.188642 s  save=0.0 s
  comm[11] put=5 get=108 on=20 amo=0 | data=64000000 B/step  cum=704000000 B
step 12  updateFluff=0.221172 s  compute=0.186428 s  save=0.0 s
  comm[12] put=5 get=108 on=20 amo=0 | data=64000000 B/step  cum=768000000 B
step 13  updateFluff=0.238647 s  compute=0.186249 s  save=0.0 s
  comm[13] put=4 get=108 on=20 amo=0 | data=64000000 B/step  cum=832000000 B
step 14  updateFluff=0.218989 s  compute=0.186567 s  save=0.0 s
  comm[14] put=5 get=108 on=20 amo=0 | data=64000000 B/step  cum=896000000 B
step 15  updateFluff=0.224451 s  compute=0.186461 s  save=0.0 s
  comm[15] put=4 get=108 on=20 amo=0 | data=64000000 B/step  cum=960000000 B
step 16  updateFluff=0.221996 s  compute=0.186586 s  save=0.0 s
  comm[16] put=5 get=108 on=20 amo=0 | data=64000000 B/step  cum=1024000000 B
step 17  updateFluff=0.223435 s  compute=0.186928 s  save=0.0 s
  comm[17] put=5 get=108 on=20 amo=0 | data=64000000 B/step  cum=1088000000 B
step 18  updateFluff=0.219 s  compute=0.187257 s  save=0.0 s
  comm[18] put=5 get=108 on=20 amo=0 | data=64000000 B/step  cum=1152000000 B
step 19  updateFluff=0.22593 s  compute=0.187359 s  save=0.0 s
  comm[19] put=5 get=108 on=20 amo=0 | data=64000000 B/step  cum=1216000000 B
step 20  updateFluff=0.219655 s  compute=0.187029 s  save=0.0 s
  comm[20] put=5 get=108 on=20 amo=0 | data=64000000 B/step  cum=1280000000 B
step 21  updateFluff=0.22402 s  compute=0.186277 s  save=0.0 s
  comm[21] put=5 get=108 on=20 amo=0 | data=64000000 B/step  cum=1344000000 B
step 22  updateFluff=0.218117 s  compute=0.187831 s  save=1e-06 s
  comm[22] put=5 get=108 on=20 amo=0 | data=64000000 B/step  cum=1408000000 B
step 23  updateFluff=0.22661 s  compute=0.186047 s  save=1e-06 s
  comm[23] put=5 get=108 on=20 amo=0 | data=64000000 B/step  cum=1472000000 B
step 24  updateFluff=0.218854 s  compute=0.187126 s  save=0.0 s
  comm[24] put=5 get=108 on=20 amo=0 | data=64000000 B/step  cum=1536000000 B
step 25  updateFluff=0.225954 s  compute=0.186363 s  save=0.0 s
  comm[25] put=4 get=108 on=20 amo=0 | data=64000000 B/step  cum=1600000000 B
step 26  updateFluff=0.231099 s  compute=0.187397 s  save=0.0 s
  comm[26] put=4 get=108 on=20 amo=0 | data=64000000 B/step  cum=1664000000 B
step 27  updateFluff=0.222956 s  compute=0.187582 s  save=0.0 s
  comm[27] put=4 get=108 on=20 amo=0 | data=64000000 B/step  cum=1728000000 B
step 28  updateFluff=0.222066 s  compute=0.187122 s  save=1e-06 s
  comm[28] put=5 get=108 on=20 amo=0 | data=64000000 B/step  cum=1792000000 B
step 29  updateFluff=0.221289 s  compute=0.186774 s  save=0.0 s
  comm[29] put=4 get=108 on=20 amo=0 | data=64000000 B/step  cum=1856000000 B
step 30  updateFluff=0.225687 s  compute=0.187133 s  save=0.0 s
  comm[30] put=4 get=108 on=20 amo=0 | data=64000000 B/step  cum=1920000000 B
step 31  updateFluff=0.224999 s  compute=0.186694 s  save=0.0 s
  comm[31] put=5 get=108 on=20 amo=0 | data=64000000 B/step  cum=1984000000 B
step 32  updateFluff=0.230746 s  compute=0.186835 s  save=0.0 s
  comm[32] put=5 get=108 on=20 amo=0 | data=64000000 B/step  cum=2048000000 B
step 33  updateFluff=0.22194 s  compute=0.18667 s  save=0.0 s
  comm[33] put=5 get=108 on=20 amo=0 | data=64000000 B/step  cum=2112000000 B
step 34  updateFluff=0.22368 s  compute=0.186874 s  save=0.0 s
  comm[34] put=5 get=108 on=20 amo=0 | data=64000000 B/step  cum=2176000000 B
step 35  updateFluff=0.220117 s  compute=0.186531 s  save=0.0 s
  comm[35] put=5 get=108 on=20 amo=0 | data=64000000 B/step  cum=2240000000 B
step 36  updateFluff=0.219926 s  compute=0.186532 s  save=0.0 s
  comm[36] put=5 get=108 on=20 amo=0 | data=64000000 B/step  cum=2304000000 B
step 37  updateFluff=0.221755 s  compute=0.187457 s  save=0.0 s
  comm[37] put=5 get=108 on=20 amo=0 | data=64000000 B/step  cum=2368000000 B
step 38  updateFluff=0.220963 s  compute=0.187432 s  save=0.0 s
  comm[38] put=5 get=108 on=20 amo=0 | data=64000000 B/step  cum=2432000000 B
step 39  updateFluff=0.219698 s  compute=0.186912 s  save=0.0 s
  comm[39] put=5 get=108 on=20 amo=0 | data=64000000 B/step  cum=2496000000 B
step 40  updateFluff=0.220474 s  compute=0.187106 s  save=0.0 s
  comm[40] put=4 get=108 on=20 amo=0 | data=64000000 B/step  cum=2560000000 B
step 41  updateFluff=0.222785 s  compute=0.186339 s  save=0.0 s
  comm[41] put=4 get=108 on=20 amo=0 | data=64000000 B/step  cum=2624000000 B
step 42  updateFluff=0.223246 s  compute=0.187245 s  save=0.0 s
  comm[42] put=4 get=108 on=20 amo=0 | data=64000000 B/step  cum=2688000000 B
step 43  updateFluff=0.222113 s  compute=0.186153 s  save=0.0 s
  comm[43] put=5 get=108 on=20 amo=0 | data=64000000 B/step  cum=2752000000 B
step 44  updateFluff=0.236316 s  compute=0.186854 s  save=0.0 s
  comm[44] put=4 get=108 on=20 amo=0 | data=64000000 B/step  cum=2816000000 B
step 45  updateFluff=0.236239 s  compute=0.186254 s  save=0.0 s
  comm[45] put=4 get=108 on=20 amo=0 | data=64000000 B/step  cum=2880000000 B
step 46  updateFluff=0.22011 s  compute=0.187596 s  save=0.0 s
  comm[46] put=5 get=108 on=20 amo=0 | data=64000000 B/step  cum=2944000000 B
step 47  updateFluff=0.220442 s  compute=0.18732 s  save=0.0 s
  comm[47] put=5 get=108 on=20 amo=0 | data=64000000 B/step  cum=3008000000 B
step 48  updateFluff=0.232126 s  compute=0.187567 s  save=0.0 s
  comm[48] put=5 get=108 on=20 amo=0 | data=64000000 B/step  cum=3072000000 B
step 49  updateFluff=0.239772 s  compute=0.187177 s  save=0.0 s
  comm[49] put=5 get=108 on=20 amo=0 | data=64000000 B/step  cum=3136000000 B
step 50  updateFluff=0.220728 s  compute=0.186812 s  save=1e-06 s
  comm[50] put=5 get=108 on=20 amo=0 | data=64000000 B/step  cum=3200000000 B
step 51  updateFluff=0.224518 s  compute=0.186698 s  save=0.0 s
  comm[51] put=5 get=108 on=20 amo=0 | data=64000000 B/step  cum=3264000000 B
step 52  updateFluff=0.23118 s  compute=0.186487 s  save=0.0 s
  comm[52] put=5 get=108 on=20 amo=0 | data=64000000 B/step  cum=3328000000 B
step 53  updateFluff=0.225129 s  compute=0.185797 s  save=0.0 s
  comm[53] put=4 get=108 on=20 amo=0 | data=64000000 B/step  cum=3392000000 B
step 54  updateFluff=0.23663 s  compute=0.187648 s  save=2e-06 s
  comm[54] put=5 get=108 on=20 amo=0 | data=64000000 B/step  cum=3456000000 B
step 55  updateFluff=0.221769 s  compute=0.187265 s  save=0.0 s
  comm[55] put=4 get=108 on=20 amo=0 | data=64000000 B/step  cum=3520000000 B
step 56  updateFluff=0.225455 s  compute=0.187124 s  save=0.0 s
  comm[56] put=5 get=108 on=20 amo=0 | data=64000000 B/step  cum=3584000000 B
step 57  updateFluff=0.227114 s  compute=0.18671 s  save=0.0 s
  comm[57] put=5 get=108 on=20 amo=0 | data=64000000 B/step  cum=3648000000 B
step 58  updateFluff=0.230951 s  compute=0.188192 s  save=0.0 s
  comm[58] put=5 get=108 on=20 amo=0 | data=64000000 B/step  cum=3712000000 B
step 59  updateFluff=0.22904 s  compute=0.187639 s  save=0.0 s
  comm[59] put=5 get=108 on=20 amo=0 | data=64000000 B/step  cum=3776000000 B
step 60  updateFluff=0.218232 s  compute=0.187744 s  save=0.0 s
  comm[60] put=5 get=108 on=20 amo=0 | data=64000000 B/step  cum=3840000000 B
step 61  updateFluff=0.229681 s  compute=0.186436 s  save=1e-06 s
  comm[61] put=5 get=108 on=20 amo=0 | data=64000000 B/step  cum=3904000000 B
step 62  updateFluff=0.218641 s  compute=0.18685 s  save=0.0 s
  comm[62] put=5 get=108 on=20 amo=0 | data=64000000 B/step  cum=3968000000 B
step 63  updateFluff=0.219005 s  compute=0.187861 s  save=0.0 s
  comm[63] put=5 get=108 on=20 amo=0 | data=64000000 B/step  cum=4032000000 B
step 64  updateFluff=0.223358 s  compute=0.186612 s  save=1e-06 s
  comm[64] put=5 get=108 on=20 amo=0 | data=64000000 B/step  cum=4096000000 B
step 65  updateFluff=0.223382 s  compute=0.186299 s  save=0.0 s
  comm[65] put=4 get=108 on=20 amo=0 | data=64000000 B/step  cum=4160000000 B
step 66  updateFluff=0.224314 s  compute=0.187773 s  save=0.0 s
  comm[66] put=4 get=108 on=20 amo=0 | data=64000000 B/step  cum=4224000000 B
step 67  updateFluff=0.23325 s  compute=0.187402 s  save=0.0 s
  comm[67] put=4 get=108 on=20 amo=0 | data=64000000 B/step  cum=4288000000 B
step 68  updateFluff=0.221472 s  compute=0.187668 s  save=0.0 s
  comm[68] put=5 get=108 on=20 amo=0 | data=64000000 B/step  cum=4352000000 B
step 69  updateFluff=0.216451 s  compute=0.186993 s  save=0.0 s
  comm[69] put=4 get=108 on=20 amo=0 | data=64000000 B/step  cum=4416000000 B
step 70  updateFluff=0.234068 s  compute=0.186878 s  save=0.0 s
  comm[70] put=4 get=108 on=20 amo=0 | data=64000000 B/step  cum=4480000000 B
step 71  updateFluff=0.215957 s  compute=0.186572 s  save=0.0 s
  comm[71] put=5 get=108 on=20 amo=0 | data=64000000 B/step  cum=4544000000 B
step 72  updateFluff=0.220889 s  compute=0.187169 s  save=0.0 s
  comm[72] put=5 get=108 on=20 amo=0 | data=64000000 B/step  cum=4608000000 B
step 73  updateFluff=0.220676 s  compute=0.186512 s  save=0.0 s
  comm[73] put=5 get=108 on=20 amo=0 | data=64000000 B/step  cum=4672000000 B
step 74  updateFluff=0.232332 s  compute=0.188141 s  save=1e-06 s
  comm[74] put=5 get=108 on=20 amo=0 | data=64000000 B/step  cum=4736000000 B
step 75  updateFluff=0.226188 s  compute=0.186697 s  save=0.0 s
  comm[75] put=5 get=108 on=20 amo=0 | data=64000000 B/step  cum=4800000000 B
step 76  updateFluff=0.224585 s  compute=0.188136 s  save=0.0 s
  comm[76] put=5 get=108 on=20 amo=0 | data=64000000 B/step  cum=4864000000 B
step 77  updateFluff=0.220797 s  compute=0.18628 s  save=0.0 s
  comm[77] put=5 get=108 on=20 amo=0 | data=64000000 B/step  cum=4928000000 B
step 78  updateFluff=0.229552 s  compute=0.187164 s  save=0.0 s
  comm[78] put=5 get=108 on=20 amo=0 | data=64000000 B/step  cum=4992000000 B
step 79  updateFluff=0.214803 s  compute=0.18792 s  save=0.0 s
  comm[79] put=5 get=108 on=20 amo=0 | data=64000000 B/step  cum=5056000000 B
step 80  updateFluff=0.229038 s  compute=0.186573 s  save=0.0 s
  comm[80] put=4 get=108 on=20 amo=0 | data=64000000 B/step  cum=5120000000 B
step 81  updateFluff=0.220326 s  compute=0.18731 s  save=0.0 s
  comm[81] put=4 get=108 on=20 amo=0 | data=64000000 B/step  cum=5184000000 B
step 82  updateFluff=0.224264 s  compute=0.187184 s  save=0.0 s
  comm[82] put=4 get=108 on=20 amo=0 | data=64000000 B/step  cum=5248000000 B
step 83  updateFluff=0.222731 s  compute=0.186701 s  save=0.0 s
  comm[83] put=5 get=108 on=20 amo=0 | data=64000000 B/step  cum=5312000000 B
step 84  updateFluff=0.231145 s  compute=0.186267 s  save=0.0 s
  comm[84] put=4 get=108 on=20 amo=0 | data=64000000 B/step  cum=5376000000 B
step 85  updateFluff=0.229304 s  compute=0.186062 s  save=0.0 s
  comm[85] put=4 get=108 on=20 amo=0 | data=64000000 B/step  cum=5440000000 B
step 86  updateFluff=0.226498 s  compute=0.187139 s  save=0.0 s
  comm[86] put=5 get=108 on=20 amo=0 | data=64000000 B/step  cum=5504000000 B
step 87  updateFluff=0.222594 s  compute=0.187076 s  save=1e-06 s
  comm[87] put=5 get=108 on=20 amo=0 | data=64000000 B/step  cum=5568000000 B
step 88  updateFluff=0.234829 s  compute=0.186865 s  save=0.0 s
  comm[88] put=5 get=108 on=20 amo=0 | data=64000000 B/step  cum=5632000000 B
step 89  updateFluff=0.238056 s  compute=0.187316 s  save=0.0 s
  comm[89] put=5 get=108 on=20 amo=0 | data=64000000 B/step  cum=5696000000 B
step 90  updateFluff=0.235872 s  compute=0.186387 s  save=0.0 s
  comm[90] put=5 get=108 on=20 amo=0 | data=64000000 B/step  cum=5760000000 B
step 91  updateFluff=0.23404 s  compute=0.186611 s  save=0.0 s
  comm[91] put=5 get=108 on=20 amo=0 | data=64000000 B/step  cum=5824000000 B
step 92  updateFluff=0.221538 s  compute=0.187604 s  save=0.0 s
  comm[92] put=5 get=108 on=20 amo=0 | data=64000000 B/step  cum=5888000000 B
step 93  updateFluff=0.22528 s  compute=0.187517 s  save=0.0 s
  comm[93] put=4 get=108 on=20 amo=0 | data=64000000 B/step  cum=5952000000 B
step 94  updateFluff=0.227906 s  compute=0.186543 s  save=1e-06 s
  comm[94] put=5 get=108 on=20 amo=0 | data=64000000 B/step  cum=6016000000 B
step 95  updateFluff=0.227683 s  compute=0.186576 s  save=0.0 s
  comm[95] put=4 get=108 on=20 amo=0 | data=64000000 B/step  cum=6080000000 B
step 96  updateFluff=0.223945 s  compute=0.18783 s  save=0.0 s
  comm[96] put=5 get=108 on=20 amo=0 | data=64000000 B/step  cum=6144000000 B
step 97  updateFluff=0.22175 s  compute=0.187774 s  save=0.0 s
  comm[97] put=5 get=108 on=20 amo=0 | data=64000000 B/step  cum=6208000000 B
step 98  updateFluff=0.220979 s  compute=0.188181 s  save=0.0 s
  comm[98] put=5 get=108 on=20 amo=0 | data=64000000 B/step  cum=6272000000 B
step 99  updateFluff=0.22098 s  compute=0.187575 s  save=0.0 s
  comm[99] put=5 get=108 on=20 amo=0 | data=64000000 B/step  cum=6336000000 B
step 100  updateFluff=0.222896 s  compute=0.187068 s  save=0.0 s
  comm[100] put=5 get=108 on=20 amo=0 | data=64000000 B/step  cum=6400000000 B
[mem] after run locale 0: 3918.72 MB
[mem] after run locale 1: 3918.65 MB
[mem] after run locale 2: 3918.65 MB
[mem] after run locale 3: 3918.65 MB
[mem] after run locale 4: 3918.65 MB
final field: min=1.0 max=2.0 sum=1.00518e+09
Execution time:    41.4987 s
