warning: QTHREADS: Reduced numThreadsPerLocale=20 to 16 to prevent oversubscription of the system.
warning: QTHREADS: Reduced numThreadsPerLocale=20 to 16 to prevent oversubscription of the system.
warning: QTHREADS: Reduced numThreadsPerLocale=20 to 16 to prevent oversubscription of the system.
warning: QTHREADS: Reduced numThreadsPerLocale=20 to 16 to prevent oversubscription of the system.
warning: QTHREADS: Reduced numThreadsPerLocale=20 to 16 to prevent oversubscription of the system.
warning: QTHREADS: Reduced numThreadsPerLocale=20 to 16 to prevent oversubscription of the system.
[cfg] threadsPerLocale(requested)=20 numLocales=6
Initialization time: 0.523526 s
[mem] after init (u+un allocated) locale 0: 2990.99 MB
[mem] after init (u+un allocated) locale 1: 2990.93 MB
[mem] after init (u+un allocated) locale 2: 2983.25 MB
[mem] after init (u+un allocated) locale 3: 2983.25 MB
[mem] after init (u+un allocated) locale 4: 2983.25 MB
[mem] after init (u+un allocated) locale 5: 2983.25 MB
[cfg] locale 0 maxTaskPar=16
[cfg] locale 1 maxTaskPar=16
[cfg] locale 2 maxTaskPar=16
[cfg] locale 3 maxTaskPar=16
[cfg] locale 4 maxTaskPar=16
[cfg] locale 5 maxTaskPar=16
[comm] 48064000 B/step across 6 locale(s)
step 1  updateFluff=0.165225 s  compute=0.1563 s  save=0.0 s
  comm[1] put=0 get=291 on=32 amo=0 | data=48064000 B/step  cum=48064000 B
step 2  updateFluff=0.159166 s  compute=0.155063 s  save=0.0 s
  comm[2] put=5 get=291 on=37 amo=0 | data=48064000 B/step  cum=96128000 B
step 3  updateFluff=0.191051 s  compute=0.15582 s  save=1e-06 s
  comm[3] put=5 get=291 on=37 amo=0 | data=48064000 B/step  cum=144192000 B
step 4  updateFluff=0.174665 s  compute=0.155665 s  save=0.0 s
  comm[4] put=5 get=291 on=37 amo=0 | data=48064000 B/step  cum=192256000 B
step 5  updateFluff=0.171158 s  compute=0.155601 s  save=0.0 s
  comm[5] put=5 get=291 on=37 amo=0 | data=48064000 B/step  cum=240320000 B
step 6  updateFluff=0.18233 s  compute=0.155527 s  save=0.0 s
  comm[6] put=5 get=291 on=37 amo=0 | data=48064000 B/step  cum=288384000 B
step 7  updateFluff=0.149255 s  compute=0.154929 s  save=0.0 s
  comm[7] put=5 get=291 on=37 amo=0 | data=48064000 B/step  cum=336448000 B
step 8  updateFluff=0.129204 s  compute=0.155789 s  save=0.0 s
  comm[8] put=5 get=291 on=37 amo=0 | data=48064000 B/step  cum=384512000 B
step 9  updateFluff=0.163386 s  compute=0.154678 s  save=0.0 s
  comm[9] put=5 get=291 on=37 amo=0 | data=48064000 B/step  cum=432576000 B
step 10  updateFluff=0.196922 s  compute=0.156018 s  save=0.0 s
  comm[10] put=5 get=291 on=37 amo=0 | data=48064000 B/step  cum=480640000 B
step 11  updateFluff=0.170181 s  compute=0.156454 s  save=0.0 s
  comm[11] put=5 get=291 on=37 amo=0 | data=48064000 B/step  cum=528704000 B
step 12  updateFluff=0.176721 s  compute=0.156004 s  save=0.0 s
  comm[12] put=5 get=291 on=37 amo=0 | data=48064000 B/step  cum=576768000 B
step 13  updateFluff=0.146713 s  compute=0.155626 s  save=1e-06 s
  comm[13] put=5 get=291 on=37 amo=0 | data=48064000 B/step  cum=624832000 B
step 14  updateFluff=0.177532 s  compute=0.155743 s  save=0.0 s
  comm[14] put=5 get=291 on=37 amo=0 | data=48064000 B/step  cum=672896000 B
step 15  updateFluff=0.162101 s  compute=0.155406 s  save=0.0 s
  comm[15] put=5 get=291 on=37 amo=0 | data=48064000 B/step  cum=720960000 B
step 16  updateFluff=0.149841 s  compute=0.155221 s  save=0.0 s
  comm[16] put=5 get=291 on=37 amo=0 | data=48064000 B/step  cum=769024000 B
step 17  updateFluff=0.196847 s  compute=0.154737 s  save=0.0 s
  comm[17] put=5 get=291 on=37 amo=0 | data=48064000 B/step  cum=817088000 B
step 18  updateFluff=0.173571 s  compute=0.156254 s  save=0.0 s
  comm[18] put=5 get=291 on=37 amo=0 | data=48064000 B/step  cum=865152000 B
step 19  updateFluff=0.164219 s  compute=0.155679 s  save=0.0 s
  comm[19] put=5 get=291 on=37 amo=0 | data=48064000 B/step  cum=913216000 B
step 20  updateFluff=0.135845 s  compute=0.155681 s  save=0.0 s
  comm[20] put=5 get=291 on=37 amo=0 | data=48064000 B/step  cum=961280000 B
step 21  updateFluff=0.155094 s  compute=0.155649 s  save=0.0 s
  comm[21] put=5 get=291 on=37 amo=0 | data=48064000 B/step  cum=1009344000 B
step 22  updateFluff=0.160714 s  compute=0.155349 s  save=0.0 s
  comm[22] put=5 get=291 on=37 amo=0 | data=48064000 B/step  cum=1057408000 B
step 23  updateFluff=0.182054 s  compute=0.155579 s  save=1e-06 s
  comm[23] put=5 get=291 on=37 amo=0 | data=48064000 B/step  cum=1105472000 B
step 24  updateFluff=0.152929 s  compute=0.155826 s  save=0.0 s
  comm[24] put=5 get=291 on=37 amo=0 | data=48064000 B/step  cum=1153536000 B
step 25  updateFluff=0.169087 s  compute=0.155907 s  save=1e-06 s
  comm[25] put=5 get=291 on=37 amo=0 | data=48064000 B/step  cum=1201600000 B
step 26  updateFluff=0.188015 s  compute=0.156133 s  save=0.0 s
  comm[26] put=5 get=291 on=37 amo=0 | data=48064000 B/step  cum=1249664000 B
step 27  updateFluff=0.145149 s  compute=0.155497 s  save=0.0 s
  comm[27] put=5 get=291 on=37 amo=0 | data=48064000 B/step  cum=1297728000 B
step 28  updateFluff=0.138377 s  compute=0.156594 s  save=0.0 s
  comm[28] put=5 get=291 on=37 amo=0 | data=48064000 B/step  cum=1345792000 B
step 29  updateFluff=0.165735 s  compute=0.156499 s  save=0.0 s
  comm[29] put=5 get=291 on=37 amo=0 | data=48064000 B/step  cum=1393856000 B
step 30  updateFluff=0.15353 s  compute=0.155124 s  save=0.0 s
  comm[30] put=5 get=291 on=37 amo=0 | data=48064000 B/step  cum=1441920000 B
step 31  updateFluff=0.146725 s  compute=0.154897 s  save=0.0 s
  comm[31] put=5 get=291 on=37 amo=0 | data=48064000 B/step  cum=1489984000 B
step 32  updateFluff=0.184737 s  compute=0.155244 s  save=0.0 s
  comm[32] put=5 get=291 on=37 amo=0 | data=48064000 B/step  cum=1538048000 B
step 33  updateFluff=0.171403 s  compute=0.155233 s  save=0.0 s
  comm[33] put=5 get=291 on=37 amo=0 | data=48064000 B/step  cum=1586112000 B
step 34  updateFluff=0.174575 s  compute=0.156073 s  save=1e-06 s
  comm[34] put=5 get=291 on=37 amo=0 | data=48064000 B/step  cum=1634176000 B
step 35  updateFluff=0.177307 s  compute=0.156127 s  save=0.0 s
  comm[35] put=5 get=291 on=37 amo=0 | data=48064000 B/step  cum=1682240000 B
step 36  updateFluff=0.163882 s  compute=0.155918 s  save=0.0 s
  comm[36] put=5 get=291 on=37 amo=0 | data=48064000 B/step  cum=1730304000 B
step 37  updateFluff=0.163568 s  compute=0.155316 s  save=0.0 s
  comm[37] put=5 get=291 on=37 amo=0 | data=48064000 B/step  cum=1778368000 B
step 38  updateFluff=0.196825 s  compute=0.155377 s  save=0.0 s
  comm[38] put=5 get=291 on=37 amo=0 | data=48064000 B/step  cum=1826432000 B
step 39  updateFluff=0.15666 s  compute=0.156056 s  save=1e-06 s
  comm[39] put=5 get=291 on=37 amo=0 | data=48064000 B/step  cum=1874496000 B
step 40  updateFluff=0.164359 s  compute=0.155506 s  save=0.0 s
  comm[40] put=5 get=291 on=37 amo=0 | data=48064000 B/step  cum=1922560000 B
step 41  updateFluff=0.148831 s  compute=0.155325 s  save=0.0 s
  comm[41] put=5 get=291 on=37 amo=0 | data=48064000 B/step  cum=1970624000 B
step 42  updateFluff=0.158335 s  compute=0.155712 s  save=0.0 s
  comm[42] put=5 get=291 on=37 amo=0 | data=48064000 B/step  cum=2018688000 B
step 43  updateFluff=0.174916 s  compute=0.155731 s  save=0.0 s
  comm[43] put=5 get=291 on=37 amo=0 | data=48064000 B/step  cum=2066752000 B
step 44  updateFluff=0.160993 s  compute=0.155254 s  save=0.0 s
  comm[44] put=5 get=291 on=37 amo=0 | data=48064000 B/step  cum=2114816000 B
step 45  updateFluff=0.12421 s  compute=0.156703 s  save=1e-06 s
  comm[45] put=5 get=291 on=37 amo=0 | data=48064000 B/step  cum=2162880000 B
step 46  updateFluff=0.182619 s  compute=0.155525 s  save=1e-06 s
  comm[46] put=5 get=291 on=37 amo=0 | data=48064000 B/step  cum=2210944000 B
step 47  updateFluff=0.184408 s  compute=0.155707 s  save=0.0 s
  comm[47] put=5 get=291 on=37 amo=0 | data=48064000 B/step  cum=2259008000 B
step 48  updateFluff=0.181697 s  compute=0.155362 s  save=0.0 s
  comm[48] put=5 get=291 on=37 amo=0 | data=48064000 B/step  cum=2307072000 B
step 49  updateFluff=0.170793 s  compute=0.154774 s  save=0.0 s
  comm[49] put=5 get=291 on=37 amo=0 | data=48064000 B/step  cum=2355136000 B
step 50  updateFluff=0.16139 s  compute=0.155049 s  save=0.0 s
  comm[50] put=5 get=291 on=37 amo=0 | data=48064000 B/step  cum=2403200000 B
step 51  updateFluff=0.14139 s  compute=0.155177 s  save=0.0 s
  comm[51] put=5 get=291 on=37 amo=0 | data=48064000 B/step  cum=2451264000 B
step 52  updateFluff=0.164746 s  compute=0.155707 s  save=0.0 s
  comm[52] put=5 get=291 on=37 amo=0 | data=48064000 B/step  cum=2499328000 B
step 53  updateFluff=0.146881 s  compute=0.155287 s  save=1e-06 s
  comm[53] put=5 get=291 on=37 amo=0 | data=48064000 B/step  cum=2547392000 B
step 54  updateFluff=0.179108 s  compute=0.155945 s  save=0.0 s
  comm[54] put=5 get=291 on=37 amo=0 | data=48064000 B/step  cum=2595456000 B
step 55  updateFluff=0.138658 s  compute=0.15454 s  save=0.0 s
  comm[55] put=5 get=291 on=37 amo=0 | data=48064000 B/step  cum=2643520000 B
step 56  updateFluff=0.171462 s  compute=0.155519 s  save=0.0 s
  comm[56] put=5 get=291 on=37 amo=0 | data=48064000 B/step  cum=2691584000 B
step 57  updateFluff=0.150326 s  compute=0.155619 s  save=0.0 s
  comm[57] put=5 get=291 on=37 amo=0 | data=48064000 B/step  cum=2739648000 B
step 58  updateFluff=0.145337 s  compute=0.154971 s  save=0.0 s
  comm[58] put=5 get=291 on=37 amo=0 | data=48064000 B/step  cum=2787712000 B
step 59  updateFluff=0.178305 s  compute=0.154981 s  save=1e-06 s
  comm[59] put=5 get=291 on=37 amo=0 | data=48064000 B/step  cum=2835776000 B
step 60  updateFluff=0.16399 s  compute=0.155356 s  save=0.0 s
  comm[60] put=5 get=291 on=37 amo=0 | data=48064000 B/step  cum=2883840000 B
step 61  updateFluff=0.163367 s  compute=0.155752 s  save=1e-06 s
  comm[61] put=5 get=291 on=37 amo=0 | data=48064000 B/step  cum=2931904000 B
step 62  updateFluff=0.154138 s  compute=0.155103 s  save=0.0 s
  comm[62] put=5 get=291 on=37 amo=0 | data=48064000 B/step  cum=2979968000 B
step 63  updateFluff=0.169505 s  compute=0.155317 s  save=0.0 s
  comm[63] put=5 get=291 on=37 amo=0 | data=48064000 B/step  cum=3028032000 B
step 64  updateFluff=0.170696 s  compute=0.155293 s  save=1e-06 s
  comm[64] put=5 get=291 on=37 amo=0 | data=48064000 B/step  cum=3076096000 B
step 65  updateFluff=0.162016 s  compute=0.155279 s  save=0.0 s
  comm[65] put=5 get=291 on=37 amo=0 | data=48064000 B/step  cum=3124160000 B
step 66  updateFluff=0.19802 s  compute=0.154735 s  save=1e-06 s
  comm[66] put=5 get=291 on=37 amo=0 | data=48064000 B/step  cum=3172224000 B
step 67  updateFluff=0.160578 s  compute=0.155391 s  save=0.0 s
  comm[67] put=5 get=291 on=37 amo=0 | data=48064000 B/step  cum=3220288000 B
step 68  updateFluff=0.14161 s  compute=0.154729 s  save=0.0 s
  comm[68] put=5 get=291 on=37 amo=0 | data=48064000 B/step  cum=3268352000 B
step 69  updateFluff=0.157011 s  compute=0.155502 s  save=0.0 s
  comm[69] put=5 get=291 on=37 amo=0 | data=48064000 B/step  cum=3316416000 B
step 70  updateFluff=0.145407 s  compute=0.156538 s  save=0.0 s
  comm[70] put=5 get=291 on=37 amo=0 | data=48064000 B/step  cum=3364480000 B
step 71  updateFluff=0.149359 s  compute=0.155377 s  save=0.0 s
  comm[71] put=5 get=291 on=37 amo=0 | data=48064000 B/step  cum=3412544000 B
step 72  updateFluff=0.145078 s  compute=0.155907 s  save=0.0 s
  comm[72] put=5 get=291 on=37 amo=0 | data=48064000 B/step  cum=3460608000 B
step 73  updateFluff=0.172415 s  compute=0.156311 s  save=0.0 s
  comm[73] put=5 get=291 on=37 amo=0 | data=48064000 B/step  cum=3508672000 B
step 74  updateFluff=0.140693 s  compute=0.155698 s  save=0.0 s
  comm[74] put=5 get=291 on=37 amo=0 | data=48064000 B/step  cum=3556736000 B
step 75  updateFluff=0.181221 s  compute=0.155399 s  save=0.0 s
  comm[75] put=5 get=291 on=37 amo=0 | data=48064000 B/step  cum=3604800000 B
step 76  updateFluff=0.14513 s  compute=0.156348 s  save=1e-06 s
  comm[76] put=5 get=291 on=37 amo=0 | data=48064000 B/step  cum=3652864000 B
step 77  updateFluff=0.145471 s  compute=0.155197 s  save=0.0 s
  comm[77] put=5 get=291 on=37 amo=0 | data=48064000 B/step  cum=3700928000 B
step 78  updateFluff=0.187516 s  compute=0.154594 s  save=0.0 s
  comm[78] put=5 get=291 on=37 amo=0 | data=48064000 B/step  cum=3748992000 B
step 79  updateFluff=0.1328 s  compute=0.155164 s  save=0.0 s
  comm[79] put=5 get=291 on=37 amo=0 | data=48064000 B/step  cum=3797056000 B
step 80  updateFluff=0.167974 s  compute=0.155137 s  save=0.0 s
  comm[80] put=5 get=291 on=37 amo=0 | data=48064000 B/step  cum=3845120000 B
step 81  updateFluff=0.156257 s  compute=0.15568 s  save=0.0 s
  comm[81] put=5 get=291 on=37 amo=0 | data=48064000 B/step  cum=3893184000 B
step 82  updateFluff=0.187329 s  compute=0.155419 s  save=1e-06 s
  comm[82] put=5 get=291 on=37 amo=0 | data=48064000 B/step  cum=3941248000 B
step 83  updateFluff=0.168218 s  compute=0.155281 s  save=0.0 s
  comm[83] put=5 get=291 on=37 amo=0 | data=48064000 B/step  cum=3989312000 B
step 84  updateFluff=0.150602 s  compute=0.155347 s  save=0.0 s
  comm[84] put=5 get=291 on=37 amo=0 | data=48064000 B/step  cum=4037376000 B
step 85  updateFluff=0.153852 s  compute=0.155771 s  save=0.0 s
  comm[85] put=5 get=291 on=37 amo=0 | data=48064000 B/step  cum=4085440000 B
step 86  updateFluff=0.174553 s  compute=0.156512 s  save=1e-06 s
  comm[86] put=5 get=291 on=37 amo=0 | data=48064000 B/step  cum=4133504000 B
step 87  updateFluff=0.13637 s  compute=0.1556 s  save=0.0 s
  comm[87] put=5 get=291 on=37 amo=0 | data=48064000 B/step  cum=4181568000 B
step 88  updateFluff=0.172781 s  compute=0.155744 s  save=0.0 s
  comm[88] put=5 get=291 on=37 amo=0 | data=48064000 B/step  cum=4229632000 B
step 89  updateFluff=0.158039 s  compute=0.15589 s  save=1e-06 s
  comm[89] put=5 get=291 on=37 amo=0 | data=48064000 B/step  cum=4277696000 B
step 90  updateFluff=0.167504 s  compute=0.156322 s  save=0.0 s
  comm[90] put=5 get=291 on=37 amo=0 | data=48064000 B/step  cum=4325760000 B
step 91  updateFluff=0.144142 s  compute=0.155608 s  save=0.0 s
  comm[91] put=5 get=291 on=37 amo=0 | data=48064000 B/step  cum=4373824000 B
step 92  updateFluff=0.166479 s  compute=0.156919 s  save=0.0 s
  comm[92] put=5 get=291 on=37 amo=0 | data=48064000 B/step  cum=4421888000 B
step 93  updateFluff=0.169261 s  compute=0.155435 s  save=0.0 s
  comm[93] put=5 get=291 on=37 amo=0 | data=48064000 B/step  cum=4469952000 B
step 94  updateFluff=0.158026 s  compute=0.155632 s  save=1e-06 s
  comm[94] put=5 get=291 on=37 amo=0 | data=48064000 B/step  cum=4518016000 B
step 95  updateFluff=0.145747 s  compute=0.156015 s  save=0.0 s
  comm[95] put=5 get=291 on=37 amo=0 | data=48064000 B/step  cum=4566080000 B
step 96  updateFluff=0.139926 s  compute=0.156446 s  save=0.0 s
  comm[96] put=5 get=291 on=37 amo=0 | data=48064000 B/step  cum=4614144000 B
step 97  updateFluff=0.137356 s  compute=0.155524 s  save=0.0 s
  comm[97] put=5 get=291 on=37 amo=0 | data=48064000 B/step  cum=4662208000 B
step 98  updateFluff=0.158113 s  compute=0.155073 s  save=0.0 s
  comm[98] put=5 get=291 on=37 amo=0 | data=48064000 B/step  cum=4710272000 B
step 99  updateFluff=0.186999 s  compute=0.155553 s  save=1e-06 s
  comm[99] put=5 get=291 on=37 amo=0 | data=48064000 B/step  cum=4758336000 B
step 100  updateFluff=0.172621 s  compute=0.155108 s  save=0.0 s
  comm[100] put=5 get=291 on=37 amo=0 | data=48064000 B/step  cum=4806400000 B
[mem] after run locale 0: 2990.99 MB
[mem] after run locale 1: 2990.93 MB
[mem] after run locale 2: 2983.25 MB
[mem] after run locale 3: 2983.25 MB
[mem] after run locale 4: 2983.25 MB
[mem] after run locale 5: 2983.25 MB
final field: min=1.0 max=2.0 sum=1.00518e+09
Execution time:    32.156 s
