warning: QTHREADS: Reduced numThreadsPerLocale=20 to 16 to prevent oversubscription of the system.
warning: QTHREADS: Reduced numThreadsPerLocale=20 to 16 to prevent oversubscription of the system.
warning: QTHREADS: Reduced numThreadsPerLocale=20 to 16 to prevent oversubscription of the system.
warning: QTHREADS: Reduced numThreadsPerLocale=20 to 16 to prevent oversubscription of the system.
warning: QTHREADS: Reduced numThreadsPerLocale=20 to 16 to prevent oversubscription of the system.
warning: QTHREADS: Reduced numThreadsPerLocale=20 to 16 to prevent oversubscription of the system.
warning: QTHREADS: Reduced numThreadsPerLocale=20 to 16 to prevent oversubscription of the system.
[cfg] threadsPerLocale(requested)=20 numLocales=7
Initialization time: 0.480716 s
[mem] after init (u+un allocated) locale 0: 3045.48 MB
[mem] after init (u+un allocated) locale 1: 3045.42 MB
[mem] after init (u+un allocated) locale 2: 3045.42 MB
[mem] after init (u+un allocated) locale 3: 3045.42 MB
[mem] after init (u+un allocated) locale 4: 3045.42 MB
[mem] after init (u+un allocated) locale 5: 3045.42 MB
[mem] after init (u+un allocated) locale 6: 3030.1 MB
[cfg] locale 0 maxTaskPar=16
[cfg] locale 1 maxTaskPar=16
[cfg] locale 2 maxTaskPar=16
[cfg] locale 3 maxTaskPar=16
[cfg] locale 4 maxTaskPar=16
[cfg] locale 5 maxTaskPar=16
[cfg] locale 6 maxTaskPar=16
[comm] 96000000 B/step across 7 locale(s)
step 1  updateFluff=0.255451 s  compute=0.134105 s  save=0.0 s
  comm[1] put=0 get=162 on=24 amo=0 | data=96000000 B/step  cum=96000000 B
step 2  updateFluff=0.270041 s  compute=0.134432 s  save=0.0 s
  comm[2] put=7 get=162 on=30 amo=0 | data=96000000 B/step  cum=192000000 B
step 3  updateFluff=0.219565 s  compute=0.133716 s  save=0.0 s
  comm[3] put=7 get=162 on=30 amo=0 | data=96000000 B/step  cum=288000000 B
step 4  updateFluff=0.282016 s  compute=0.134406 s  save=0.0 s
  comm[4] put=7 get=162 on=30 amo=0 | data=96000000 B/step  cum=384000000 B
step 5  updateFluff=0.227126 s  compute=0.134134 s  save=0.0 s
  comm[5] put=7 get=162 on=30 amo=0 | data=96000000 B/step  cum=480000000 B
step 6  updateFluff=0.222873 s  compute=0.134297 s  save=0.0 s
  comm[6] put=7 get=162 on=30 amo=0 | data=96000000 B/step  cum=576000000 B
step 7  updateFluff=0.232911 s  compute=0.134532 s  save=0.0 s
  comm[7] put=7 get=162 on=30 amo=0 | data=96000000 B/step  cum=672000000 B
step 8  updateFluff=0.216672 s  compute=0.134676 s  save=0.0 s
  comm[8] put=7 get=162 on=30 amo=0 | data=96000000 B/step  cum=768000000 B
step 9  updateFluff=0.247626 s  compute=0.134067 s  save=0.0 s
  comm[9] put=7 get=162 on=30 amo=0 | data=96000000 B/step  cum=864000000 B
step 10  updateFluff=0.227292 s  compute=0.134487 s  save=0.0 s
  comm[10] put=7 get=162 on=30 amo=0 | data=96000000 B/step  cum=960000000 B
step 11  updateFluff=0.236396 s  compute=0.133861 s  save=0.0 s
  comm[11] put=7 get=162 on=30 amo=0 | data=96000000 B/step  cum=1056000000 B
step 12  updateFluff=0.229458 s  compute=0.134429 s  save=0.0 s
  comm[12] put=7 get=162 on=30 amo=0 | data=96000000 B/step  cum=1152000000 B
step 13  updateFluff=0.28618 s  compute=0.134253 s  save=1e-06 s
  comm[13] put=7 get=162 on=30 amo=0 | data=96000000 B/step  cum=1248000000 B
step 14  updateFluff=0.220531 s  compute=0.134369 s  save=0.0 s
  comm[14] put=7 get=162 on=30 amo=0 | data=96000000 B/step  cum=1344000000 B
step 15  updateFluff=0.277879 s  compute=0.133774 s  save=0.0 s
  comm[15] put=7 get=162 on=30 amo=0 | data=96000000 B/step  cum=1440000000 B
step 16  updateFluff=0.225831 s  compute=0.135743 s  save=0.0 s
  comm[16] put=7 get=162 on=30 amo=0 | data=96000000 B/step  cum=1536000000 B
step 17  updateFluff=0.228765 s  compute=0.133387 s  save=0.0 s
  comm[17] put=7 get=162 on=30 amo=0 | data=96000000 B/step  cum=1632000000 B
step 18  updateFluff=0.238022 s  compute=0.134389 s  save=0.0 s
  comm[18] put=7 get=162 on=30 amo=0 | data=96000000 B/step  cum=1728000000 B
step 19  updateFluff=0.221309 s  compute=0.134173 s  save=0.0 s
  comm[19] put=7 get=162 on=30 amo=0 | data=96000000 B/step  cum=1824000000 B
step 20  updateFluff=0.228592 s  compute=0.135105 s  save=1e-06 s
  comm[20] put=7 get=162 on=30 amo=0 | data=96000000 B/step  cum=1920000000 B
step 21  updateFluff=0.217859 s  compute=0.133935 s  save=0.0 s
  comm[21] put=7 get=162 on=30 amo=0 | data=96000000 B/step  cum=2016000000 B
step 22  updateFluff=0.223727 s  compute=0.134314 s  save=1e-06 s
  comm[22] put=7 get=162 on=30 amo=0 | data=96000000 B/step  cum=2112000000 B
step 23  updateFluff=0.230921 s  compute=0.134223 s  save=0.0 s
  comm[23] put=7 get=162 on=30 amo=0 | data=96000000 B/step  cum=2208000000 B
step 24  updateFluff=0.222436 s  compute=0.134599 s  save=0.0 s
  comm[24] put=7 get=162 on=30 amo=0 | data=96000000 B/step  cum=2304000000 B
step 25  updateFluff=0.236318 s  compute=0.134076 s  save=0.0 s
  comm[25] put=7 get=162 on=30 amo=0 | data=96000000 B/step  cum=2400000000 B
step 26  updateFluff=0.288002 s  compute=0.135315 s  save=1e-06 s
  comm[26] put=7 get=162 on=30 amo=0 | data=96000000 B/step  cum=2496000000 B
step 27  updateFluff=0.219706 s  compute=0.134218 s  save=0.0 s
  comm[27] put=7 get=162 on=30 amo=0 | data=96000000 B/step  cum=2592000000 B
step 28  updateFluff=0.224187 s  compute=0.133958 s  save=0.0 s
  comm[28] put=7 get=162 on=30 amo=0 | data=96000000 B/step  cum=2688000000 B
step 29  updateFluff=0.216142 s  compute=0.135181 s  save=0.0 s
  comm[29] put=7 get=162 on=30 amo=0 | data=96000000 B/step  cum=2784000000 B
step 30  updateFluff=0.229827 s  compute=0.134616 s  save=0.0 s
  comm[30] put=7 get=162 on=30 amo=0 | data=96000000 B/step  cum=2880000000 B
step 31  updateFluff=0.2398 s  compute=0.134353 s  save=0.0 s
  comm[31] put=7 get=162 on=30 amo=0 | data=96000000 B/step  cum=2976000000 B
step 32  updateFluff=0.22076 s  compute=0.135809 s  save=0.0 s
  comm[32] put=7 get=162 on=30 amo=0 | data=96000000 B/step  cum=3072000000 B
step 33  updateFluff=0.222986 s  compute=0.134186 s  save=0.0 s
  comm[33] put=7 get=162 on=30 amo=0 | data=96000000 B/step  cum=3168000000 B
step 34  updateFluff=0.22755 s  compute=0.135332 s  save=0.0 s
  comm[34] put=7 get=162 on=30 amo=0 | data=96000000 B/step  cum=3264000000 B
step 35  updateFluff=0.222652 s  compute=0.135639 s  save=0.0 s
  comm[35] put=7 get=162 on=30 amo=0 | data=96000000 B/step  cum=3360000000 B
step 36  updateFluff=0.225037 s  compute=0.134324 s  save=0.0 s
  comm[36] put=7 get=162 on=30 amo=0 | data=96000000 B/step  cum=3456000000 B
step 37  updateFluff=0.219711 s  compute=0.134192 s  save=0.0 s
  comm[37] put=7 get=162 on=30 amo=0 | data=96000000 B/step  cum=3552000000 B
step 38  updateFluff=0.21681 s  compute=0.134227 s  save=0.0 s
  comm[38] put=7 get=162 on=30 amo=0 | data=96000000 B/step  cum=3648000000 B
step 39  updateFluff=0.233508 s  compute=0.134307 s  save=1e-06 s
  comm[39] put=7 get=162 on=30 amo=0 | data=96000000 B/step  cum=3744000000 B
step 40  updateFluff=0.22 s  compute=0.135097 s  save=0.0 s
  comm[40] put=7 get=162 on=30 amo=0 | data=96000000 B/step  cum=3840000000 B
step 41  updateFluff=0.230223 s  compute=0.134539 s  save=1e-06 s
  comm[41] put=7 get=162 on=30 amo=0 | data=96000000 B/step  cum=3936000000 B
step 42  updateFluff=0.219498 s  compute=0.134349 s  save=0.0 s
  comm[42] put=7 get=162 on=30 amo=0 | data=96000000 B/step  cum=4032000000 B
step 43  updateFluff=0.286398 s  compute=0.135972 s  save=0.0 s
  comm[43] put=7 get=162 on=30 amo=0 | data=96000000 B/step  cum=4128000000 B
step 44  updateFluff=0.223559 s  compute=0.134571 s  save=1e-06 s
  comm[44] put=7 get=162 on=30 amo=0 | data=96000000 B/step  cum=4224000000 B
step 45  updateFluff=0.229637 s  compute=0.134228 s  save=1e-06 s
  comm[45] put=7 get=162 on=30 amo=0 | data=96000000 B/step  cum=4320000000 B
step 46  updateFluff=0.226466 s  compute=0.134273 s  save=1e-06 s
  comm[46] put=7 get=162 on=30 amo=0 | data=96000000 B/step  cum=4416000000 B
step 47  updateFluff=0.21769 s  compute=0.134155 s  save=0.0 s
  comm[47] put=7 get=162 on=30 amo=0 | data=96000000 B/step  cum=4512000000 B
step 48  updateFluff=0.224936 s  compute=0.133996 s  save=0.0 s
  comm[48] put=7 get=162 on=30 amo=0 | data=96000000 B/step  cum=4608000000 B
step 49  updateFluff=0.231079 s  compute=0.134154 s  save=0.0 s
  comm[49] put=7 get=162 on=30 amo=0 | data=96000000 B/step  cum=4704000000 B
step 50  updateFluff=0.2354 s  compute=0.134976 s  save=0.0 s
  comm[50] put=7 get=162 on=30 amo=0 | data=96000000 B/step  cum=4800000000 B
step 51  updateFluff=0.221728 s  compute=0.134358 s  save=1e-06 s
  comm[51] put=7 get=162 on=30 amo=0 | data=96000000 B/step  cum=4896000000 B
step 52  updateFluff=0.223802 s  compute=0.134288 s  save=1e-06 s
  comm[52] put=7 get=162 on=30 amo=0 | data=96000000 B/step  cum=4992000000 B
step 53  updateFluff=0.233574 s  compute=0.134239 s  save=0.0 s
  comm[53] put=7 get=162 on=30 amo=0 | data=96000000 B/step  cum=5088000000 B
step 54  updateFluff=0.224278 s  compute=0.134169 s  save=0.0 s
  comm[54] put=7 get=162 on=30 amo=0 | data=96000000 B/step  cum=5184000000 B
step 55  updateFluff=0.236057 s  compute=0.13444 s  save=0.0 s
  comm[55] put=7 get=162 on=30 amo=0 | data=96000000 B/step  cum=5280000000 B
step 56  updateFluff=0.215695 s  compute=0.134972 s  save=1e-06 s
  comm[56] put=7 get=162 on=30 amo=0 | data=96000000 B/step  cum=5376000000 B
step 57  updateFluff=0.218429 s  compute=0.134218 s  save=0.0 s
  comm[57] put=7 get=162 on=30 amo=0 | data=96000000 B/step  cum=5472000000 B
step 58  updateFluff=0.218199 s  compute=0.134008 s  save=0.0 s
  comm[58] put=7 get=162 on=30 amo=0 | data=96000000 B/step  cum=5568000000 B
step 59  updateFluff=0.224379 s  compute=0.134563 s  save=0.0 s
  comm[59] put=7 get=162 on=30 amo=0 | data=96000000 B/step  cum=5664000000 B
step 60  updateFluff=0.232988 s  compute=0.134185 s  save=0.0 s
  comm[60] put=7 get=162 on=30 amo=0 | data=96000000 B/step  cum=5760000000 B
step 61  updateFluff=0.216811 s  compute=0.134076 s  save=1e-06 s
  comm[61] put=7 get=162 on=30 amo=0 | data=96000000 B/step  cum=5856000000 B
step 62  updateFluff=0.283204 s  compute=0.134167 s  save=0.0 s
  comm[62] put=7 get=162 on=30 amo=0 | data=96000000 B/step  cum=5952000000 B
step 63  updateFluff=0.21486 s  compute=0.133691 s  save=0.0 s
  comm[63] put=7 get=162 on=30 amo=0 | data=96000000 B/step  cum=6048000000 B
step 64  updateFluff=0.223539 s  compute=0.134599 s  save=0.0 s
  comm[64] put=7 get=162 on=30 amo=0 | data=96000000 B/step  cum=6144000000 B
step 65  updateFluff=0.218562 s  compute=0.13536 s  save=0.0 s
  comm[65] put=7 get=162 on=30 amo=0 | data=96000000 B/step  cum=6240000000 B
step 66  updateFluff=0.220429 s  compute=0.134515 s  save=0.0 s
  comm[66] put=7 get=162 on=30 amo=0 | data=96000000 B/step  cum=6336000000 B
step 67  updateFluff=0.244347 s  compute=0.133997 s  save=0.0 s
  comm[67] put=7 get=162 on=30 amo=0 | data=96000000 B/step  cum=6432000000 B
step 68  updateFluff=0.22861 s  compute=0.134896 s  save=0.0 s
  comm[68] put=7 get=162 on=30 amo=0 | data=96000000 B/step  cum=6528000000 B
step 69  updateFluff=0.221167 s  compute=0.133616 s  save=1e-06 s
  comm[69] put=7 get=162 on=30 amo=0 | data=96000000 B/step  cum=6624000000 B
step 70  updateFluff=0.225372 s  compute=0.134144 s  save=1e-06 s
  comm[70] put=7 get=162 on=30 amo=0 | data=96000000 B/step  cum=6720000000 B
step 71  updateFluff=0.220427 s  compute=0.134753 s  save=0.0 s
  comm[71] put=7 get=162 on=30 amo=0 | data=96000000 B/step  cum=6816000000 B
step 72  updateFluff=0.223288 s  compute=0.1346 s  save=0.0 s
  comm[72] put=7 get=162 on=30 amo=0 | data=96000000 B/step  cum=6912000000 B
step 73  updateFluff=0.236101 s  compute=0.134058 s  save=0.0 s
  comm[73] put=7 get=162 on=30 amo=0 | data=96000000 B/step  cum=7008000000 B
step 74  updateFluff=0.220029 s  compute=0.13505 s  save=0.0 s
  comm[74] put=7 get=162 on=30 amo=0 | data=96000000 B/step  cum=7104000000 B
step 75  updateFluff=0.220657 s  compute=0.134108 s  save=0.0 s
  comm[75] put=7 get=162 on=30 amo=0 | data=96000000 B/step  cum=7200000000 B
step 76  updateFluff=0.220978 s  compute=0.135779 s  save=0.0 s
  comm[76] put=7 get=162 on=30 amo=0 | data=96000000 B/step  cum=7296000000 B
step 77  updateFluff=0.269985 s  compute=0.134059 s  save=0.0 s
  comm[77] put=7 get=162 on=30 amo=0 | data=96000000 B/step  cum=7392000000 B
step 78  updateFluff=0.234627 s  compute=0.134431 s  save=0.0 s
  comm[78] put=7 get=162 on=30 amo=0 | data=96000000 B/step  cum=7488000000 B
step 79  updateFluff=0.228909 s  compute=0.134183 s  save=0.0 s
  comm[79] put=7 get=162 on=30 amo=0 | data=96000000 B/step  cum=7584000000 B
step 80  updateFluff=0.232492 s  compute=0.134222 s  save=0.0 s
  comm[80] put=7 get=162 on=30 amo=0 | data=96000000 B/step  cum=7680000000 B
step 81  updateFluff=0.223778 s  compute=0.133786 s  save=0.0 s
  comm[81] put=7 get=162 on=30 amo=0 | data=96000000 B/step  cum=7776000000 B
step 82  updateFluff=0.225236 s  compute=0.134176 s  save=0.0 s
  comm[82] put=7 get=162 on=30 amo=0 | data=96000000 B/step  cum=7872000000 B
step 83  updateFluff=0.231173 s  compute=0.134249 s  save=0.0 s
  comm[83] put=7 get=162 on=30 amo=0 | data=96000000 B/step  cum=7968000000 B
step 84  updateFluff=0.239577 s  compute=0.134902 s  save=0.0 s
  comm[84] put=7 get=162 on=30 amo=0 | data=96000000 B/step  cum=8064000000 B
step 85  updateFluff=0.219393 s  compute=0.134687 s  save=0.0 s
  comm[85] put=7 get=162 on=30 amo=0 | data=96000000 B/step  cum=8160000000 B
step 86  updateFluff=0.226072 s  compute=0.134222 s  save=0.0 s
  comm[86] put=7 get=162 on=30 amo=0 | data=96000000 B/step  cum=8256000000 B
step 87  updateFluff=0.23775 s  compute=0.134207 s  save=1e-06 s
  comm[87] put=7 get=162 on=30 amo=0 | data=96000000 B/step  cum=8352000000 B
step 88  updateFluff=0.224102 s  compute=0.135061 s  save=0.0 s
  comm[88] put=7 get=162 on=30 amo=0 | data=96000000 B/step  cum=8448000000 B
step 89  updateFluff=0.222026 s  compute=0.134432 s  save=0.0 s
  comm[89] put=7 get=162 on=30 amo=0 | data=96000000 B/step  cum=8544000000 B
step 90  updateFluff=0.219948 s  compute=0.134305 s  save=0.0 s
  comm[90] put=7 get=162 on=30 amo=0 | data=96000000 B/step  cum=8640000000 B
step 91  updateFluff=0.282081 s  compute=0.134319 s  save=0.0 s
  comm[91] put=7 get=162 on=30 amo=0 | data=96000000 B/step  cum=8736000000 B
step 92  updateFluff=0.224577 s  compute=0.135473 s  save=0.0 s
  comm[92] put=7 get=162 on=30 amo=0 | data=96000000 B/step  cum=8832000000 B
step 93  updateFluff=0.229871 s  compute=0.133747 s  save=1e-06 s
  comm[93] put=7 get=162 on=30 amo=0 | data=96000000 B/step  cum=8928000000 B
step 94  updateFluff=0.224006 s  compute=0.134319 s  save=1e-06 s
  comm[94] put=7 get=162 on=30 amo=0 | data=96000000 B/step  cum=9024000000 B
step 95  updateFluff=0.221212 s  compute=0.134613 s  save=0.0 s
  comm[95] put=7 get=162 on=30 amo=0 | data=96000000 B/step  cum=9120000000 B
step 96  updateFluff=0.223235 s  compute=0.134378 s  save=1e-06 s
  comm[96] put=7 get=162 on=30 amo=0 | data=96000000 B/step  cum=9216000000 B
step 97  updateFluff=0.23102 s  compute=0.134616 s  save=0.0 s
  comm[97] put=7 get=162 on=30 amo=0 | data=96000000 B/step  cum=9312000000 B
step 98  updateFluff=0.221584 s  compute=0.134545 s  save=1e-06 s
  comm[98] put=7 get=162 on=30 amo=0 | data=96000000 B/step  cum=9408000000 B
step 99  updateFluff=0.216904 s  compute=0.133686 s  save=0.0 s
  comm[99] put=7 get=162 on=30 amo=0 | data=96000000 B/step  cum=9504000000 B
step 100  updateFluff=0.221819 s  compute=0.134404 s  save=1e-06 s
  comm[100] put=7 get=162 on=30 amo=0 | data=96000000 B/step  cum=9600000000 B
[mem] after run locale 0: 3045.48 MB
[mem] after run locale 1: 3045.42 MB
[mem] after run locale 2: 3045.42 MB
[mem] after run locale 3: 3045.42 MB
[mem] after run locale 4: 3045.42 MB
[mem] after run locale 5: 3045.42 MB
[mem] after run locale 6: 3030.1 MB
final field: min=1.0 max=2.0 sum=1.00518e+09
Execution time:    36.9336 s
