This is pdfTeX, Version 3.141592653-2.6-1.40.25 (TeX Live 2023) (preloaded format=pdflatex)
 restricted \write18 enabled.
entering extended mode
(./obserwacje.tex
LaTeX2e <2022-11-01> patch level 1
L3 programming layer <2023-02-22>
(/usr/share/texlive/texmf-dist/tex/latex/base/article.cls
Document Class: article 2022/07/02 v1.4n Standard LaTeX document class
(/usr/share/texlive/texmf-dist/tex/latex/base/size11.clo))
(/usr/share/texlive/texmf-dist/tex/latex/base/fontenc.sty)
(/usr/share/texlive/texmf-dist/tex/latex/base/inputenc.sty)
(/usr/share/texlive/texmf-dist/tex/generic/babel/babel.sty
(/usr/share/texlive/texmf-dist/tex/generic/babel/txtbabel.def)
(/usr/share/texlive/texmf-dist/tex/generic/babel-polish/polish.ldf))
(/usr/share/texlive/texmf-dist/tex/generic/babel/locale/pl/babel-polish.tex)
(/usr/share/texlive/texmf-dist/tex/latex/amsmath/amsmath.sty
For additional information on amsmath, use the `?' option.
(/usr/share/texlive/texmf-dist/tex/latex/amsmath/amstext.sty
(/usr/share/texlive/texmf-dist/tex/latex/amsmath/amsgen.sty))
(/usr/share/texlive/texmf-dist/tex/latex/amsmath/amsbsy.sty)
(/usr/share/texlive/texmf-dist/tex/latex/amsmath/amsopn.sty))
(/usr/share/texlive/texmf-dist/tex/latex/geometry/geometry.sty
(/usr/share/texlive/texmf-dist/tex/latex/graphics/keyval.sty)
(/usr/share/texlive/texmf-dist/tex/generic/iftex/ifvtex.sty
(/usr/share/texlive/texmf-dist/tex/generic/iftex/iftex.sty)))
(/usr/share/texlive/texmf-dist/tex/latex/graphics/graphicx.sty
(/usr/share/texlive/texmf-dist/tex/latex/graphics/graphics.sty
(/usr/share/texlive/texmf-dist/tex/latex/graphics/trig.sty)
(/usr/share/texlive/texmf-dist/tex/latex/graphics-cfg/graphics.cfg)
(/usr/share/texlive/texmf-dist/tex/latex/graphics-def/pdftex.def)))
(/usr/share/texlive/texmf-dist/tex/latex/enumitem/enumitem.sty)
(/usr/share/texlive/texmf-dist/tex/latex/xcolor/xcolor.sty
(/usr/share/texlive/texmf-dist/tex/latex/graphics-cfg/color.cfg)
(/usr/share/texlive/texmf-dist/tex/latex/graphics/mathcolor.ltx))
(/usr/share/texlive/texmf-dist/tex/latex/parskip/parskip.sty
(/usr/share/texlive/texmf-dist/tex/latex/kvoptions/kvoptions.sty
(/usr/share/texlive/texmf-dist/tex/generic/ltxcmds/ltxcmds.sty)
(/usr/share/texlive/texmf-dist/tex/latex/kvsetkeys/kvsetkeys.sty))
(/usr/share/texlive/texmf-dist/tex/latex/etoolbox/etoolbox.sty))
(/usr/share/texlive/texmf-dist/tex/latex/l3backend/l3backend-pdftex.def)
(./obserwacje.aux)
*geometry* driver: auto-detecting
*geometry* detected driver: pdftex
(/usr/share/texlive/texmf-dist/tex/context/base/mkii/supp-pdf.mkii
[Loading MPS to PDF converter (version 2006.09.02).]
) (/usr/share/texlive/texmf-dist/tex/latex/epstopdf-pkg/epstopdf-base.sty
(/usr/share/texlive/texmf-dist/tex/latex/latexconfig/epstopdf-sys.cfg))
(/usr/share/texlive/texmf-dist/tex/latex/base/t1cmtt.fd)
Underfull \hbox (badness 10000) in paragraph at lines 44--46
[]\T1/cmr/m/n/10 Silny ,,z¡-bek piªy'' (pa-rzy-

Underfull \hbox (badness 10000) in paragraph at lines 44--46
\T1/cmr/m/n/10 sta/nieparzysta liczba w¦-zªów) --

Underfull \hbox (badness 7504) in paragraph at lines 44--46
\T1/cmr/m/n/10 po-dziaª $\OT1/cmr/m/n/10 1000[]$ \T1/cmr/m/n/10 na nie-równe pª
aty

Underfull \hbox (badness 10000) in paragraph at lines 71--72
[]\T1/cmr/m/n/10 Udziaª ko-mu-ni-ka-cji

Underfull \hbox (badness 1406) in paragraph at lines 71--72
\T1/cmtt/m/n/10 fluff/(fluff+obliczenia) \T1/cmr/m/n/10 spada z

Underfull \hbox (badness 1983) in paragraph at lines 95--97
[]\T1/cmr/m/n/10 Czas nie-mal pªa-ski ($[]\OT1/cmr/m/n/10 33$\T1/cmr/m/n/10 --$
\OT1/cmr/m/n/10 37$\T1/cmr/m/n/10 s); mi-

Underfull \hbox (badness 10000) in paragraph at lines 95--97
\T1/cmr/m/n/10 ni-mum przy \T1/cmr/bx/n/10 4 w¡t-kach/locale

Underfull \hbox (badness 1097) in paragraph at lines 99--103
\T1/cmr/m/n/10 cale, nie moc ob-li-cze-niowa). Wzrost
[1{/var/lib/texmf/fonts/map/pdftex/updmap/pdftex.map}{/usr/share/texlive/texmf-
dist/fonts/enc/dvips/cm-super/cm-super-t1.enc}{/usr/share/texlive/texmf-dist/fo
nts/enc/dvips/cm-super/cm-super-ts1.enc} <./node_scaling.png> <./cube_size.png>
]
Underfull \hbox (badness 1609) in paragraph at lines 120--122
[]\T1/cmr/m/n/10 Próba kon-tro-lna: \T1/cmr/bx/n/10 1 lo-cale \T1/cmr/m/n/10 (1
 pro-

Underfull \hbox (badness 1132) in paragraph at lines 123--125
[]\T1/cmr/m/n/10 Czas ob-li-cze«/krok \T1/cmr/bx/n/10 spada \T1/cmr/m/n/10 dla 
1$\OMS/cmsy/m/n/10 !$\T1/cmr/m/n/10 8

Underfull \hbox (badness 2368) in paragraph at lines 125--128
\T1/cmr/m/n/10 kami po-praw-nie. Po-twier-dza to, »e

Underfull \hbox (badness 2134) in paragraph at lines 147--149
\T1/cmr/m/n/10 to-±ci »¡-da-nej dla \T1/cmr/m/it/10 ka»-dej \T1/cmr/m/n/10 kon-
fi-gu-ra-

Underfull \hbox (badness 2221) in paragraph at lines 147--149
\T1/cmr/m/n/10 da¢ to wprost w logu (\T1/cmtt/m/n/10 [cfg] ...

Underfull \hbox (badness 1946) in paragraph at lines 153--157
\T1/cmr/m/n/10 do-kªa-da-nie rdzeni nie po-maga (pa-
[2 <./threads_9nodes.png> <./threads_1node.png>] [3 <./threads_1000.png>]
(./obserwacje.aux) )
(see the transcript file for additional information)</usr/share/texlive/texmf-d
ist/fonts/type1/public/amsfonts/cm/cmmi10.pfb></usr/share/texlive/texmf-dist/fo
nts/type1/public/amsfonts/cm/cmr10.pfb></usr/share/texlive/texmf-dist/fonts/typ
e1/public/amsfonts/cm/cmr12.pfb></usr/share/texlive/texmf-dist/fonts/type1/publ
ic/amsfonts/cm/cmr5.pfb></usr/share/texlive/texmf-dist/fonts/type1/public/amsfo
nts/cm/cmr7.pfb></usr/share/texlive/texmf-dist/fonts/type1/public/amsfonts/cm/c
mr8.pfb></usr/share/texlive/texmf-dist/fonts/type1/public/amsfonts/cm/cmsy10.pf
b></usr/share/texlive/texmf-dist/fonts/type1/public/cm-super/sfbx1000.pfb></usr
/share/texlive/texmf-dist/fonts/type1/public/cm-super/sfbx1200.pfb></usr/share/
texlive/texmf-dist/fonts/type1/public/cm-super/sfbx1440.pfb></usr/share/texlive
/texmf-dist/fonts/type1/public/cm-super/sfrm1000.pfb></usr/share/texlive/texmf-
dist/fonts/type1/public/cm-super/sfti1000.pfb></usr/share/texlive/texmf-dist/fo
nts/type1/public/cm-super/sftt1000.pfb></usr/share/texlive/texmf-dist/fonts/typ
e1/public/cm-super/sftt1440.pfb>
Output written on obserwacje.pdf (3 pages, 606482 bytes).
Transcript written on obserwacje.log.
