warning: QTHREADS: Reduced numThreadsPerLocale=20 to 16 to prevent oversubscription of the system.
warning: QTHREADS: Reduced numThreadsPerLocale=20 to 16 to prevent oversubscription of the system.
warning: QTHREADS: Reduced numThreadsPerLocale=20 to 16 to prevent oversubscription of the system.
warning: QTHREADS: Reduced numThreadsPerLocale=20 to 16 to prevent oversubscription of the system.
warning: QTHREADS: Reduced numThreadsPerLocale=20 to 16 to prevent oversubscription of the system.
warning: QTHREADS: Reduced numThreadsPerLocale=20 to 16 to prevent oversubscription of the system.
warning: QTHREADS: Reduced numThreadsPerLocale=20 to 16 to prevent oversubscription of the system.
warning: QTHREADS: Reduced numThreadsPerLocale=20 to 16 to prevent oversubscription of the system.
warning: QTHREADS: Reduced numThreadsPerLocale=20 to 16 to prevent oversubscription of the system.
[cfg] threadsPerLocale(requested)=20 numLocales=9
Initialization time: 2.77151 s
[mem] after init (u+un allocated) locale 0: 14771.4 MB
[mem] after init (u+un allocated) locale 1: 14771.4 MB
[mem] after init (u+un allocated) locale 2: 14750.9 MB
[mem] after init (u+un allocated) locale 3: 14771.4 MB
[mem] after init (u+un allocated) locale 4: 14771.4 MB
[mem] after init (u+un allocated) locale 5: 14750.9 MB
[mem] after init (u+un allocated) locale 6: 14750.9 MB
[mem] after init (u+un allocated) locale 7: 14750.9 MB
[mem] after init (u+un allocated) locale 8: 14728.9 MB
[cfg] locale 0 maxTaskPar=16
[cfg] locale 1 maxTaskPar=16
[cfg] locale 2 maxTaskPar=16
[cfg] locale 3 maxTaskPar=16
[cfg] locale 4 maxTaskPar=16
[cfg] locale 5 maxTaskPar=16
[cfg] locale 6 maxTaskPar=16
[cfg] locale 7 maxTaskPar=16
[cfg] locale 8 maxTaskPar=16
[comm] 256256000 B/step across 9 locale(s)
step 1  updateFluff=0.520166 s  compute=1.57943 s  save=0.0 s
  comm[1] put=0 get=530 on=56 amo=0 | data=256256000 B/step  cum=256256000 B
step 2  updateFluff=0.685551 s  compute=1.57872 s  save=0.0 s
  comm[2] put=9 get=528 on=64 amo=0 | data=256256000 B/step  cum=512512000 B
step 3  updateFluff=0.670775 s  compute=1.58076 s  save=0.0 s
  comm[3] put=9 get=530 on=64 amo=0 | data=256256000 B/step  cum=768768000 B
step 4  updateFluff=0.527532 s  compute=1.58059 s  save=0.0 s
  comm[4] put=9 get=528 on=64 amo=0 | data=256256000 B/step  cum=1025024000 B
step 5  updateFluff=0.67188 s  compute=1.5838 s  save=0.0 s
  comm[5] put=9 get=530 on=64 amo=0 | data=256256000 B/step  cum=1281280000 B
step 6  updateFluff=0.539716 s  compute=1.58888 s  save=0.0 s
  comm[6] put=9 get=528 on=64 amo=0 | data=256256000 B/step  cum=1537536000 B
step 7  updateFluff=0.520748 s  compute=1.58038 s  save=0.0 s
  comm[7] put=9 get=530 on=64 amo=0 | data=256256000 B/step  cum=1793792000 B
step 8  updateFluff=0.740266 s  compute=1.57812 s  save=0.0 s
  comm[8] put=9 get=528 on=64 amo=0 | data=256256000 B/step  cum=2050048000 B
step 9  updateFluff=0.703083 s  compute=1.57794 s  save=0.0 s
  comm[9] put=9 get=530 on=64 amo=0 | data=256256000 B/step  cum=2306304000 B
step 10  updateFluff=0.631509 s  compute=1.57877 s  save=1e-06 s
  comm[10] put=9 get=528 on=64 amo=0 | data=256256000 B/step  cum=2562560000 B
step 11  updateFluff=0.581014 s  compute=1.58416 s  save=0.0 s
  comm[11] put=9 get=530 on=64 amo=0 | data=256256000 B/step  cum=2818816000 B
step 12  updateFluff=0.557493 s  compute=1.58343 s  save=0.0 s
  comm[12] put=9 get=528 on=64 amo=0 | data=256256000 B/step  cum=3075072000 B
step 13  updateFluff=0.617565 s  compute=1.58176 s  save=0.0 s
  comm[13] put=9 get=530 on=64 amo=0 | data=256256000 B/step  cum=3331328000 B
step 14  updateFluff=0.584476 s  compute=1.57793 s  save=0.0 s
  comm[14] put=9 get=528 on=64 amo=0 | data=256256000 B/step  cum=3587584000 B
step 15  updateFluff=0.663084 s  compute=1.5794 s  save=1e-06 s
  comm[15] put=9 get=530 on=64 amo=0 | data=256256000 B/step  cum=3843840000 B
step 16  updateFluff=0.644256 s  compute=1.59076 s  save=1e-06 s
  comm[16] put=9 get=528 on=64 amo=0 | data=256256000 B/step  cum=4100096000 B
step 17  updateFluff=0.528027 s  compute=1.58227 s  save=0.0 s
  comm[17] put=9 get=530 on=64 amo=0 | data=256256000 B/step  cum=4356352000 B
step 18  updateFluff=0.676025 s  compute=1.59337 s  save=0.0 s
  comm[18] put=9 get=528 on=64 amo=0 | data=256256000 B/step  cum=4612608000 B
step 19  updateFluff=0.526475 s  compute=1.58776 s  save=0.0 s
  comm[19] put=9 get=530 on=64 amo=0 | data=256256000 B/step  cum=4868864000 B
step 20  updateFluff=0.641903 s  compute=1.5775 s  save=0.0 s
  comm[20] put=9 get=528 on=64 amo=0 | data=256256000 B/step  cum=5125120000 B
step 21  updateFluff=0.71644 s  compute=1.58662 s  save=1e-06 s
  comm[21] put=9 get=530 on=64 amo=0 | data=256256000 B/step  cum=5381376000 B
step 22  updateFluff=0.704088 s  compute=1.58457 s  save=0.0 s
  comm[22] put=9 get=528 on=64 amo=0 | data=256256000 B/step  cum=5637632000 B
step 23  updateFluff=0.740261 s  compute=1.58396 s  save=1e-06 s
  comm[23] put=9 get=530 on=64 amo=0 | data=256256000 B/step  cum=5893888000 B
step 24  updateFluff=0.55024 s  compute=1.57877 s  save=0.0 s
  comm[24] put=9 get=528 on=64 amo=0 | data=256256000 B/step  cum=6150144000 B
step 25  updateFluff=0.63941 s  compute=1.58975 s  save=0.0 s
  comm[25] put=9 get=530 on=64 amo=0 | data=256256000 B/step  cum=6406400000 B
step 26  updateFluff=0.619403 s  compute=1.58738 s  save=1e-06 s
  comm[26] put=9 get=528 on=64 amo=0 | data=256256000 B/step  cum=6662656000 B
step 27  updateFluff=0.562683 s  compute=1.57903 s  save=0.0 s
  comm[27] put=9 get=530 on=64 amo=0 | data=256256000 B/step  cum=6918912000 B
step 28  updateFluff=0.611996 s  compute=1.57921 s  save=0.0 s
  comm[28] put=9 get=528 on=64 amo=0 | data=256256000 B/step  cum=7175168000 B
step 29  updateFluff=0.556108 s  compute=1.57895 s  save=0.0 s
  comm[29] put=9 get=530 on=64 amo=0 | data=256256000 B/step  cum=7431424000 B
step 30  updateFluff=0.589246 s  compute=1.58023 s  save=0.0 s
  comm[30] put=9 get=528 on=64 amo=0 | data=256256000 B/step  cum=7687680000 B
step 31  updateFluff=0.683004 s  compute=1.57764 s  save=0.0 s
  comm[31] put=9 get=530 on=64 amo=0 | data=256256000 B/step  cum=7943936000 B
step 32  updateFluff=0.627346 s  compute=1.57685 s  save=1e-06 s
  comm[32] put=9 get=528 on=64 amo=0 | data=256256000 B/step  cum=8200192000 B
step 33  updateFluff=0.607377 s  compute=1.57858 s  save=0.0 s
  comm[33] put=9 get=530 on=64 amo=0 | data=256256000 B/step  cum=8456448000 B
step 34  updateFluff=0.66933 s  compute=1.57849 s  save=0.0 s
  comm[34] put=9 get=528 on=64 amo=0 | data=256256000 B/step  cum=8712704000 B
step 35  updateFluff=0.607905 s  compute=1.58683 s  save=0.0 s
  comm[35] put=9 get=530 on=64 amo=0 | data=256256000 B/step  cum=8968960000 B
step 36  updateFluff=0.501135 s  compute=1.60293 s  save=0.0 s
  comm[36] put=9 get=528 on=64 amo=0 | data=256256000 B/step  cum=9225216000 B
step 37  updateFluff=0.47649 s  compute=1.59587 s  save=0.0 s
  comm[37] put=9 get=530 on=64 amo=0 | data=256256000 B/step  cum=9481472000 B
step 38  updateFluff=0.673468 s  compute=1.58579 s  save=0.0 s
  comm[38] put=9 get=528 on=64 amo=0 | data=256256000 B/step  cum=9737728000 B
step 39  updateFluff=0.612017 s  compute=1.5788 s  save=0.0 s
  comm[39] put=9 get=530 on=64 amo=0 | data=256256000 B/step  cum=9993984000 B
step 40  updateFluff=0.634833 s  compute=1.58576 s  save=0.0 s
  comm[40] put=9 get=528 on=64 amo=0 | data=256256000 B/step  cum=10250240000 B
step 41  updateFluff=0.613849 s  compute=1.58631 s  save=0.0 s
  comm[41] put=9 get=530 on=64 amo=0 | data=256256000 B/step  cum=10506496000 B
step 42  updateFluff=0.706939 s  compute=1.57957 s  save=0.0 s
  comm[42] put=9 get=528 on=64 amo=0 | data=256256000 B/step  cum=10762752000 B
step 43  updateFluff=0.651589 s  compute=1.59394 s  save=0.0 s
  comm[43] put=9 get=530 on=64 amo=0 | data=256256000 B/step  cum=11019008000 B
step 44  updateFluff=0.610483 s  compute=1.57233 s  save=1e-06 s
  comm[44] put=9 get=528 on=64 amo=0 | data=256256000 B/step  cum=11275264000 B
step 45  updateFluff=0.601563 s  compute=1.59398 s  save=0.0 s
  comm[45] put=9 get=530 on=64 amo=0 | data=256256000 B/step  cum=11531520000 B
step 46  updateFluff=0.521528 s  compute=1.57789 s  save=0.0 s
  comm[46] put=9 get=528 on=64 amo=0 | data=256256000 B/step  cum=11787776000 B
step 47  updateFluff=0.617714 s  compute=1.59367 s  save=0.0 s
  comm[47] put=9 get=530 on=64 amo=0 | data=256256000 B/step  cum=12044032000 B
step 48  updateFluff=0.574524 s  compute=1.59286 s  save=0.0 s
  comm[48] put=9 get=528 on=64 amo=0 | data=256256000 B/step  cum=12300288000 B
step 49  updateFluff=0.673284 s  compute=1.58055 s  save=1e-06 s
  comm[49] put=9 get=530 on=64 amo=0 | data=256256000 B/step  cum=12556544000 B
step 50  updateFluff=0.550374 s  compute=1.58833 s  save=0.0 s
  comm[50] put=9 get=528 on=64 amo=0 | data=256256000 B/step  cum=12812800000 B
step 51  updateFluff=0.628094 s  compute=1.57982 s  save=0.0 s
  comm[51] put=9 get=530 on=64 amo=0 | data=256256000 B/step  cum=13069056000 B
step 52  updateFluff=0.566476 s  compute=1.57907 s  save=0.0 s
  comm[52] put=9 get=528 on=64 amo=0 | data=256256000 B/step  cum=13325312000 B
step 53  updateFluff=0.715379 s  compute=1.58043 s  save=0.0 s
  comm[53] put=9 get=530 on=64 amo=0 | data=256256000 B/step  cum=13581568000 B
step 54  updateFluff=0.587965 s  compute=1.58681 s  save=0.0 s
  comm[54] put=9 get=528 on=64 amo=0 | data=256256000 B/step  cum=13837824000 B
step 55  updateFluff=0.575527 s  compute=1.58108 s  save=0.0 s
  comm[55] put=9 get=530 on=64 amo=0 | data=256256000 B/step  cum=14094080000 B
step 56  updateFluff=0.624644 s  compute=1.57875 s  save=0.0 s
  comm[56] put=9 get=528 on=64 amo=0 | data=256256000 B/step  cum=14350336000 B
step 57  updateFluff=0.54184 s  compute=1.57813 s  save=0.0 s
  comm[57] put=9 get=530 on=64 amo=0 | data=256256000 B/step  cum=14606592000 B
step 58  updateFluff=0.656231 s  compute=1.58087 s  save=0.0 s
  comm[58] put=9 get=528 on=64 amo=0 | data=256256000 B/step  cum=14862848000 B
step 59  updateFluff=0.491158 s  compute=1.58351 s  save=0.0 s
  comm[59] put=9 get=530 on=64 amo=0 | data=256256000 B/step  cum=15119104000 B
step 60  updateFluff=0.620419 s  compute=1.5975 s  save=0.0 s
  comm[60] put=9 get=528 on=64 amo=0 | data=256256000 B/step  cum=15375360000 B
step 61  updateFluff=0.6032 s  compute=1.59523 s  save=0.0 s
  comm[61] put=9 get=530 on=64 amo=0 | data=256256000 B/step  cum=15631616000 B
step 62  updateFluff=0.626172 s  compute=1.58062 s  save=0.0 s
  comm[62] put=9 get=528 on=64 amo=0 | data=256256000 B/step  cum=15887872000 B
step 63  updateFluff=0.616127 s  compute=1.58219 s  save=0.0 s
  comm[63] put=9 get=530 on=64 amo=0 | data=256256000 B/step  cum=16144128000 B
step 64  updateFluff=0.605551 s  compute=1.58259 s  save=1e-06 s
  comm[64] put=9 get=528 on=64 amo=0 | data=256256000 B/step  cum=16400384000 B
step 65  updateFluff=0.605802 s  compute=1.58727 s  save=0.0 s
  comm[65] put=9 get=530 on=64 amo=0 | data=256256000 B/step  cum=16656640000 B
step 66  updateFluff=0.551796 s  compute=1.59469 s  save=0.0 s
  comm[66] put=9 get=528 on=64 amo=0 | data=256256000 B/step  cum=16912896000 B
step 67  updateFluff=0.536491 s  compute=1.59349 s  save=0.0 s
  comm[67] put=9 get=530 on=64 amo=0 | data=256256000 B/step  cum=17169152000 B
step 68  updateFluff=0.678486 s  compute=1.57947 s  save=0.0 s
  comm[68] put=9 get=528 on=64 amo=0 | data=256256000 B/step  cum=17425408000 B
step 69  updateFluff=0.597751 s  compute=1.57909 s  save=0.0 s
  comm[69] put=9 get=530 on=64 amo=0 | data=256256000 B/step  cum=17681664000 B
step 70  updateFluff=0.641302 s  compute=1.58664 s  save=0.0 s
  comm[70] put=9 get=528 on=64 amo=0 | data=256256000 B/step  cum=17937920000 B
step 71  updateFluff=0.60681 s  compute=1.58345 s  save=0.0 s
  comm[71] put=9 get=530 on=64 amo=0 | data=256256000 B/step  cum=18194176000 B
step 72  updateFluff=0.641714 s  compute=1.58425 s  save=0.0 s
  comm[72] put=9 get=528 on=64 amo=0 | data=256256000 B/step  cum=18450432000 B
step 73  updateFluff=0.583137 s  compute=1.5864 s  save=0.0 s
  comm[73] put=9 get=530 on=64 amo=0 | data=256256000 B/step  cum=18706688000 B
step 74  updateFluff=0.529308 s  compute=1.57759 s  save=0.0 s
  comm[74] put=9 get=528 on=64 amo=0 | data=256256000 B/step  cum=18962944000 B
step 75  updateFluff=0.639637 s  compute=1.58037 s  save=0.0 s
  comm[75] put=9 get=530 on=64 amo=0 | data=256256000 B/step  cum=19219200000 B
step 76  updateFluff=0.583492 s  compute=1.57853 s  save=1e-06 s
  comm[76] put=9 get=528 on=64 amo=0 | data=256256000 B/step  cum=19475456000 B
step 77  updateFluff=0.546564 s  compute=1.58692 s  save=0.0 s
  comm[77] put=9 get=530 on=64 amo=0 | data=256256000 B/step  cum=19731712000 B
step 78  updateFluff=0.631985 s  compute=1.57862 s  save=0.0 s
  comm[78] put=9 get=528 on=64 amo=0 | data=256256000 B/step  cum=19987968000 B
step 79  updateFluff=0.610441 s  compute=1.5801 s  save=0.0 s
  comm[79] put=9 get=530 on=64 amo=0 | data=256256000 B/step  cum=20244224000 B
step 80  updateFluff=0.535517 s  compute=1.57873 s  save=0.0 s
  comm[80] put=9 get=528 on=64 amo=0 | data=256256000 B/step  cum=20500480000 B
step 81  updateFluff=0.563007 s  compute=1.58006 s  save=0.0 s
  comm[81] put=9 get=530 on=64 amo=0 | data=256256000 B/step  cum=20756736000 B
step 82  updateFluff=0.580851 s  compute=1.58432 s  save=0.0 s
  comm[82] put=9 get=528 on=64 amo=0 | data=256256000 B/step  cum=21012992000 B
step 83  updateFluff=0.596981 s  compute=1.58224 s  save=0.0 s
  comm[83] put=9 get=530 on=64 amo=0 | data=256256000 B/step  cum=21269248000 B
step 84  updateFluff=0.569719 s  compute=1.5775 s  save=0.0 s
  comm[84] put=9 get=528 on=64 amo=0 | data=256256000 B/step  cum=21525504000 B
step 85  updateFluff=0.646309 s  compute=1.58071 s  save=0.0 s
  comm[85] put=9 get=530 on=64 amo=0 | data=256256000 B/step  cum=21781760000 B
step 86  updateFluff=0.504478 s  compute=1.58677 s  save=0.0 s
  comm[86] put=9 get=528 on=64 amo=0 | data=256256000 B/step  cum=22038016000 B
step 87  updateFluff=0.487541 s  compute=1.58966 s  save=0.0 s
  comm[87] put=9 get=530 on=64 amo=0 | data=256256000 B/step  cum=22294272000 B
step 88  updateFluff=0.516917 s  compute=1.59499 s  save=0.0 s
  comm[88] put=9 get=528 on=64 amo=0 | data=256256000 B/step  cum=22550528000 B
step 89  updateFluff=0.609403 s  compute=1.59009 s  save=0.0 s
  comm[89] put=9 get=530 on=64 amo=0 | data=256256000 B/step  cum=22806784000 B
step 90  updateFluff=0.683102 s  compute=1.58857 s  save=0.0 s
  comm[90] put=9 get=528 on=64 amo=0 | data=256256000 B/step  cum=23063040000 B
step 91  updateFluff=0.61988 s  compute=1.58261 s  save=0.0 s
  comm[91] put=9 get=530 on=64 amo=0 | data=256256000 B/step  cum=23319296000 B
step 92  updateFluff=0.63937 s  compute=1.58134 s  save=1e-06 s
  comm[92] put=9 get=528 on=64 amo=0 | data=256256000 B/step  cum=23575552000 B
step 93  updateFluff=0.780652 s  compute=1.57624 s  save=0.0 s
  comm[93] put=9 get=530 on=64 amo=0 | data=256256000 B/step  cum=23831808000 B
step 94  updateFluff=0.561599 s  compute=1.59265 s  save=0.0 s
  comm[94] put=9 get=528 on=64 amo=0 | data=256256000 B/step  cum=24088064000 B
step 95  updateFluff=0.5923 s  compute=1.6031 s  save=0.0 s
  comm[95] put=9 get=530 on=64 amo=0 | data=256256000 B/step  cum=24344320000 B
step 96  updateFluff=0.645136 s  compute=1.57796 s  save=0.0 s
  comm[96] put=9 get=528 on=64 amo=0 | data=256256000 B/step  cum=24600576000 B
step 97  updateFluff=0.695482 s  compute=1.57958 s  save=0.0 s
  comm[97] put=9 get=530 on=64 amo=0 | data=256256000 B/step  cum=24856832000 B
step 98  updateFluff=0.683129 s  compute=1.5801 s  save=0.0 s
  comm[98] put=9 get=528 on=64 amo=0 | data=256256000 B/step  cum=25113088000 B
step 99  updateFluff=0.606812 s  compute=1.5925 s  save=0.0 s
  comm[99] put=9 get=530 on=64 amo=0 | data=256256000 B/step  cum=25369344000 B
step 100  updateFluff=0.679959 s  compute=1.58635 s  save=0.0 s
  comm[100] put=9 get=528 on=64 amo=0 | data=256256000 B/step  cum=25625600000 B
[mem] after run locale 0: 14771.4 MB
[mem] after run locale 1: 14771.4 MB
[mem] after run locale 2: 14750.9 MB
[mem] after run locale 3: 14771.4 MB
[mem] after run locale 4: 14771.4 MB
[mem] after run locale 5: 14750.9 MB
[mem] after run locale 6: 14750.9 MB
[mem] after run locale 7: 14750.9 MB
[mem] after run locale 8: 14728.9 MB
final field: min=1.0 max=2.0 sum=8.0208e+09
Execution time:    219.89 s
