warning: QTHREADS: Reduced numThreadsPerLocale=20 to 16 to prevent oversubscription of the system.
warning: QTHREADS: Reduced numThreadsPerLocale=20 to 16 to prevent oversubscription of the system.
warning: QTHREADS: Reduced numThreadsPerLocale=20 to 16 to prevent oversubscription of the system.
warning: QTHREADS: Reduced numThreadsPerLocale=20 to 16 to prevent oversubscription of the system.
warning: QTHREADS: Reduced numThreadsPerLocale=20 to 16 to prevent oversubscription of the system.
warning: QTHREADS: Reduced numThreadsPerLocale=20 to 16 to prevent oversubscription of the system.
warning: QTHREADS: Reduced numThreadsPerLocale=20 to 16 to prevent oversubscription of the system.
warning: QTHREADS: Reduced numThreadsPerLocale=20 to 16 to prevent oversubscription of the system.
warning: QTHREADS: Reduced numThreadsPerLocale=20 to 16 to prevent oversubscription of the system.
[cfg] threadsPerLocale(requested)=20 numLocales=9
Initialization time: 0.12934 s
[mem] after init (u+un allocated) locale 0: 287.702 MB
[mem] after init (u+un allocated) locale 1: 287.639 MB
[mem] after init (u+un allocated) locale 2: 286.344 MB
[mem] after init (u+un allocated) locale 3: 287.639 MB
[mem] after init (u+un allocated) locale 4: 287.639 MB
[mem] after init (u+un allocated) locale 5: 286.344 MB
[mem] after init (u+un allocated) locale 6: 286.344 MB
[mem] after init (u+un allocated) locale 7: 286.344 MB
[mem] after init (u+un allocated) locale 8: 284.645 MB
[cfg] locale 0 maxTaskPar=16
[cfg] locale 1 maxTaskPar=16
[cfg] locale 2 maxTaskPar=16
[cfg] locale 3 maxTaskPar=16
[cfg] locale 4 maxTaskPar=16
[cfg] locale 5 maxTaskPar=16
[cfg] locale 6 maxTaskPar=16
[cfg] locale 7 maxTaskPar=16
[cfg] locale 8 maxTaskPar=16
[comm] 16064000 B/step across 9 locale(s)
step 1  updateFluff=0.048215 s  compute=0.019168 s  save=0.0 s
  comm[1] put=0 get=530 on=56 amo=0 | data=16064000 B/step  cum=16064000 B
step 2  updateFluff=0.051788 s  compute=0.019213 s  save=0.0 s
  comm[2] put=9 get=528 on=64 amo=0 | data=16064000 B/step  cum=32128000 B
step 3  updateFluff=0.059588 s  compute=0.019025 s  save=0.0 s
  comm[3] put=9 get=530 on=64 amo=0 | data=16064000 B/step  cum=48192000 B
step 4  updateFluff=0.057058 s  compute=0.019656 s  save=0.0 s
  comm[4] put=9 get=528 on=64 amo=0 | data=16064000 B/step  cum=64256000 B
step 5  updateFluff=0.049628 s  compute=0.01917 s  save=0.0 s
  comm[5] put=9 get=530 on=64 amo=0 | data=16064000 B/step  cum=80320000 B
step 6  updateFluff=0.055757 s  compute=0.020017 s  save=0.0 s
  comm[6] put=9 get=528 on=64 amo=0 | data=16064000 B/step  cum=96384000 B
step 7  updateFluff=0.054522 s  compute=0.019963 s  save=0.0 s
  comm[7] put=9 get=530 on=64 amo=0 | data=16064000 B/step  cum=112448000 B
step 8  updateFluff=0.055986 s  compute=0.019691 s  save=0.0 s
  comm[8] put=9 get=528 on=64 amo=0 | data=16064000 B/step  cum=128512000 B
step 9  updateFluff=0.048485 s  compute=0.019257 s  save=0.0 s
  comm[9] put=9 get=530 on=64 amo=0 | data=16064000 B/step  cum=144576000 B
step 10  updateFluff=0.051158 s  compute=0.019999 s  save=1e-06 s
  comm[10] put=9 get=528 on=64 amo=0 | data=16064000 B/step  cum=160640000 B
step 11  updateFluff=0.046094 s  compute=0.019278 s  save=0.0 s
  comm[11] put=9 get=530 on=64 amo=0 | data=16064000 B/step  cum=176704000 B
step 12  updateFluff=0.052599 s  compute=0.019498 s  save=0.0 s
  comm[12] put=9 get=528 on=64 amo=0 | data=16064000 B/step  cum=192768000 B
step 13  updateFluff=0.048044 s  compute=0.019081 s  save=1e-06 s
  comm[13] put=9 get=530 on=64 amo=0 | data=16064000 B/step  cum=208832000 B
step 14  updateFluff=0.055108 s  compute=0.019287 s  save=0.0 s
  comm[14] put=9 get=528 on=64 amo=0 | data=16064000 B/step  cum=224896000 B
step 15  updateFluff=0.058722 s  compute=0.018988 s  save=0.0 s
  comm[15] put=9 get=530 on=64 amo=0 | data=16064000 B/step  cum=240960000 B
step 16  updateFluff=0.053439 s  compute=0.019894 s  save=2e-06 s
  comm[16] put=9 get=528 on=64 amo=0 | data=16064000 B/step  cum=257024000 B
step 17  updateFluff=0.051328 s  compute=0.02026 s  save=0.0 s
  comm[17] put=9 get=530 on=64 amo=0 | data=16064000 B/step  cum=273088000 B
step 18  updateFluff=0.047191 s  compute=0.020167 s  save=2e-06 s
  comm[18] put=9 get=528 on=64 amo=0 | data=16064000 B/step  cum=289152000 B
step 19  updateFluff=0.056631 s  compute=0.019576 s  save=0.0 s
  comm[19] put=9 get=530 on=64 amo=0 | data=16064000 B/step  cum=305216000 B
step 20  updateFluff=0.050601 s  compute=0.020219 s  save=0.0 s
  comm[20] put=9 get=528 on=64 amo=0 | data=16064000 B/step  cum=321280000 B
step 21  updateFluff=0.057368 s  compute=0.019943 s  save=2e-06 s
  comm[21] put=9 get=530 on=64 amo=0 | data=16064000 B/step  cum=337344000 B
step 22  updateFluff=0.05114 s  compute=0.018992 s  save=0.0 s
  comm[22] put=9 get=528 on=64 amo=0 | data=16064000 B/step  cum=353408000 B
step 23  updateFluff=0.054819 s  compute=0.019981 s  save=1e-06 s
  comm[23] put=9 get=530 on=64 amo=0 | data=16064000 B/step  cum=369472000 B
step 24  updateFluff=0.052389 s  compute=0.020059 s  save=0.0 s
  comm[24] put=9 get=528 on=64 amo=0 | data=16064000 B/step  cum=385536000 B
step 25  updateFluff=0.052263 s  compute=0.019251 s  save=1e-06 s
  comm[25] put=9 get=530 on=64 amo=0 | data=16064000 B/step  cum=401600000 B
step 26  updateFluff=0.054244 s  compute=0.018212 s  save=0.0 s
  comm[26] put=9 get=528 on=64 amo=0 | data=16064000 B/step  cum=417664000 B
step 27  updateFluff=0.052627 s  compute=0.018981 s  save=0.0 s
  comm[27] put=9 get=530 on=64 amo=0 | data=16064000 B/step  cum=433728000 B
step 28  updateFluff=0.055292 s  compute=0.019248 s  save=0.0 s
  comm[28] put=9 get=528 on=64 amo=0 | data=16064000 B/step  cum=449792000 B
step 29  updateFluff=0.052981 s  compute=0.019556 s  save=1e-06 s
  comm[29] put=9 get=530 on=64 amo=0 | data=16064000 B/step  cum=465856000 B
step 30  updateFluff=0.045325 s  compute=0.019186 s  save=1e-06 s
  comm[30] put=9 get=528 on=64 amo=0 | data=16064000 B/step  cum=481920000 B
step 31  updateFluff=0.048979 s  compute=0.019429 s  save=1e-06 s
  comm[31] put=9 get=530 on=64 amo=0 | data=16064000 B/step  cum=497984000 B
step 32  updateFluff=0.226257 s  compute=0.019321 s  save=0.0 s
  comm[32] put=9 get=528 on=64 amo=0 | data=16064000 B/step  cum=514048000 B
step 33  updateFluff=0.052203 s  compute=0.019055 s  save=0.0 s
  comm[33] put=9 get=530 on=64 amo=0 | data=16064000 B/step  cum=530112000 B
step 34  updateFluff=0.049192 s  compute=0.01917 s  save=1e-06 s
  comm[34] put=9 get=528 on=64 amo=0 | data=16064000 B/step  cum=546176000 B
step 35  updateFluff=0.050202 s  compute=0.019484 s  save=0.0 s
  comm[35] put=9 get=530 on=64 amo=0 | data=16064000 B/step  cum=562240000 B
step 36  updateFluff=0.057473 s  compute=0.019226 s  save=0.0 s
  comm[36] put=9 get=528 on=64 amo=0 | data=16064000 B/step  cum=578304000 B
step 37  updateFluff=0.052642 s  compute=0.019098 s  save=1e-06 s
  comm[37] put=9 get=530 on=64 amo=0 | data=16064000 B/step  cum=594368000 B
step 38  updateFluff=0.05271 s  compute=0.020207 s  save=0.0 s
  comm[38] put=9 get=528 on=64 amo=0 | data=16064000 B/step  cum=610432000 B
step 39  updateFluff=0.055923 s  compute=0.020248 s  save=0.0 s
  comm[39] put=9 get=530 on=64 amo=0 | data=16064000 B/step  cum=626496000 B
step 40  updateFluff=0.04526 s  compute=0.019147 s  save=0.0 s
  comm[40] put=9 get=528 on=64 amo=0 | data=16064000 B/step  cum=642560000 B
step 41  updateFluff=0.04824 s  compute=0.020149 s  save=0.0 s
  comm[41] put=9 get=530 on=64 amo=0 | data=16064000 B/step  cum=658624000 B
step 42  updateFluff=0.051129 s  compute=0.01926 s  save=0.0 s
  comm[42] put=9 get=528 on=64 amo=0 | data=16064000 B/step  cum=674688000 B
step 43  updateFluff=0.051732 s  compute=0.019002 s  save=0.0 s
  comm[43] put=9 get=530 on=64 amo=0 | data=16064000 B/step  cum=690752000 B
step 44  updateFluff=0.04715 s  compute=0.019148 s  save=0.0 s
  comm[44] put=9 get=528 on=64 amo=0 | data=16064000 B/step  cum=706816000 B
step 45  updateFluff=0.04905 s  compute=0.018616 s  save=0.0 s
  comm[45] put=9 get=530 on=64 amo=0 | data=16064000 B/step  cum=722880000 B
step 46  updateFluff=0.051308 s  compute=0.019293 s  save=1e-06 s
  comm[46] put=9 get=528 on=64 amo=0 | data=16064000 B/step  cum=738944000 B
step 47  updateFluff=0.050088 s  compute=0.019365 s  save=1e-06 s
  comm[47] put=9 get=530 on=64 amo=0 | data=16064000 B/step  cum=755008000 B
step 48  updateFluff=0.054642 s  compute=0.018989 s  save=1e-06 s
  comm[48] put=9 get=528 on=64 amo=0 | data=16064000 B/step  cum=771072000 B
step 49  updateFluff=0.049427 s  compute=0.01955 s  save=0.0 s
  comm[49] put=9 get=530 on=64 amo=0 | data=16064000 B/step  cum=787136000 B
step 50  updateFluff=0.04837 s  compute=0.019401 s  save=0.0 s
  comm[50] put=9 get=528 on=64 amo=0 | data=16064000 B/step  cum=803200000 B
step 51  updateFluff=0.051846 s  compute=0.020494 s  save=0.0 s
  comm[51] put=9 get=530 on=64 amo=0 | data=16064000 B/step  cum=819264000 B
step 52  updateFluff=0.050863 s  compute=0.019154 s  save=1e-06 s
  comm[52] put=9 get=528 on=64 amo=0 | data=16064000 B/step  cum=835328000 B
step 53  updateFluff=0.054014 s  compute=0.019099 s  save=0.0 s
  comm[53] put=9 get=530 on=64 amo=0 | data=16064000 B/step  cum=851392000 B
step 54  updateFluff=0.049213 s  compute=0.019458 s  save=0.0 s
  comm[54] put=9 get=528 on=64 amo=0 | data=16064000 B/step  cum=867456000 B
step 55  updateFluff=0.052699 s  compute=0.018827 s  save=0.0 s
  comm[55] put=9 get=530 on=64 amo=0 | data=16064000 B/step  cum=883520000 B
step 56  updateFluff=0.056972 s  compute=0.019533 s  save=1e-06 s
  comm[56] put=9 get=528 on=64 amo=0 | data=16064000 B/step  cum=899584000 B
step 57  updateFluff=0.046738 s  compute=0.019452 s  save=0.0 s
  comm[57] put=9 get=530 on=64 amo=0 | data=16064000 B/step  cum=915648000 B
step 58  updateFluff=0.054814 s  compute=0.020209 s  save=0.0 s
  comm[58] put=9 get=528 on=64 amo=0 | data=16064000 B/step  cum=931712000 B
step 59  updateFluff=0.05217 s  compute=0.020335 s  save=0.0 s
  comm[59] put=9 get=530 on=64 amo=0 | data=16064000 B/step  cum=947776000 B
step 60  updateFluff=0.061697 s  compute=0.019176 s  save=0.0 s
  comm[60] put=9 get=528 on=64 amo=0 | data=16064000 B/step  cum=963840000 B
step 61  updateFluff=0.05334 s  compute=0.019172 s  save=0.0 s
  comm[61] put=9 get=530 on=64 amo=0 | data=16064000 B/step  cum=979904000 B
step 62  updateFluff=0.057618 s  compute=0.019508 s  save=1e-06 s
  comm[62] put=9 get=528 on=64 amo=0 | data=16064000 B/step  cum=995968000 B
step 63  updateFluff=0.053721 s  compute=0.019226 s  save=0.0 s
  comm[63] put=9 get=530 on=64 amo=0 | data=16064000 B/step  cum=1012032000 B
step 64  updateFluff=0.052621 s  compute=0.019896 s  save=0.0 s
  comm[64] put=9 get=528 on=64 amo=0 | data=16064000 B/step  cum=1028096000 B
step 65  updateFluff=0.054579 s  compute=0.01934 s  save=0.0 s
  comm[65] put=9 get=530 on=64 amo=0 | data=16064000 B/step  cum=1044160000 B
step 66  updateFluff=0.048882 s  compute=0.019305 s  save=2e-06 s
  comm[66] put=9 get=528 on=64 amo=0 | data=16064000 B/step  cum=1060224000 B
step 67  updateFluff=0.046921 s  compute=0.019396 s  save=1e-06 s
  comm[67] put=9 get=530 on=64 amo=0 | data=16064000 B/step  cum=1076288000 B
step 68  updateFluff=0.052402 s  compute=0.019485 s  save=0.0 s
  comm[68] put=9 get=528 on=64 amo=0 | data=16064000 B/step  cum=1092352000 B
step 69  updateFluff=0.055482 s  compute=0.019109 s  save=0.0 s
  comm[69] put=9 get=530 on=64 amo=0 | data=16064000 B/step  cum=1108416000 B
step 70  updateFluff=0.051692 s  compute=0.019254 s  save=1e-06 s
  comm[70] put=9 get=528 on=64 amo=0 | data=16064000 B/step  cum=1124480000 B
step 71  updateFluff=0.052614 s  compute=0.019286 s  save=0.0 s
  comm[71] put=9 get=530 on=64 amo=0 | data=16064000 B/step  cum=1140544000 B
step 72  updateFluff=0.052261 s  compute=0.020989 s  save=0.0 s
  comm[72] put=9 get=528 on=64 amo=0 | data=16064000 B/step  cum=1156608000 B
step 73  updateFluff=0.047888 s  compute=0.019406 s  save=0.0 s
  comm[73] put=9 get=530 on=64 amo=0 | data=16064000 B/step  cum=1172672000 B
step 74  updateFluff=0.053409 s  compute=0.020291 s  save=0.0 s
  comm[74] put=9 get=528 on=64 amo=0 | data=16064000 B/step  cum=1188736000 B
step 75  updateFluff=0.050419 s  compute=0.019894 s  save=0.0 s
  comm[75] put=9 get=530 on=64 amo=0 | data=16064000 B/step  cum=1204800000 B
step 76  updateFluff=0.061453 s  compute=0.019377 s  save=0.0 s
  comm[76] put=9 get=528 on=64 amo=0 | data=16064000 B/step  cum=1220864000 B
step 77  updateFluff=0.055726 s  compute=0.020564 s  save=0.0 s
  comm[77] put=9 get=530 on=64 amo=0 | data=16064000 B/step  cum=1236928000 B
step 78  updateFluff=0.045898 s  compute=0.020272 s  save=1e-06 s
  comm[78] put=9 get=528 on=64 amo=0 | data=16064000 B/step  cum=1252992000 B
step 79  updateFluff=0.047742 s  compute=0.01922 s  save=0.0 s
  comm[79] put=9 get=530 on=64 amo=0 | data=16064000 B/step  cum=1269056000 B
step 80  updateFluff=0.048827 s  compute=0.019201 s  save=0.0 s
  comm[80] put=9 get=528 on=64 amo=0 | data=16064000 B/step  cum=1285120000 B
step 81  updateFluff=0.0519 s  compute=0.01948 s  save=1e-06 s
  comm[81] put=9 get=530 on=64 amo=0 | data=16064000 B/step  cum=1301184000 B
step 82  updateFluff=0.058137 s  compute=0.019106 s  save=1e-06 s
  comm[82] put=9 get=528 on=64 amo=0 | data=16064000 B/step  cum=1317248000 B
step 83  updateFluff=0.054581 s  compute=0.019289 s  save=2e-06 s
  comm[83] put=9 get=530 on=64 amo=0 | data=16064000 B/step  cum=1333312000 B
step 84  updateFluff=0.052511 s  compute=0.019204 s  save=2e-06 s
  comm[84] put=9 get=528 on=64 amo=0 | data=16064000 B/step  cum=1349376000 B
step 85  updateFluff=0.048877 s  compute=0.019142 s  save=0.0 s
  comm[85] put=9 get=530 on=64 amo=0 | data=16064000 B/step  cum=1365440000 B
step 86  updateFluff=0.047002 s  compute=0.019218 s  save=0.0 s
  comm[86] put=9 get=528 on=64 amo=0 | data=16064000 B/step  cum=1381504000 B
step 87  updateFluff=0.054647 s  compute=0.019318 s  save=0.0 s
  comm[87] put=9 get=530 on=64 amo=0 | data=16064000 B/step  cum=1397568000 B
step 88  updateFluff=0.052995 s  compute=0.020412 s  save=0.0 s
  comm[88] put=9 get=528 on=64 amo=0 | data=16064000 B/step  cum=1413632000 B
step 89  updateFluff=0.052141 s  compute=0.019205 s  save=2e-06 s
  comm[89] put=9 get=530 on=64 amo=0 | data=16064000 B/step  cum=1429696000 B
step 90  updateFluff=0.048572 s  compute=0.019084 s  save=1e-06 s
  comm[90] put=9 get=528 on=64 amo=0 | data=16064000 B/step  cum=1445760000 B
step 91  updateFluff=0.053253 s  compute=0.019301 s  save=1e-06 s
  comm[91] put=9 get=530 on=64 amo=0 | data=16064000 B/step  cum=1461824000 B
step 92  updateFluff=0.046245 s  compute=0.02 s  save=0.0 s
  comm[92] put=9 get=528 on=64 amo=0 | data=16064000 B/step  cum=1477888000 B
step 93  updateFluff=0.046549 s  compute=0.019168 s  save=1e-06 s
  comm[93] put=9 get=530 on=64 amo=0 | data=16064000 B/step  cum=1493952000 B
step 94  updateFluff=0.056141 s  compute=0.019434 s  save=0.0 s
  comm[94] put=9 get=528 on=64 amo=0 | data=16064000 B/step  cum=1510016000 B
step 95  updateFluff=0.048712 s  compute=0.020119 s  save=0.0 s
  comm[95] put=9 get=530 on=64 amo=0 | data=16064000 B/step  cum=1526080000 B
step 96  updateFluff=0.051854 s  compute=0.019365 s  save=0.0 s
  comm[96] put=9 get=528 on=64 amo=0 | data=16064000 B/step  cum=1542144000 B
step 97  updateFluff=0.047057 s  compute=0.018827 s  save=0.0 s
  comm[97] put=9 get=530 on=64 amo=0 | data=16064000 B/step  cum=1558208000 B
step 98  updateFluff=0.052402 s  compute=0.018876 s  save=1e-06 s
  comm[98] put=9 get=528 on=64 amo=0 | data=16064000 B/step  cum=1574272000 B
step 99  updateFluff=0.053048 s  compute=0.019141 s  save=0.0 s
  comm[99] put=9 get=530 on=64 amo=0 | data=16064000 B/step  cum=1590336000 B
step 100  updateFluff=0.052832 s  compute=0.019529 s  save=0.0 s
  comm[100] put=9 get=528 on=64 amo=0 | data=16064000 B/step  cum=1606400000 B
[mem] after run locale 0: 287.702 MB
[mem] after run locale 1: 287.639 MB
[mem] after run locale 2: 286.344 MB
[mem] after run locale 3: 287.639 MB
[mem] after run locale 4: 287.639 MB
[mem] after run locale 5: 286.344 MB
[mem] after run locale 6: 286.344 MB
[mem] after run locale 7: 286.344 MB
[mem] after run locale 8: 284.645 MB
final field: min=1.0 max=2.0 sum=1.26284e+08
Execution time:    7.79129 s
