warning: QTHREADS: Reduced numThreadsPerLocale=20 to 16 to prevent oversubscription of the system.
warning: QTHREADS: Reduced numThreadsPerLocale=20 to 16 to prevent oversubscription of the system.
warning: QTHREADS: Reduced numThreadsPerLocale=20 to 16 to prevent oversubscription of the system.
warning: QTHREADS: Reduced numThreadsPerLocale=20 to 16 to prevent oversubscription of the system.
warning: QTHREADS: Reduced numThreadsPerLocale=20 to 16 to prevent oversubscription of the system.
warning: QTHREADS: Reduced numThreadsPerLocale=20 to 16 to prevent oversubscription of the system.
warning: QTHREADS: Reduced numThreadsPerLocale=20 to 16 to prevent oversubscription of the system.
warning: QTHREADS: Reduced numThreadsPerLocale=20 to 16 to prevent oversubscription of the system.
warning: QTHREADS: Reduced numThreadsPerLocale=20 to 16 to prevent oversubscription of the system.
[cfg] threadsPerLocale(requested)=20 numLocales=9
Initialization time: 0.128211 s
[mem] after init (u+un allocated) locale 0: 287.702 MB
[mem] after init (u+un allocated) locale 1: 287.639 MB
[mem] after init (u+un allocated) locale 2: 286.344 MB
[mem] after init (u+un allocated) locale 3: 287.639 MB
[mem] after init (u+un allocated) locale 4: 287.639 MB
[mem] after init (u+un allocated) locale 5: 286.344 MB
[mem] after init (u+un allocated) locale 6: 286.344 MB
[mem] after init (u+un allocated) locale 7: 286.344 MB
[mem] after init (u+un allocated) locale 8: 284.645 MB
[cfg] locale 0 maxTaskPar=16
[cfg] locale 1 maxTaskPar=16
[cfg] locale 2 maxTaskPar=16
[cfg] locale 3 maxTaskPar=16
[cfg] locale 4 maxTaskPar=16
[cfg] locale 5 maxTaskPar=16
[cfg] locale 6 maxTaskPar=16
[cfg] locale 7 maxTaskPar=16
[cfg] locale 8 maxTaskPar=16
[comm] 16064000 B/step across 9 locale(s)
step 1  updateFluff=0.052778 s  compute=0.019794 s  save=0.0 s
  comm[1] put=0 get=530 on=56 amo=0 | data=16064000 B/step  cum=16064000 B
step 2  updateFluff=0.048278 s  compute=0.020237 s  save=0.0 s
  comm[2] put=9 get=528 on=64 amo=0 | data=16064000 B/step  cum=32128000 B
step 3  updateFluff=0.050809 s  compute=0.020154 s  save=0.0 s
  comm[3] put=9 get=530 on=64 amo=0 | data=16064000 B/step  cum=48192000 B
step 4  updateFluff=0.053457 s  compute=0.019687 s  save=0.0 s
  comm[4] put=9 get=528 on=64 amo=0 | data=16064000 B/step  cum=64256000 B
step 5  updateFluff=0.04846 s  compute=0.02011 s  save=0.0 s
  comm[5] put=9 get=530 on=64 amo=0 | data=16064000 B/step  cum=80320000 B
step 6  updateFluff=0.053712 s  compute=0.019291 s  save=1e-06 s
  comm[6] put=9 get=528 on=64 amo=0 | data=16064000 B/step  cum=96384000 B
step 7  updateFluff=0.05211 s  compute=0.019471 s  save=0.0 s
  comm[7] put=9 get=530 on=64 amo=0 | data=16064000 B/step  cum=112448000 B
step 8  updateFluff=0.054033 s  compute=0.018948 s  save=0.0 s
  comm[8] put=9 get=528 on=64 amo=0 | data=16064000 B/step  cum=128512000 B
step 9  updateFluff=0.057062 s  compute=0.019417 s  save=1e-06 s
  comm[9] put=9 get=530 on=64 amo=0 | data=16064000 B/step  cum=144576000 B
step 10  updateFluff=0.049064 s  compute=0.0188 s  save=0.0 s
  comm[10] put=9 get=528 on=64 amo=0 | data=16064000 B/step  cum=160640000 B
step 11  updateFluff=0.047546 s  compute=0.020162 s  save=0.0 s
  comm[11] put=9 get=530 on=64 amo=0 | data=16064000 B/step  cum=176704000 B
step 12  updateFluff=0.050441 s  compute=0.019925 s  save=1e-06 s
  comm[12] put=9 get=528 on=64 amo=0 | data=16064000 B/step  cum=192768000 B
step 13  updateFluff=0.058931 s  compute=0.019562 s  save=0.0 s
  comm[13] put=9 get=530 on=64 amo=0 | data=16064000 B/step  cum=208832000 B
step 14  updateFluff=0.050127 s  compute=0.020127 s  save=0.0 s
  comm[14] put=9 get=528 on=64 amo=0 | data=16064000 B/step  cum=224896000 B
step 15  updateFluff=0.053846 s  compute=0.020152 s  save=0.0 s
  comm[15] put=9 get=530 on=64 amo=0 | data=16064000 B/step  cum=240960000 B
step 16  updateFluff=0.052621 s  compute=0.019303 s  save=0.0 s
  comm[16] put=9 get=528 on=64 amo=0 | data=16064000 B/step  cum=257024000 B
step 17  updateFluff=0.057137 s  compute=0.020207 s  save=0.0 s
  comm[17] put=9 get=530 on=64 amo=0 | data=16064000 B/step  cum=273088000 B
step 18  updateFluff=0.04974 s  compute=0.019811 s  save=1e-06 s
  comm[18] put=9 get=528 on=64 amo=0 | data=16064000 B/step  cum=289152000 B
step 19  updateFluff=0.053 s  compute=0.020154 s  save=0.0 s
  comm[19] put=9 get=530 on=64 amo=0 | data=16064000 B/step  cum=305216000 B
step 20  updateFluff=0.050605 s  compute=0.019868 s  save=0.0 s
  comm[20] put=9 get=528 on=64 amo=0 | data=16064000 B/step  cum=321280000 B
step 21  updateFluff=0.049049 s  compute=0.019969 s  save=0.0 s
  comm[21] put=9 get=530 on=64 amo=0 | data=16064000 B/step  cum=337344000 B
step 22  updateFluff=0.048783 s  compute=0.019446 s  save=1e-06 s
  comm[22] put=9 get=528 on=64 amo=0 | data=16064000 B/step  cum=353408000 B
step 23  updateFluff=0.048794 s  compute=0.018827 s  save=1e-06 s
  comm[23] put=9 get=530 on=64 amo=0 | data=16064000 B/step  cum=369472000 B
step 24  updateFluff=0.050454 s  compute=0.01911 s  save=1e-06 s
  comm[24] put=9 get=528 on=64 amo=0 | data=16064000 B/step  cum=385536000 B
step 25  updateFluff=0.046218 s  compute=0.018752 s  save=0.0 s
  comm[25] put=9 get=530 on=64 amo=0 | data=16064000 B/step  cum=401600000 B
step 26  updateFluff=0.046317 s  compute=0.018878 s  save=0.0 s
  comm[26] put=9 get=528 on=64 amo=0 | data=16064000 B/step  cum=417664000 B
step 27  updateFluff=0.046918 s  compute=0.019081 s  save=1e-06 s
  comm[27] put=9 get=530 on=64 amo=0 | data=16064000 B/step  cum=433728000 B
step 28  updateFluff=0.055918 s  compute=0.019287 s  save=0.0 s
  comm[28] put=9 get=528 on=64 amo=0 | data=16064000 B/step  cum=449792000 B
step 29  updateFluff=0.049499 s  compute=0.019409 s  save=0.0 s
  comm[29] put=9 get=530 on=64 amo=0 | data=16064000 B/step  cum=465856000 B
step 30  updateFluff=0.050534 s  compute=0.019171 s  save=0.0 s
  comm[30] put=9 get=528 on=64 amo=0 | data=16064000 B/step  cum=481920000 B
step 31  updateFluff=0.059128 s  compute=0.019231 s  save=0.0 s
  comm[31] put=9 get=530 on=64 amo=0 | data=16064000 B/step  cum=497984000 B
step 32  updateFluff=0.055544 s  compute=0.01937 s  save=0.0 s
  comm[32] put=9 get=528 on=64 amo=0 | data=16064000 B/step  cum=514048000 B
step 33  updateFluff=0.053394 s  compute=0.019285 s  save=0.0 s
  comm[33] put=9 get=530 on=64 amo=0 | data=16064000 B/step  cum=530112000 B
step 34  updateFluff=0.059349 s  compute=0.019553 s  save=1e-06 s
  comm[34] put=9 get=528 on=64 amo=0 | data=16064000 B/step  cum=546176000 B
step 35  updateFluff=0.054929 s  compute=0.019447 s  save=1e-06 s
  comm[35] put=9 get=530 on=64 amo=0 | data=16064000 B/step  cum=562240000 B
step 36  updateFluff=0.055902 s  compute=0.019107 s  save=1e-06 s
  comm[36] put=9 get=528 on=64 amo=0 | data=16064000 B/step  cum=578304000 B
step 37  updateFluff=0.053753 s  compute=0.019401 s  save=0.0 s
  comm[37] put=9 get=530 on=64 amo=0 | data=16064000 B/step  cum=594368000 B
step 38  updateFluff=0.047981 s  compute=0.019847 s  save=0.0 s
  comm[38] put=9 get=528 on=64 amo=0 | data=16064000 B/step  cum=610432000 B
step 39  updateFluff=0.052394 s  compute=0.019255 s  save=0.0 s
  comm[39] put=9 get=530 on=64 amo=0 | data=16064000 B/step  cum=626496000 B
step 40  updateFluff=0.060547 s  compute=0.02023 s  save=0.0 s
  comm[40] put=9 get=528 on=64 amo=0 | data=16064000 B/step  cum=642560000 B
step 41  updateFluff=0.052381 s  compute=0.019452 s  save=0.0 s
  comm[41] put=9 get=530 on=64 amo=0 | data=16064000 B/step  cum=658624000 B
step 42  updateFluff=0.05216 s  compute=0.019504 s  save=0.0 s
  comm[42] put=9 get=528 on=64 amo=0 | data=16064000 B/step  cum=674688000 B
step 43  updateFluff=0.049607 s  compute=0.019413 s  save=0.0 s
  comm[43] put=9 get=530 on=64 amo=0 | data=16064000 B/step  cum=690752000 B
step 44  updateFluff=0.053239 s  compute=0.019431 s  save=0.0 s
  comm[44] put=9 get=528 on=64 amo=0 | data=16064000 B/step  cum=706816000 B
step 45  updateFluff=0.052651 s  compute=0.019313 s  save=1e-06 s
  comm[45] put=9 get=530 on=64 amo=0 | data=16064000 B/step  cum=722880000 B
step 46  updateFluff=0.050084 s  compute=0.019539 s  save=0.0 s
  comm[46] put=9 get=528 on=64 amo=0 | data=16064000 B/step  cum=738944000 B
step 47  updateFluff=0.051039 s  compute=0.019588 s  save=0.0 s
  comm[47] put=9 get=530 on=64 amo=0 | data=16064000 B/step  cum=755008000 B
step 48  updateFluff=0.051719 s  compute=0.019292 s  save=0.0 s
  comm[48] put=9 get=528 on=64 amo=0 | data=16064000 B/step  cum=771072000 B
step 49  updateFluff=0.053171 s  compute=0.020026 s  save=0.0 s
  comm[49] put=9 get=530 on=64 amo=0 | data=16064000 B/step  cum=787136000 B
step 50  updateFluff=0.049018 s  compute=0.020281 s  save=0.0 s
  comm[50] put=9 get=528 on=64 amo=0 | data=16064000 B/step  cum=803200000 B
step 51  updateFluff=0.052007 s  compute=0.019541 s  save=0.0 s
  comm[51] put=9 get=530 on=64 amo=0 | data=16064000 B/step  cum=819264000 B
step 52  updateFluff=0.047844 s  compute=0.019475 s  save=0.0 s
  comm[52] put=9 get=528 on=64 amo=0 | data=16064000 B/step  cum=835328000 B
step 53  updateFluff=0.050929 s  compute=0.020037 s  save=0.0 s
  comm[53] put=9 get=530 on=64 amo=0 | data=16064000 B/step  cum=851392000 B
step 54  updateFluff=0.055196 s  compute=0.019261 s  save=0.0 s
  comm[54] put=9 get=528 on=64 amo=0 | data=16064000 B/step  cum=867456000 B
step 55  updateFluff=0.051916 s  compute=0.019203 s  save=0.0 s
  comm[55] put=9 get=530 on=64 amo=0 | data=16064000 B/step  cum=883520000 B
step 56  updateFluff=0.052746 s  compute=0.019083 s  save=0.0 s
  comm[56] put=9 get=528 on=64 amo=0 | data=16064000 B/step  cum=899584000 B
step 57  updateFluff=0.051444 s  compute=0.019174 s  save=0.0 s
  comm[57] put=9 get=530 on=64 amo=0 | data=16064000 B/step  cum=915648000 B
step 58  updateFluff=0.053175 s  compute=0.019492 s  save=0.0 s
  comm[58] put=9 get=528 on=64 amo=0 | data=16064000 B/step  cum=931712000 B
step 59  updateFluff=0.056578 s  compute=0.01927 s  save=0.0 s
  comm[59] put=9 get=530 on=64 amo=0 | data=16064000 B/step  cum=947776000 B
step 60  updateFluff=0.053281 s  compute=0.018695 s  save=0.0 s
  comm[60] put=9 get=528 on=64 amo=0 | data=16064000 B/step  cum=963840000 B
step 61  updateFluff=0.054259 s  compute=0.019209 s  save=0.0 s
  comm[61] put=9 get=530 on=64 amo=0 | data=16064000 B/step  cum=979904000 B
step 62  updateFluff=0.052643 s  compute=0.019057 s  save=0.0 s
  comm[62] put=9 get=528 on=64 amo=0 | data=16064000 B/step  cum=995968000 B
step 63  updateFluff=0.04919 s  compute=0.019417 s  save=0.0 s
  comm[63] put=9 get=530 on=64 amo=0 | data=16064000 B/step  cum=1012032000 B
step 64  updateFluff=0.04737 s  compute=0.019321 s  save=0.0 s
  comm[64] put=9 get=528 on=64 amo=0 | data=16064000 B/step  cum=1028096000 B
step 65  updateFluff=0.050082 s  compute=0.019137 s  save=0.0 s
  comm[65] put=9 get=530 on=64 amo=0 | data=16064000 B/step  cum=1044160000 B
step 66  updateFluff=0.056854 s  compute=0.020085 s  save=0.0 s
  comm[66] put=9 get=528 on=64 amo=0 | data=16064000 B/step  cum=1060224000 B
step 67  updateFluff=0.049963 s  compute=0.018647 s  save=0.0 s
  comm[67] put=9 get=530 on=64 amo=0 | data=16064000 B/step  cum=1076288000 B
step 68  updateFluff=0.050635 s  compute=0.020319 s  save=0.0 s
  comm[68] put=9 get=528 on=64 amo=0 | data=16064000 B/step  cum=1092352000 B
step 69  updateFluff=0.04945 s  compute=0.020382 s  save=0.0 s
  comm[69] put=9 get=530 on=64 amo=0 | data=16064000 B/step  cum=1108416000 B
step 70  updateFluff=0.052253 s  compute=0.020314 s  save=0.0 s
  comm[70] put=9 get=528 on=64 amo=0 | data=16064000 B/step  cum=1124480000 B
step 71  updateFluff=0.050775 s  compute=0.01992 s  save=1e-06 s
  comm[71] put=9 get=530 on=64 amo=0 | data=16064000 B/step  cum=1140544000 B
step 72  updateFluff=0.04829 s  compute=0.019813 s  save=0.0 s
  comm[72] put=9 get=528 on=64 amo=0 | data=16064000 B/step  cum=1156608000 B
step 73  updateFluff=0.050902 s  compute=0.020123 s  save=0.0 s
  comm[73] put=9 get=530 on=64 amo=0 | data=16064000 B/step  cum=1172672000 B
step 74  updateFluff=0.050143 s  compute=0.019145 s  save=1e-06 s
  comm[74] put=9 get=528 on=64 amo=0 | data=16064000 B/step  cum=1188736000 B
step 75  updateFluff=0.04801 s  compute=0.019019 s  save=0.0 s
  comm[75] put=9 get=530 on=64 amo=0 | data=16064000 B/step  cum=1204800000 B
step 76  updateFluff=0.04816 s  compute=0.019298 s  save=0.0 s
  comm[76] put=9 get=528 on=64 amo=0 | data=16064000 B/step  cum=1220864000 B
step 77  updateFluff=0.052427 s  compute=0.018937 s  save=0.0 s
  comm[77] put=9 get=530 on=64 amo=0 | data=16064000 B/step  cum=1236928000 B
step 78  updateFluff=0.051374 s  compute=0.01922 s  save=0.0 s
  comm[78] put=9 get=528 on=64 amo=0 | data=16064000 B/step  cum=1252992000 B
step 79  updateFluff=0.0495 s  compute=0.019141 s  save=0.0 s
  comm[79] put=9 get=530 on=64 amo=0 | data=16064000 B/step  cum=1269056000 B
step 80  updateFluff=0.052425 s  compute=0.019362 s  save=0.0 s
  comm[80] put=9 get=528 on=64 amo=0 | data=16064000 B/step  cum=1285120000 B
step 81  updateFluff=0.049932 s  compute=0.018871 s  save=0.0 s
  comm[81] put=9 get=530 on=64 amo=0 | data=16064000 B/step  cum=1301184000 B
step 82  updateFluff=0.047701 s  compute=0.018937 s  save=0.0 s
  comm[82] put=9 get=528 on=64 amo=0 | data=16064000 B/step  cum=1317248000 B
step 83  updateFluff=0.0531 s  compute=0.018833 s  save=0.0 s
  comm[83] put=9 get=530 on=64 amo=0 | data=16064000 B/step  cum=1333312000 B
step 84  updateFluff=0.056019 s  compute=0.018937 s  save=0.0 s
  comm[84] put=9 get=528 on=64 amo=0 | data=16064000 B/step  cum=1349376000 B
step 85  updateFluff=0.048177 s  compute=0.018991 s  save=0.0 s
  comm[85] put=9 get=530 on=64 amo=0 | data=16064000 B/step  cum=1365440000 B
step 86  updateFluff=0.055325 s  compute=0.019593 s  save=0.0 s
  comm[86] put=9 get=528 on=64 amo=0 | data=16064000 B/step  cum=1381504000 B
step 87  updateFluff=0.050248 s  compute=0.019053 s  save=0.0 s
  comm[87] put=9 get=530 on=64 amo=0 | data=16064000 B/step  cum=1397568000 B
step 88  updateFluff=0.057584 s  compute=0.019888 s  save=0.0 s
  comm[88] put=9 get=528 on=64 amo=0 | data=16064000 B/step  cum=1413632000 B
step 89  updateFluff=0.051504 s  compute=0.019869 s  save=0.0 s
  comm[89] put=9 get=530 on=64 amo=0 | data=16064000 B/step  cum=1429696000 B
step 90  updateFluff=0.05366 s  compute=0.019191 s  save=0.0 s
  comm[90] put=9 get=528 on=64 amo=0 | data=16064000 B/step  cum=1445760000 B
step 91  updateFluff=0.0515 s  compute=0.019335 s  save=0.0 s
  comm[91] put=9 get=530 on=64 amo=0 | data=16064000 B/step  cum=1461824000 B
step 92  updateFluff=0.051997 s  compute=0.019197 s  save=0.0 s
  comm[92] put=9 get=528 on=64 amo=0 | data=16064000 B/step  cum=1477888000 B
step 93  updateFluff=0.05129 s  compute=0.019568 s  save=0.0 s
  comm[93] put=9 get=530 on=64 amo=0 | data=16064000 B/step  cum=1493952000 B
step 94  updateFluff=0.042609 s  compute=0.018789 s  save=0.0 s
  comm[94] put=9 get=528 on=64 amo=0 | data=16064000 B/step  cum=1510016000 B
step 95  updateFluff=0.051598 s  compute=0.019306 s  save=1e-06 s
  comm[95] put=9 get=530 on=64 amo=0 | data=16064000 B/step  cum=1526080000 B
step 96  updateFluff=0.051527 s  compute=0.019361 s  save=0.0 s
  comm[96] put=9 get=528 on=64 amo=0 | data=16064000 B/step  cum=1542144000 B
step 97  updateFluff=0.053525 s  compute=0.019484 s  save=0.0 s
  comm[97] put=9 get=530 on=64 amo=0 | data=16064000 B/step  cum=1558208000 B
step 98  updateFluff=0.049899 s  compute=0.018997 s  save=0.0 s
  comm[98] put=9 get=528 on=64 amo=0 | data=16064000 B/step  cum=1574272000 B
step 99  updateFluff=0.045927 s  compute=0.019363 s  save=0.0 s
  comm[99] put=9 get=530 on=64 amo=0 | data=16064000 B/step  cum=1590336000 B
step 100  updateFluff=0.045729 s  compute=0.018877 s  save=0.0 s
  comm[100] put=9 get=528 on=64 amo=0 | data=16064000 B/step  cum=1606400000 B
[mem] after run locale 0: 287.702 MB
[mem] after run locale 1: 287.639 MB
[mem] after run locale 2: 286.344 MB
[mem] after run locale 3: 287.639 MB
[mem] after run locale 4: 287.639 MB
[mem] after run locale 5: 286.344 MB
[mem] after run locale 6: 286.344 MB
[mem] after run locale 7: 286.344 MB
[mem] after run locale 8: 284.645 MB
final field: min=1.0 max=2.0 sum=1.26284e+08
Execution time:    7.59161 s
