[cfg] threadsPerLocale(requested)=2 numLocales=9
Initialization time: 0.483118 s
[mem] after init (u+un allocated) locale 0: 2001.43 MB
[mem] after init (u+un allocated) locale 1: 1996.23 MB
[mem] after init (u+un allocated) locale 2: 1996.23 MB
[mem] after init (u+un allocated) locale 3: 1996.23 MB
[mem] after init (u+un allocated) locale 4: 1990.29 MB
[mem] after init (u+un allocated) locale 5: 1990.29 MB
[mem] after init (u+un allocated) locale 6: 1996.23 MB
[mem] after init (u+un allocated) locale 7: 1990.29 MB
[mem] after init (u+un allocated) locale 8: 1990.29 MB
[cfg] locale 0 maxTaskPar=2
[cfg] locale 1 maxTaskPar=2
[cfg] locale 2 maxTaskPar=2
[cfg] locale 3 maxTaskPar=2
[cfg] locale 4 maxTaskPar=2
[cfg] locale 5 maxTaskPar=2
[cfg] locale 6 maxTaskPar=2
[cfg] locale 7 maxTaskPar=2
[cfg] locale 8 maxTaskPar=2
[comm] 64128000 B/step across 9 locale(s)
step 1  updateFluff=0.21648 s  compute=0.143918 s  save=0.0 s
  comm[1] put=0 get=509 on=56 amo=0 | data=64128000 B/step  cum=64128000 B
step 2  updateFluff=0.196503 s  compute=0.144931 s  save=0.0 s
  comm[2] put=9 get=512 on=64 amo=0 | data=64128000 B/step  cum=128256000 B
step 3  updateFluff=0.204156 s  compute=0.143826 s  save=0.0 s
  comm[3] put=9 get=509 on=64 amo=0 | data=64128000 B/step  cum=192384000 B
step 4  updateFluff=0.208926 s  compute=0.144478 s  save=0.0 s
  comm[4] put=9 get=512 on=64 amo=0 | data=64128000 B/step  cum=256512000 B
step 5  updateFluff=0.200865 s  compute=0.143991 s  save=0.0 s
  comm[5] put=9 get=509 on=64 amo=0 | data=64128000 B/step  cum=320640000 B
step 6  updateFluff=0.182296 s  compute=0.144558 s  save=1e-06 s
  comm[6] put=9 get=512 on=64 amo=0 | data=64128000 B/step  cum=384768000 B
step 7  updateFluff=0.214409 s  compute=0.143607 s  save=1e-06 s
  comm[7] put=9 get=509 on=64 amo=0 | data=64128000 B/step  cum=448896000 B
step 8  updateFluff=0.206434 s  compute=0.144904 s  save=0.0 s
  comm[8] put=9 get=512 on=64 amo=0 | data=64128000 B/step  cum=513024000 B
step 9  updateFluff=0.207589 s  compute=0.143887 s  save=0.0 s
  comm[9] put=9 get=509 on=64 amo=0 | data=64128000 B/step  cum=577152000 B
step 10  updateFluff=0.21502 s  compute=0.144622 s  save=0.0 s
  comm[10] put=9 get=512 on=64 amo=0 | data=64128000 B/step  cum=641280000 B
step 11  updateFluff=0.209024 s  compute=0.143543 s  save=0.0 s
  comm[11] put=9 get=509 on=64 amo=0 | data=64128000 B/step  cum=705408000 B
step 12  updateFluff=0.207473 s  compute=0.14524 s  save=0.0 s
  comm[12] put=9 get=512 on=64 amo=0 | data=64128000 B/step  cum=769536000 B
step 13  updateFluff=0.200841 s  compute=0.143844 s  save=0.0 s
  comm[13] put=9 get=509 on=64 amo=0 | data=64128000 B/step  cum=833664000 B
step 14  updateFluff=0.205068 s  compute=0.144679 s  save=0.0 s
  comm[14] put=9 get=512 on=64 amo=0 | data=64128000 B/step  cum=897792000 B
step 15  updateFluff=0.20011 s  compute=0.143686 s  save=0.0 s
  comm[15] put=9 get=509 on=64 amo=0 | data=64128000 B/step  cum=961920000 B
step 16  updateFluff=0.211239 s  compute=0.144571 s  save=0.0 s
  comm[16] put=9 get=512 on=64 amo=0 | data=64128000 B/step  cum=1026048000 B
step 17  updateFluff=0.207384 s  compute=0.143669 s  save=1e-06 s
  comm[17] put=9 get=509 on=64 amo=0 | data=64128000 B/step  cum=1090176000 B
step 18  updateFluff=0.200452 s  compute=0.144642 s  save=0.0 s
  comm[18] put=9 get=512 on=64 amo=0 | data=64128000 B/step  cum=1154304000 B
step 19  updateFluff=0.199337 s  compute=0.143951 s  save=1e-06 s
  comm[19] put=9 get=509 on=64 amo=0 | data=64128000 B/step  cum=1218432000 B
step 20  updateFluff=0.210958 s  compute=0.144676 s  save=0.0 s
  comm[20] put=9 get=512 on=64 amo=0 | data=64128000 B/step  cum=1282560000 B
step 21  updateFluff=0.218769 s  compute=0.1434 s  save=0.0 s
  comm[21] put=9 get=509 on=64 amo=0 | data=64128000 B/step  cum=1346688000 B
step 22  updateFluff=0.211658 s  compute=0.145061 s  save=0.0 s
  comm[22] put=9 get=512 on=64 amo=0 | data=64128000 B/step  cum=1410816000 B
step 23  updateFluff=0.201762 s  compute=0.144124 s  save=0.0 s
  comm[23] put=9 get=509 on=64 amo=0 | data=64128000 B/step  cum=1474944000 B
step 24  updateFluff=0.210575 s  compute=0.14465 s  save=0.0 s
  comm[24] put=9 get=512 on=64 amo=0 | data=64128000 B/step  cum=1539072000 B
step 25  updateFluff=0.208459 s  compute=0.14337 s  save=0.0 s
  comm[25] put=9 get=509 on=64 amo=0 | data=64128000 B/step  cum=1603200000 B
step 26  updateFluff=0.204466 s  compute=0.144849 s  save=1e-06 s
  comm[26] put=9 get=512 on=64 amo=0 | data=64128000 B/step  cum=1667328000 B
step 27  updateFluff=0.2079 s  compute=0.143974 s  save=0.0 s
  comm[27] put=9 get=509 on=64 amo=0 | data=64128000 B/step  cum=1731456000 B
step 28  updateFluff=0.210155 s  compute=0.144661 s  save=0.0 s
  comm[28] put=9 get=512 on=64 amo=0 | data=64128000 B/step  cum=1795584000 B
step 29  updateFluff=0.208802 s  compute=0.14372 s  save=1e-06 s
  comm[29] put=9 get=509 on=64 amo=0 | data=64128000 B/step  cum=1859712000 B
step 30  updateFluff=0.208015 s  compute=0.144659 s  save=0.0 s
  comm[30] put=9 get=512 on=64 amo=0 | data=64128000 B/step  cum=1923840000 B
step 31  updateFluff=0.208367 s  compute=0.143921 s  save=0.0 s
  comm[31] put=9 get=509 on=64 amo=0 | data=64128000 B/step  cum=1987968000 B
step 32  updateFluff=0.209164 s  compute=0.144698 s  save=0.0 s
  comm[32] put=9 get=512 on=64 amo=0 | data=64128000 B/step  cum=2052096000 B
step 33  updateFluff=0.20955 s  compute=0.144052 s  save=0.0 s
  comm[33] put=9 get=509 on=64 amo=0 | data=64128000 B/step  cum=2116224000 B
step 34  updateFluff=0.193676 s  compute=0.144941 s  save=0.0 s
  comm[34] put=9 get=512 on=64 amo=0 | data=64128000 B/step  cum=2180352000 B
step 35  updateFluff=0.208283 s  compute=0.143728 s  save=0.0 s
  comm[35] put=9 get=509 on=64 amo=0 | data=64128000 B/step  cum=2244480000 B
step 36  updateFluff=0.187843 s  compute=0.144871 s  save=0.0 s
  comm[36] put=9 get=512 on=64 amo=0 | data=64128000 B/step  cum=2308608000 B
step 37  updateFluff=0.208376 s  compute=0.143852 s  save=0.0 s
  comm[37] put=9 get=509 on=64 amo=0 | data=64128000 B/step  cum=2372736000 B
step 38  updateFluff=0.209623 s  compute=0.144562 s  save=1e-06 s
  comm[38] put=9 get=512 on=64 amo=0 | data=64128000 B/step  cum=2436864000 B
step 39  updateFluff=0.208342 s  compute=0.143895 s  save=1e-06 s
  comm[39] put=9 get=509 on=64 amo=0 | data=64128000 B/step  cum=2500992000 B
step 40  updateFluff=0.187721 s  compute=0.144724 s  save=0.0 s
  comm[40] put=9 get=512 on=64 amo=0 | data=64128000 B/step  cum=2565120000 B
step 41  updateFluff=0.208616 s  compute=0.143598 s  save=2e-06 s
  comm[41] put=9 get=509 on=64 amo=0 | data=64128000 B/step  cum=2629248000 B
step 42  updateFluff=0.192058 s  compute=0.144702 s  save=0.0 s
  comm[42] put=9 get=512 on=64 amo=0 | data=64128000 B/step  cum=2693376000 B
step 43  updateFluff=0.208769 s  compute=0.144268 s  save=0.0 s
  comm[43] put=9 get=509 on=64 amo=0 | data=64128000 B/step  cum=2757504000 B
step 44  updateFluff=0.209083 s  compute=0.144667 s  save=0.0 s
  comm[44] put=9 get=512 on=64 amo=0 | data=64128000 B/step  cum=2821632000 B
step 45  updateFluff=0.207528 s  compute=0.144083 s  save=1e-06 s
  comm[45] put=9 get=509 on=64 amo=0 | data=64128000 B/step  cum=2885760000 B
step 46  updateFluff=0.209192 s  compute=0.144972 s  save=1e-06 s
  comm[46] put=9 get=512 on=64 amo=0 | data=64128000 B/step  cum=2949888000 B
step 47  updateFluff=0.208175 s  compute=0.144064 s  save=0.0 s
  comm[47] put=9 get=509 on=64 amo=0 | data=64128000 B/step  cum=3014016000 B
step 48  updateFluff=0.213451 s  compute=0.14458 s  save=0.0 s
  comm[48] put=9 get=512 on=64 amo=0 | data=64128000 B/step  cum=3078144000 B
step 49  updateFluff=0.206308 s  compute=0.143518 s  save=0.0 s
  comm[49] put=9 get=509 on=64 amo=0 | data=64128000 B/step  cum=3142272000 B
step 50  updateFluff=0.209446 s  compute=0.144851 s  save=1e-06 s
  comm[50] put=9 get=512 on=64 amo=0 | data=64128000 B/step  cum=3206400000 B
step 51  updateFluff=0.206247 s  compute=0.143616 s  save=0.0 s
  comm[51] put=9 get=509 on=64 amo=0 | data=64128000 B/step  cum=3270528000 B
step 52  updateFluff=0.208019 s  compute=0.144482 s  save=0.0 s
  comm[52] put=9 get=512 on=64 amo=0 | data=64128000 B/step  cum=3334656000 B
step 53  updateFluff=0.205624 s  compute=0.144002 s  save=0.0 s
  comm[53] put=9 get=509 on=64 amo=0 | data=64128000 B/step  cum=3398784000 B
step 54  updateFluff=0.211086 s  compute=0.14466 s  save=0.0 s
  comm[54] put=9 get=512 on=64 amo=0 | data=64128000 B/step  cum=3462912000 B
step 55  updateFluff=0.208722 s  compute=0.143838 s  save=0.0 s
  comm[55] put=9 get=509 on=64 amo=0 | data=64128000 B/step  cum=3527040000 B
step 56  updateFluff=0.210145 s  compute=0.144829 s  save=0.0 s
  comm[56] put=9 get=512 on=64 amo=0 | data=64128000 B/step  cum=3591168000 B
step 57  updateFluff=0.207788 s  compute=0.144095 s  save=2e-06 s
  comm[57] put=9 get=509 on=64 amo=0 | data=64128000 B/step  cum=3655296000 B
step 58  updateFluff=0.208282 s  compute=0.144703 s  save=2e-06 s
  comm[58] put=9 get=512 on=64 amo=0 | data=64128000 B/step  cum=3719424000 B
step 59  updateFluff=0.20818 s  compute=0.143646 s  save=0.0 s
  comm[59] put=9 get=509 on=64 amo=0 | data=64128000 B/step  cum=3783552000 B
step 60  updateFluff=0.205958 s  compute=0.14488 s  save=0.0 s
  comm[60] put=9 get=512 on=64 amo=0 | data=64128000 B/step  cum=3847680000 B
step 61  updateFluff=0.208499 s  compute=0.143663 s  save=0.0 s
  comm[61] put=9 get=509 on=64 amo=0 | data=64128000 B/step  cum=3911808000 B
step 62  updateFluff=0.208668 s  compute=0.14473 s  save=0.0 s
  comm[62] put=9 get=512 on=64 amo=0 | data=64128000 B/step  cum=3975936000 B
step 63  updateFluff=0.209895 s  compute=0.143579 s  save=0.0 s
  comm[63] put=9 get=509 on=64 amo=0 | data=64128000 B/step  cum=4040064000 B
step 64  updateFluff=0.189444 s  compute=0.145049 s  save=0.0 s
  comm[64] put=9 get=512 on=64 amo=0 | data=64128000 B/step  cum=4104192000 B
step 65  updateFluff=0.210107 s  compute=0.143919 s  save=0.0 s
  comm[65] put=9 get=509 on=64 amo=0 | data=64128000 B/step  cum=4168320000 B
step 66  updateFluff=0.203729 s  compute=0.144584 s  save=0.0 s
  comm[66] put=9 get=512 on=64 amo=0 | data=64128000 B/step  cum=4232448000 B
step 67  updateFluff=0.205392 s  compute=0.143911 s  save=0.0 s
  comm[67] put=9 get=509 on=64 amo=0 | data=64128000 B/step  cum=4296576000 B
step 68  updateFluff=0.209686 s  compute=0.144912 s  save=0.0 s
  comm[68] put=9 get=512 on=64 amo=0 | data=64128000 B/step  cum=4360704000 B
step 69  updateFluff=0.221815 s  compute=0.143617 s  save=1e-06 s
  comm[69] put=9 get=509 on=64 amo=0 | data=64128000 B/step  cum=4424832000 B
step 70  updateFluff=0.210735 s  compute=0.144636 s  save=0.0 s
  comm[70] put=9 get=512 on=64 amo=0 | data=64128000 B/step  cum=4488960000 B
step 71  updateFluff=0.211005 s  compute=0.143766 s  save=0.0 s
  comm[71] put=9 get=509 on=64 amo=0 | data=64128000 B/step  cum=4553088000 B
step 72  updateFluff=0.21127 s  compute=0.144741 s  save=1e-06 s
  comm[72] put=9 get=512 on=64 amo=0 | data=64128000 B/step  cum=4617216000 B
step 73  updateFluff=0.211782 s  compute=0.143728 s  save=0.0 s
  comm[73] put=9 get=509 on=64 amo=0 | data=64128000 B/step  cum=4681344000 B
step 74  updateFluff=0.18289 s  compute=0.144748 s  save=0.0 s
  comm[74] put=9 get=512 on=64 amo=0 | data=64128000 B/step  cum=4745472000 B
step 75  updateFluff=0.212645 s  compute=0.143583 s  save=0.0 s
  comm[75] put=9 get=509 on=64 amo=0 | data=64128000 B/step  cum=4809600000 B
step 76  updateFluff=0.208285 s  compute=0.144655 s  save=0.0 s
  comm[76] put=9 get=512 on=64 amo=0 | data=64128000 B/step  cum=4873728000 B
step 77  updateFluff=0.208365 s  compute=0.143557 s  save=0.0 s
  comm[77] put=9 get=509 on=64 amo=0 | data=64128000 B/step  cum=4937856000 B
step 78  updateFluff=0.210997 s  compute=0.144961 s  save=0.0 s
  comm[78] put=9 get=512 on=64 amo=0 | data=64128000 B/step  cum=5001984000 B
step 79  updateFluff=0.205949 s  compute=0.143679 s  save=0.0 s
  comm[79] put=9 get=509 on=64 amo=0 | data=64128000 B/step  cum=5066112000 B
step 80  updateFluff=0.196826 s  compute=0.144524 s  save=0.0 s
  comm[80] put=9 get=512 on=64 amo=0 | data=64128000 B/step  cum=5130240000 B
step 81  updateFluff=0.209262 s  compute=0.144083 s  save=0.0 s
  comm[81] put=9 get=509 on=64 amo=0 | data=64128000 B/step  cum=5194368000 B
step 82  updateFluff=0.215163 s  compute=0.144523 s  save=1e-06 s
  comm[82] put=9 get=512 on=64 amo=0 | data=64128000 B/step  cum=5258496000 B
step 83  updateFluff=0.209228 s  compute=0.143632 s  save=0.0 s
  comm[83] put=9 get=509 on=64 amo=0 | data=64128000 B/step  cum=5322624000 B
step 84  updateFluff=0.208158 s  compute=0.144741 s  save=0.0 s
  comm[84] put=9 get=512 on=64 amo=0 | data=64128000 B/step  cum=5386752000 B
step 85  updateFluff=0.20701 s  compute=0.143772 s  save=0.0 s
  comm[85] put=9 get=509 on=64 amo=0 | data=64128000 B/step  cum=5450880000 B
step 86  updateFluff=0.204222 s  compute=0.144702 s  save=0.0 s
  comm[86] put=9 get=512 on=64 amo=0 | data=64128000 B/step  cum=5515008000 B
step 87  updateFluff=0.208817 s  compute=0.143641 s  save=0.0 s
  comm[87] put=9 get=509 on=64 amo=0 | data=64128000 B/step  cum=5579136000 B
step 88  updateFluff=0.224277 s  compute=0.144912 s  save=0.0 s
  comm[88] put=9 get=512 on=64 amo=0 | data=64128000 B/step  cum=5643264000 B
step 89  updateFluff=0.208945 s  compute=0.143708 s  save=0.0 s
  comm[89] put=9 get=509 on=64 amo=0 | data=64128000 B/step  cum=5707392000 B
step 90  updateFluff=0.194501 s  compute=0.144826 s  save=0.0 s
  comm[90] put=9 get=512 on=64 amo=0 | data=64128000 B/step  cum=5771520000 B
step 91  updateFluff=0.209892 s  compute=0.143652 s  save=0.0 s
  comm[91] put=9 get=509 on=64 amo=0 | data=64128000 B/step  cum=5835648000 B
step 92  updateFluff=0.209114 s  compute=0.145107 s  save=0.0 s
  comm[92] put=9 get=512 on=64 amo=0 | data=64128000 B/step  cum=5899776000 B
step 93  updateFluff=0.212737 s  compute=0.143691 s  save=0.0 s
  comm[93] put=9 get=509 on=64 amo=0 | data=64128000 B/step  cum=5963904000 B
step 94  updateFluff=0.209046 s  compute=0.144489 s  save=0.0 s
  comm[94] put=9 get=512 on=64 amo=0 | data=64128000 B/step  cum=6028032000 B
step 95  updateFluff=0.210326 s  compute=0.143971 s  save=0.0 s
  comm[95] put=9 get=509 on=64 amo=0 | data=64128000 B/step  cum=6092160000 B
step 96  updateFluff=0.20391 s  compute=0.144541 s  save=0.0 s
  comm[96] put=9 get=512 on=64 amo=0 | data=64128000 B/step  cum=6156288000 B
step 97  updateFluff=0.210632 s  compute=0.143616 s  save=0.0 s
  comm[97] put=9 get=509 on=64 amo=0 | data=64128000 B/step  cum=6220416000 B
step 98  updateFluff=0.209005 s  compute=0.144643 s  save=0.0 s
  comm[98] put=9 get=512 on=64 amo=0 | data=64128000 B/step  cum=6284544000 B
step 99  updateFluff=0.207969 s  compute=0.143685 s  save=0.0 s
  comm[99] put=9 get=509 on=64 amo=0 | data=64128000 B/step  cum=6348672000 B
step 100  updateFluff=0.208205 s  compute=0.144662 s  save=0.0 s
  comm[100] put=9 get=512 on=64 amo=0 | data=64128000 B/step  cum=6412800000 B
[mem] after run locale 0: 2001.43 MB
[mem] after run locale 1: 1996.23 MB
[mem] after run locale 2: 1996.23 MB
[mem] after run locale 3: 1996.23 MB
[mem] after run locale 4: 1990.29 MB
[mem] after run locale 5: 1990.29 MB
[mem] after run locale 6: 1996.23 MB
[mem] after run locale 7: 1990.29 MB
[mem] after run locale 8: 1990.29 MB
final field: min=1.0 max=2.0 sum=1.00518e+09
Execution time:    35.6417 s
