[cfg] threadsPerLocale(requested)=4 numLocales=9
Initialization time: 0.476513 s
[mem] after init (u+un allocated) locale 0: 2001.43 MB
[mem] after init (u+un allocated) locale 1: 1996.23 MB
[mem] after init (u+un allocated) locale 2: 1996.23 MB
[mem] after init (u+un allocated) locale 3: 1996.23 MB
[mem] after init (u+un allocated) locale 4: 1990.29 MB
[mem] after init (u+un allocated) locale 5: 1990.29 MB
[mem] after init (u+un allocated) locale 6: 1996.23 MB
[mem] after init (u+un allocated) locale 7: 1990.29 MB
[mem] after init (u+un allocated) locale 8: 1990.29 MB
[cfg] locale 0 maxTaskPar=4
[cfg] locale 1 maxTaskPar=4
[cfg] locale 2 maxTaskPar=4
[cfg] locale 3 maxTaskPar=4
[cfg] locale 4 maxTaskPar=4
[cfg] locale 5 maxTaskPar=4
[cfg] locale 6 maxTaskPar=4
[cfg] locale 7 maxTaskPar=4
[cfg] locale 8 maxTaskPar=4
[comm] 64128000 B/step across 9 locale(s)
step 1  updateFluff=0.321499 s  compute=0.191827 s  save=0.0 s
  comm[1] put=0 get=518 on=56 amo=0 | data=64128000 B/step  cum=64128000 B
step 2  updateFluff=0.179612 s  compute=0.191921 s  save=0.0 s
  comm[2] put=9 get=519 on=64 amo=0 | data=64128000 B/step  cum=128256000 B
step 3  updateFluff=0.140776 s  compute=0.193238 s  save=0.0 s
  comm[3] put=9 get=518 on=64 amo=0 | data=64128000 B/step  cum=192384000 B
step 4  updateFluff=0.148663 s  compute=0.191902 s  save=0.0 s
  comm[4] put=9 get=519 on=64 amo=0 | data=64128000 B/step  cum=256512000 B
step 5  updateFluff=0.164164 s  compute=0.192761 s  save=0.0 s
  comm[5] put=9 get=518 on=64 amo=0 | data=64128000 B/step  cum=320640000 B
step 6  updateFluff=0.154926 s  compute=0.191745 s  save=0.0 s
  comm[6] put=9 get=519 on=64 amo=0 | data=64128000 B/step  cum=384768000 B
step 7  updateFluff=0.174307 s  compute=0.191736 s  save=1e-06 s
  comm[7] put=9 get=518 on=64 amo=0 | data=64128000 B/step  cum=448896000 B
step 8  updateFluff=0.154807 s  compute=0.192015 s  save=0.0 s
  comm[8] put=9 get=519 on=64 amo=0 | data=64128000 B/step  cum=513024000 B
step 9  updateFluff=0.151958 s  compute=0.194163 s  save=0.0 s
  comm[9] put=9 get=518 on=64 amo=0 | data=64128000 B/step  cum=577152000 B
step 10  updateFluff=0.17675 s  compute=0.192619 s  save=0.0 s
  comm[10] put=9 get=519 on=64 amo=0 | data=64128000 B/step  cum=641280000 B
step 11  updateFluff=0.14487 s  compute=0.192771 s  save=0.0 s
  comm[11] put=9 get=518 on=64 amo=0 | data=64128000 B/step  cum=705408000 B
step 12  updateFluff=0.161981 s  compute=0.192472 s  save=0.0 s
  comm[12] put=9 get=519 on=64 amo=0 | data=64128000 B/step  cum=769536000 B
step 13  updateFluff=0.160632 s  compute=0.192501 s  save=1e-06 s
  comm[13] put=9 get=518 on=64 amo=0 | data=64128000 B/step  cum=833664000 B
step 14  updateFluff=0.176155 s  compute=0.19334 s  save=0.0 s
  comm[14] put=9 get=519 on=64 amo=0 | data=64128000 B/step  cum=897792000 B
step 15  updateFluff=0.149099 s  compute=0.191949 s  save=0.0 s
  comm[15] put=9 get=518 on=64 amo=0 | data=64128000 B/step  cum=961920000 B
step 16  updateFluff=0.157802 s  compute=0.191397 s  save=1e-06 s
  comm[16] put=9 get=519 on=64 amo=0 | data=64128000 B/step  cum=1026048000 B
step 17  updateFluff=0.161393 s  compute=0.192829 s  save=0.0 s
  comm[17] put=9 get=518 on=64 amo=0 | data=64128000 B/step  cum=1090176000 B
step 18  updateFluff=0.162999 s  compute=0.192296 s  save=0.0 s
  comm[18] put=9 get=519 on=64 amo=0 | data=64128000 B/step  cum=1154304000 B
step 19  updateFluff=0.154232 s  compute=0.191731 s  save=0.0 s
  comm[19] put=9 get=518 on=64 amo=0 | data=64128000 B/step  cum=1218432000 B
step 20  updateFluff=0.171195 s  compute=0.191707 s  save=1e-06 s
  comm[20] put=9 get=519 on=64 amo=0 | data=64128000 B/step  cum=1282560000 B
step 21  updateFluff=0.156934 s  compute=0.192516 s  save=0.0 s
  comm[21] put=9 get=518 on=64 amo=0 | data=64128000 B/step  cum=1346688000 B
step 22  updateFluff=0.179219 s  compute=0.191988 s  save=0.0 s
  comm[22] put=9 get=519 on=64 amo=0 | data=64128000 B/step  cum=1410816000 B
step 23  updateFluff=0.158259 s  compute=0.192982 s  save=0.0 s
  comm[23] put=9 get=518 on=64 amo=0 | data=64128000 B/step  cum=1474944000 B
step 24  updateFluff=0.154945 s  compute=0.192514 s  save=1e-06 s
  comm[24] put=9 get=519 on=64 amo=0 | data=64128000 B/step  cum=1539072000 B
step 25  updateFluff=0.152566 s  compute=0.193055 s  save=0.0 s
  comm[25] put=9 get=518 on=64 amo=0 | data=64128000 B/step  cum=1603200000 B
step 26  updateFluff=0.16443 s  compute=0.193195 s  save=0.0 s
  comm[26] put=9 get=519 on=64 amo=0 | data=64128000 B/step  cum=1667328000 B
step 27  updateFluff=0.168458 s  compute=0.192516 s  save=0.0 s
  comm[27] put=9 get=518 on=64 amo=0 | data=64128000 B/step  cum=1731456000 B
step 28  updateFluff=0.133714 s  compute=0.191645 s  save=0.0 s
  comm[28] put=9 get=519 on=64 amo=0 | data=64128000 B/step  cum=1795584000 B
step 29  updateFluff=0.168723 s  compute=0.192804 s  save=0.0 s
  comm[29] put=9 get=518 on=64 amo=0 | data=64128000 B/step  cum=1859712000 B
step 30  updateFluff=0.157646 s  compute=0.192507 s  save=0.0 s
  comm[30] put=9 get=519 on=64 amo=0 | data=64128000 B/step  cum=1923840000 B
step 31  updateFluff=0.150533 s  compute=0.192554 s  save=0.0 s
  comm[31] put=9 get=518 on=64 amo=0 | data=64128000 B/step  cum=1987968000 B
step 32  updateFluff=0.150466 s  compute=0.19245 s  save=0.0 s
  comm[32] put=9 get=519 on=64 amo=0 | data=64128000 B/step  cum=2052096000 B
step 33  updateFluff=0.171321 s  compute=0.19186 s  save=0.0 s
  comm[33] put=9 get=518 on=64 amo=0 | data=64128000 B/step  cum=2116224000 B
step 34  updateFluff=0.158619 s  compute=0.19262 s  save=0.0 s
  comm[34] put=9 get=519 on=64 amo=0 | data=64128000 B/step  cum=2180352000 B
step 35  updateFluff=0.153844 s  compute=0.192826 s  save=0.0 s
  comm[35] put=9 get=518 on=64 amo=0 | data=64128000 B/step  cum=2244480000 B
step 36  updateFluff=0.163321 s  compute=0.191903 s  save=0.0 s
  comm[36] put=9 get=519 on=64 amo=0 | data=64128000 B/step  cum=2308608000 B
step 37  updateFluff=0.150952 s  compute=0.192575 s  save=0.0 s
  comm[37] put=9 get=518 on=64 amo=0 | data=64128000 B/step  cum=2372736000 B
step 38  updateFluff=0.16181 s  compute=0.191326 s  save=0.0 s
  comm[38] put=9 get=519 on=64 amo=0 | data=64128000 B/step  cum=2436864000 B
step 39  updateFluff=0.149323 s  compute=0.19292 s  save=0.0 s
  comm[39] put=9 get=518 on=64 amo=0 | data=64128000 B/step  cum=2500992000 B
step 40  updateFluff=0.147909 s  compute=0.192759 s  save=0.0 s
  comm[40] put=9 get=519 on=64 amo=0 | data=64128000 B/step  cum=2565120000 B
step 41  updateFluff=0.137 s  compute=0.193051 s  save=0.0 s
  comm[41] put=9 get=518 on=64 amo=0 | data=64128000 B/step  cum=2629248000 B
step 42  updateFluff=0.143592 s  compute=0.19235 s  save=0.0 s
  comm[42] put=9 get=519 on=64 amo=0 | data=64128000 B/step  cum=2693376000 B
step 43  updateFluff=0.164688 s  compute=0.192405 s  save=0.0 s
  comm[43] put=9 get=518 on=64 amo=0 | data=64128000 B/step  cum=2757504000 B
step 44  updateFluff=0.182949 s  compute=0.191808 s  save=0.0 s
  comm[44] put=9 get=519 on=64 amo=0 | data=64128000 B/step  cum=2821632000 B
step 45  updateFluff=0.152122 s  compute=0.193688 s  save=0.0 s
  comm[45] put=9 get=518 on=64 amo=0 | data=64128000 B/step  cum=2885760000 B
step 46  updateFluff=0.156359 s  compute=0.191756 s  save=0.0 s
  comm[46] put=9 get=519 on=64 amo=0 | data=64128000 B/step  cum=2949888000 B
step 47  updateFluff=0.143254 s  compute=0.192352 s  save=0.0 s
  comm[47] put=9 get=518 on=64 amo=0 | data=64128000 B/step  cum=3014016000 B
step 48  updateFluff=0.16134 s  compute=0.1934 s  save=0.0 s
  comm[48] put=9 get=519 on=64 amo=0 | data=64128000 B/step  cum=3078144000 B
step 49  updateFluff=0.151551 s  compute=0.192984 s  save=0.0 s
  comm[49] put=9 get=518 on=64 amo=0 | data=64128000 B/step  cum=3142272000 B
step 50  updateFluff=0.169773 s  compute=0.192062 s  save=0.0 s
  comm[50] put=9 get=519 on=64 amo=0 | data=64128000 B/step  cum=3206400000 B
step 51  updateFluff=0.141088 s  compute=0.192182 s  save=0.0 s
  comm[51] put=9 get=518 on=64 amo=0 | data=64128000 B/step  cum=3270528000 B
step 52  updateFluff=0.155604 s  compute=0.192183 s  save=0.0 s
  comm[52] put=9 get=519 on=64 amo=0 | data=64128000 B/step  cum=3334656000 B
step 53  updateFluff=0.166451 s  compute=0.192149 s  save=0.0 s
  comm[53] put=9 get=518 on=64 amo=0 | data=64128000 B/step  cum=3398784000 B
step 54  updateFluff=0.155563 s  compute=0.192199 s  save=1e-06 s
  comm[54] put=9 get=519 on=64 amo=0 | data=64128000 B/step  cum=3462912000 B
step 55  updateFluff=0.155362 s  compute=0.192475 s  save=0.0 s
  comm[55] put=9 get=518 on=64 amo=0 | data=64128000 B/step  cum=3527040000 B
step 56  updateFluff=0.155288 s  compute=0.19184 s  save=0.0 s
  comm[56] put=9 get=519 on=64 amo=0 | data=64128000 B/step  cum=3591168000 B
step 57  updateFluff=0.144954 s  compute=0.191909 s  save=0.0 s
  comm[57] put=9 get=518 on=64 amo=0 | data=64128000 B/step  cum=3655296000 B
step 58  updateFluff=0.367158 s  compute=0.190461 s  save=0.0 s
  comm[58] put=9 get=519 on=64 amo=0 | data=64128000 B/step  cum=3719424000 B
step 59  updateFluff=0.153906 s  compute=0.191752 s  save=0.0 s
  comm[59] put=9 get=518 on=64 amo=0 | data=64128000 B/step  cum=3783552000 B
step 60  updateFluff=0.153807 s  compute=0.192679 s  save=0.0 s
  comm[60] put=9 get=519 on=64 amo=0 | data=64128000 B/step  cum=3847680000 B
step 61  updateFluff=0.168717 s  compute=0.192652 s  save=1e-06 s
  comm[61] put=9 get=518 on=64 amo=0 | data=64128000 B/step  cum=3911808000 B
step 62  updateFluff=0.154069 s  compute=0.192393 s  save=0.0 s
  comm[62] put=9 get=519 on=64 amo=0 | data=64128000 B/step  cum=3975936000 B
step 63  updateFluff=0.167735 s  compute=0.192891 s  save=1e-06 s
  comm[63] put=9 get=518 on=64 amo=0 | data=64128000 B/step  cum=4040064000 B
step 64  updateFluff=0.166318 s  compute=0.192688 s  save=0.0 s
  comm[64] put=9 get=519 on=64 amo=0 | data=64128000 B/step  cum=4104192000 B
step 65  updateFluff=0.159969 s  compute=0.190877 s  save=1e-06 s
  comm[65] put=9 get=518 on=64 amo=0 | data=64128000 B/step  cum=4168320000 B
step 66  updateFluff=0.162688 s  compute=0.19222 s  save=0.0 s
  comm[66] put=9 get=519 on=64 amo=0 | data=64128000 B/step  cum=4232448000 B
step 67  updateFluff=0.158977 s  compute=0.192891 s  save=0.0 s
  comm[67] put=9 get=518 on=64 amo=0 | data=64128000 B/step  cum=4296576000 B
step 68  updateFluff=0.159588 s  compute=0.191974 s  save=0.0 s
  comm[68] put=9 get=519 on=64 amo=0 | data=64128000 B/step  cum=4360704000 B
step 69  updateFluff=0.150567 s  compute=0.192536 s  save=0.0 s
  comm[69] put=9 get=518 on=64 amo=0 | data=64128000 B/step  cum=4424832000 B
step 70  updateFluff=0.190025 s  compute=0.191726 s  save=0.0 s
  comm[70] put=9 get=519 on=64 amo=0 | data=64128000 B/step  cum=4488960000 B
step 71  updateFluff=0.159333 s  compute=0.191001 s  save=1e-06 s
  comm[71] put=9 get=518 on=64 amo=0 | data=64128000 B/step  cum=4553088000 B
step 72  updateFluff=0.146053 s  compute=0.191858 s  save=0.0 s
  comm[72] put=9 get=519 on=64 amo=0 | data=64128000 B/step  cum=4617216000 B
step 73  updateFluff=0.16626 s  compute=0.19267 s  save=0.0 s
  comm[73] put=9 get=518 on=64 amo=0 | data=64128000 B/step  cum=4681344000 B
step 74  updateFluff=0.158077 s  compute=0.191979 s  save=2e-06 s
  comm[74] put=9 get=519 on=64 amo=0 | data=64128000 B/step  cum=4745472000 B
step 75  updateFluff=0.175597 s  compute=0.193254 s  save=1e-06 s
  comm[75] put=9 get=518 on=64 amo=0 | data=64128000 B/step  cum=4809600000 B
step 76  updateFluff=0.165701 s  compute=0.19162 s  save=0.0 s
  comm[76] put=9 get=519 on=64 amo=0 | data=64128000 B/step  cum=4873728000 B
step 77  updateFluff=0.151625 s  compute=0.191365 s  save=1e-06 s
  comm[77] put=9 get=518 on=64 amo=0 | data=64128000 B/step  cum=4937856000 B
step 78  updateFluff=0.154019 s  compute=0.192488 s  save=2e-06 s
  comm[78] put=9 get=519 on=64 amo=0 | data=64128000 B/step  cum=5001984000 B
step 79  updateFluff=0.163543 s  compute=0.19327 s  save=0.0 s
  comm[79] put=9 get=518 on=64 amo=0 | data=64128000 B/step  cum=5066112000 B
step 80  updateFluff=0.145956 s  compute=0.192151 s  save=1e-06 s
  comm[80] put=9 get=519 on=64 amo=0 | data=64128000 B/step  cum=5130240000 B
step 81  updateFluff=0.171901 s  compute=0.192733 s  save=0.0 s
  comm[81] put=9 get=518 on=64 amo=0 | data=64128000 B/step  cum=5194368000 B
step 82  updateFluff=0.162598 s  compute=0.192196 s  save=0.0 s
  comm[82] put=9 get=519 on=64 amo=0 | data=64128000 B/step  cum=5258496000 B
step 83  updateFluff=0.178727 s  compute=0.19274 s  save=0.0 s
  comm[83] put=9 get=518 on=64 amo=0 | data=64128000 B/step  cum=5322624000 B
step 84  updateFluff=0.151808 s  compute=0.192262 s  save=1e-06 s
  comm[84] put=9 get=519 on=64 amo=0 | data=64128000 B/step  cum=5386752000 B
step 85  updateFluff=0.150916 s  compute=0.19188 s  save=0.0 s
  comm[85] put=9 get=518 on=64 amo=0 | data=64128000 B/step  cum=5450880000 B
step 86  updateFluff=0.155707 s  compute=0.191553 s  save=0.0 s
  comm[86] put=9 get=519 on=64 amo=0 | data=64128000 B/step  cum=5515008000 B
step 87  updateFluff=0.151963 s  compute=0.192281 s  save=0.0 s
  comm[87] put=9 get=518 on=64 amo=0 | data=64128000 B/step  cum=5579136000 B
step 88  updateFluff=0.166147 s  compute=0.191649 s  save=0.0 s
  comm[88] put=9 get=519 on=64 amo=0 | data=64128000 B/step  cum=5643264000 B
step 89  updateFluff=0.165585 s  compute=0.192885 s  save=0.0 s
  comm[89] put=9 get=518 on=64 amo=0 | data=64128000 B/step  cum=5707392000 B
step 90  updateFluff=0.148889 s  compute=0.192829 s  save=1e-06 s
  comm[90] put=9 get=519 on=64 amo=0 | data=64128000 B/step  cum=5771520000 B
step 91  updateFluff=0.167612 s  compute=0.192671 s  save=0.0 s
  comm[91] put=9 get=518 on=64 amo=0 | data=64128000 B/step  cum=5835648000 B
step 92  updateFluff=0.150245 s  compute=0.193194 s  save=0.0 s
  comm[92] put=9 get=519 on=64 amo=0 | data=64128000 B/step  cum=5899776000 B
step 93  updateFluff=0.152591 s  compute=0.191321 s  save=0.0 s
  comm[93] put=9 get=518 on=64 amo=0 | data=64128000 B/step  cum=5963904000 B
step 94  updateFluff=0.15997 s  compute=0.192026 s  save=0.0 s
  comm[94] put=9 get=519 on=64 amo=0 | data=64128000 B/step  cum=6028032000 B
step 95  updateFluff=0.175395 s  compute=0.193739 s  save=0.0 s
  comm[95] put=9 get=518 on=64 amo=0 | data=64128000 B/step  cum=6092160000 B
step 96  updateFluff=0.16677 s  compute=0.192197 s  save=0.0 s
  comm[96] put=9 get=519 on=64 amo=0 | data=64128000 B/step  cum=6156288000 B
step 97  updateFluff=0.175887 s  compute=0.193226 s  save=0.0 s
  comm[97] put=9 get=518 on=64 amo=0 | data=64128000 B/step  cum=6220416000 B
step 98  updateFluff=0.163254 s  compute=0.192185 s  save=0.0 s
  comm[98] put=9 get=519 on=64 amo=0 | data=64128000 B/step  cum=6284544000 B
step 99  updateFluff=0.156457 s  compute=0.192046 s  save=0.0 s
  comm[99] put=9 get=518 on=64 amo=0 | data=64128000 B/step  cum=6348672000 B
step 100  updateFluff=0.172496 s  compute=0.191653 s  save=0.0 s
  comm[100] put=9 get=519 on=64 amo=0 | data=64128000 B/step  cum=6412800000 B
[mem] after run locale 0: 2001.43 MB
[mem] after run locale 1: 1996.23 MB
[mem] after run locale 2: 1996.23 MB
[mem] after run locale 3: 1996.23 MB
[mem] after run locale 4: 1990.29 MB
[mem] after run locale 5: 1990.29 MB
[mem] after run locale 6: 1996.23 MB
[mem] after run locale 7: 1990.29 MB
[mem] after run locale 8: 1990.29 MB
final field: min=1.0 max=2.0 sum=1.00518e+09
Execution time:    36.0493 s
