[cfg] threadsPerLocale(requested)=4 numLocales=9
Initialization time: 0.426009 s
[mem] after init (u+un allocated) locale 0: 2001.43 MB
[mem] after init (u+un allocated) locale 1: 1996.23 MB
[mem] after init (u+un allocated) locale 2: 1996.23 MB
[mem] after init (u+un allocated) locale 3: 1996.23 MB
[mem] after init (u+un allocated) locale 4: 1990.29 MB
[mem] after init (u+un allocated) locale 5: 1990.29 MB
[mem] after init (u+un allocated) locale 6: 1996.23 MB
[mem] after init (u+un allocated) locale 7: 1990.29 MB
[mem] after init (u+un allocated) locale 8: 1990.29 MB
[cfg] locale 0 maxTaskPar=4
[cfg] locale 1 maxTaskPar=4
[cfg] locale 2 maxTaskPar=4
[cfg] locale 3 maxTaskPar=4
[cfg] locale 4 maxTaskPar=4
[cfg] locale 5 maxTaskPar=4
[cfg] locale 6 maxTaskPar=4
[cfg] locale 7 maxTaskPar=4
[cfg] locale 8 maxTaskPar=4
[comm] 64128000 B/step across 9 locale(s)
step 1  updateFluff=0.161729 s  compute=0.157369 s  save=0.0 s
  comm[1] put=0 get=516 on=56 amo=0 | data=64128000 B/step  cum=64128000 B
step 2  updateFluff=0.162506 s  compute=0.156401 s  save=0.0 s
  comm[2] put=9 get=517 on=64 amo=0 | data=64128000 B/step  cum=128256000 B
step 3  updateFluff=0.160771 s  compute=0.157013 s  save=0.0 s
  comm[3] put=9 get=516 on=64 amo=0 | data=64128000 B/step  cum=192384000 B
step 4  updateFluff=0.509044 s  compute=0.155463 s  save=0.0 s
  comm[4] put=9 get=517 on=64 amo=0 | data=64128000 B/step  cum=256512000 B
step 5  updateFluff=0.157095 s  compute=0.156852 s  save=0.0 s
  comm[5] put=9 get=516 on=64 amo=0 | data=64128000 B/step  cum=320640000 B
step 6  updateFluff=0.16001 s  compute=0.157104 s  save=1e-06 s
  comm[6] put=9 get=517 on=64 amo=0 | data=64128000 B/step  cum=384768000 B
step 7  updateFluff=0.16397 s  compute=0.15655 s  save=0.0 s
  comm[7] put=9 get=516 on=64 amo=0 | data=64128000 B/step  cum=448896000 B
step 8  updateFluff=0.147012 s  compute=0.156 s  save=1e-06 s
  comm[8] put=9 get=517 on=64 amo=0 | data=64128000 B/step  cum=513024000 B
step 9  updateFluff=0.152263 s  compute=0.157188 s  save=0.0 s
  comm[9] put=9 get=516 on=64 amo=0 | data=64128000 B/step  cum=577152000 B
step 10  updateFluff=0.168571 s  compute=0.156103 s  save=0.0 s
  comm[10] put=9 get=517 on=64 amo=0 | data=64128000 B/step  cum=641280000 B
step 11  updateFluff=0.147455 s  compute=0.15689 s  save=0.0 s
  comm[11] put=9 get=516 on=64 amo=0 | data=64128000 B/step  cum=705408000 B
step 12  updateFluff=0.16139 s  compute=0.155826 s  save=0.0 s
  comm[12] put=9 get=517 on=64 amo=0 | data=64128000 B/step  cum=769536000 B
step 13  updateFluff=0.148686 s  compute=0.156858 s  save=0.0 s
  comm[13] put=9 get=516 on=64 amo=0 | data=64128000 B/step  cum=833664000 B
step 14  updateFluff=0.163456 s  compute=0.156373 s  save=0.0 s
  comm[14] put=9 get=517 on=64 amo=0 | data=64128000 B/step  cum=897792000 B
step 15  updateFluff=0.159122 s  compute=0.156673 s  save=0.0 s
  comm[15] put=9 get=516 on=64 amo=0 | data=64128000 B/step  cum=961920000 B
step 16  updateFluff=0.165146 s  compute=0.156651 s  save=0.0 s
  comm[16] put=9 get=517 on=64 amo=0 | data=64128000 B/step  cum=1026048000 B
step 17  updateFluff=0.154789 s  compute=0.156888 s  save=0.0 s
  comm[17] put=9 get=516 on=64 amo=0 | data=64128000 B/step  cum=1090176000 B
step 18  updateFluff=0.168147 s  compute=0.156689 s  save=0.0 s
  comm[18] put=9 get=517 on=64 amo=0 | data=64128000 B/step  cum=1154304000 B
step 19  updateFluff=0.150724 s  compute=0.1569 s  save=0.0 s
  comm[19] put=9 get=516 on=64 amo=0 | data=64128000 B/step  cum=1218432000 B
step 20  updateFluff=0.169491 s  compute=0.156373 s  save=0.0 s
  comm[20] put=9 get=517 on=64 amo=0 | data=64128000 B/step  cum=1282560000 B
step 21  updateFluff=0.155343 s  compute=0.155827 s  save=0.0 s
  comm[21] put=9 get=516 on=64 amo=0 | data=64128000 B/step  cum=1346688000 B
step 22  updateFluff=0.175969 s  compute=0.155741 s  save=0.0 s
  comm[22] put=9 get=517 on=64 amo=0 | data=64128000 B/step  cum=1410816000 B
step 23  updateFluff=0.165825 s  compute=0.156638 s  save=0.0 s
  comm[23] put=9 get=516 on=64 amo=0 | data=64128000 B/step  cum=1474944000 B
step 24  updateFluff=0.161702 s  compute=0.156117 s  save=1e-06 s
  comm[24] put=9 get=517 on=64 amo=0 | data=64128000 B/step  cum=1539072000 B
step 25  updateFluff=0.160474 s  compute=0.156333 s  save=0.0 s
  comm[25] put=9 get=516 on=64 amo=0 | data=64128000 B/step  cum=1603200000 B
step 26  updateFluff=0.169235 s  compute=0.156273 s  save=0.0 s
  comm[26] put=9 get=517 on=64 amo=0 | data=64128000 B/step  cum=1667328000 B
step 27  updateFluff=0.151236 s  compute=0.156884 s  save=1e-06 s
  comm[27] put=9 get=516 on=64 amo=0 | data=64128000 B/step  cum=1731456000 B
step 28  updateFluff=0.151028 s  compute=0.155325 s  save=1e-06 s
  comm[28] put=9 get=517 on=64 amo=0 | data=64128000 B/step  cum=1795584000 B
step 29  updateFluff=0.139817 s  compute=0.154642 s  save=0.0 s
  comm[29] put=9 get=516 on=64 amo=0 | data=64128000 B/step  cum=1859712000 B
step 30  updateFluff=0.157006 s  compute=0.155909 s  save=0.0 s
  comm[30] put=9 get=517 on=64 amo=0 | data=64128000 B/step  cum=1923840000 B
step 31  updateFluff=0.155668 s  compute=0.156723 s  save=1e-06 s
  comm[31] put=9 get=516 on=64 amo=0 | data=64128000 B/step  cum=1987968000 B
step 32  updateFluff=0.162588 s  compute=0.155904 s  save=0.0 s
  comm[32] put=9 get=517 on=64 amo=0 | data=64128000 B/step  cum=2052096000 B
step 33  updateFluff=0.155154 s  compute=0.156467 s  save=0.0 s
  comm[33] put=9 get=516 on=64 amo=0 | data=64128000 B/step  cum=2116224000 B
step 34  updateFluff=0.152778 s  compute=0.156873 s  save=0.0 s
  comm[34] put=9 get=517 on=64 amo=0 | data=64128000 B/step  cum=2180352000 B
step 35  updateFluff=0.169177 s  compute=0.15689 s  save=0.0 s
  comm[35] put=9 get=516 on=64 amo=0 | data=64128000 B/step  cum=2244480000 B
step 36  updateFluff=0.161258 s  compute=0.156094 s  save=0.0 s
  comm[36] put=9 get=517 on=64 amo=0 | data=64128000 B/step  cum=2308608000 B
step 37  updateFluff=0.156942 s  compute=0.156444 s  save=0.0 s
  comm[37] put=9 get=516 on=64 amo=0 | data=64128000 B/step  cum=2372736000 B
step 38  updateFluff=0.153399 s  compute=0.15606 s  save=0.0 s
  comm[38] put=9 get=517 on=64 amo=0 | data=64128000 B/step  cum=2436864000 B
step 39  updateFluff=0.160574 s  compute=0.156147 s  save=0.0 s
  comm[39] put=9 get=516 on=64 amo=0 | data=64128000 B/step  cum=2500992000 B
step 40  updateFluff=0.144123 s  compute=0.154924 s  save=0.0 s
  comm[40] put=9 get=517 on=64 amo=0 | data=64128000 B/step  cum=2565120000 B
step 41  updateFluff=0.153558 s  compute=0.157082 s  save=0.0 s
  comm[41] put=9 get=516 on=64 amo=0 | data=64128000 B/step  cum=2629248000 B
step 42  updateFluff=0.147431 s  compute=0.155842 s  save=0.0 s
  comm[42] put=9 get=517 on=64 amo=0 | data=64128000 B/step  cum=2693376000 B
step 43  updateFluff=0.154178 s  compute=0.156213 s  save=1e-06 s
  comm[43] put=9 get=516 on=64 amo=0 | data=64128000 B/step  cum=2757504000 B
step 44  updateFluff=0.334336 s  compute=0.156173 s  save=0.0 s
  comm[44] put=9 get=517 on=64 amo=0 | data=64128000 B/step  cum=2821632000 B
step 45  updateFluff=0.158624 s  compute=0.153932 s  save=0.0 s
  comm[45] put=9 get=516 on=64 amo=0 | data=64128000 B/step  cum=2885760000 B
step 46  updateFluff=0.151501 s  compute=0.156422 s  save=0.0 s
  comm[46] put=9 get=517 on=64 amo=0 | data=64128000 B/step  cum=2949888000 B
step 47  updateFluff=0.158639 s  compute=0.156573 s  save=0.0 s
  comm[47] put=9 get=516 on=64 amo=0 | data=64128000 B/step  cum=3014016000 B
step 48  updateFluff=0.166096 s  compute=0.156488 s  save=0.0 s
  comm[48] put=9 get=517 on=64 amo=0 | data=64128000 B/step  cum=3078144000 B
step 49  updateFluff=0.156857 s  compute=0.157128 s  save=0.0 s
  comm[49] put=9 get=516 on=64 amo=0 | data=64128000 B/step  cum=3142272000 B
step 50  updateFluff=0.156295 s  compute=0.156699 s  save=0.0 s
  comm[50] put=9 get=517 on=64 amo=0 | data=64128000 B/step  cum=3206400000 B
step 51  updateFluff=0.159615 s  compute=0.156609 s  save=0.0 s
  comm[51] put=9 get=516 on=64 amo=0 | data=64128000 B/step  cum=3270528000 B
step 52  updateFluff=0.156847 s  compute=0.156003 s  save=1e-06 s
  comm[52] put=9 get=517 on=64 amo=0 | data=64128000 B/step  cum=3334656000 B
step 53  updateFluff=0.160575 s  compute=0.156163 s  save=0.0 s
  comm[53] put=9 get=516 on=64 amo=0 | data=64128000 B/step  cum=3398784000 B
step 54  updateFluff=0.168888 s  compute=0.15638 s  save=0.0 s
  comm[54] put=9 get=517 on=64 amo=0 | data=64128000 B/step  cum=3462912000 B
step 55  updateFluff=0.147732 s  compute=0.156878 s  save=0.0 s
  comm[55] put=9 get=516 on=64 amo=0 | data=64128000 B/step  cum=3527040000 B
step 56  updateFluff=0.155242 s  compute=0.156242 s  save=0.0 s
  comm[56] put=9 get=517 on=64 amo=0 | data=64128000 B/step  cum=3591168000 B
step 57  updateFluff=0.170598 s  compute=0.156526 s  save=0.0 s
  comm[57] put=9 get=516 on=64 amo=0 | data=64128000 B/step  cum=3655296000 B
step 58  updateFluff=0.143266 s  compute=0.156203 s  save=0.0 s
  comm[58] put=9 get=517 on=64 amo=0 | data=64128000 B/step  cum=3719424000 B
step 59  updateFluff=0.157502 s  compute=0.156998 s  save=0.0 s
  comm[59] put=9 get=516 on=64 amo=0 | data=64128000 B/step  cum=3783552000 B
step 60  updateFluff=0.148684 s  compute=0.156591 s  save=1e-06 s
  comm[60] put=9 get=517 on=64 amo=0 | data=64128000 B/step  cum=3847680000 B
step 61  updateFluff=0.153125 s  compute=0.156768 s  save=0.0 s
  comm[61] put=9 get=516 on=64 amo=0 | data=64128000 B/step  cum=3911808000 B
step 62  updateFluff=0.169557 s  compute=0.156634 s  save=0.0 s
  comm[62] put=9 get=517 on=64 amo=0 | data=64128000 B/step  cum=3975936000 B
step 63  updateFluff=0.163321 s  compute=0.156707 s  save=0.0 s
  comm[63] put=9 get=516 on=64 amo=0 | data=64128000 B/step  cum=4040064000 B
step 64  updateFluff=0.16101 s  compute=0.156463 s  save=0.0 s
  comm[64] put=9 get=517 on=64 amo=0 | data=64128000 B/step  cum=4104192000 B
step 65  updateFluff=0.14118 s  compute=0.157148 s  save=0.0 s
  comm[65] put=9 get=516 on=64 amo=0 | data=64128000 B/step  cum=4168320000 B
step 66  updateFluff=0.170972 s  compute=0.156482 s  save=0.0 s
  comm[66] put=9 get=517 on=64 amo=0 | data=64128000 B/step  cum=4232448000 B
step 67  updateFluff=0.168248 s  compute=0.156503 s  save=0.0 s
  comm[67] put=9 get=516 on=64 amo=0 | data=64128000 B/step  cum=4296576000 B
step 68  updateFluff=0.157251 s  compute=0.156437 s  save=0.0 s
  comm[68] put=9 get=517 on=64 amo=0 | data=64128000 B/step  cum=4360704000 B
step 69  updateFluff=0.140855 s  compute=0.157066 s  save=0.0 s
  comm[69] put=9 get=516 on=64 amo=0 | data=64128000 B/step  cum=4424832000 B
step 70  updateFluff=0.156213 s  compute=0.156526 s  save=0.0 s
  comm[70] put=9 get=517 on=64 amo=0 | data=64128000 B/step  cum=4488960000 B
step 71  updateFluff=0.152721 s  compute=0.15709 s  save=0.0 s
  comm[71] put=9 get=516 on=64 amo=0 | data=64128000 B/step  cum=4553088000 B
step 72  updateFluff=0.177473 s  compute=0.155919 s  save=1e-06 s
  comm[72] put=9 get=517 on=64 amo=0 | data=64128000 B/step  cum=4617216000 B
step 73  updateFluff=0.160813 s  compute=0.156671 s  save=0.0 s
  comm[73] put=9 get=516 on=64 amo=0 | data=64128000 B/step  cum=4681344000 B
step 74  updateFluff=0.153343 s  compute=0.156334 s  save=0.0 s
  comm[74] put=9 get=517 on=64 amo=0 | data=64128000 B/step  cum=4745472000 B
step 75  updateFluff=0.162248 s  compute=0.156434 s  save=0.0 s
  comm[75] put=9 get=516 on=64 amo=0 | data=64128000 B/step  cum=4809600000 B
step 76  updateFluff=0.181854 s  compute=0.156382 s  save=0.0 s
  comm[76] put=9 get=517 on=64 amo=0 | data=64128000 B/step  cum=4873728000 B
step 77  updateFluff=0.146185 s  compute=0.157096 s  save=0.0 s
  comm[77] put=9 get=516 on=64 amo=0 | data=64128000 B/step  cum=4937856000 B
step 78  updateFluff=0.160163 s  compute=0.155319 s  save=0.0 s
  comm[78] put=9 get=517 on=64 amo=0 | data=64128000 B/step  cum=5001984000 B
step 79  updateFluff=0.155713 s  compute=0.154921 s  save=0.0 s
  comm[79] put=9 get=516 on=64 amo=0 | data=64128000 B/step  cum=5066112000 B
step 80  updateFluff=0.158008 s  compute=0.156579 s  save=0.0 s
  comm[80] put=9 get=517 on=64 amo=0 | data=64128000 B/step  cum=5130240000 B
step 81  updateFluff=0.164725 s  compute=0.155956 s  save=0.0 s
  comm[81] put=9 get=516 on=64 amo=0 | data=64128000 B/step  cum=5194368000 B
step 82  updateFluff=0.162075 s  compute=0.156942 s  save=1e-06 s
  comm[82] put=9 get=517 on=64 amo=0 | data=64128000 B/step  cum=5258496000 B
step 83  updateFluff=0.147472 s  compute=0.156897 s  save=1e-06 s
  comm[83] put=9 get=516 on=64 amo=0 | data=64128000 B/step  cum=5322624000 B
step 84  updateFluff=0.159813 s  compute=0.156856 s  save=0.0 s
  comm[84] put=9 get=517 on=64 amo=0 | data=64128000 B/step  cum=5386752000 B
step 85  updateFluff=0.171744 s  compute=0.157012 s  save=1e-06 s
  comm[85] put=9 get=516 on=64 amo=0 | data=64128000 B/step  cum=5450880000 B
step 86  updateFluff=0.16003 s  compute=0.156565 s  save=0.0 s
  comm[86] put=9 get=517 on=64 amo=0 | data=64128000 B/step  cum=5515008000 B
step 87  updateFluff=0.159189 s  compute=0.15659 s  save=0.0 s
  comm[87] put=9 get=516 on=64 amo=0 | data=64128000 B/step  cum=5579136000 B
step 88  updateFluff=0.147875 s  compute=0.156236 s  save=0.0 s
  comm[88] put=9 get=517 on=64 amo=0 | data=64128000 B/step  cum=5643264000 B
step 89  updateFluff=0.295267 s  compute=0.156459 s  save=0.0 s
  comm[89] put=9 get=516 on=64 amo=0 | data=64128000 B/step  cum=5707392000 B
step 90  updateFluff=0.1608 s  compute=0.156446 s  save=0.0 s
  comm[90] put=9 get=517 on=64 amo=0 | data=64128000 B/step  cum=5771520000 B
step 91  updateFluff=0.162171 s  compute=0.156513 s  save=0.0 s
  comm[91] put=9 get=516 on=64 amo=0 | data=64128000 B/step  cum=5835648000 B
step 92  updateFluff=0.160484 s  compute=0.156325 s  save=2e-06 s
  comm[92] put=9 get=517 on=64 amo=0 | data=64128000 B/step  cum=5899776000 B
step 93  updateFluff=0.159305 s  compute=0.157489 s  save=1e-06 s
  comm[93] put=9 get=516 on=64 amo=0 | data=64128000 B/step  cum=5963904000 B
step 94  updateFluff=0.151026 s  compute=0.156073 s  save=0.0 s
  comm[94] put=9 get=517 on=64 amo=0 | data=64128000 B/step  cum=6028032000 B
step 95  updateFluff=0.166461 s  compute=0.156917 s  save=0.0 s
  comm[95] put=9 get=516 on=64 amo=0 | data=64128000 B/step  cum=6092160000 B
step 96  updateFluff=0.163053 s  compute=0.156471 s  save=0.0 s
  comm[96] put=9 get=517 on=64 amo=0 | data=64128000 B/step  cum=6156288000 B
step 97  updateFluff=0.167698 s  compute=0.157229 s  save=0.0 s
  comm[97] put=9 get=516 on=64 amo=0 | data=64128000 B/step  cum=6220416000 B
step 98  updateFluff=0.147775 s  compute=0.155826 s  save=2e-06 s
  comm[98] put=9 get=517 on=64 amo=0 | data=64128000 B/step  cum=6284544000 B
step 99  updateFluff=0.164301 s  compute=0.156936 s  save=0.0 s
  comm[99] put=9 get=516 on=64 amo=0 | data=64128000 B/step  cum=6348672000 B
step 100  updateFluff=0.16704 s  compute=0.156365 s  save=0.0 s
  comm[100] put=9 get=517 on=64 amo=0 | data=64128000 B/step  cum=6412800000 B
[mem] after run locale 0: 2001.43 MB
[mem] after run locale 1: 1996.23 MB
[mem] after run locale 2: 1996.23 MB
[mem] after run locale 3: 1996.23 MB
[mem] after run locale 4: 1990.29 MB
[mem] after run locale 5: 1990.29 MB
[mem] after run locale 6: 1996.23 MB
[mem] after run locale 7: 1990.29 MB
[mem] after run locale 8: 1990.29 MB
final field: min=1.0 max=2.0 sum=1.00518e+09
Execution time:    32.6765 s
