[cfg] threadsPerLocale(requested)=16 numLocales=9
Initialization time: 0.420768 s
[mem] after init (u+un allocated) locale 0: 2001.43 MB
[mem] after init (u+un allocated) locale 1: 1996.23 MB
[mem] after init (u+un allocated) locale 2: 1996.23 MB
[mem] after init (u+un allocated) locale 3: 1996.23 MB
[mem] after init (u+un allocated) locale 4: 1990.29 MB
[mem] after init (u+un allocated) locale 5: 1990.29 MB
[mem] after init (u+un allocated) locale 6: 1996.23 MB
[mem] after init (u+un allocated) locale 7: 1990.29 MB
[mem] after init (u+un allocated) locale 8: 1990.29 MB
[cfg] locale 0 maxTaskPar=16
[cfg] locale 1 maxTaskPar=16
[cfg] locale 2 maxTaskPar=16
[cfg] locale 3 maxTaskPar=16
[cfg] locale 4 maxTaskPar=16
[cfg] locale 5 maxTaskPar=16
[cfg] locale 6 maxTaskPar=16
[cfg] locale 7 maxTaskPar=16
[cfg] locale 8 maxTaskPar=16
[comm] 64128000 B/step across 9 locale(s)
step 1  updateFluff=0.147135 s  compute=0.196694 s  save=0.0 s
  comm[1] put=0 get=530 on=56 amo=0 | data=64128000 B/step  cum=64128000 B
step 2  updateFluff=0.156419 s  compute=0.197705 s  save=0.0 s
  comm[2] put=9 get=528 on=64 amo=0 | data=64128000 B/step  cum=128256000 B
step 3  updateFluff=0.16921 s  compute=0.200076 s  save=0.0 s
  comm[3] put=9 get=530 on=64 amo=0 | data=64128000 B/step  cum=192384000 B
step 4  updateFluff=0.166104 s  compute=0.197667 s  save=0.0 s
  comm[4] put=9 get=528 on=64 amo=0 | data=64128000 B/step  cum=256512000 B
step 5  updateFluff=0.17207 s  compute=0.201048 s  save=0.0 s
  comm[5] put=9 get=530 on=64 amo=0 | data=64128000 B/step  cum=320640000 B
step 6  updateFluff=0.171028 s  compute=0.196976 s  save=0.0 s
  comm[6] put=9 get=528 on=64 amo=0 | data=64128000 B/step  cum=384768000 B
step 7  updateFluff=0.180368 s  compute=0.2008 s  save=0.0 s
  comm[7] put=9 get=530 on=64 amo=0 | data=64128000 B/step  cum=448896000 B
step 8  updateFluff=0.168061 s  compute=0.201221 s  save=0.0 s
  comm[8] put=9 get=528 on=64 amo=0 | data=64128000 B/step  cum=513024000 B
step 9  updateFluff=0.151375 s  compute=0.197702 s  save=1e-06 s
  comm[9] put=9 get=530 on=64 amo=0 | data=64128000 B/step  cum=577152000 B
step 10  updateFluff=0.148932 s  compute=0.200119 s  save=0.0 s
  comm[10] put=9 get=528 on=64 amo=0 | data=64128000 B/step  cum=641280000 B
step 11  updateFluff=0.170673 s  compute=0.197908 s  save=1e-06 s
  comm[11] put=9 get=530 on=64 amo=0 | data=64128000 B/step  cum=705408000 B
step 12  updateFluff=0.163506 s  compute=0.197657 s  save=0.0 s
  comm[12] put=9 get=528 on=64 amo=0 | data=64128000 B/step  cum=769536000 B
step 13  updateFluff=0.140617 s  compute=0.195153 s  save=0.0 s
  comm[13] put=9 get=530 on=64 amo=0 | data=64128000 B/step  cum=833664000 B
step 14  updateFluff=0.285327 s  compute=0.197165 s  save=0.0 s
  comm[14] put=9 get=528 on=64 amo=0 | data=64128000 B/step  cum=897792000 B
step 15  updateFluff=0.153581 s  compute=0.19509 s  save=0.0 s
  comm[15] put=9 get=530 on=64 amo=0 | data=64128000 B/step  cum=961920000 B
step 16  updateFluff=0.157438 s  compute=0.196488 s  save=1e-06 s
  comm[16] put=9 get=528 on=64 amo=0 | data=64128000 B/step  cum=1026048000 B
step 17  updateFluff=0.153825 s  compute=0.197952 s  save=1e-06 s
  comm[17] put=9 get=530 on=64 amo=0 | data=64128000 B/step  cum=1090176000 B
step 18  updateFluff=0.157956 s  compute=0.197382 s  save=0.0 s
  comm[18] put=9 get=528 on=64 amo=0 | data=64128000 B/step  cum=1154304000 B
step 19  updateFluff=0.13317 s  compute=0.199585 s  save=0.0 s
  comm[19] put=9 get=530 on=64 amo=0 | data=64128000 B/step  cum=1218432000 B
step 20  updateFluff=0.176014 s  compute=0.197585 s  save=1e-06 s
  comm[20] put=9 get=528 on=64 amo=0 | data=64128000 B/step  cum=1282560000 B
step 21  updateFluff=0.148221 s  compute=0.198609 s  save=0.0 s
  comm[21] put=9 get=530 on=64 amo=0 | data=64128000 B/step  cum=1346688000 B
step 22  updateFluff=0.162214 s  compute=0.197827 s  save=0.0 s
  comm[22] put=9 get=528 on=64 amo=0 | data=64128000 B/step  cum=1410816000 B
step 23  updateFluff=0.152898 s  compute=0.195433 s  save=1e-06 s
  comm[23] put=9 get=530 on=64 amo=0 | data=64128000 B/step  cum=1474944000 B
step 24  updateFluff=0.153041 s  compute=0.198963 s  save=0.0 s
  comm[24] put=9 get=528 on=64 amo=0 | data=64128000 B/step  cum=1539072000 B
step 25  updateFluff=0.169568 s  compute=0.197428 s  save=1e-06 s
  comm[25] put=9 get=530 on=64 amo=0 | data=64128000 B/step  cum=1603200000 B
step 26  updateFluff=0.150505 s  compute=0.199277 s  save=0.0 s
  comm[26] put=9 get=528 on=64 amo=0 | data=64128000 B/step  cum=1667328000 B
step 27  updateFluff=0.158137 s  compute=0.196336 s  save=0.0 s
  comm[27] put=9 get=530 on=64 amo=0 | data=64128000 B/step  cum=1731456000 B
step 28  updateFluff=0.160648 s  compute=0.199621 s  save=1e-06 s
  comm[28] put=9 get=528 on=64 amo=0 | data=64128000 B/step  cum=1795584000 B
step 29  updateFluff=0.151716 s  compute=0.198017 s  save=1e-06 s
  comm[29] put=9 get=530 on=64 amo=0 | data=64128000 B/step  cum=1859712000 B
step 30  updateFluff=0.166553 s  compute=0.197743 s  save=0.0 s
  comm[30] put=9 get=528 on=64 amo=0 | data=64128000 B/step  cum=1923840000 B
step 31  updateFluff=0.169084 s  compute=0.199363 s  save=0.0 s
  comm[31] put=9 get=530 on=64 amo=0 | data=64128000 B/step  cum=1987968000 B
step 32  updateFluff=0.166319 s  compute=0.197964 s  save=0.0 s
  comm[32] put=9 get=528 on=64 amo=0 | data=64128000 B/step  cum=2052096000 B
step 33  updateFluff=0.147453 s  compute=0.197397 s  save=0.0 s
  comm[33] put=9 get=530 on=64 amo=0 | data=64128000 B/step  cum=2116224000 B
step 34  updateFluff=0.159667 s  compute=0.198114 s  save=0.0 s
  comm[34] put=9 get=528 on=64 amo=0 | data=64128000 B/step  cum=2180352000 B
step 35  updateFluff=0.170953 s  compute=0.197606 s  save=1e-06 s
  comm[35] put=9 get=530 on=64 amo=0 | data=64128000 B/step  cum=2244480000 B
step 36  updateFluff=0.160005 s  compute=0.195095 s  save=0.0 s
  comm[36] put=9 get=528 on=64 amo=0 | data=64128000 B/step  cum=2308608000 B
step 37  updateFluff=0.161682 s  compute=0.196966 s  save=0.0 s
  comm[37] put=9 get=530 on=64 amo=0 | data=64128000 B/step  cum=2372736000 B
step 38  updateFluff=0.1682 s  compute=0.198551 s  save=1e-06 s
  comm[38] put=9 get=528 on=64 amo=0 | data=64128000 B/step  cum=2436864000 B
step 39  updateFluff=0.157036 s  compute=0.201139 s  save=1e-06 s
  comm[39] put=9 get=530 on=64 amo=0 | data=64128000 B/step  cum=2500992000 B
step 40  updateFluff=0.156556 s  compute=0.196953 s  save=0.0 s
  comm[40] put=9 get=528 on=64 amo=0 | data=64128000 B/step  cum=2565120000 B
step 41  updateFluff=0.138744 s  compute=0.198382 s  save=0.0 s
  comm[41] put=9 get=530 on=64 amo=0 | data=64128000 B/step  cum=2629248000 B
step 42  updateFluff=0.154674 s  compute=0.198032 s  save=0.0 s
  comm[42] put=9 get=528 on=64 amo=0 | data=64128000 B/step  cum=2693376000 B
step 43  updateFluff=0.155066 s  compute=0.199341 s  save=0.0 s
  comm[43] put=9 get=530 on=64 amo=0 | data=64128000 B/step  cum=2757504000 B
step 44  updateFluff=0.15225 s  compute=0.197051 s  save=0.0 s
  comm[44] put=9 get=528 on=64 amo=0 | data=64128000 B/step  cum=2821632000 B
step 45  updateFluff=0.155319 s  compute=0.19721 s  save=0.0 s
  comm[45] put=9 get=530 on=64 amo=0 | data=64128000 B/step  cum=2885760000 B
step 46  updateFluff=0.161028 s  compute=0.197511 s  save=0.0 s
  comm[46] put=9 get=528 on=64 amo=0 | data=64128000 B/step  cum=2949888000 B
step 47  updateFluff=0.157322 s  compute=0.197187 s  save=1e-06 s
  comm[47] put=9 get=530 on=64 amo=0 | data=64128000 B/step  cum=3014016000 B
step 48  updateFluff=0.139943 s  compute=0.197201 s  save=0.0 s
  comm[48] put=9 get=528 on=64 amo=0 | data=64128000 B/step  cum=3078144000 B
step 49  updateFluff=0.16051 s  compute=0.194477 s  save=0.0 s
  comm[49] put=9 get=530 on=64 amo=0 | data=64128000 B/step  cum=3142272000 B
step 50  updateFluff=0.141905 s  compute=0.19816 s  save=1e-06 s
  comm[50] put=9 get=528 on=64 amo=0 | data=64128000 B/step  cum=3206400000 B
step 51  updateFluff=0.162817 s  compute=0.198019 s  save=0.0 s
  comm[51] put=9 get=530 on=64 amo=0 | data=64128000 B/step  cum=3270528000 B
step 52  updateFluff=0.269999 s  compute=0.197746 s  save=1e-06 s
  comm[52] put=9 get=528 on=64 amo=0 | data=64128000 B/step  cum=3334656000 B
step 53  updateFluff=0.169528 s  compute=0.199435 s  save=0.0 s
  comm[53] put=9 get=530 on=64 amo=0 | data=64128000 B/step  cum=3398784000 B
step 54  updateFluff=0.183512 s  compute=0.201125 s  save=0.0 s
  comm[54] put=9 get=528 on=64 amo=0 | data=64128000 B/step  cum=3462912000 B
step 55  updateFluff=0.173597 s  compute=0.200756 s  save=0.0 s
  comm[55] put=9 get=530 on=64 amo=0 | data=64128000 B/step  cum=3527040000 B
step 56  updateFluff=0.167954 s  compute=0.201073 s  save=0.0 s
  comm[56] put=9 get=528 on=64 amo=0 | data=64128000 B/step  cum=3591168000 B
step 57  updateFluff=0.161448 s  compute=0.20068 s  save=1e-06 s
  comm[57] put=9 get=530 on=64 amo=0 | data=64128000 B/step  cum=3655296000 B
step 58  updateFluff=0.161053 s  compute=0.201067 s  save=0.0 s
  comm[58] put=9 get=528 on=64 amo=0 | data=64128000 B/step  cum=3719424000 B
step 59  updateFluff=0.16814 s  compute=0.199829 s  save=0.0 s
  comm[59] put=9 get=530 on=64 amo=0 | data=64128000 B/step  cum=3783552000 B
step 60  updateFluff=0.152296 s  compute=0.199922 s  save=0.0 s
  comm[60] put=9 get=528 on=64 amo=0 | data=64128000 B/step  cum=3847680000 B
step 61  updateFluff=0.152797 s  compute=0.200509 s  save=0.0 s
  comm[61] put=9 get=530 on=64 amo=0 | data=64128000 B/step  cum=3911808000 B
step 62  updateFluff=0.1615 s  compute=0.19598 s  save=1e-06 s
  comm[62] put=9 get=528 on=64 amo=0 | data=64128000 B/step  cum=3975936000 B
step 63  updateFluff=0.166441 s  compute=0.198297 s  save=0.0 s
  comm[63] put=9 get=530 on=64 amo=0 | data=64128000 B/step  cum=4040064000 B
step 64  updateFluff=0.163708 s  compute=0.198062 s  save=0.0 s
  comm[64] put=9 get=528 on=64 amo=0 | data=64128000 B/step  cum=4104192000 B
step 65  updateFluff=0.159974 s  compute=0.19798 s  save=0.0 s
  comm[65] put=9 get=530 on=64 amo=0 | data=64128000 B/step  cum=4168320000 B
step 66  updateFluff=0.175607 s  compute=0.198745 s  save=0.0 s
  comm[66] put=9 get=528 on=64 amo=0 | data=64128000 B/step  cum=4232448000 B
step 67  updateFluff=0.163199 s  compute=0.199567 s  save=0.0 s
  comm[67] put=9 get=530 on=64 amo=0 | data=64128000 B/step  cum=4296576000 B
step 68  updateFluff=0.183518 s  compute=0.201151 s  save=0.0 s
  comm[68] put=9 get=528 on=64 amo=0 | data=64128000 B/step  cum=4360704000 B
step 69  updateFluff=0.158851 s  compute=0.198652 s  save=0.0 s
  comm[69] put=9 get=530 on=64 amo=0 | data=64128000 B/step  cum=4424832000 B
step 70  updateFluff=0.155407 s  compute=0.200919 s  save=0.0 s
  comm[70] put=9 get=528 on=64 amo=0 | data=64128000 B/step  cum=4488960000 B
step 71  updateFluff=0.141765 s  compute=0.199257 s  save=0.0 s
  comm[71] put=9 get=530 on=64 amo=0 | data=64128000 B/step  cum=4553088000 B
step 72  updateFluff=0.156885 s  compute=0.196811 s  save=0.0 s
  comm[72] put=9 get=528 on=64 amo=0 | data=64128000 B/step  cum=4617216000 B
step 73  updateFluff=0.153232 s  compute=0.199416 s  save=0.0 s
  comm[73] put=9 get=530 on=64 amo=0 | data=64128000 B/step  cum=4681344000 B
step 74  updateFluff=0.143203 s  compute=0.197188 s  save=0.0 s
  comm[74] put=9 get=528 on=64 amo=0 | data=64128000 B/step  cum=4745472000 B
step 75  updateFluff=0.155706 s  compute=0.198321 s  save=1e-06 s
  comm[75] put=9 get=530 on=64 amo=0 | data=64128000 B/step  cum=4809600000 B
step 76  updateFluff=0.166534 s  compute=0.198697 s  save=0.0 s
  comm[76] put=9 get=528 on=64 amo=0 | data=64128000 B/step  cum=4873728000 B
step 77  updateFluff=0.158762 s  compute=0.19742 s  save=0.0 s
  comm[77] put=9 get=530 on=64 amo=0 | data=64128000 B/step  cum=4937856000 B
step 78  updateFluff=0.144022 s  compute=0.197985 s  save=1e-06 s
  comm[78] put=9 get=528 on=64 amo=0 | data=64128000 B/step  cum=5001984000 B
step 79  updateFluff=0.180768 s  compute=0.197685 s  save=0.0 s
  comm[79] put=9 get=530 on=64 amo=0 | data=64128000 B/step  cum=5066112000 B
step 80  updateFluff=0.177007 s  compute=0.195727 s  save=0.0 s
  comm[80] put=9 get=528 on=64 amo=0 | data=64128000 B/step  cum=5130240000 B
step 81  updateFluff=0.173843 s  compute=0.194952 s  save=1e-06 s
  comm[81] put=9 get=530 on=64 amo=0 | data=64128000 B/step  cum=5194368000 B
step 82  updateFluff=0.155033 s  compute=0.197394 s  save=0.0 s
  comm[82] put=9 get=528 on=64 amo=0 | data=64128000 B/step  cum=5258496000 B
step 83  updateFluff=0.151536 s  compute=0.194689 s  save=0.0 s
  comm[83] put=9 get=530 on=64 amo=0 | data=64128000 B/step  cum=5322624000 B
step 84  updateFluff=0.14982 s  compute=0.194125 s  save=0.0 s
  comm[84] put=9 get=528 on=64 amo=0 | data=64128000 B/step  cum=5386752000 B
step 85  updateFluff=0.16321 s  compute=0.198131 s  save=0.0 s
  comm[85] put=9 get=530 on=64 amo=0 | data=64128000 B/step  cum=5450880000 B
step 86  updateFluff=0.182592 s  compute=0.196758 s  save=0.0 s
  comm[86] put=9 get=528 on=64 amo=0 | data=64128000 B/step  cum=5515008000 B
step 87  updateFluff=0.149927 s  compute=0.196953 s  save=0.0 s
  comm[87] put=9 get=530 on=64 amo=0 | data=64128000 B/step  cum=5579136000 B
step 88  updateFluff=0.151279 s  compute=0.198352 s  save=0.0 s
  comm[88] put=9 get=528 on=64 amo=0 | data=64128000 B/step  cum=5643264000 B
step 89  updateFluff=0.169096 s  compute=0.198144 s  save=0.0 s
  comm[89] put=9 get=530 on=64 amo=0 | data=64128000 B/step  cum=5707392000 B
step 90  updateFluff=0.166183 s  compute=0.199329 s  save=0.0 s
  comm[90] put=9 get=528 on=64 amo=0 | data=64128000 B/step  cum=5771520000 B
step 91  updateFluff=0.154604 s  compute=0.197614 s  save=0.0 s
  comm[91] put=9 get=530 on=64 amo=0 | data=64128000 B/step  cum=5835648000 B
step 92  updateFluff=0.178305 s  compute=0.197624 s  save=0.0 s
  comm[92] put=9 get=528 on=64 amo=0 | data=64128000 B/step  cum=5899776000 B
step 93  updateFluff=0.147562 s  compute=0.198246 s  save=0.0 s
  comm[93] put=9 get=530 on=64 amo=0 | data=64128000 B/step  cum=5963904000 B
step 94  updateFluff=0.172983 s  compute=0.198198 s  save=0.0 s
  comm[94] put=9 get=528 on=64 amo=0 | data=64128000 B/step  cum=6028032000 B
step 95  updateFluff=0.164879 s  compute=0.197644 s  save=0.0 s
  comm[95] put=9 get=530 on=64 amo=0 | data=64128000 B/step  cum=6092160000 B
step 96  updateFluff=0.154793 s  compute=0.197459 s  save=0.0 s
  comm[96] put=9 get=528 on=64 amo=0 | data=64128000 B/step  cum=6156288000 B
step 97  updateFluff=0.174839 s  compute=0.197313 s  save=0.0 s
  comm[97] put=9 get=530 on=64 amo=0 | data=64128000 B/step  cum=6220416000 B
step 98  updateFluff=0.153772 s  compute=0.199172 s  save=0.0 s
  comm[98] put=9 get=528 on=64 amo=0 | data=64128000 B/step  cum=6284544000 B
step 99  updateFluff=0.171436 s  compute=0.197235 s  save=0.0 s
  comm[99] put=9 get=530 on=64 amo=0 | data=64128000 B/step  cum=6348672000 B
step 100  updateFluff=0.145882 s  compute=0.199671 s  save=0.0 s
  comm[100] put=9 get=528 on=64 amo=0 | data=64128000 B/step  cum=6412800000 B
[mem] after run locale 0: 2001.43 MB
[mem] after run locale 1: 1996.23 MB
[mem] after run locale 2: 1996.23 MB
[mem] after run locale 3: 1996.23 MB
[mem] after run locale 4: 1990.29 MB
[mem] after run locale 5: 1990.29 MB
[mem] after run locale 6: 1996.23 MB
[mem] after run locale 7: 1990.29 MB
[mem] after run locale 8: 1990.29 MB
final field: min=1.0 max=2.0 sum=1.00518e+09
Execution time:    36.5952 s
