[cfg] threadsPerLocale(requested)=4 numLocales=9
Initialization time: 0.42381 s
[mem] after init (u+un allocated) locale 0: 2001.43 MB
[mem] after init (u+un allocated) locale 1: 1996.23 MB
[mem] after init (u+un allocated) locale 2: 1996.23 MB
[mem] after init (u+un allocated) locale 3: 1996.23 MB
[mem] after init (u+un allocated) locale 4: 1990.29 MB
[mem] after init (u+un allocated) locale 5: 1990.29 MB
[mem] after init (u+un allocated) locale 6: 1996.23 MB
[mem] after init (u+un allocated) locale 7: 1990.29 MB
[mem] after init (u+un allocated) locale 8: 1990.29 MB
[cfg] locale 0 maxTaskPar=4
[cfg] locale 1 maxTaskPar=4
[cfg] locale 2 maxTaskPar=4
[cfg] locale 3 maxTaskPar=4
[cfg] locale 4 maxTaskPar=4
[cfg] locale 5 maxTaskPar=4
[cfg] locale 6 maxTaskPar=4
[cfg] locale 7 maxTaskPar=4
[cfg] locale 8 maxTaskPar=4
[comm] 64128000 B/step across 9 locale(s)
step 1  updateFluff=0.170732 s  compute=0.157139 s  save=0.0 s
  comm[1] put=0 get=512 on=56 amo=0 | data=64128000 B/step  cum=64128000 B
step 2  updateFluff=0.158849 s  compute=0.156144 s  save=0.0 s
  comm[2] put=9 get=513 on=64 amo=0 | data=64128000 B/step  cum=128256000 B
step 3  updateFluff=0.197337 s  compute=0.156971 s  save=0.0 s
  comm[3] put=9 get=512 on=64 amo=0 | data=64128000 B/step  cum=192384000 B
step 4  updateFluff=0.174396 s  compute=0.156186 s  save=0.0 s
  comm[4] put=9 get=513 on=64 amo=0 | data=64128000 B/step  cum=256512000 B
step 5  updateFluff=0.157252 s  compute=0.156061 s  save=0.0 s
  comm[5] put=9 get=512 on=64 amo=0 | data=64128000 B/step  cum=320640000 B
step 6  updateFluff=0.165871 s  compute=0.15636 s  save=0.0 s
  comm[6] put=9 get=513 on=64 amo=0 | data=64128000 B/step  cum=384768000 B
step 7  updateFluff=0.166737 s  compute=0.156746 s  save=0.0 s
  comm[7] put=9 get=512 on=64 amo=0 | data=64128000 B/step  cum=448896000 B
step 8  updateFluff=0.175686 s  compute=0.155928 s  save=0.0 s
  comm[8] put=9 get=513 on=64 amo=0 | data=64128000 B/step  cum=513024000 B
step 9  updateFluff=0.147515 s  compute=0.156338 s  save=0.0 s
  comm[9] put=9 get=512 on=64 amo=0 | data=64128000 B/step  cum=577152000 B
step 10  updateFluff=0.159044 s  compute=0.155476 s  save=0.0 s
  comm[10] put=9 get=513 on=64 amo=0 | data=64128000 B/step  cum=641280000 B
step 11  updateFluff=0.15137 s  compute=0.155926 s  save=0.0 s
  comm[11] put=9 get=512 on=64 amo=0 | data=64128000 B/step  cum=705408000 B
step 12  updateFluff=0.151578 s  compute=0.156493 s  save=0.0 s
  comm[12] put=9 get=513 on=64 amo=0 | data=64128000 B/step  cum=769536000 B
step 13  updateFluff=0.147575 s  compute=0.156505 s  save=0.0 s
  comm[13] put=9 get=512 on=64 amo=0 | data=64128000 B/step  cum=833664000 B
step 14  updateFluff=0.153363 s  compute=0.156465 s  save=1e-06 s
  comm[14] put=9 get=513 on=64 amo=0 | data=64128000 B/step  cum=897792000 B
step 15  updateFluff=0.140906 s  compute=0.155311 s  save=0.0 s
  comm[15] put=9 get=512 on=64 amo=0 | data=64128000 B/step  cum=961920000 B
step 16  updateFluff=0.295039 s  compute=0.156197 s  save=1e-06 s
  comm[16] put=9 get=513 on=64 amo=0 | data=64128000 B/step  cum=1026048000 B
step 17  updateFluff=0.166437 s  compute=0.156621 s  save=0.0 s
  comm[17] put=9 get=512 on=64 amo=0 | data=64128000 B/step  cum=1090176000 B
step 18  updateFluff=0.156762 s  compute=0.156175 s  save=1e-06 s
  comm[18] put=9 get=513 on=64 amo=0 | data=64128000 B/step  cum=1154304000 B
step 19  updateFluff=0.17109 s  compute=0.155129 s  save=0.0 s
  comm[19] put=9 get=512 on=64 amo=0 | data=64128000 B/step  cum=1218432000 B
step 20  updateFluff=0.160743 s  compute=0.156752 s  save=1e-06 s
  comm[20] put=9 get=513 on=64 amo=0 | data=64128000 B/step  cum=1282560000 B
step 21  updateFluff=0.166467 s  compute=0.157242 s  save=0.0 s
  comm[21] put=9 get=512 on=64 amo=0 | data=64128000 B/step  cum=1346688000 B
step 22  updateFluff=0.168942 s  compute=0.156597 s  save=0.0 s
  comm[22] put=9 get=513 on=64 amo=0 | data=64128000 B/step  cum=1410816000 B
step 23  updateFluff=0.148441 s  compute=0.154038 s  save=0.0 s
  comm[23] put=9 get=512 on=64 amo=0 | data=64128000 B/step  cum=1474944000 B
step 24  updateFluff=0.157331 s  compute=0.156614 s  save=0.0 s
  comm[24] put=9 get=513 on=64 amo=0 | data=64128000 B/step  cum=1539072000 B
step 25  updateFluff=0.141311 s  compute=0.154774 s  save=0.0 s
  comm[25] put=9 get=512 on=64 amo=0 | data=64128000 B/step  cum=1603200000 B
step 26  updateFluff=0.154811 s  compute=0.155281 s  save=0.0 s
  comm[26] put=9 get=513 on=64 amo=0 | data=64128000 B/step  cum=1667328000 B
step 27  updateFluff=0.157066 s  compute=0.154389 s  save=1e-06 s
  comm[27] put=9 get=512 on=64 amo=0 | data=64128000 B/step  cum=1731456000 B
step 28  updateFluff=0.151999 s  compute=0.156198 s  save=1e-06 s
  comm[28] put=9 get=513 on=64 amo=0 | data=64128000 B/step  cum=1795584000 B
step 29  updateFluff=0.156885 s  compute=0.15637 s  save=0.0 s
  comm[29] put=9 get=512 on=64 amo=0 | data=64128000 B/step  cum=1859712000 B
step 30  updateFluff=0.150882 s  compute=0.156097 s  save=0.0 s
  comm[30] put=9 get=513 on=64 amo=0 | data=64128000 B/step  cum=1923840000 B
step 31  updateFluff=0.158471 s  compute=0.155421 s  save=0.0 s
  comm[31] put=9 get=512 on=64 amo=0 | data=64128000 B/step  cum=1987968000 B
step 32  updateFluff=0.147532 s  compute=0.156039 s  save=0.0 s
  comm[32] put=9 get=513 on=64 amo=0 | data=64128000 B/step  cum=2052096000 B
step 33  updateFluff=0.164012 s  compute=0.156384 s  save=0.0 s
  comm[33] put=9 get=512 on=64 amo=0 | data=64128000 B/step  cum=2116224000 B
step 34  updateFluff=0.189508 s  compute=0.156173 s  save=0.0 s
  comm[34] put=9 get=513 on=64 amo=0 | data=64128000 B/step  cum=2180352000 B
step 35  updateFluff=0.158855 s  compute=0.157227 s  save=0.0 s
  comm[35] put=9 get=512 on=64 amo=0 | data=64128000 B/step  cum=2244480000 B
step 36  updateFluff=0.173273 s  compute=0.156306 s  save=0.0 s
  comm[36] put=9 get=513 on=64 amo=0 | data=64128000 B/step  cum=2308608000 B
step 37  updateFluff=0.172478 s  compute=0.156534 s  save=0.0 s
  comm[37] put=9 get=512 on=64 amo=0 | data=64128000 B/step  cum=2372736000 B
step 38  updateFluff=0.286928 s  compute=0.155625 s  save=0.0 s
  comm[38] put=9 get=513 on=64 amo=0 | data=64128000 B/step  cum=2436864000 B
step 39  updateFluff=0.15362 s  compute=0.157191 s  save=0.0 s
  comm[39] put=9 get=512 on=64 amo=0 | data=64128000 B/step  cum=2500992000 B
step 40  updateFluff=0.182676 s  compute=0.156177 s  save=0.0 s
  comm[40] put=9 get=513 on=64 amo=0 | data=64128000 B/step  cum=2565120000 B
step 41  updateFluff=0.166338 s  compute=0.156843 s  save=0.0 s
  comm[41] put=9 get=512 on=64 amo=0 | data=64128000 B/step  cum=2629248000 B
step 42  updateFluff=0.15419 s  compute=0.156248 s  save=2e-06 s
  comm[42] put=9 get=513 on=64 amo=0 | data=64128000 B/step  cum=2693376000 B
step 43  updateFluff=0.156605 s  compute=0.156652 s  save=0.0 s
  comm[43] put=9 get=512 on=64 amo=0 | data=64128000 B/step  cum=2757504000 B
step 44  updateFluff=0.149142 s  compute=0.156074 s  save=0.0 s
  comm[44] put=9 get=513 on=64 amo=0 | data=64128000 B/step  cum=2821632000 B
step 45  updateFluff=0.151294 s  compute=0.156665 s  save=0.0 s
  comm[45] put=9 get=512 on=64 amo=0 | data=64128000 B/step  cum=2885760000 B
step 46  updateFluff=0.156601 s  compute=0.155997 s  save=0.0 s
  comm[46] put=9 get=513 on=64 amo=0 | data=64128000 B/step  cum=2949888000 B
step 47  updateFluff=0.174918 s  compute=0.156799 s  save=1e-06 s
  comm[47] put=9 get=512 on=64 amo=0 | data=64128000 B/step  cum=3014016000 B
step 48  updateFluff=0.155637 s  compute=0.156461 s  save=0.0 s
  comm[48] put=9 get=513 on=64 amo=0 | data=64128000 B/step  cum=3078144000 B
step 49  updateFluff=0.160744 s  compute=0.156234 s  save=1e-06 s
  comm[49] put=9 get=512 on=64 amo=0 | data=64128000 B/step  cum=3142272000 B
step 50  updateFluff=0.149671 s  compute=0.155834 s  save=1e-06 s
  comm[50] put=9 get=513 on=64 amo=0 | data=64128000 B/step  cum=3206400000 B
step 51  updateFluff=0.165513 s  compute=0.156726 s  save=1e-06 s
  comm[51] put=9 get=512 on=64 amo=0 | data=64128000 B/step  cum=3270528000 B
step 52  updateFluff=0.167442 s  compute=0.15632 s  save=2e-06 s
  comm[52] put=9 get=513 on=64 amo=0 | data=64128000 B/step  cum=3334656000 B
step 53  updateFluff=0.309737 s  compute=0.156531 s  save=0.0 s
  comm[53] put=9 get=512 on=64 amo=0 | data=64128000 B/step  cum=3398784000 B
step 54  updateFluff=0.160487 s  compute=0.156531 s  save=0.0 s
  comm[54] put=9 get=513 on=64 amo=0 | data=64128000 B/step  cum=3462912000 B
step 55  updateFluff=0.149989 s  compute=0.155022 s  save=0.0 s
  comm[55] put=9 get=512 on=64 amo=0 | data=64128000 B/step  cum=3527040000 B
step 56  updateFluff=0.170693 s  compute=0.156066 s  save=0.0 s
  comm[56] put=9 get=513 on=64 amo=0 | data=64128000 B/step  cum=3591168000 B
step 57  updateFluff=0.183337 s  compute=0.157201 s  save=0.0 s
  comm[57] put=9 get=512 on=64 amo=0 | data=64128000 B/step  cum=3655296000 B
step 58  updateFluff=0.165962 s  compute=0.156348 s  save=0.0 s
  comm[58] put=9 get=513 on=64 amo=0 | data=64128000 B/step  cum=3719424000 B
step 59  updateFluff=0.16434 s  compute=0.156704 s  save=0.0 s
  comm[59] put=9 get=512 on=64 amo=0 | data=64128000 B/step  cum=3783552000 B
step 60  updateFluff=0.160422 s  compute=0.156528 s  save=1e-06 s
  comm[60] put=9 get=513 on=64 amo=0 | data=64128000 B/step  cum=3847680000 B
step 61  updateFluff=0.160602 s  compute=0.156603 s  save=1e-06 s
  comm[61] put=9 get=512 on=64 amo=0 | data=64128000 B/step  cum=3911808000 B
step 62  updateFluff=0.146554 s  compute=0.156506 s  save=0.0 s
  comm[62] put=9 get=513 on=64 amo=0 | data=64128000 B/step  cum=3975936000 B
step 63  updateFluff=0.152689 s  compute=0.156686 s  save=0.0 s
  comm[63] put=9 get=512 on=64 amo=0 | data=64128000 B/step  cum=4040064000 B
step 64  updateFluff=0.167968 s  compute=0.156357 s  save=0.0 s
  comm[64] put=9 get=513 on=64 amo=0 | data=64128000 B/step  cum=4104192000 B
step 65  updateFluff=0.155949 s  compute=0.156606 s  save=0.0 s
  comm[65] put=9 get=512 on=64 amo=0 | data=64128000 B/step  cum=4168320000 B
step 66  updateFluff=0.144105 s  compute=0.156163 s  save=0.0 s
  comm[66] put=9 get=513 on=64 amo=0 | data=64128000 B/step  cum=4232448000 B
step 67  updateFluff=0.160194 s  compute=0.15697 s  save=1e-06 s
  comm[67] put=9 get=512 on=64 amo=0 | data=64128000 B/step  cum=4296576000 B
step 68  updateFluff=0.152167 s  compute=0.156073 s  save=0.0 s
  comm[68] put=9 get=513 on=64 amo=0 | data=64128000 B/step  cum=4360704000 B
step 69  updateFluff=0.16491 s  compute=0.156375 s  save=1e-06 s
  comm[69] put=9 get=512 on=64 amo=0 | data=64128000 B/step  cum=4424832000 B
step 70  updateFluff=0.158544 s  compute=0.156799 s  save=0.0 s
  comm[70] put=9 get=513 on=64 amo=0 | data=64128000 B/step  cum=4488960000 B
step 71  updateFluff=0.153519 s  compute=0.156283 s  save=1e-06 s
  comm[71] put=9 get=512 on=64 amo=0 | data=64128000 B/step  cum=4553088000 B
step 72  updateFluff=0.152812 s  compute=0.156787 s  save=0.0 s
  comm[72] put=9 get=513 on=64 amo=0 | data=64128000 B/step  cum=4617216000 B
step 73  updateFluff=0.150138 s  compute=0.157141 s  save=1e-06 s
  comm[73] put=9 get=512 on=64 amo=0 | data=64128000 B/step  cum=4681344000 B
step 74  updateFluff=0.16094 s  compute=0.155987 s  save=0.0 s
  comm[74] put=9 get=513 on=64 amo=0 | data=64128000 B/step  cum=4745472000 B
step 75  updateFluff=0.149741 s  compute=0.15686 s  save=0.0 s
  comm[75] put=9 get=512 on=64 amo=0 | data=64128000 B/step  cum=4809600000 B
step 76  updateFluff=0.151014 s  compute=0.156624 s  save=0.0 s
  comm[76] put=9 get=513 on=64 amo=0 | data=64128000 B/step  cum=4873728000 B
step 77  updateFluff=0.17251 s  compute=0.154286 s  save=0.0 s
  comm[77] put=9 get=512 on=64 amo=0 | data=64128000 B/step  cum=4937856000 B
step 78  updateFluff=0.181349 s  compute=0.156042 s  save=0.0 s
  comm[78] put=9 get=513 on=64 amo=0 | data=64128000 B/step  cum=5001984000 B
step 79  updateFluff=0.153018 s  compute=0.15679 s  save=0.0 s
  comm[79] put=9 get=512 on=64 amo=0 | data=64128000 B/step  cum=5066112000 B
step 80  updateFluff=0.153896 s  compute=0.156174 s  save=0.0 s
  comm[80] put=9 get=513 on=64 amo=0 | data=64128000 B/step  cum=5130240000 B
step 81  updateFluff=0.151993 s  compute=0.156799 s  save=0.0 s
  comm[81] put=9 get=512 on=64 amo=0 | data=64128000 B/step  cum=5194368000 B
step 82  updateFluff=0.154548 s  compute=0.156228 s  save=2e-06 s
  comm[82] put=9 get=513 on=64 amo=0 | data=64128000 B/step  cum=5258496000 B
step 83  updateFluff=0.290707 s  compute=0.156623 s  save=1e-06 s
  comm[83] put=9 get=512 on=64 amo=0 | data=64128000 B/step  cum=5322624000 B
step 84  updateFluff=0.161591 s  compute=0.156404 s  save=0.0 s
  comm[84] put=9 get=513 on=64 amo=0 | data=64128000 B/step  cum=5386752000 B
step 85  updateFluff=0.158884 s  compute=0.157001 s  save=0.0 s
  comm[85] put=9 get=512 on=64 amo=0 | data=64128000 B/step  cum=5450880000 B
step 86  updateFluff=0.354131 s  compute=0.156058 s  save=0.0 s
  comm[86] put=9 get=513 on=64 amo=0 | data=64128000 B/step  cum=5515008000 B
step 87  updateFluff=0.167447 s  compute=0.156943 s  save=0.0 s
  comm[87] put=9 get=512 on=64 amo=0 | data=64128000 B/step  cum=5579136000 B
step 88  updateFluff=0.143749 s  compute=0.156669 s  save=1e-06 s
  comm[88] put=9 get=513 on=64 amo=0 | data=64128000 B/step  cum=5643264000 B
step 89  updateFluff=0.149946 s  compute=0.156477 s  save=0.0 s
  comm[89] put=9 get=512 on=64 amo=0 | data=64128000 B/step  cum=5707392000 B
step 90  updateFluff=0.168178 s  compute=0.155916 s  save=1e-06 s
  comm[90] put=9 get=513 on=64 amo=0 | data=64128000 B/step  cum=5771520000 B
step 91  updateFluff=0.162826 s  compute=0.157187 s  save=0.0 s
  comm[91] put=9 get=512 on=64 amo=0 | data=64128000 B/step  cum=5835648000 B
step 92  updateFluff=0.14748 s  compute=0.155859 s  save=0.0 s
  comm[92] put=9 get=513 on=64 amo=0 | data=64128000 B/step  cum=5899776000 B
step 93  updateFluff=0.160278 s  compute=0.155036 s  save=0.0 s
  comm[93] put=9 get=512 on=64 amo=0 | data=64128000 B/step  cum=5963904000 B
step 94  updateFluff=0.148096 s  compute=0.157137 s  save=0.0 s
  comm[94] put=9 get=513 on=64 amo=0 | data=64128000 B/step  cum=6028032000 B
step 95  updateFluff=0.145855 s  compute=0.156477 s  save=1e-06 s
  comm[95] put=9 get=512 on=64 amo=0 | data=64128000 B/step  cum=6092160000 B
step 96  updateFluff=0.14932 s  compute=0.15624 s  save=0.0 s
  comm[96] put=9 get=513 on=64 amo=0 | data=64128000 B/step  cum=6156288000 B
step 97  updateFluff=0.149894 s  compute=0.157137 s  save=0.0 s
  comm[97] put=9 get=512 on=64 amo=0 | data=64128000 B/step  cum=6220416000 B
step 98  updateFluff=0.165805 s  compute=0.156307 s  save=0.0 s
  comm[98] put=9 get=513 on=64 amo=0 | data=64128000 B/step  cum=6284544000 B
step 99  updateFluff=0.16861 s  compute=0.156561 s  save=0.0 s
  comm[99] put=9 get=512 on=64 amo=0 | data=64128000 B/step  cum=6348672000 B
step 100  updateFluff=0.175607 s  compute=0.156426 s  save=0.0 s
  comm[100] put=9 get=513 on=64 amo=0 | data=64128000 B/step  cum=6412800000 B
[mem] after run locale 0: 2001.43 MB
[mem] after run locale 1: 1996.23 MB
[mem] after run locale 2: 1996.23 MB
[mem] after run locale 3: 1996.23 MB
[mem] after run locale 4: 1990.29 MB
[mem] after run locale 5: 1990.29 MB
[mem] after run locale 6: 1996.23 MB
[mem] after run locale 7: 1990.29 MB
[mem] after run locale 8: 1990.29 MB
final field: min=1.0 max=2.0 sum=1.00518e+09
Execution time:    32.8481 s
