[cfg] threadsPerLocale(requested)=2 numLocales=9
Initialization time: 0.492131 s
[mem] after init (u+un allocated) locale 0: 2001.43 MB
[mem] after init (u+un allocated) locale 1: 1996.23 MB
[mem] after init (u+un allocated) locale 2: 1996.23 MB
[mem] after init (u+un allocated) locale 3: 1996.23 MB
[mem] after init (u+un allocated) locale 4: 1990.29 MB
[mem] after init (u+un allocated) locale 5: 1990.29 MB
[mem] after init (u+un allocated) locale 6: 1996.23 MB
[mem] after init (u+un allocated) locale 7: 1990.29 MB
[mem] after init (u+un allocated) locale 8: 1990.29 MB
[cfg] locale 0 maxTaskPar=2
[cfg] locale 1 maxTaskPar=2
[cfg] locale 2 maxTaskPar=2
[cfg] locale 3 maxTaskPar=2
[cfg] locale 4 maxTaskPar=2
[cfg] locale 5 maxTaskPar=2
[cfg] locale 6 maxTaskPar=2
[cfg] locale 7 maxTaskPar=2
[cfg] locale 8 maxTaskPar=2
[comm] 64128000 B/step across 9 locale(s)
step 1  updateFluff=0.196518 s  compute=0.143381 s  save=0.0 s
  comm[1] put=0 get=505 on=56 amo=0 | data=64128000 B/step  cum=64128000 B
step 2  updateFluff=0.181003 s  compute=0.144981 s  save=0.0 s
  comm[2] put=9 get=507 on=64 amo=0 | data=64128000 B/step  cum=128256000 B
step 3  updateFluff=0.201366 s  compute=0.143353 s  save=0.0 s
  comm[3] put=9 get=505 on=64 amo=0 | data=64128000 B/step  cum=192384000 B
step 4  updateFluff=0.205848 s  compute=0.145116 s  save=0.0 s
  comm[4] put=9 get=507 on=64 amo=0 | data=64128000 B/step  cum=256512000 B
step 5  updateFluff=0.181404 s  compute=0.143121 s  save=0.0 s
  comm[5] put=9 get=505 on=64 amo=0 | data=64128000 B/step  cum=320640000 B
step 6  updateFluff=0.205403 s  compute=0.145533 s  save=1e-06 s
  comm[6] put=9 get=507 on=64 amo=0 | data=64128000 B/step  cum=384768000 B
step 7  updateFluff=0.176845 s  compute=0.143294 s  save=0.0 s
  comm[7] put=9 get=505 on=64 amo=0 | data=64128000 B/step  cum=448896000 B
step 8  updateFluff=0.178827 s  compute=0.144565 s  save=0.0 s
  comm[8] put=9 get=507 on=64 amo=0 | data=64128000 B/step  cum=513024000 B
step 9  updateFluff=0.175759 s  compute=0.143193 s  save=1e-06 s
  comm[9] put=9 get=505 on=64 amo=0 | data=64128000 B/step  cum=577152000 B
step 10  updateFluff=0.17632 s  compute=0.144783 s  save=0.0 s
  comm[10] put=9 get=507 on=64 amo=0 | data=64128000 B/step  cum=641280000 B
step 11  updateFluff=0.178267 s  compute=0.143227 s  save=0.0 s
  comm[11] put=9 get=505 on=64 amo=0 | data=64128000 B/step  cum=705408000 B
step 12  updateFluff=0.186808 s  compute=0.14487 s  save=0.0 s
  comm[12] put=9 get=507 on=64 amo=0 | data=64128000 B/step  cum=769536000 B
step 13  updateFluff=0.203741 s  compute=0.143798 s  save=1e-06 s
  comm[13] put=9 get=505 on=64 amo=0 | data=64128000 B/step  cum=833664000 B
step 14  updateFluff=0.182259 s  compute=0.144755 s  save=0.0 s
  comm[14] put=9 get=507 on=64 amo=0 | data=64128000 B/step  cum=897792000 B
step 15  updateFluff=0.173693 s  compute=0.143434 s  save=0.0 s
  comm[15] put=9 get=505 on=64 amo=0 | data=64128000 B/step  cum=961920000 B
step 16  updateFluff=0.197147 s  compute=0.145082 s  save=0.0 s
  comm[16] put=9 get=507 on=64 amo=0 | data=64128000 B/step  cum=1026048000 B
step 17  updateFluff=0.201457 s  compute=0.143321 s  save=0.0 s
  comm[17] put=9 get=505 on=64 amo=0 | data=64128000 B/step  cum=1090176000 B
step 18  updateFluff=0.187228 s  compute=0.144996 s  save=1e-06 s
  comm[18] put=9 get=507 on=64 amo=0 | data=64128000 B/step  cum=1154304000 B
step 19  updateFluff=0.180021 s  compute=0.144185 s  save=1e-06 s
  comm[19] put=9 get=505 on=64 amo=0 | data=64128000 B/step  cum=1218432000 B
step 20  updateFluff=0.177504 s  compute=0.144759 s  save=0.0 s
  comm[20] put=9 get=507 on=64 amo=0 | data=64128000 B/step  cum=1282560000 B
step 21  updateFluff=0.179803 s  compute=0.143354 s  save=0.0 s
  comm[21] put=9 get=505 on=64 amo=0 | data=64128000 B/step  cum=1346688000 B
step 22  updateFluff=0.197096 s  compute=0.145219 s  save=0.0 s
  comm[22] put=9 get=507 on=64 amo=0 | data=64128000 B/step  cum=1410816000 B
step 23  updateFluff=0.179071 s  compute=0.14319 s  save=0.0 s
  comm[23] put=9 get=505 on=64 amo=0 | data=64128000 B/step  cum=1474944000 B
step 24  updateFluff=0.190486 s  compute=0.14512 s  save=1e-06 s
  comm[24] put=9 get=507 on=64 amo=0 | data=64128000 B/step  cum=1539072000 B
step 25  updateFluff=0.17485 s  compute=0.143189 s  save=1e-06 s
  comm[25] put=9 get=505 on=64 amo=0 | data=64128000 B/step  cum=1603200000 B
step 26  updateFluff=0.184398 s  compute=0.144763 s  save=0.0 s
  comm[26] put=9 get=507 on=64 amo=0 | data=64128000 B/step  cum=1667328000 B
step 27  updateFluff=0.185578 s  compute=0.143441 s  save=0.0 s
  comm[27] put=9 get=505 on=64 amo=0 | data=64128000 B/step  cum=1731456000 B
step 28  updateFluff=0.192905 s  compute=0.144868 s  save=0.0 s
  comm[28] put=9 get=507 on=64 amo=0 | data=64128000 B/step  cum=1795584000 B
step 29  updateFluff=0.210357 s  compute=0.143383 s  save=0.0 s
  comm[29] put=9 get=505 on=64 amo=0 | data=64128000 B/step  cum=1859712000 B
step 30  updateFluff=0.183791 s  compute=0.144958 s  save=0.0 s
  comm[30] put=9 get=507 on=64 amo=0 | data=64128000 B/step  cum=1923840000 B
step 31  updateFluff=0.188716 s  compute=0.143428 s  save=1e-06 s
  comm[31] put=9 get=505 on=64 amo=0 | data=64128000 B/step  cum=1987968000 B
step 32  updateFluff=0.177797 s  compute=0.144769 s  save=0.0 s
  comm[32] put=9 get=507 on=64 amo=0 | data=64128000 B/step  cum=2052096000 B
step 33  updateFluff=0.205159 s  compute=0.143535 s  save=0.0 s
  comm[33] put=9 get=505 on=64 amo=0 | data=64128000 B/step  cum=2116224000 B
step 34  updateFluff=0.178556 s  compute=0.144681 s  save=0.0 s
  comm[34] put=9 get=507 on=64 amo=0 | data=64128000 B/step  cum=2180352000 B
step 35  updateFluff=0.177173 s  compute=0.143298 s  save=0.0 s
  comm[35] put=9 get=505 on=64 amo=0 | data=64128000 B/step  cum=2244480000 B
step 36  updateFluff=0.178621 s  compute=0.144896 s  save=0.0 s
  comm[36] put=9 get=507 on=64 amo=0 | data=64128000 B/step  cum=2308608000 B
step 37  updateFluff=0.178382 s  compute=0.143425 s  save=0.0 s
  comm[37] put=9 get=505 on=64 amo=0 | data=64128000 B/step  cum=2372736000 B
step 38  updateFluff=0.177853 s  compute=0.144694 s  save=0.0 s
  comm[38] put=9 get=507 on=64 amo=0 | data=64128000 B/step  cum=2436864000 B
step 39  updateFluff=0.175243 s  compute=0.143363 s  save=2e-06 s
  comm[39] put=9 get=505 on=64 amo=0 | data=64128000 B/step  cum=2500992000 B
step 40  updateFluff=0.185707 s  compute=0.145148 s  save=0.0 s
  comm[40] put=9 get=507 on=64 amo=0 | data=64128000 B/step  cum=2565120000 B
step 41  updateFluff=0.209952 s  compute=0.143085 s  save=0.0 s
  comm[41] put=9 get=505 on=64 amo=0 | data=64128000 B/step  cum=2629248000 B
step 42  updateFluff=0.204731 s  compute=0.144962 s  save=0.0 s
  comm[42] put=9 get=507 on=64 amo=0 | data=64128000 B/step  cum=2693376000 B
step 43  updateFluff=0.17568 s  compute=0.142955 s  save=0.0 s
  comm[43] put=9 get=505 on=64 amo=0 | data=64128000 B/step  cum=2757504000 B
step 44  updateFluff=0.202193 s  compute=0.144821 s  save=0.0 s
  comm[44] put=9 get=507 on=64 amo=0 | data=64128000 B/step  cum=2821632000 B
step 45  updateFluff=0.177538 s  compute=0.143401 s  save=1e-06 s
  comm[45] put=9 get=505 on=64 amo=0 | data=64128000 B/step  cum=2885760000 B
step 46  updateFluff=0.175855 s  compute=0.144932 s  save=0.0 s
  comm[46] put=9 get=507 on=64 amo=0 | data=64128000 B/step  cum=2949888000 B
step 47  updateFluff=0.176384 s  compute=0.143102 s  save=0.0 s
  comm[47] put=9 get=505 on=64 amo=0 | data=64128000 B/step  cum=3014016000 B
step 48  updateFluff=0.191157 s  compute=0.144956 s  save=0.0 s
  comm[48] put=9 get=507 on=64 amo=0 | data=64128000 B/step  cum=3078144000 B
step 49  updateFluff=0.209741 s  compute=0.143052 s  save=0.0 s
  comm[49] put=9 get=505 on=64 amo=0 | data=64128000 B/step  cum=3142272000 B
step 50  updateFluff=0.210312 s  compute=0.144768 s  save=0.0 s
  comm[50] put=9 get=507 on=64 amo=0 | data=64128000 B/step  cum=3206400000 B
step 51  updateFluff=0.17822 s  compute=0.143388 s  save=0.0 s
  comm[51] put=9 get=505 on=64 amo=0 | data=64128000 B/step  cum=3270528000 B
step 52  updateFluff=0.17805 s  compute=0.144812 s  save=0.0 s
  comm[52] put=9 get=507 on=64 amo=0 | data=64128000 B/step  cum=3334656000 B
step 53  updateFluff=0.185422 s  compute=0.143287 s  save=0.0 s
  comm[53] put=9 get=505 on=64 amo=0 | data=64128000 B/step  cum=3398784000 B
step 54  updateFluff=0.206237 s  compute=0.14487 s  save=0.0 s
  comm[54] put=9 get=507 on=64 amo=0 | data=64128000 B/step  cum=3462912000 B
step 55  updateFluff=0.176816 s  compute=0.143175 s  save=0.0 s
  comm[55] put=9 get=505 on=64 amo=0 | data=64128000 B/step  cum=3527040000 B
step 56  updateFluff=0.175986 s  compute=0.144838 s  save=0.0 s
  comm[56] put=9 get=507 on=64 amo=0 | data=64128000 B/step  cum=3591168000 B
step 57  updateFluff=0.187157 s  compute=0.143362 s  save=0.0 s
  comm[57] put=9 get=505 on=64 amo=0 | data=64128000 B/step  cum=3655296000 B
step 58  updateFluff=0.17838 s  compute=0.145076 s  save=0.0 s
  comm[58] put=9 get=507 on=64 amo=0 | data=64128000 B/step  cum=3719424000 B
step 59  updateFluff=0.200644 s  compute=0.143399 s  save=0.0 s
  comm[59] put=9 get=505 on=64 amo=0 | data=64128000 B/step  cum=3783552000 B
step 60  updateFluff=0.17757 s  compute=0.14492 s  save=0.0 s
  comm[60] put=9 get=507 on=64 amo=0 | data=64128000 B/step  cum=3847680000 B
step 61  updateFluff=0.207195 s  compute=0.143056 s  save=0.0 s
  comm[61] put=9 get=505 on=64 amo=0 | data=64128000 B/step  cum=3911808000 B
step 62  updateFluff=0.175096 s  compute=0.145039 s  save=0.0 s
  comm[62] put=9 get=507 on=64 amo=0 | data=64128000 B/step  cum=3975936000 B
step 63  updateFluff=0.173627 s  compute=0.143535 s  save=0.0 s
  comm[63] put=9 get=505 on=64 amo=0 | data=64128000 B/step  cum=4040064000 B
step 64  updateFluff=0.176438 s  compute=0.14481 s  save=0.0 s
  comm[64] put=9 get=507 on=64 amo=0 | data=64128000 B/step  cum=4104192000 B
step 65  updateFluff=0.201585 s  compute=0.143243 s  save=0.0 s
  comm[65] put=9 get=505 on=64 amo=0 | data=64128000 B/step  cum=4168320000 B
step 66  updateFluff=0.174086 s  compute=0.144881 s  save=1e-06 s
  comm[66] put=9 get=507 on=64 amo=0 | data=64128000 B/step  cum=4232448000 B
step 67  updateFluff=0.208318 s  compute=0.143596 s  save=0.0 s
  comm[67] put=9 get=505 on=64 amo=0 | data=64128000 B/step  cum=4296576000 B
step 68  updateFluff=0.212572 s  compute=0.144667 s  save=1e-06 s
  comm[68] put=9 get=507 on=64 amo=0 | data=64128000 B/step  cum=4360704000 B
step 69  updateFluff=0.208297 s  compute=0.143164 s  save=1e-06 s
  comm[69] put=9 get=505 on=64 amo=0 | data=64128000 B/step  cum=4424832000 B
step 70  updateFluff=0.196753 s  compute=0.14486 s  save=0.0 s
  comm[70] put=9 get=507 on=64 amo=0 | data=64128000 B/step  cum=4488960000 B
step 71  updateFluff=0.182418 s  compute=0.143114 s  save=0.0 s
  comm[71] put=9 get=505 on=64 amo=0 | data=64128000 B/step  cum=4553088000 B
step 72  updateFluff=0.178108 s  compute=0.144827 s  save=0.0 s
  comm[72] put=9 get=507 on=64 amo=0 | data=64128000 B/step  cum=4617216000 B
step 73  updateFluff=0.205423 s  compute=0.143217 s  save=0.0 s
  comm[73] put=9 get=505 on=64 amo=0 | data=64128000 B/step  cum=4681344000 B
step 74  updateFluff=0.200471 s  compute=0.144752 s  save=0.0 s
  comm[74] put=9 get=507 on=64 amo=0 | data=64128000 B/step  cum=4745472000 B
step 75  updateFluff=0.179707 s  compute=0.143093 s  save=0.0 s
  comm[75] put=9 get=505 on=64 amo=0 | data=64128000 B/step  cum=4809600000 B
step 76  updateFluff=0.178072 s  compute=0.144825 s  save=0.0 s
  comm[76] put=9 get=507 on=64 amo=0 | data=64128000 B/step  cum=4873728000 B
step 77  updateFluff=0.187385 s  compute=0.143034 s  save=0.0 s
  comm[77] put=9 get=505 on=64 amo=0 | data=64128000 B/step  cum=4937856000 B
step 78  updateFluff=0.179009 s  compute=0.144856 s  save=0.0 s
  comm[78] put=9 get=507 on=64 amo=0 | data=64128000 B/step  cum=5001984000 B
step 79  updateFluff=0.195024 s  compute=0.143179 s  save=0.0 s
  comm[79] put=9 get=505 on=64 amo=0 | data=64128000 B/step  cum=5066112000 B
step 80  updateFluff=0.180022 s  compute=0.144685 s  save=0.0 s
  comm[80] put=9 get=507 on=64 amo=0 | data=64128000 B/step  cum=5130240000 B
step 81  updateFluff=0.217514 s  compute=0.143156 s  save=0.0 s
  comm[81] put=9 get=505 on=64 amo=0 | data=64128000 B/step  cum=5194368000 B
step 82  updateFluff=0.176379 s  compute=0.14516 s  save=0.0 s
  comm[82] put=9 get=507 on=64 amo=0 | data=64128000 B/step  cum=5258496000 B
step 83  updateFluff=0.216227 s  compute=0.143149 s  save=0.0 s
  comm[83] put=9 get=505 on=64 amo=0 | data=64128000 B/step  cum=5322624000 B
step 84  updateFluff=0.177378 s  compute=0.144775 s  save=0.0 s
  comm[84] put=9 get=507 on=64 amo=0 | data=64128000 B/step  cum=5386752000 B
step 85  updateFluff=0.205709 s  compute=0.143151 s  save=0.0 s
  comm[85] put=9 get=505 on=64 amo=0 | data=64128000 B/step  cum=5450880000 B
step 86  updateFluff=0.17624 s  compute=0.144717 s  save=0.0 s
  comm[86] put=9 get=507 on=64 amo=0 | data=64128000 B/step  cum=5515008000 B
step 87  updateFluff=0.191553 s  compute=0.143137 s  save=0.0 s
  comm[87] put=9 get=505 on=64 amo=0 | data=64128000 B/step  cum=5579136000 B
step 88  updateFluff=0.196705 s  compute=0.144696 s  save=0.0 s
  comm[88] put=9 get=507 on=64 amo=0 | data=64128000 B/step  cum=5643264000 B
step 89  updateFluff=0.176417 s  compute=0.14322 s  save=0.0 s
  comm[89] put=9 get=505 on=64 amo=0 | data=64128000 B/step  cum=5707392000 B
step 90  updateFluff=0.174151 s  compute=0.144758 s  save=0.0 s
  comm[90] put=9 get=507 on=64 amo=0 | data=64128000 B/step  cum=5771520000 B
step 91  updateFluff=0.215045 s  compute=0.143025 s  save=0.0 s
  comm[91] put=9 get=505 on=64 amo=0 | data=64128000 B/step  cum=5835648000 B
step 92  updateFluff=0.176288 s  compute=0.144905 s  save=0.0 s
  comm[92] put=9 get=507 on=64 amo=0 | data=64128000 B/step  cum=5899776000 B
step 93  updateFluff=0.174286 s  compute=0.143305 s  save=0.0 s
  comm[93] put=9 get=505 on=64 amo=0 | data=64128000 B/step  cum=5963904000 B
step 94  updateFluff=0.186504 s  compute=0.144827 s  save=1e-06 s
  comm[94] put=9 get=507 on=64 amo=0 | data=64128000 B/step  cum=6028032000 B
step 95  updateFluff=0.185877 s  compute=0.143076 s  save=0.0 s
  comm[95] put=9 get=505 on=64 amo=0 | data=64128000 B/step  cum=6092160000 B
step 96  updateFluff=0.175551 s  compute=0.144788 s  save=0.0 s
  comm[96] put=9 get=507 on=64 amo=0 | data=64128000 B/step  cum=6156288000 B
step 97  updateFluff=0.180518 s  compute=0.143163 s  save=0.0 s
  comm[97] put=9 get=505 on=64 amo=0 | data=64128000 B/step  cum=6220416000 B
step 98  updateFluff=0.176759 s  compute=0.144926 s  save=1e-06 s
  comm[98] put=9 get=507 on=64 amo=0 | data=64128000 B/step  cum=6284544000 B
step 99  updateFluff=0.195692 s  compute=0.143289 s  save=0.0 s
  comm[99] put=9 get=505 on=64 amo=0 | data=64128000 B/step  cum=6348672000 B
step 100  updateFluff=0.183751 s  compute=0.145067 s  save=0.0 s
  comm[100] put=9 get=507 on=64 amo=0 | data=64128000 B/step  cum=6412800000 B
[mem] after run locale 0: 2001.43 MB
[mem] after run locale 1: 1996.23 MB
[mem] after run locale 2: 1996.23 MB
[mem] after run locale 3: 1996.23 MB
[mem] after run locale 4: 1990.29 MB
[mem] after run locale 5: 1990.29 MB
[mem] after run locale 6: 1996.23 MB
[mem] after run locale 7: 1990.29 MB
[mem] after run locale 8: 1990.29 MB
final field: min=1.0 max=2.0 sum=1.00518e+09
Execution time:    33.7153 s
