[cfg] threadsPerLocale(requested)=2 numLocales=9
Initialization time: 0.490063 s
[mem] after init (u+un allocated) locale 0: 2001.43 MB
[mem] after init (u+un allocated) locale 1: 1996.23 MB
[mem] after init (u+un allocated) locale 2: 1996.23 MB
[mem] after init (u+un allocated) locale 3: 1996.23 MB
[mem] after init (u+un allocated) locale 4: 1990.29 MB
[mem] after init (u+un allocated) locale 5: 1990.29 MB
[mem] after init (u+un allocated) locale 6: 1996.23 MB
[mem] after init (u+un allocated) locale 7: 1990.29 MB
[mem] after init (u+un allocated) locale 8: 1990.29 MB
[cfg] locale 0 maxTaskPar=2
[cfg] locale 1 maxTaskPar=2
[cfg] locale 2 maxTaskPar=2
[cfg] locale 3 maxTaskPar=2
[cfg] locale 4 maxTaskPar=2
[cfg] locale 5 maxTaskPar=2
[cfg] locale 6 maxTaskPar=2
[cfg] locale 7 maxTaskPar=2
[cfg] locale 8 maxTaskPar=2
[comm] 64128000 B/step across 9 locale(s)
step 1  updateFluff=0.179441 s  compute=0.143608 s  save=0.0 s
  comm[1] put=0 get=514 on=56 amo=0 | data=64128000 B/step  cum=64128000 B
step 2  updateFluff=0.180579 s  compute=0.144786 s  save=1e-06 s
  comm[2] put=9 get=515 on=64 amo=0 | data=64128000 B/step  cum=128256000 B
step 3  updateFluff=0.205248 s  compute=0.143856 s  save=0.0 s
  comm[3] put=9 get=514 on=64 amo=0 | data=64128000 B/step  cum=192384000 B
step 4  updateFluff=0.20776 s  compute=0.144696 s  save=0.0 s
  comm[4] put=9 get=515 on=64 amo=0 | data=64128000 B/step  cum=256512000 B
step 5  updateFluff=0.214066 s  compute=0.144016 s  save=0.0 s
  comm[5] put=9 get=514 on=64 amo=0 | data=64128000 B/step  cum=320640000 B
step 6  updateFluff=0.187955 s  compute=0.14443 s  save=0.0 s
  comm[6] put=9 get=515 on=64 amo=0 | data=64128000 B/step  cum=384768000 B
step 7  updateFluff=0.177342 s  compute=0.143951 s  save=0.0 s
  comm[7] put=9 get=514 on=64 amo=0 | data=64128000 B/step  cum=448896000 B
step 8  updateFluff=0.207322 s  compute=0.144927 s  save=0.0 s
  comm[8] put=9 get=515 on=64 amo=0 | data=64128000 B/step  cum=513024000 B
step 9  updateFluff=0.206238 s  compute=0.14374 s  save=0.0 s
  comm[9] put=9 get=514 on=64 amo=0 | data=64128000 B/step  cum=577152000 B
step 10  updateFluff=0.192675 s  compute=0.144574 s  save=0.0 s
  comm[10] put=9 get=515 on=64 amo=0 | data=64128000 B/step  cum=641280000 B
step 11  updateFluff=0.204554 s  compute=0.143936 s  save=0.0 s
  comm[11] put=9 get=514 on=64 amo=0 | data=64128000 B/step  cum=705408000 B
step 12  updateFluff=0.189116 s  compute=0.145367 s  save=0.0 s
  comm[12] put=9 get=515 on=64 amo=0 | data=64128000 B/step  cum=769536000 B
step 13  updateFluff=0.184338 s  compute=0.143716 s  save=0.0 s
  comm[13] put=9 get=514 on=64 amo=0 | data=64128000 B/step  cum=833664000 B
step 14  updateFluff=0.184779 s  compute=0.144722 s  save=0.0 s
  comm[14] put=9 get=515 on=64 amo=0 | data=64128000 B/step  cum=897792000 B
step 15  updateFluff=0.204813 s  compute=0.143908 s  save=0.0 s
  comm[15] put=9 get=514 on=64 amo=0 | data=64128000 B/step  cum=961920000 B
step 16  updateFluff=0.189212 s  compute=0.144525 s  save=0.0 s
  comm[16] put=9 get=515 on=64 amo=0 | data=64128000 B/step  cum=1026048000 B
step 17  updateFluff=0.173639 s  compute=0.143723 s  save=1e-06 s
  comm[17] put=9 get=514 on=64 amo=0 | data=64128000 B/step  cum=1090176000 B
step 18  updateFluff=0.178108 s  compute=0.144936 s  save=0.0 s
  comm[18] put=9 get=515 on=64 amo=0 | data=64128000 B/step  cum=1154304000 B
step 19  updateFluff=0.186442 s  compute=0.143651 s  save=1e-06 s
  comm[19] put=9 get=514 on=64 amo=0 | data=64128000 B/step  cum=1218432000 B
step 20  updateFluff=0.185673 s  compute=0.144593 s  save=1e-06 s
  comm[20] put=9 get=515 on=64 amo=0 | data=64128000 B/step  cum=1282560000 B
step 21  updateFluff=0.17521 s  compute=0.143598 s  save=0.0 s
  comm[21] put=9 get=514 on=64 amo=0 | data=64128000 B/step  cum=1346688000 B
step 22  updateFluff=0.177748 s  compute=0.144925 s  save=0.0 s
  comm[22] put=9 get=515 on=64 amo=0 | data=64128000 B/step  cum=1410816000 B
step 23  updateFluff=0.176492 s  compute=0.143895 s  save=0.0 s
  comm[23] put=9 get=514 on=64 amo=0 | data=64128000 B/step  cum=1474944000 B
step 24  updateFluff=0.18594 s  compute=0.144952 s  save=0.0 s
  comm[24] put=9 get=515 on=64 amo=0 | data=64128000 B/step  cum=1539072000 B
step 25  updateFluff=0.176938 s  compute=0.143652 s  save=2e-06 s
  comm[25] put=9 get=514 on=64 amo=0 | data=64128000 B/step  cum=1603200000 B
step 26  updateFluff=0.207138 s  compute=0.144817 s  save=1e-06 s
  comm[26] put=9 get=515 on=64 amo=0 | data=64128000 B/step  cum=1667328000 B
step 27  updateFluff=0.174399 s  compute=0.143455 s  save=0.0 s
  comm[27] put=9 get=514 on=64 amo=0 | data=64128000 B/step  cum=1731456000 B
step 28  updateFluff=0.185901 s  compute=0.144901 s  save=2e-06 s
  comm[28] put=9 get=515 on=64 amo=0 | data=64128000 B/step  cum=1795584000 B
step 29  updateFluff=0.209752 s  compute=0.14351 s  save=0.0 s
  comm[29] put=9 get=514 on=64 amo=0 | data=64128000 B/step  cum=1859712000 B
step 30  updateFluff=0.205935 s  compute=0.144888 s  save=1e-06 s
  comm[30] put=9 get=515 on=64 amo=0 | data=64128000 B/step  cum=1923840000 B
step 31  updateFluff=0.173354 s  compute=0.143564 s  save=0.0 s
  comm[31] put=9 get=514 on=64 amo=0 | data=64128000 B/step  cum=1987968000 B
step 32  updateFluff=0.201941 s  compute=0.144855 s  save=0.0 s
  comm[32] put=9 get=515 on=64 amo=0 | data=64128000 B/step  cum=2052096000 B
step 33  updateFluff=0.17266 s  compute=0.143553 s  save=0.0 s
  comm[33] put=9 get=514 on=64 amo=0 | data=64128000 B/step  cum=2116224000 B
step 34  updateFluff=0.208879 s  compute=0.14493 s  save=1e-06 s
  comm[34] put=9 get=515 on=64 amo=0 | data=64128000 B/step  cum=2180352000 B
step 35  updateFluff=0.206307 s  compute=0.143652 s  save=0.0 s
  comm[35] put=9 get=514 on=64 amo=0 | data=64128000 B/step  cum=2244480000 B
step 36  updateFluff=0.191163 s  compute=0.145332 s  save=0.0 s
  comm[36] put=9 get=515 on=64 amo=0 | data=64128000 B/step  cum=2308608000 B
step 37  updateFluff=0.186406 s  compute=0.143693 s  save=0.0 s
  comm[37] put=9 get=514 on=64 amo=0 | data=64128000 B/step  cum=2372736000 B
step 38  updateFluff=0.192041 s  compute=0.144918 s  save=0.0 s
  comm[38] put=9 get=515 on=64 amo=0 | data=64128000 B/step  cum=2436864000 B
step 39  updateFluff=0.183873 s  compute=0.143772 s  save=0.0 s
  comm[39] put=9 get=514 on=64 amo=0 | data=64128000 B/step  cum=2500992000 B
step 40  updateFluff=0.178096 s  compute=0.144894 s  save=0.0 s
  comm[40] put=9 get=515 on=64 amo=0 | data=64128000 B/step  cum=2565120000 B
step 41  updateFluff=0.196386 s  compute=0.143467 s  save=0.0 s
  comm[41] put=9 get=514 on=64 amo=0 | data=64128000 B/step  cum=2629248000 B
step 42  updateFluff=0.187195 s  compute=0.145158 s  save=0.0 s
  comm[42] put=9 get=515 on=64 amo=0 | data=64128000 B/step  cum=2693376000 B
step 43  updateFluff=0.175502 s  compute=0.14374 s  save=0.0 s
  comm[43] put=9 get=514 on=64 amo=0 | data=64128000 B/step  cum=2757504000 B
step 44  updateFluff=0.21233 s  compute=0.144784 s  save=0.0 s
  comm[44] put=9 get=515 on=64 amo=0 | data=64128000 B/step  cum=2821632000 B
step 45  updateFluff=0.214554 s  compute=0.143734 s  save=0.0 s
  comm[45] put=9 get=514 on=64 amo=0 | data=64128000 B/step  cum=2885760000 B
step 46  updateFluff=0.18111 s  compute=0.144919 s  save=0.0 s
  comm[46] put=9 get=515 on=64 amo=0 | data=64128000 B/step  cum=2949888000 B
step 47  updateFluff=0.210479 s  compute=0.143424 s  save=1e-06 s
  comm[47] put=9 get=514 on=64 amo=0 | data=64128000 B/step  cum=3014016000 B
step 48  updateFluff=0.219346 s  compute=0.14484 s  save=0.0 s
  comm[48] put=9 get=515 on=64 amo=0 | data=64128000 B/step  cum=3078144000 B
step 49  updateFluff=0.210269 s  compute=0.143851 s  save=0.0 s
  comm[49] put=9 get=514 on=64 amo=0 | data=64128000 B/step  cum=3142272000 B
step 50  updateFluff=0.206245 s  compute=0.144955 s  save=0.0 s
  comm[50] put=9 get=515 on=64 amo=0 | data=64128000 B/step  cum=3206400000 B
step 51  updateFluff=0.172227 s  compute=0.143568 s  save=0.0 s
  comm[51] put=9 get=514 on=64 amo=0 | data=64128000 B/step  cum=3270528000 B
step 52  updateFluff=0.182743 s  compute=0.145126 s  save=0.0 s
  comm[52] put=9 get=515 on=64 amo=0 | data=64128000 B/step  cum=3334656000 B
step 53  updateFluff=0.184862 s  compute=0.143477 s  save=2e-06 s
  comm[53] put=9 get=514 on=64 amo=0 | data=64128000 B/step  cum=3398784000 B
step 54  updateFluff=0.178045 s  compute=0.14492 s  save=0.0 s
  comm[54] put=9 get=515 on=64 amo=0 | data=64128000 B/step  cum=3462912000 B
step 55  updateFluff=0.177959 s  compute=0.143657 s  save=1e-06 s
  comm[55] put=9 get=514 on=64 amo=0 | data=64128000 B/step  cum=3527040000 B
step 56  updateFluff=0.17794 s  compute=0.144961 s  save=0.0 s
  comm[56] put=9 get=515 on=64 amo=0 | data=64128000 B/step  cum=3591168000 B
step 57  updateFluff=0.18733 s  compute=0.143545 s  save=0.0 s
  comm[57] put=9 get=514 on=64 amo=0 | data=64128000 B/step  cum=3655296000 B
step 58  updateFluff=0.184189 s  compute=0.145655 s  save=0.0 s
  comm[58] put=9 get=515 on=64 amo=0 | data=64128000 B/step  cum=3719424000 B
step 59  updateFluff=0.185267 s  compute=0.143447 s  save=1e-06 s
  comm[59] put=9 get=514 on=64 amo=0 | data=64128000 B/step  cum=3783552000 B
step 60  updateFluff=0.207013 s  compute=0.144961 s  save=0.0 s
  comm[60] put=9 get=515 on=64 amo=0 | data=64128000 B/step  cum=3847680000 B
step 61  updateFluff=0.185916 s  compute=0.143744 s  save=1e-06 s
  comm[61] put=9 get=514 on=64 amo=0 | data=64128000 B/step  cum=3911808000 B
step 62  updateFluff=0.220065 s  compute=0.144665 s  save=0.0 s
  comm[62] put=9 get=515 on=64 amo=0 | data=64128000 B/step  cum=3975936000 B
step 63  updateFluff=0.210682 s  compute=0.14346 s  save=0.0 s
  comm[63] put=9 get=514 on=64 amo=0 | data=64128000 B/step  cum=4040064000 B
step 64  updateFluff=0.196985 s  compute=0.144935 s  save=0.0 s
  comm[64] put=9 get=515 on=64 amo=0 | data=64128000 B/step  cum=4104192000 B
step 65  updateFluff=0.185003 s  compute=0.143362 s  save=2e-06 s
  comm[65] put=9 get=514 on=64 amo=0 | data=64128000 B/step  cum=4168320000 B
step 66  updateFluff=0.188488 s  compute=0.144881 s  save=0.0 s
  comm[66] put=9 get=515 on=64 amo=0 | data=64128000 B/step  cum=4232448000 B
step 67  updateFluff=0.2146 s  compute=0.143358 s  save=0.0 s
  comm[67] put=9 get=514 on=64 amo=0 | data=64128000 B/step  cum=4296576000 B
step 68  updateFluff=0.214425 s  compute=0.145181 s  save=0.0 s
  comm[68] put=9 get=515 on=64 amo=0 | data=64128000 B/step  cum=4360704000 B
step 69  updateFluff=0.178078 s  compute=0.14387 s  save=0.0 s
  comm[69] put=9 get=514 on=64 amo=0 | data=64128000 B/step  cum=4424832000 B
step 70  updateFluff=0.187393 s  compute=0.145037 s  save=0.0 s
  comm[70] put=9 get=515 on=64 amo=0 | data=64128000 B/step  cum=4488960000 B
step 71  updateFluff=0.211332 s  compute=0.143802 s  save=0.0 s
  comm[71] put=9 get=514 on=64 amo=0 | data=64128000 B/step  cum=4553088000 B
step 72  updateFluff=0.205642 s  compute=0.144938 s  save=0.0 s
  comm[72] put=9 get=515 on=64 amo=0 | data=64128000 B/step  cum=4617216000 B
step 73  updateFluff=0.18454 s  compute=0.143367 s  save=2e-06 s
  comm[73] put=9 get=514 on=64 amo=0 | data=64128000 B/step  cum=4681344000 B
step 74  updateFluff=0.210298 s  compute=0.14495 s  save=0.0 s
  comm[74] put=9 get=515 on=64 amo=0 | data=64128000 B/step  cum=4745472000 B
step 75  updateFluff=0.206032 s  compute=0.144338 s  save=1e-06 s
  comm[75] put=9 get=514 on=64 amo=0 | data=64128000 B/step  cum=4809600000 B
step 76  updateFluff=0.184201 s  compute=0.144535 s  save=1e-06 s
  comm[76] put=9 get=515 on=64 amo=0 | data=64128000 B/step  cum=4873728000 B
step 77  updateFluff=0.177039 s  compute=0.143891 s  save=1e-06 s
  comm[77] put=9 get=514 on=64 amo=0 | data=64128000 B/step  cum=4937856000 B
step 78  updateFluff=0.185313 s  compute=0.14475 s  save=1e-06 s
  comm[78] put=9 get=515 on=64 amo=0 | data=64128000 B/step  cum=5001984000 B
step 79  updateFluff=0.202752 s  compute=0.143356 s  save=0.0 s
  comm[79] put=9 get=514 on=64 amo=0 | data=64128000 B/step  cum=5066112000 B
step 80  updateFluff=0.179053 s  compute=0.145153 s  save=0.0 s
  comm[80] put=9 get=515 on=64 amo=0 | data=64128000 B/step  cum=5130240000 B
step 81  updateFluff=0.200251 s  compute=0.143757 s  save=0.0 s
  comm[81] put=9 get=514 on=64 amo=0 | data=64128000 B/step  cum=5194368000 B
step 82  updateFluff=0.202235 s  compute=0.144299 s  save=0.0 s
  comm[82] put=9 get=515 on=64 amo=0 | data=64128000 B/step  cum=5258496000 B
step 83  updateFluff=0.185686 s  compute=0.143523 s  save=0.0 s
  comm[83] put=9 get=514 on=64 amo=0 | data=64128000 B/step  cum=5322624000 B
step 84  updateFluff=0.214332 s  compute=0.144938 s  save=1e-06 s
  comm[84] put=9 get=515 on=64 amo=0 | data=64128000 B/step  cum=5386752000 B
step 85  updateFluff=0.186198 s  compute=0.143537 s  save=1e-06 s
  comm[85] put=9 get=514 on=64 amo=0 | data=64128000 B/step  cum=5450880000 B
step 86  updateFluff=0.218596 s  compute=0.145112 s  save=1e-06 s
  comm[86] put=9 get=515 on=64 amo=0 | data=64128000 B/step  cum=5515008000 B
step 87  updateFluff=0.173142 s  compute=0.143705 s  save=0.0 s
  comm[87] put=9 get=514 on=64 amo=0 | data=64128000 B/step  cum=5579136000 B
step 88  updateFluff=0.181655 s  compute=0.144691 s  save=1e-06 s
  comm[88] put=9 get=515 on=64 amo=0 | data=64128000 B/step  cum=5643264000 B
step 89  updateFluff=0.208488 s  compute=0.14383 s  save=0.0 s
  comm[89] put=9 get=514 on=64 amo=0 | data=64128000 B/step  cum=5707392000 B
step 90  updateFluff=0.19004 s  compute=0.145252 s  save=0.0 s
  comm[90] put=9 get=515 on=64 amo=0 | data=64128000 B/step  cum=5771520000 B
step 91  updateFluff=0.173018 s  compute=0.143659 s  save=1e-06 s
  comm[91] put=9 get=514 on=64 amo=0 | data=64128000 B/step  cum=5835648000 B
step 92  updateFluff=0.185747 s  compute=0.144698 s  save=0.0 s
  comm[92] put=9 get=515 on=64 amo=0 | data=64128000 B/step  cum=5899776000 B
step 93  updateFluff=0.176246 s  compute=0.144458 s  save=0.0 s
  comm[93] put=9 get=514 on=64 amo=0 | data=64128000 B/step  cum=5963904000 B
step 94  updateFluff=0.191506 s  compute=0.144773 s  save=0.0 s
  comm[94] put=9 get=515 on=64 amo=0 | data=64128000 B/step  cum=6028032000 B
step 95  updateFluff=0.202533 s  compute=0.143862 s  save=0.0 s
  comm[95] put=9 get=514 on=64 amo=0 | data=64128000 B/step  cum=6092160000 B
step 96  updateFluff=0.219662 s  compute=0.1451 s  save=0.0 s
  comm[96] put=9 get=515 on=64 amo=0 | data=64128000 B/step  cum=6156288000 B
step 97  updateFluff=0.205043 s  compute=0.14349 s  save=0.0 s
  comm[97] put=9 get=514 on=64 amo=0 | data=64128000 B/step  cum=6220416000 B
step 98  updateFluff=0.210026 s  compute=0.144535 s  save=0.0 s
  comm[98] put=9 get=515 on=64 amo=0 | data=64128000 B/step  cum=6284544000 B
step 99  updateFluff=0.201428 s  compute=0.143655 s  save=0.0 s
  comm[99] put=9 get=514 on=64 amo=0 | data=64128000 B/step  cum=6348672000 B
step 100  updateFluff=0.184435 s  compute=0.145283 s  save=0.0 s
  comm[100] put=9 get=515 on=64 amo=0 | data=64128000 B/step  cum=6412800000 B
[mem] after run locale 0: 2001.43 MB
[mem] after run locale 1: 1996.23 MB
[mem] after run locale 2: 1996.23 MB
[mem] after run locale 3: 1996.23 MB
[mem] after run locale 4: 1990.29 MB
[mem] after run locale 5: 1990.29 MB
[mem] after run locale 6: 1996.23 MB
[mem] after run locale 7: 1990.29 MB
[mem] after run locale 8: 1990.29 MB
final field: min=1.0 max=2.0 sum=1.00518e+09
Execution time:    34.2443 s
