[cfg] threadsPerLocale(requested)=2 numLocales=9
Initialization time: 0.483241 s
[mem] after init (u+un allocated) locale 0: 2001.43 MB
[mem] after init (u+un allocated) locale 1: 1996.23 MB
[mem] after init (u+un allocated) locale 2: 1996.23 MB
[mem] after init (u+un allocated) locale 3: 1996.23 MB
[mem] after init (u+un allocated) locale 4: 1990.29 MB
[mem] after init (u+un allocated) locale 5: 1990.29 MB
[mem] after init (u+un allocated) locale 6: 1996.23 MB
[mem] after init (u+un allocated) locale 7: 1990.29 MB
[mem] after init (u+un allocated) locale 8: 1990.29 MB
[cfg] locale 0 maxTaskPar=2
[cfg] locale 1 maxTaskPar=2
[cfg] locale 2 maxTaskPar=2
[cfg] locale 3 maxTaskPar=2
[cfg] locale 4 maxTaskPar=2
[cfg] locale 5 maxTaskPar=2
[cfg] locale 6 maxTaskPar=2
[cfg] locale 7 maxTaskPar=2
[cfg] locale 8 maxTaskPar=2
[comm] 64128000 B/step across 9 locale(s)
step 1  updateFluff=0.210773 s  compute=0.143814 s  save=0.0 s
  comm[1] put=0 get=501 on=56 amo=0 | data=64128000 B/step  cum=64128000 B
step 2  updateFluff=0.20421 s  compute=0.144283 s  save=0.0 s
  comm[2] put=9 get=501 on=64 amo=0 | data=64128000 B/step  cum=128256000 B
step 3  updateFluff=0.197673 s  compute=0.143964 s  save=0.0 s
  comm[3] put=9 get=501 on=64 amo=0 | data=64128000 B/step  cum=192384000 B
step 4  updateFluff=0.203026 s  compute=0.144222 s  save=1e-06 s
  comm[4] put=9 get=501 on=64 amo=0 | data=64128000 B/step  cum=256512000 B
step 5  updateFluff=0.208566 s  compute=0.14347 s  save=1e-06 s
  comm[5] put=9 get=501 on=64 amo=0 | data=64128000 B/step  cum=320640000 B
step 6  updateFluff=0.203011 s  compute=0.144242 s  save=0.0 s
  comm[6] put=9 get=501 on=64 amo=0 | data=64128000 B/step  cum=384768000 B
step 7  updateFluff=0.208409 s  compute=0.143525 s  save=0.0 s
  comm[7] put=9 get=501 on=64 amo=0 | data=64128000 B/step  cum=448896000 B
step 8  updateFluff=0.195471 s  compute=0.144091 s  save=0.0 s
  comm[8] put=9 get=501 on=64 amo=0 | data=64128000 B/step  cum=513024000 B
step 9  updateFluff=0.20682 s  compute=0.143482 s  save=0.0 s
  comm[9] put=9 get=501 on=64 amo=0 | data=64128000 B/step  cum=577152000 B
step 10  updateFluff=0.197213 s  compute=0.14448 s  save=0.0 s
  comm[10] put=9 get=501 on=64 amo=0 | data=64128000 B/step  cum=641280000 B
step 11  updateFluff=0.209309 s  compute=0.143437 s  save=0.0 s
  comm[11] put=9 get=501 on=64 amo=0 | data=64128000 B/step  cum=705408000 B
step 12  updateFluff=0.208492 s  compute=0.144611 s  save=1e-06 s
  comm[12] put=9 get=501 on=64 amo=0 | data=64128000 B/step  cum=769536000 B
step 13  updateFluff=0.208342 s  compute=0.143621 s  save=0.0 s
  comm[13] put=9 get=501 on=64 amo=0 | data=64128000 B/step  cum=833664000 B
step 14  updateFluff=0.210145 s  compute=0.144586 s  save=0.0 s
  comm[14] put=9 get=501 on=64 amo=0 | data=64128000 B/step  cum=897792000 B
step 15  updateFluff=0.183355 s  compute=0.143365 s  save=0.0 s
  comm[15] put=9 get=501 on=64 amo=0 | data=64128000 B/step  cum=961920000 B
step 16  updateFluff=0.206313 s  compute=0.144088 s  save=0.0 s
  comm[16] put=9 get=501 on=64 amo=0 | data=64128000 B/step  cum=1026048000 B
step 17  updateFluff=0.191765 s  compute=0.143747 s  save=1e-06 s
  comm[17] put=9 get=501 on=64 amo=0 | data=64128000 B/step  cum=1090176000 B
step 18  updateFluff=0.208037 s  compute=0.144277 s  save=0.0 s
  comm[18] put=9 get=501 on=64 amo=0 | data=64128000 B/step  cum=1154304000 B
step 19  updateFluff=0.208496 s  compute=0.143532 s  save=0.0 s
  comm[19] put=9 get=501 on=64 amo=0 | data=64128000 B/step  cum=1218432000 B
step 20  updateFluff=0.210192 s  compute=0.144469 s  save=0.0 s
  comm[20] put=9 get=501 on=64 amo=0 | data=64128000 B/step  cum=1282560000 B
step 21  updateFluff=0.209694 s  compute=0.143441 s  save=0.0 s
  comm[21] put=9 get=501 on=64 amo=0 | data=64128000 B/step  cum=1346688000 B
step 22  updateFluff=0.208271 s  compute=0.144372 s  save=0.0 s
  comm[22] put=9 get=501 on=64 amo=0 | data=64128000 B/step  cum=1410816000 B
step 23  updateFluff=0.212985 s  compute=0.143468 s  save=0.0 s
  comm[23] put=9 get=501 on=64 amo=0 | data=64128000 B/step  cum=1474944000 B
step 24  updateFluff=0.212241 s  compute=0.144462 s  save=0.0 s
  comm[24] put=9 get=501 on=64 amo=0 | data=64128000 B/step  cum=1539072000 B
step 25  updateFluff=0.208481 s  compute=0.143363 s  save=0.0 s
  comm[25] put=9 get=501 on=64 amo=0 | data=64128000 B/step  cum=1603200000 B
step 26  updateFluff=0.208401 s  compute=0.144307 s  save=1e-06 s
  comm[26] put=9 get=501 on=64 amo=0 | data=64128000 B/step  cum=1667328000 B
step 27  updateFluff=0.206109 s  compute=0.143438 s  save=1e-06 s
  comm[27] put=9 get=501 on=64 amo=0 | data=64128000 B/step  cum=1731456000 B
step 28  updateFluff=0.222332 s  compute=0.144495 s  save=0.0 s
  comm[28] put=9 get=501 on=64 amo=0 | data=64128000 B/step  cum=1795584000 B
step 29  updateFluff=0.20732 s  compute=0.143478 s  save=0.0 s
  comm[29] put=9 get=501 on=64 amo=0 | data=64128000 B/step  cum=1859712000 B
step 30  updateFluff=0.210612 s  compute=0.144108 s  save=0.0 s
  comm[30] put=9 get=501 on=64 amo=0 | data=64128000 B/step  cum=1923840000 B
step 31  updateFluff=0.209477 s  compute=0.143707 s  save=0.0 s
  comm[31] put=9 get=501 on=64 amo=0 | data=64128000 B/step  cum=1987968000 B
step 32  updateFluff=0.206655 s  compute=0.144112 s  save=0.0 s
  comm[32] put=9 get=501 on=64 amo=0 | data=64128000 B/step  cum=2052096000 B
step 33  updateFluff=0.205106 s  compute=0.143298 s  save=0.0 s
  comm[33] put=9 get=501 on=64 amo=0 | data=64128000 B/step  cum=2116224000 B
step 34  updateFluff=0.208002 s  compute=0.144161 s  save=0.0 s
  comm[34] put=9 get=501 on=64 amo=0 | data=64128000 B/step  cum=2180352000 B
step 35  updateFluff=0.208964 s  compute=0.143548 s  save=0.0 s
  comm[35] put=9 get=501 on=64 amo=0 | data=64128000 B/step  cum=2244480000 B
step 36  updateFluff=0.20932 s  compute=0.144299 s  save=1e-06 s
  comm[36] put=9 get=501 on=64 amo=0 | data=64128000 B/step  cum=2308608000 B
step 37  updateFluff=0.207039 s  compute=0.143706 s  save=0.0 s
  comm[37] put=9 get=501 on=64 amo=0 | data=64128000 B/step  cum=2372736000 B
step 38  updateFluff=0.202894 s  compute=0.144256 s  save=1e-06 s
  comm[38] put=9 get=501 on=64 amo=0 | data=64128000 B/step  cum=2436864000 B
step 39  updateFluff=0.20777 s  compute=0.143634 s  save=0.0 s
  comm[39] put=9 get=501 on=64 amo=0 | data=64128000 B/step  cum=2500992000 B
step 40  updateFluff=0.210858 s  compute=0.144313 s  save=0.0 s
  comm[40] put=9 get=501 on=64 amo=0 | data=64128000 B/step  cum=2565120000 B
step 41  updateFluff=0.212226 s  compute=0.143377 s  save=0.0 s
  comm[41] put=9 get=501 on=64 amo=0 | data=64128000 B/step  cum=2629248000 B
step 42  updateFluff=0.20783 s  compute=0.144674 s  save=0.0 s
  comm[42] put=9 get=501 on=64 amo=0 | data=64128000 B/step  cum=2693376000 B
step 43  updateFluff=0.186299 s  compute=0.143399 s  save=0.0 s
  comm[43] put=9 get=501 on=64 amo=0 | data=64128000 B/step  cum=2757504000 B
step 44  updateFluff=0.201562 s  compute=0.144137 s  save=0.0 s
  comm[44] put=9 get=501 on=64 amo=0 | data=64128000 B/step  cum=2821632000 B
step 45  updateFluff=0.205779 s  compute=0.143816 s  save=1e-06 s
  comm[45] put=9 get=501 on=64 amo=0 | data=64128000 B/step  cum=2885760000 B
step 46  updateFluff=0.208214 s  compute=0.144317 s  save=0.0 s
  comm[46] put=9 get=501 on=64 amo=0 | data=64128000 B/step  cum=2949888000 B
step 47  updateFluff=0.204847 s  compute=0.143497 s  save=1e-06 s
  comm[47] put=9 get=501 on=64 amo=0 | data=64128000 B/step  cum=3014016000 B
step 48  updateFluff=0.217861 s  compute=0.144475 s  save=0.0 s
  comm[48] put=9 get=501 on=64 amo=0 | data=64128000 B/step  cum=3078144000 B
step 49  updateFluff=0.208874 s  compute=0.143464 s  save=0.0 s
  comm[49] put=9 get=501 on=64 amo=0 | data=64128000 B/step  cum=3142272000 B
step 50  updateFluff=0.204853 s  compute=0.144047 s  save=1e-06 s
  comm[50] put=9 get=501 on=64 amo=0 | data=64128000 B/step  cum=3206400000 B
step 51  updateFluff=0.209088 s  compute=0.143135 s  save=0.0 s
  comm[51] put=9 get=501 on=64 amo=0 | data=64128000 B/step  cum=3270528000 B
step 52  updateFluff=0.171944 s  compute=0.144715 s  save=0.0 s
  comm[52] put=9 get=501 on=64 amo=0 | data=64128000 B/step  cum=3334656000 B
step 53  updateFluff=0.208323 s  compute=0.143411 s  save=0.0 s
  comm[53] put=9 get=501 on=64 amo=0 | data=64128000 B/step  cum=3398784000 B
step 54  updateFluff=0.209071 s  compute=0.144441 s  save=0.0 s
  comm[54] put=9 get=501 on=64 amo=0 | data=64128000 B/step  cum=3462912000 B
step 55  updateFluff=0.206667 s  compute=0.143808 s  save=0.0 s
  comm[55] put=9 get=501 on=64 amo=0 | data=64128000 B/step  cum=3527040000 B
step 56  updateFluff=0.208594 s  compute=0.144204 s  save=3e-06 s
  comm[56] put=9 get=501 on=64 amo=0 | data=64128000 B/step  cum=3591168000 B
step 57  updateFluff=0.209283 s  compute=0.143423 s  save=1e-06 s
  comm[57] put=9 get=501 on=64 amo=0 | data=64128000 B/step  cum=3655296000 B
step 58  updateFluff=0.213218 s  compute=0.144441 s  save=2e-06 s
  comm[58] put=9 get=501 on=64 amo=0 | data=64128000 B/step  cum=3719424000 B
step 59  updateFluff=0.205016 s  compute=0.143751 s  save=0.0 s
  comm[59] put=9 get=501 on=64 amo=0 | data=64128000 B/step  cum=3783552000 B
step 60  updateFluff=0.211643 s  compute=0.144369 s  save=0.0 s
  comm[60] put=9 get=501 on=64 amo=0 | data=64128000 B/step  cum=3847680000 B
step 61  updateFluff=0.210158 s  compute=0.143434 s  save=1e-06 s
  comm[61] put=9 get=501 on=64 amo=0 | data=64128000 B/step  cum=3911808000 B
step 62  updateFluff=0.210398 s  compute=0.144762 s  save=0.0 s
  comm[62] put=9 get=501 on=64 amo=0 | data=64128000 B/step  cum=3975936000 B
step 63  updateFluff=0.204766 s  compute=0.143631 s  save=0.0 s
  comm[63] put=9 get=501 on=64 amo=0 | data=64128000 B/step  cum=4040064000 B
step 64  updateFluff=0.208733 s  compute=0.144374 s  save=0.0 s
  comm[64] put=9 get=501 on=64 amo=0 | data=64128000 B/step  cum=4104192000 B
step 65  updateFluff=0.204107 s  compute=0.143429 s  save=0.0 s
  comm[65] put=9 get=501 on=64 amo=0 | data=64128000 B/step  cum=4168320000 B
step 66  updateFluff=0.209347 s  compute=0.144593 s  save=2e-06 s
  comm[66] put=9 get=501 on=64 amo=0 | data=64128000 B/step  cum=4232448000 B
step 67  updateFluff=0.209489 s  compute=0.143457 s  save=0.0 s
  comm[67] put=9 get=501 on=64 amo=0 | data=64128000 B/step  cum=4296576000 B
step 68  updateFluff=0.217062 s  compute=0.144453 s  save=0.0 s
  comm[68] put=9 get=501 on=64 amo=0 | data=64128000 B/step  cum=4360704000 B
step 69  updateFluff=0.209025 s  compute=0.143731 s  save=1e-06 s
  comm[69] put=9 get=501 on=64 amo=0 | data=64128000 B/step  cum=4424832000 B
step 70  updateFluff=0.201181 s  compute=0.144762 s  save=0.0 s
  comm[70] put=9 get=501 on=64 amo=0 | data=64128000 B/step  cum=4488960000 B
step 71  updateFluff=0.204929 s  compute=0.143577 s  save=0.0 s
  comm[71] put=9 get=501 on=64 amo=0 | data=64128000 B/step  cum=4553088000 B
step 72  updateFluff=0.188965 s  compute=0.144481 s  save=1e-06 s
  comm[72] put=9 get=501 on=64 amo=0 | data=64128000 B/step  cum=4617216000 B
step 73  updateFluff=0.213195 s  compute=0.143599 s  save=0.0 s
  comm[73] put=9 get=501 on=64 amo=0 | data=64128000 B/step  cum=4681344000 B
step 74  updateFluff=0.201996 s  compute=0.144271 s  save=0.0 s
  comm[74] put=9 get=501 on=64 amo=0 | data=64128000 B/step  cum=4745472000 B
step 75  updateFluff=0.207466 s  compute=0.143397 s  save=0.0 s
  comm[75] put=9 get=501 on=64 amo=0 | data=64128000 B/step  cum=4809600000 B
step 76  updateFluff=0.206413 s  compute=0.144578 s  save=0.0 s
  comm[76] put=9 get=501 on=64 amo=0 | data=64128000 B/step  cum=4873728000 B
step 77  updateFluff=0.206984 s  compute=0.143506 s  save=1e-06 s
  comm[77] put=9 get=501 on=64 amo=0 | data=64128000 B/step  cum=4937856000 B
step 78  updateFluff=0.210671 s  compute=0.144112 s  save=0.0 s
  comm[78] put=9 get=501 on=64 amo=0 | data=64128000 B/step  cum=5001984000 B
step 79  updateFluff=0.196429 s  compute=0.143705 s  save=0.0 s
  comm[79] put=9 get=501 on=64 amo=0 | data=64128000 B/step  cum=5066112000 B
step 80  updateFluff=0.208633 s  compute=0.14423 s  save=0.0 s
  comm[80] put=9 get=501 on=64 amo=0 | data=64128000 B/step  cum=5130240000 B
step 81  updateFluff=0.212515 s  compute=0.143695 s  save=1e-06 s
  comm[81] put=9 get=501 on=64 amo=0 | data=64128000 B/step  cum=5194368000 B
step 82  updateFluff=0.208021 s  compute=0.143989 s  save=0.0 s
  comm[82] put=9 get=501 on=64 amo=0 | data=64128000 B/step  cum=5258496000 B
step 83  updateFluff=0.186678 s  compute=0.143658 s  save=1e-06 s
  comm[83] put=9 get=501 on=64 amo=0 | data=64128000 B/step  cum=5322624000 B
step 84  updateFluff=0.175123 s  compute=0.144282 s  save=0.0 s
  comm[84] put=9 get=501 on=64 amo=0 | data=64128000 B/step  cum=5386752000 B
step 85  updateFluff=0.204433 s  compute=0.143383 s  save=0.0 s
  comm[85] put=9 get=501 on=64 amo=0 | data=64128000 B/step  cum=5450880000 B
step 86  updateFluff=0.198251 s  compute=0.144587 s  save=0.0 s
  comm[86] put=9 get=501 on=64 amo=0 | data=64128000 B/step  cum=5515008000 B
step 87  updateFluff=0.203747 s  compute=0.143417 s  save=0.0 s
  comm[87] put=9 get=501 on=64 amo=0 | data=64128000 B/step  cum=5579136000 B
step 88  updateFluff=0.208843 s  compute=0.144183 s  save=0.0 s
  comm[88] put=9 get=501 on=64 amo=0 | data=64128000 B/step  cum=5643264000 B
step 89  updateFluff=0.209177 s  compute=0.143537 s  save=0.0 s
  comm[89] put=9 get=501 on=64 amo=0 | data=64128000 B/step  cum=5707392000 B
step 90  updateFluff=0.208999 s  compute=0.144239 s  save=0.0 s
  comm[90] put=9 get=501 on=64 amo=0 | data=64128000 B/step  cum=5771520000 B
step 91  updateFluff=0.207391 s  compute=0.143396 s  save=0.0 s
  comm[91] put=9 get=501 on=64 amo=0 | data=64128000 B/step  cum=5835648000 B
step 92  updateFluff=0.202917 s  compute=0.144395 s  save=1e-06 s
  comm[92] put=9 get=501 on=64 amo=0 | data=64128000 B/step  cum=5899776000 B
step 93  updateFluff=0.20831 s  compute=0.143842 s  save=0.0 s
  comm[93] put=9 get=501 on=64 amo=0 | data=64128000 B/step  cum=5963904000 B
step 94  updateFluff=0.217839 s  compute=0.144097 s  save=0.0 s
  comm[94] put=9 get=501 on=64 amo=0 | data=64128000 B/step  cum=6028032000 B
step 95  updateFluff=0.20663 s  compute=0.143425 s  save=0.0 s
  comm[95] put=9 get=501 on=64 amo=0 | data=64128000 B/step  cum=6092160000 B
step 96  updateFluff=0.21024 s  compute=0.144638 s  save=0.0 s
  comm[96] put=9 get=501 on=64 amo=0 | data=64128000 B/step  cum=6156288000 B
step 97  updateFluff=0.208811 s  compute=0.143581 s  save=0.0 s
  comm[97] put=9 get=501 on=64 amo=0 | data=64128000 B/step  cum=6220416000 B
step 98  updateFluff=0.20424 s  compute=0.144267 s  save=0.0 s
  comm[98] put=9 get=501 on=64 amo=0 | data=64128000 B/step  cum=6284544000 B
step 99  updateFluff=0.204832 s  compute=0.143526 s  save=0.0 s
  comm[99] put=9 get=501 on=64 amo=0 | data=64128000 B/step  cum=6348672000 B
step 100  updateFluff=0.205532 s  compute=0.144619 s  save=0.0 s
  comm[100] put=9 get=501 on=64 amo=0 | data=64128000 B/step  cum=6412800000 B
[mem] after run locale 0: 2001.43 MB
[mem] after run locale 1: 1996.23 MB
[mem] after run locale 2: 1996.23 MB
[mem] after run locale 3: 1996.23 MB
[mem] after run locale 4: 1990.29 MB
[mem] after run locale 5: 1990.29 MB
[mem] after run locale 6: 1996.23 MB
[mem] after run locale 7: 1990.29 MB
[mem] after run locale 8: 1990.29 MB
final field: min=1.0 max=2.0 sum=1.00518e+09
Execution time:    35.5083 s
