[cfg] threadsPerLocale(requested)=20 numLocales=9
warning: QTHREADS: Reduced numThreadsPerLocale=20 to 16 to prevent oversubscription of the system.
warning: QTHREADS: Reduced numThreadsPerLocale=20 to 16 to prevent oversubscription of the system.
warning: QTHREADS: Reduced numThreadsPerLocale=20 to 16 to prevent oversubscription of the system.
warning: QTHREADS: Reduced numThreadsPerLocale=20 to 16 to prevent oversubscription of the system.
warning: QTHREADS: Reduced numThreadsPerLocale=20 to 16 to prevent oversubscription of the system.
warning: QTHREADS: Reduced numThreadsPerLocale=20 to 16 to prevent oversubscription of the system.
warning: QTHREADS: Reduced numThreadsPerLocale=20 to 16 to prevent oversubscription of the system.
warning: QTHREADS: Reduced numThreadsPerLocale=20 to 16 to prevent oversubscription of the system.
warning: QTHREADS: Reduced numThreadsPerLocale=20 to 16 to prevent oversubscription of the system.
Initialization time: 0.295554 s
[cfg] locale 0 maxTaskPar=16
[cfg] locale 1 maxTaskPar=16
[cfg] locale 2 maxTaskPar=16
[cfg] locale 3 maxTaskPar=16
[cfg] locale 4 maxTaskPar=16
[cfg] locale 5 maxTaskPar=16
[cfg] locale 6 maxTaskPar=16
[cfg] locale 7 maxTaskPar=16
[cfg] locale 8 maxTaskPar=16
step 1  updateFluff=0.19389 s  compute=0.00187 s  save=0.0 s
step 2  updateFluff=0.196173 s  compute=0.001816 s  save=0.0 s
step 3  updateFluff=0.195639 s  compute=0.001854 s  save=0.0 s
step 4  updateFluff=0.197655 s  compute=0.001753 s  save=0.0 s
step 5  updateFluff=0.196467 s  compute=0.001671 s  save=0.0 s
step 6  updateFluff=0.19551 s  compute=0.001809 s  save=0.0 s
step 7  updateFluff=0.195581 s  compute=0.00181 s  save=0.0 s
step 8  updateFluff=0.196415 s  compute=0.001762 s  save=0.0 s
step 9  updateFluff=0.195684 s  compute=0.001803 s  save=0.0 s
step 10  updateFluff=0.196349 s  compute=0.001839 s  save=0.0 s
step 11  updateFluff=0.195791 s  compute=0.001857 s  save=0.0 s
step 12  updateFluff=0.194975 s  compute=0.001738 s  save=0.0 s
step 13  updateFluff=0.195315 s  compute=0.001756 s  save=0.0 s
step 14  updateFluff=0.195645 s  compute=0.001833 s  save=0.0 s
step 15  updateFluff=0.197328 s  compute=0.001837 s  save=0.0 s
step 16  updateFluff=0.198702 s  compute=0.001867 s  save=0.0 s
step 17  updateFluff=0.195967 s  compute=0.001859 s  save=0.0 s
step 18  updateFluff=0.196511 s  compute=0.001827 s  save=0.0 s
step 19  updateFluff=0.196959 s  compute=0.001882 s  save=0.0 s
step 20  updateFluff=0.19666 s  compute=0.001749 s  save=0.0 s
step 21  updateFluff=0.195582 s  compute=0.001878 s  save=0.0 s
step 22  updateFluff=0.196695 s  compute=0.001878 s  save=0.0 s
step 23  updateFluff=0.197057 s  compute=0.001882 s  save=0.0 s
step 24  updateFluff=0.197019 s  compute=0.001817 s  save=0.0 s
step 25  updateFluff=0.195449 s  compute=0.001864 s  save=0.0 s
step 26  updateFluff=0.195943 s  compute=0.001804 s  save=0.0 s
step 27  updateFluff=0.195612 s  compute=0.003176 s  save=0.0 s
step 28  updateFluff=0.195362 s  compute=0.001883 s  save=0.0 s
step 29  updateFluff=0.197766 s  compute=0.001752 s  save=0.0 s
step 30  updateFluff=0.195204 s  compute=0.001747 s  save=0.0 s
step 31  updateFluff=0.196808 s  compute=0.001861 s  save=0.0 s
step 32  updateFluff=0.195061 s  compute=0.001745 s  save=0.0 s
step 33  updateFluff=0.19562 s  compute=0.001817 s  save=0.0 s
step 34  updateFluff=0.196478 s  compute=0.001877 s  save=0.0 s
step 35  updateFluff=0.194364 s  compute=0.001864 s  save=0.0 s
step 36  updateFluff=0.196385 s  compute=0.001895 s  save=0.0 s
step 37  updateFluff=0.196986 s  compute=0.00189 s  save=0.0 s
step 38  updateFluff=0.19583 s  compute=0.001998 s  save=0.0 s
step 39  updateFluff=0.195397 s  compute=0.001738 s  save=0.0 s
step 40  updateFluff=0.19478 s  compute=0.001835 s  save=0.0 s
step 41  updateFluff=0.196287 s  compute=0.001868 s  save=0.0 s
step 42  updateFluff=0.197103 s  compute=0.001814 s  save=0.0 s
step 43  updateFluff=0.196365 s  compute=0.001882 s  save=0.0 s
step 44  updateFluff=0.198217 s  compute=0.001876 s  save=0.0 s
step 45  updateFluff=0.20026 s  compute=0.001758 s  save=0.0 s
step 46  updateFluff=0.195526 s  compute=0.001875 s  save=0.0 s
step 47  updateFluff=0.19575 s  compute=0.00186 s  save=0.0 s
step 48  updateFluff=0.196537 s  compute=0.00186 s  save=1e-06 s
step 49  updateFluff=0.197517 s  compute=0.001888 s  save=0.0 s
step 50  updateFluff=0.195234 s  compute=0.001858 s  save=0.0 s
step 51  updateFluff=0.194944 s  compute=0.001855 s  save=0.0 s
step 52  updateFluff=0.197077 s  compute=0.001758 s  save=0.0 s
step 53  updateFluff=0.195145 s  compute=0.001825 s  save=0.0 s
step 54  updateFluff=0.198173 s  compute=0.001872 s  save=0.0 s
step 55  updateFluff=0.195731 s  compute=0.001862 s  save=0.0 s
step 56  updateFluff=0.196068 s  compute=0.001819 s  save=0.0 s
step 57  updateFluff=0.19566 s  compute=0.001872 s  save=0.0 s
step 58  updateFluff=0.19601 s  compute=0.001877 s  save=0.0 s
step 59  updateFluff=0.195615 s  compute=0.001752 s  save=0.0 s
step 60  updateFluff=0.196547 s  compute=0.001744 s  save=0.0 s
step 61  updateFluff=0.195121 s  compute=0.001755 s  save=0.0 s
step 62  updateFluff=0.194761 s  compute=0.001883 s  save=0.0 s
step 63  updateFluff=0.19472 s  compute=0.001864 s  save=0.0 s
step 64  updateFluff=0.196128 s  compute=0.001834 s  save=0.0 s
step 65  updateFluff=0.195437 s  compute=0.001886 s  save=0.0 s
step 66  updateFluff=0.194605 s  compute=0.001876 s  save=0.0 s
step 67  updateFluff=0.197459 s  compute=0.001855 s  save=0.0 s
step 68  updateFluff=0.195398 s  compute=0.001861 s  save=0.0 s
step 69  updateFluff=0.195314 s  compute=0.001858 s  save=0.0 s
step 70  updateFluff=0.196902 s  compute=0.001859 s  save=0.0 s
step 71  updateFluff=0.195065 s  compute=0.001739 s  save=0.0 s
step 72  updateFluff=0.195567 s  compute=0.001837 s  save=0.0 s
step 73  updateFluff=0.195589 s  compute=0.001834 s  save=0.0 s
step 74  updateFluff=0.197424 s  compute=0.00184 s  save=0.0 s
step 75  updateFluff=0.196407 s  compute=0.001871 s  save=0.0 s
step 76  updateFluff=0.195316 s  compute=0.001804 s  save=0.0 s
step 77  updateFluff=0.195193 s  compute=0.001757 s  save=0.0 s
step 78  updateFluff=0.196045 s  compute=0.001823 s  save=0.0 s
step 79  updateFluff=0.195043 s  compute=0.00187 s  save=0.0 s
step 80  updateFluff=0.194959 s  compute=0.001827 s  save=0.0 s
step 81  updateFluff=0.195146 s  compute=0.001869 s  save=0.0 s
step 82  updateFluff=0.195811 s  compute=0.001897 s  save=0.0 s
step 83  updateFluff=0.195656 s  compute=0.001859 s  save=0.0 s
step 84  updateFluff=0.195934 s  compute=0.001896 s  save=0.0 s
step 85  updateFluff=0.196288 s  compute=0.001857 s  save=0.0 s
step 86  updateFluff=0.195844 s  compute=0.001868 s  save=0.0 s
step 87  updateFluff=0.194505 s  compute=0.001931 s  save=0.0 s
step 88  updateFluff=0.194846 s  compute=0.00189 s  save=0.0 s
step 89  updateFluff=0.195697 s  compute=0.001857 s  save=0.0 s
step 90  updateFluff=0.196161 s  compute=0.001817 s  save=0.0 s
step 91  updateFluff=0.195178 s  compute=0.001847 s  save=0.0 s
step 92  updateFluff=0.196455 s  compute=0.001817 s  save=0.0 s
step 93  updateFluff=0.19521 s  compute=0.001969 s  save=0.0 s
step 94  updateFluff=0.195289 s  compute=0.001883 s  save=0.0 s
step 95  updateFluff=0.19486 s  compute=0.002 s  save=1e-06 s
step 96  updateFluff=0.196977 s  compute=0.001826 s  save=0.0 s
step 97  updateFluff=0.19711 s  compute=0.001871 s  save=0.0 s
step 98  updateFluff=0.196277 s  compute=0.00185 s  save=0.0 s
step 99  updateFluff=0.194759 s  compute=0.001874 s  save=0.0 s
step 100  updateFluff=0.196046 s  compute=0.001836 s  save=0.028438 s
final field: min=1.0 max=2.0 sum=1.04808e+06
Execution time:    19.9526 s
