[cfg] threadsPerLocale(requested)=20 numLocales=9
warning: QTHREADS: Reduced numThreadsPerLocale=20 to 16 to prevent oversubscription of the system.
warning: QTHREADS: Reduced numThreadsPerLocale=20 to 16 to prevent oversubscription of the system.
warning: QTHREADS: Reduced numThreadsPerLocale=20 to 16 to prevent oversubscription of the system.
warning: QTHREADS: Reduced numThreadsPerLocale=20 to 16 to prevent oversubscription of the system.
warning: QTHREADS: Reduced numThreadsPerLocale=20 to 16 to prevent oversubscription of the system.
warning: QTHREADS: Reduced numThreadsPerLocale=20 to 16 to prevent oversubscription of the system.
warning: QTHREADS: Reduced numThreadsPerLocale=20 to 16 to prevent oversubscription of the system.
warning: QTHREADS: Reduced numThreadsPerLocale=20 to 16 to prevent oversubscription of the system.
warning: QTHREADS: Reduced numThreadsPerLocale=20 to 16 to prevent oversubscription of the system.
Initialization time: 0.294691 s
[cfg] locale 0 maxTaskPar=16
[cfg] locale 1 maxTaskPar=16
[cfg] locale 2 maxTaskPar=16
[cfg] locale 3 maxTaskPar=16
[cfg] locale 4 maxTaskPar=16
[cfg] locale 5 maxTaskPar=16
[cfg] locale 6 maxTaskPar=16
[cfg] locale 7 maxTaskPar=16
[cfg] locale 8 maxTaskPar=16
step 1  updateFluff=0.195623 s  compute=0.002014 s  save=0.0 s
step 2  updateFluff=0.195721 s  compute=0.001724 s  save=0.0 s
step 3  updateFluff=0.195551 s  compute=0.001837 s  save=0.0 s
step 4  updateFluff=0.19678 s  compute=0.001904 s  save=0.0 s
step 5  updateFluff=0.196021 s  compute=0.001738 s  save=0.0 s
step 6  updateFluff=0.194116 s  compute=0.001937 s  save=0.0 s
step 7  updateFluff=0.194619 s  compute=0.001823 s  save=0.0 s
step 8  updateFluff=0.196209 s  compute=0.001874 s  save=0.0 s
step 9  updateFluff=0.194148 s  compute=0.001855 s  save=0.0 s
step 10  updateFluff=0.196079 s  compute=0.00174 s  save=0.0 s
step 11  updateFluff=0.196973 s  compute=0.001838 s  save=0.0 s
step 12  updateFluff=0.195218 s  compute=0.001852 s  save=0.0 s
step 13  updateFluff=0.19583 s  compute=0.001741 s  save=1e-06 s
step 14  updateFluff=0.195231 s  compute=0.00186 s  save=0.0 s
step 15  updateFluff=0.195655 s  compute=0.001736 s  save=0.0 s
step 16  updateFluff=0.195131 s  compute=0.001743 s  save=0.0 s
step 17  updateFluff=0.196158 s  compute=0.001803 s  save=0.0 s
step 18  updateFluff=0.195689 s  compute=0.001819 s  save=0.0 s
step 19  updateFluff=0.19389 s  compute=0.001803 s  save=0.0 s
step 20  updateFluff=0.195313 s  compute=0.001933 s  save=0.0 s
step 21  updateFluff=0.197952 s  compute=0.001874 s  save=0.0 s
step 22  updateFluff=0.195257 s  compute=0.001854 s  save=0.0 s
step 23  updateFluff=0.193854 s  compute=0.001886 s  save=0.0 s
step 24  updateFluff=0.195909 s  compute=0.001827 s  save=0.0 s
step 25  updateFluff=0.195546 s  compute=0.001849 s  save=0.0 s
step 26  updateFluff=0.195751 s  compute=0.001942 s  save=0.0 s
step 27  updateFluff=0.194051 s  compute=0.001835 s  save=0.0 s
step 28  updateFluff=0.195508 s  compute=0.001895 s  save=0.0 s
step 29  updateFluff=0.194747 s  compute=0.001839 s  save=0.0 s
step 30  updateFluff=0.195921 s  compute=0.001833 s  save=0.0 s
step 31  updateFluff=0.202014 s  compute=0.001819 s  save=0.0 s
step 32  updateFluff=0.193844 s  compute=0.001722 s  save=0.0 s
step 33  updateFluff=0.196669 s  compute=0.001876 s  save=0.0 s
step 34  updateFluff=0.194492 s  compute=0.001925 s  save=0.0 s
step 35  updateFluff=0.194728 s  compute=0.001868 s  save=0.0 s
step 36  updateFluff=0.19595 s  compute=0.001914 s  save=0.0 s
step 37  updateFluff=0.194257 s  compute=0.001853 s  save=0.0 s
step 38  updateFluff=0.195895 s  compute=0.001852 s  save=0.0 s
step 39  updateFluff=0.195786 s  compute=0.001837 s  save=0.0 s
step 40  updateFluff=0.197324 s  compute=0.001876 s  save=0.0 s
step 41  updateFluff=0.195693 s  compute=0.001752 s  save=0.0 s
step 42  updateFluff=0.198764 s  compute=0.001861 s  save=0.0 s
step 43  updateFluff=0.196556 s  compute=0.001874 s  save=0.0 s
step 44  updateFluff=0.195197 s  compute=0.001819 s  save=0.0 s
step 45  updateFluff=0.194617 s  compute=0.00176 s  save=0.0 s
step 46  updateFluff=0.197046 s  compute=0.001886 s  save=0.0 s
step 47  updateFluff=0.194428 s  compute=0.001833 s  save=0.0 s
step 48  updateFluff=0.196051 s  compute=0.001813 s  save=0.0 s
step 49  updateFluff=0.19566 s  compute=0.001819 s  save=0.0 s
step 50  updateFluff=0.19505 s  compute=0.001857 s  save=0.0 s
step 51  updateFluff=0.194922 s  compute=0.001891 s  save=0.0 s
step 52  updateFluff=0.19398 s  compute=0.001859 s  save=0.0 s
step 53  updateFluff=0.195417 s  compute=0.001829 s  save=0.0 s
step 54  updateFluff=0.196158 s  compute=0.001883 s  save=0.0 s
step 55  updateFluff=0.19428 s  compute=0.00196 s  save=0.0 s
step 56  updateFluff=0.19575 s  compute=0.001868 s  save=0.0 s
step 57  updateFluff=0.194131 s  compute=0.001878 s  save=0.0 s
step 58  updateFluff=0.194258 s  compute=0.001756 s  save=0.0 s
step 59  updateFluff=0.19542 s  compute=0.001825 s  save=0.0 s
step 60  updateFluff=0.195864 s  compute=0.001728 s  save=0.0 s
step 61  updateFluff=0.196058 s  compute=0.001751 s  save=0.0 s
step 62  updateFluff=0.193937 s  compute=0.001859 s  save=0.0 s
step 63  updateFluff=0.194728 s  compute=0.002013 s  save=0.0 s
step 64  updateFluff=0.199559 s  compute=0.001869 s  save=0.0 s
step 65  updateFluff=0.195088 s  compute=0.001865 s  save=0.0 s
step 66  updateFluff=0.195324 s  compute=0.00176 s  save=0.0 s
step 67  updateFluff=0.196378 s  compute=0.00189 s  save=0.0 s
step 68  updateFluff=0.195485 s  compute=0.001832 s  save=0.0 s
step 69  updateFluff=0.196376 s  compute=0.001838 s  save=0.0 s
step 70  updateFluff=0.194925 s  compute=0.001896 s  save=0.0 s
step 71  updateFluff=0.198748 s  compute=0.001884 s  save=0.0 s
step 72  updateFluff=0.19527 s  compute=0.001863 s  save=0.0 s
step 73  updateFluff=0.195996 s  compute=0.00187 s  save=0.0 s
step 74  updateFluff=0.196612 s  compute=0.001725 s  save=0.0 s
step 75  updateFluff=0.19395 s  compute=0.001888 s  save=0.0 s
step 76  updateFluff=0.195145 s  compute=0.00183 s  save=0.0 s
step 77  updateFluff=0.195807 s  compute=0.001836 s  save=0.0 s
step 78  updateFluff=0.194668 s  compute=0.001912 s  save=0.0 s
step 79  updateFluff=0.194572 s  compute=0.001807 s  save=0.0 s
step 80  updateFluff=0.19433 s  compute=0.001798 s  save=0.0 s
step 81  updateFluff=0.196165 s  compute=0.001949 s  save=0.0 s
step 82  updateFluff=0.196842 s  compute=0.001888 s  save=0.0 s
step 83  updateFluff=0.195285 s  compute=0.001856 s  save=0.0 s
step 84  updateFluff=0.19576 s  compute=0.001878 s  save=1e-06 s
step 85  updateFluff=0.196898 s  compute=0.001927 s  save=0.0 s
step 86  updateFluff=0.19455 s  compute=0.001899 s  save=0.0 s
step 87  updateFluff=0.196605 s  compute=0.00183 s  save=0.0 s
step 88  updateFluff=0.194127 s  compute=0.001865 s  save=0.0 s
step 89  updateFluff=0.194597 s  compute=0.001838 s  save=0.0 s
step 90  updateFluff=0.19582 s  compute=0.001904 s  save=0.0 s
step 91  updateFluff=0.197145 s  compute=0.00187 s  save=0.0 s
step 92  updateFluff=0.194191 s  compute=0.001863 s  save=0.0 s
step 93  updateFluff=0.195197 s  compute=0.001723 s  save=0.0 s
step 94  updateFluff=0.194201 s  compute=0.001821 s  save=0.0 s
step 95  updateFluff=0.194409 s  compute=0.001862 s  save=0.0 s
step 96  updateFluff=0.195238 s  compute=0.001823 s  save=0.0 s
step 97  updateFluff=0.194585 s  compute=0.001854 s  save=0.0 s
step 98  updateFluff=0.193796 s  compute=0.001822 s  save=0.0 s
step 99  updateFluff=0.19543 s  compute=0.001856 s  save=0.0 s
step 100  updateFluff=0.195551 s  compute=0.001832 s  save=0.035355 s
final field: min=1.0 max=2.0 sum=1.04808e+06
Execution time:    19.9165 s
